instance 74997772880287 74997787581918 0 pid 1495659
device 74997788339415 74997908597766 0
swapchain 74997909058717 74997963262360 0 6174d898de80 900x560 mode 2 images 4
acquire 74997982281780 74997982294631 0 6174d898de80 3
present 74997990807010 74997991077365 0 6174d898de80 3
acquire 74998003330714 74998003352994 0 6174d898de80 2
present 74998011353506 74998011511417 1000001003 6174d898de80 2
swapchain 74998012057924 74998015412325 0 6174d8b02f50 900x560 mode 2 images 4
acquire 74998027649192 74998027667700 0 6174d8b02f50 3
present 74998034794988 74998034926988 0 6174d8b02f50 3
acquire 75010362518916 75010362535608 0 6174d8b02f50 2
present 75010371147301 75010371330355 0 6174d8b02f50 2
acquire 75011043470294 75011043485938 0 6174d8b02f50 1
present 75011052325173 75011052455916 0 6174d8b02f50 1
acquire 75011350166719 75011350180059 0 6174d8b02f50 0
present 75011356628562 75011356765311 0 6174d8b02f50 0
acquire 75011645338098 75011645375254 0 6174d8b02f50 3
present 75011651768442 75011651902118 0 6174d8b02f50 3
acquire 75011951528035 75011951555134 0 6174d8b02f50 2
present 75011958164481 75011958314849 0 6174d8b02f50 2
acquire 75012246328977 75012246367041 0 6174d8b02f50 3
present 75012253056565 75012253187028 0 6174d8b02f50 3
acquire 75012554191889 75012554218149 0 6174d8b02f50 2
present 75012561302626 75012561420029 0 6174d8b02f50 2
acquire 75012849076361 75012849112469 0 6174d8b02f50 3
present 75012858084821 75012858227367 0 6174d8b02f50 3
acquire 75013154789353 75013154817429 0 6174d8b02f50 2
present 75013162640825 75013162773104 0 6174d8b02f50 2
acquire 75013450665359 75013450696578 0 6174d8b02f50 3
present 75013457933727 75013458076133 0 6174d8b02f50 3
acquire 75013756919341 75013756946160 0 6174d8b02f50 2
present 75013764382356 75013764512121 0 6174d8b02f50 2
acquire 75014054661922 75014054701941 0 6174d8b02f50 3
present 75014062465832 75014062591755 0 6174d8b02f50 3
acquire 75014363442477 75014363470553 0 6174d8b02f50 2
present 75014371233536 75014371345421 0 6174d8b02f50 2
acquire 75014654965145 75014654997551 0 6174d8b02f50 3
present 75014663617904 75014663738799 0 6174d8b02f50 3
acquire 75014960641540 75014960673527 0 6174d8b02f50 2
present 75014967687673 75014967859692 0 6174d8b02f50 2
acquire 75015255769408 75015255799929 0 6174d8b02f50 3
present 75015263358976 75015263486296 0 6174d8b02f50 3
acquire 75015564653258 75015564684756 0 6174d8b02f50 2
present 75015572588399 75015572714602 0 6174d8b02f50 2
acquire 75015858772480 75015858808728 0 6174d8b02f50 3
present 75015866915748 75015867064719 0 6174d8b02f50 3
acquire 75016163717499 75016163745645 0 6174d8b02f50 2
present 75016171093632 75016171207962 0 6174d8b02f50 2
acquire 75016458754644 75016458785653 0 6174d8b02f50 3
present 75016467396019 75016467525085 0 6174d8b02f50 3
acquire 75016764600823 75016764629946 0 6174d8b02f50 2
present 75016772594491 75016772709519 0 6174d8b02f50 2
acquire 75017059631332 75017059659967 0 6174d8b02f50 3
present 75017067253725 75017067388309 0 6174d8b02f50 3
acquire 75017363835127 75017363871444 0 6174d8b02f50 2
present 75017371240873 75017371379717 0 6174d8b02f50 2
acquire 75017659443432 75017659475420 0 6174d8b02f50 3
present 75017666803502 75017666939971 0 6174d8b02f50 3
acquire 75017963988820 75017964031144 0 6174d8b02f50 2
present 75017971293645 75017971419289 0 6174d8b02f50 2
acquire 75018259662497 75018259696789 0 6174d8b02f50 3
present 75018266829455 75018266975004 0 6174d8b02f50 3
acquire 75018564651935 75018564682455 0 6174d8b02f50 2
present 75018572576111 75018572697774 0 6174d8b02f50 2
acquire 75018862215862 75018862247290 0 6174d8b02f50 3
present 75018870591072 75018870711479 0 6174d8b02f50 3
acquire 75019166722069 75019166750774 0 6174d8b02f50 2
present 75019174712315 75019174833140 0 6174d8b02f50 2
acquire 75019461656896 75019461690490 0 6174d8b02f50 3
present 75019469900177 75019470047122 0 6174d8b02f50 3
acquire 75019766273312 75019766308023 0 6174d8b02f50 2
present 75019774718504 75019774848269 0 6174d8b02f50 2
acquire 75020062121173 75020062152671 0 6174d8b02f50 3
present 75020070530117 75020070649335 0 6174d8b02f50 3
acquire 75020366326434 75020366357374 0 6174d8b02f50 2
present 75020374888190 75020375021168 0 6174d8b02f50 2
acquire 75020661904638 75020661939978 0 6174d8b02f50 3
present 75020670133252 75020670259455 0 6174d8b02f50 3
acquire 75020967306488 75020967337428 0 6174d8b02f50 2
present 75020976311177 75020976441989 0 6174d8b02f50 2
acquire 75021262784819 75021262819111 0 6174d8b02f50 3
present 75021271358797 75021271486467 0 6174d8b02f50 3
acquire 75021567805615 75021567841304 0 6174d8b02f50 2
present 75021576201988 75021576336572 0 6174d8b02f50 2
acquire 75021862171028 75021862215167 0 6174d8b02f50 3
present 75021870475838 75021870597362 0 6174d8b02f50 3
acquire 75022168274013 75022168304953 0 6174d8b02f50 2
present 75022176939972 75022177093623 0 6174d8b02f50 2
acquire 75022467469639 75022467503582 0 6174d8b02f50 3
present 75022476827514 75022476961260 0 6174d8b02f50 3
acquire 75022772581648 75022772621667 0 6174d8b02f50 2
present 75022783096302 75022783235077 0 6174d8b02f50 2
acquire 75023070285048 75023070317245 0 6174d8b02f50 3
present 75023079456727 75023079585165 0 6174d8b02f50 3
acquire 75023368176460 75023368206981 0 6174d8b02f50 2
present 75023377093708 75023377216698 0 6174d8b02f50 2
acquire 75023666224666 75023666257073 0 6174d8b02f50 3
present 75023675767760 75023675898433 0 6174d8b02f50 3
acquire 75023980482094 75023980522183 0 6174d8b02f50 2
present 75023990485302 75023990613390 0 6174d8b02f50 2
acquire 75024270316562 75024270353857 0 6174d8b02f50 3
present 75024280431515 75024280553109 0 6174d8b02f50 3
acquire 75024576939584 75024576971781 0 6174d8b02f50 2
present 75024586225384 75024586346977 0 6174d8b02f50 2
acquire 75024865670492 75024865701991 0 6174d8b02f50 3
present 75024874382407 75024874508540 0 6174d8b02f50 3
acquire 75025177673448 75025177706413 0 6174d8b02f50 2
present 75025187695163 75025187834147 0 6174d8b02f50 2
acquire 75025470577434 75025470610120 0 6174d8b02f50 3
present 75025480858889 75025480994451 0 6174d8b02f50 3
acquire 75025776825829 75025776856280 0 6174d8b02f50 2
present 75025787885174 75025788029955 0 6174d8b02f50 2
acquire 75026066660437 75026066688024 0 6174d8b02f50 3
present 75026075545208 75026075708078 0 6174d8b02f50 3
acquire 75026372703009 75026372739187 0 6174d8b02f50 2
present 75026382618356 75026382735340 0 6174d8b02f50 2
acquire 75026667387037 75026667413716 0 6174d8b02f50 3
present 75026676565281 75026676686874 0 6174d8b02f50 3
acquire 75026978597295 75026978628724 0 6174d8b02f50 2
present 75026989105594 75026989252680 0 6174d8b02f50 2
acquire 75027269311622 75027269339349 0 6174d8b02f50 3
present 75027278963110 75027279095459 0 6174d8b02f50 3
acquire 75027573228789 75027573261265 0 6174d8b02f50 2
present 75027582588201 75027582716499 0 6174d8b02f50 2
acquire 75027866925542 75027866955574 0 6174d8b02f50 3
present 75027875741520 75027875873031 0 6174d8b02f50 3
acquire 75028177679808 75028177711306 0 6174d8b02f50 2
present 75028188149694 75028188271288 0 6174d8b02f50 2
acquire 75028479971841 75028480043079 0 6174d8b02f50 3
present 75028493374986 75028493531919 0 6174d8b02f50 3
acquire 75028772615530 75028772647028 0 6174d8b02f50 2
present 75028781913761 75028782047856 0 6174d8b02f50 2
