instance 77393888315097 77393906194642 0 pid 1854716
device 77393906991111 77394021731608 0
swapchain 77394022158337 77394073790576 0 59b6e518eeb0 900x560 mode 2 images 4
acquire 77394083605144 77394083620998 0 59b6e518eeb0 3
present 77394083981308 77394084195162 0 59b6e518eeb0 3
acquire 77394084829320 77394084838469 0 59b6e518eeb0 2
present 77394085151846 77394085232443 0 59b6e518eeb0 2
acquire 77406454968034 77406454987100 0 59b6e518eeb0 1
present 77406455416484 77406455542896 0 59b6e518eeb0 1
acquire 77407136221984 77407136240143 0 59b6e518eeb0 0
present 77407136635025 77407136753475 0 59b6e518eeb0 0
acquire 77407439166933 77407439217148 0 59b6e518eeb0 3
present 77407439629351 77407439755484 0 59b6e518eeb0 3
acquire 77407741621457 77407741651488 0 59b6e518eeb0 2
present 77407742012986 77407742105945 0 59b6e518eeb0 2
acquire 77408049150150 77408049193591 0 59b6e518eeb0 3
present 77408049588403 77408049691977 0 59b6e518eeb0 3
acquire 77408353992822 77408354039476 0 59b6e518eeb0 2
present 77408354411520 77408354529551 0 59b6e518eeb0 2
acquire 77408657640163 77408657673547 0 59b6e518eeb0 3
present 77408658081350 77408658196029 0 59b6e518eeb0 3
acquire 77408957151231 77408957183149 0 59b6e518eeb0 2
present 77408957539828 77408957647243 0 59b6e518eeb0 2
acquire 77409263652631 77409263692371 0 59b6e518eeb0 3
present 77409264075659 77409264180560 0 59b6e518eeb0 3
acquire 77409567139896 77409567172861 0 59b6e518eeb0 2
present 77409567550632 77409567664822 0 59b6e518eeb0 2
acquire 77409876220669 77409876263133 0 59b6e518eeb0 3
present 77409876806008 77409876941081 0 59b6e518eeb0 3
acquire 77410178534324 77410178562889 0 59b6e518eeb0 2
present 77410178928856 77410179048634 0 59b6e518eeb0 2
acquire 77410485965798 77410485994014 0 59b6e518eeb0 3
present 77410486340775 77410486444350 0 59b6e518eeb0 3
acquire 77410791478806 77410791509606 0 59b6e518eeb0 2
present 77410791866983 77410791977332 0 59b6e518eeb0 2
acquire 77411099409644 77411099437860 0 59b6e518eeb0 3
present 77411101780263 77411101885094 0 59b6e518eeb0 3
acquire 77411403342985 77411403375880 0 59b6e518eeb0 2
present 77411403754279 77411403866305 0 59b6e518eeb0 2
acquire 77411707614985 77411707647880 0 59b6e518eeb0 3
present 77411708058127 77411708173295 0 59b6e518eeb0 3
acquire 77412010876314 77412010920593 0 59b6e518eeb0 2
present 77412011299062 77412011407386 0 59b6e518eeb0 2
acquire 77412313099454 77412313128159 0 59b6e518eeb0 3
present 77412313472266 77412313578704 0 59b6e518eeb0 3
acquire 77412618924093 77412618954962 0 59b6e518eeb0 2
present 77412619336575 77412619444898 0 59b6e518eeb0 2
acquire 77412923211737 77412923244144 0 59b6e518eeb0 3
present 77412923605292 77412923709635 0 59b6e518eeb0 3
acquire 77413230786246 77413230821167 0 59b6e518eeb0 2
present 77413231192931 77413231302233 0 59b6e518eeb0 2
acquire 77413536745748 77413536775361 0 59b6e518eeb0 3
present 77413537158440 77413537261386 0 59b6e518eeb0 3
acquire 77413842431543 77413842464019 0 59b6e518eeb0 2
present 77413842829428 77413842936006 0 59b6e518eeb0 2
acquire 77414144842975 77414144885718 0 59b6e518eeb0 3
present 77414145270193 77414145372301 0 59b6e518eeb0 3
acquire 77414447035664 77414447074915 0 59b6e518eeb0 2
present 77414447451708 77414447556819 0 59b6e518eeb0 2
acquire 77414755648711 77414755683073 0 59b6e518eeb0 3
present 77414756059657 77414756164209 0 59b6e518eeb0 3
acquire 77415063466756 77415063497347 0 59b6e518eeb0 2
present 77415063855702 77415063958159 0 59b6e518eeb0 2
acquire 77415370609647 77415370639748 0 59b6e518eeb0 3
present 77415371039519 77415371152592 0 59b6e518eeb0 3
acquire 77415679213615 77415679249303 0 59b6e518eeb0 2
present 77415679638528 77415679740217 0 59b6e518eeb0 2
acquire 77415983757925 77415983792217 0 59b6e518eeb0 3
present 77415984198623 77415984302896 0 59b6e518eeb0 3
acquire 77416284340078 77416284366827 0 59b6e518eeb0 2
present 77416284724553 77416284829594 0 59b6e518eeb0 2
acquire 77416587419749 77416587450200 0 59b6e518eeb0 3
present 77416587816657 77416587930149 0 59b6e518eeb0 3
acquire 77416891964689 77416891994930 0 59b6e518eeb0 2
present 77416892370815 77416892474390 0 59b6e518eeb0 2
acquire 77417195286570 77417195320932 0 59b6e518eeb0 3
present 77417195686201 77417195792499 0 59b6e518eeb0 3
acquire 77417499244285 77417499281440 0 59b6e518eeb0 2
present 77417499713059 77417499818519 0 59b6e518eeb0 2
acquire 77417806487048 77417806517359 0 59b6e518eeb0 3
present 77417806881162 77417806985505 0 59b6e518eeb0 3
acquire 77418112741350 77418112772709 0 59b6e518eeb0 2
present 77418113178835 77418113291908 0 59b6e518eeb0 2
acquire 77418417651977 77418417682708 0 59b6e518eeb0 3
present 77418418056707 77418418160212 0 59b6e518eeb0 3
acquire 77418717692232 77418717726524 0 59b6e518eeb0 2
present 77418718111279 77418718220022 0 59b6e518eeb0 2
acquire 77419024045499 77419024076229 0 59b6e518eeb0 3
present 77419024448622 77419024570704 0 59b6e518eeb0 3
acquire 77419327283640 77419327317513 0 59b6e518eeb0 2
present 77419327683900 77419327787195 0 59b6e518eeb0 2
acquire 77419631059978 77419631091476 0 59b6e518eeb0 3
present 77419631458840 77419631569748 0 59b6e518eeb0 3
acquire 77419934411541 77419934442062 0 59b6e518eeb0 2
present 77419934811661 77419934914747 0 59b6e518eeb0 2
acquire 77420239530225 77420239565006 0 59b6e518eeb0 3
present 77420239921545 77420240037901 0 59b6e518eeb0 3
acquire 77420543811724 77420543843222 0 59b6e518eeb0 2
present 77420544213730 77420544315418 0 59b6e518eeb0 2
acquire 77420845341621 77420845381570 0 59b6e518eeb0 3
present 77420845755779 77420845865848 0 59b6e518eeb0 3
acquire 77421149497335 77421149527576 0 59b6e518eeb0 2
present 77421149887538 77421149990903 0 59b6e518eeb0 2
acquire 77421455800735 77421455833211 0 59b6e518eeb0 3
present 77421456273909 77421456378740 0 59b6e518eeb0 3
acquire 77421761085851 77421761116371 0 59b6e518eeb0 2
present 77421761476822 77421761579279 0 59b6e518eeb0 2
acquire 77422065512409 77422065544327 0 59b6e518eeb0 3
present 77422065928174 77422066042713 0 59b6e518eeb0 3
acquire 77422373936885 77422373971526 0 59b6e518eeb0 2
present 77422374344059 77422374455316 0 59b6e518eeb0 2
acquire 77422676116793 77422676156393 0 59b6e518eeb0 3
present 77422676616227 77422676737751 0 59b6e518eeb0 3
acquire 77422979385386 77422979418770 0 59b6e518eeb0 2
present 77422979794655 77422979897740 0 59b6e518eeb0 2
acquire 77423287293316 77423287323907 0 59b6e518eeb0 3
present 77423287685265 77423287788699 0 59b6e518eeb0 3
acquire 77423591093679 77423591123711 0 59b6e518eeb0 2
present 77423591487513 77423591589970 0 59b6e518eeb0 2
acquire 77423896237925 77423896272776 0 59b6e518eeb0 3
present 77423896652502 77423896760686 0 59b6e518eeb0 3
acquire 77424196257367 77424196287329 0 59b6e518eeb0 2
present 77424196671315 77424196777055 0 59b6e518eeb0 2
acquire 77424499105515 77424499137922 0 59b6e518eeb0 3
present 77424499504448 77424499608022 0 59b6e518eeb0 3
acquire 77424799490436 77424799520398 0 59b6e518eeb0 2
present 77424799880010 77424799983584 0 59b6e518eeb0 2
acquire 77425099982982 77425100018042 0 59b6e518eeb0 3
present 77425100409921 77425100512378 0 59b6e518eeb0 3
