instance 90405701612248 90405714316981 0 pid 3797938
device 90405715049964 90405833106433 0
swapchain 90405833525829 90405888397084 0 5bf6672baee0 900x560 mode 2 images 4
acquire 90405895891248 90405895905426 0 5bf6672baee0 3
present 90405896092530 90405896291089 0 5bf6672baee0 3
acquire 90405896389216 90405896398784 0 5bf6672baee0 2
present 90405896442295 90405896500961 0 5bf6672baee0 2
acquire 90418238091180 90418238106964 0 5bf6672baee0 1
present 90418238263617 90418238423903 0 5bf6672baee0 1
acquire 90418918933259 90418918950021 0 5bf6672baee0 0
present 90418919074547 90418919189436 0 5bf6672baee0 0
acquire 90419220960246 90419220997890 0 5bf6672baee0 3
present 90419221146303 90419221259725 0 5bf6672baee0 3
acquire 90419524516615 90419524549021 0 5bf6672baee0 2
present 90419524704627 90419524823846 0 5bf6672baee0 2
acquire 90419830345893 90419830376693 0 5bf6672baee0 3
present 90419830487671 90419830596972 0 5bf6672baee0 3
acquire 90420136334829 90420136369331 0 5bf6672baee0 2
present 90420136518651 90420136638987 0 5bf6672baee0 2
acquire 90420438727924 90420438766476 0 5bf6672baee0 3
present 90420438925155 90420439081041 0 5bf6672baee0 3
acquire 90420739416825 90420739449301 0 5bf6672baee0 2
present 90420739594361 90420739727827 0 5bf6672baee0 2
acquire 90421045516389 90421045555360 0 5bf6672baee0 3
present 90421045716344 90421045866223 0 5bf6672baee0 3
acquire 90421349518903 90421349556617 0 5bf6672baee0 2
present 90421349744071 90421349911131 0 5bf6672baee0 2
acquire 90421657984476 90421658085187 0 5bf6672baee0 3
present 90421658226266 90421658361828 0 5bf6672baee0 3
acquire 90421960950477 90421960987773 0 5bf6672baee0 2
present 90421961148477 90421961274471 0 5bf6672baee0 2
acquire 90422268217367 90422268248376 0 5bf6672baee0 3
present 90422268363195 90422268474033 0 5bf6672baee0 3
acquire 90422573879307 90422573918418 0 5bf6672baee0 2
present 90422574103497 90422574252957 0 5bf6672baee0 2
acquire 90422881153389 90422881184818 0 5bf6672baee0 3
present 90422881300684 90422881412151 0 5bf6672baee0 3
acquire 90423185399579 90423185442392 0 5bf6672baee0 2
present 90423185635922 90423185769877 0 5bf6672baee0 2
acquire 90423488691111 90423488722609 0 5bf6672baee0 3
present 90423488836031 90423488945891 0 5bf6672baee0 3
acquire 90423792834844 90423792871999 0 5bf6672baee0 2
present 90423793054355 90423793185377 0 5bf6672baee0 2
acquire 90424095769138 90424095809087 0 5bf6672baee0 3
present 90424095977753 90424096134756 0 5bf6672baee0 3
acquire 90424400947847 90424400984094 0 5bf6672baee0 2
present 90424401176088 90424401307319 0 5bf6672baee0 2
acquire 90424704935415 90424704970196 0 5bf6672baee0 3
present 90424705129923 90424705247256 0 5bf6672baee0 3
acquire 90425011862667 90425011898635 0 5bf6672baee0 2
present 90425012066324 90425012191479 0 5bf6672baee0 2
acquire 90425317888899 90425317926473 0 5bf6672baee0 3
present 90425318100727 90425318219387 0 5bf6672baee0 3
acquire 90425623676273 90425623714407 0 5bf6672baee0 2
present 90425623872597 90425623999428 0 5bf6672baee0 2
acquire 90425925609674 90425925645433 0 5bf6672baee0 3
present 90425925805229 90425925923820 0 5bf6672baee0 3
acquire 90426227883411 90426227919309 0 5bf6672baee0 2
present 90426228098521 90426228222699 0 5bf6672baee0 2
acquire 90426536252673 90426536286476 0 5bf6672baee0 3
present 90426536429581 90426536551174 0 5bf6672baee0 3
acquire 90426844235923 90426844268400 0 5bf6672baee0 2
present 90426844423377 90426844541129 0 5bf6672baee0 2
acquire 90427151199842 90427151230363 0 5bf6672baee0 3
present 90427151372070 90427151489404 0 5bf6672baee0 3
acquire 90427459706971 90427459738469 0 5bf6672baee0 2
present 90427459886253 90427460018951 0 5bf6672baee0 2
acquire 90427764254596 90427764284977 0 5bf6672baee0 3
present 90427764427522 90427764544856 0 5bf6672baee0 3
acquire 90428064990151 90428065054754 0 5bf6672baee0 2
present 90428065204563 90428065313585 0 5bf6672baee0 2
acquire 90428368058820 90428368094509 0 5bf6672baee0 3
present 90428368267435 90428368394057 0 5bf6672baee0 3
acquire 90428672809682 90428672843555 0 5bf6672baee0 2
present 90428672998533 90428673127390 0 5bf6672baee0 2
acquire 90428975527818 90428975564625 0 5bf6672baee0 3
present 90428975715551 90428975836097 0 5bf6672baee0 3
acquire 90429279414746 90429279448410 0 5bf6672baee0 2
present 90429279596263 90429279713317 0 5bf6672baee0 2
acquire 90429587116607 90429587158930 0 5bf6672baee0 3
present 90429587357419 90429587519450 0 5bf6672baee0 3
acquire 90429893076210 90429893119093 0 5bf6672baee0 2
present 90429893308781 90429893457613 0 5bf6672baee0 2
acquire 90430198136469 90430198173345 0 5bf6672baee0 3
present 90430198337821 90430198463116 0 5bf6672baee0 3
acquire 90430498441105 90430498474000 0 5bf6672baee0 2
present 90430498616127 90430498733530 0 5bf6672baee0 2
acquire 90430804603667 90430804634676 0 5bf6672baee0 3
present 90430804783997 90430804930942 0 5bf6672baee0 3
acquire 90431107805313 90431107840164 0 5bf6672baee0 2
present 90431107987668 90431108137967 0 5bf6672baee0 2
acquire 90431411548997 90431411584756 0 5bf6672baee0 3
present 90431411734495 90431411852317 0 5bf6672baee0 3
acquire 90431715019113 90431715057176 0 5bf6672baee0 2
present 90431715240090 90431715360915 0 5bf6672baee0 2
acquire 90432020343302 90432020382832 0 5bf6672baee0 3
present 90432020544863 90432020681612 0 5bf6672baee0 3
acquire 90432324404763 90432324451696 0 5bf6672baee0 2
present 90432324607092 90432324726032 0 5bf6672baee0 2
acquire 90432625638495 90432625676489 0 5bf6672baee0 3
present 90432625830069 90432625950196 0 5bf6672baee0 3
acquire 90432929969753 90432930019270 0 5bf6672baee0 2
present 90432930175924 90432930297866 0 5bf6672baee0 2
acquire 90433236483685 90433236518536 0 5bf6672baee0 3
present 90433236678612 90433236795177 0 5bf6672baee0 3
acquire 90433541628872 90433541665678 0 5bf6672baee0 2
present 90433541824287 90433541943995 0 5bf6672baee0 2
acquire 90433845955170 90433845989043 0 5bf6672baee0 3
present 90433846152681 90433846270922 0 5bf6672baee0 3
acquire 90434153804396 90434153842110 0 5bf6672baee0 2
present 90434154033475 90434154155557 0 5bf6672baee0 2
acquire 90434456197352 90434456237720 0 5bf6672baee0 3
present 90434456399682 90434456522463 0 5bf6672baee0 3
acquire 90434759801144 90434759836205 0 5bf6672baee0 2
present 90434760016884 90434760138756 0 5bf6672baee0 2
acquire 90435067785024 90435067818827 0 5bf6672baee0 3
present 90435067973036 90435068091696 0 5bf6672baee0 3
acquire 90435372021996 90435372087507 0 5bf6672baee0 2
present 90435372300942 90435372443418 0 5bf6672baee0 2
acquire 90435676570879 90435676613412 0 5bf6672baee0 3
present 90435676783196 90435676919595 0 5bf6672baee0 3
acquire 90435976863991 90435976900239 0 5bf6672baee0 2
present 90435977078054 90435977198809 0 5bf6672baee0 2
acquire 90436279020046 90436279064884 0 5bf6672baee0 3
present 90436279249055 90436279373023 0 5bf6672baee0 3
acquire 90436580205728 90436580243792 0 5bf6672baee0 2
present 90436580393811 90436580513030 0 5bf6672baee0 2
acquire 90436880806491 90436880846510 0 5bf6672baee0 3
present 90436881063297 90436881174205 0 5bf6672baee0 3
