instance 86066832937332 86066845716994 0 pid 3119005
device 86066846482526 86066958324491 0
swapchain 86066958736974 86067015759252 0 64b0c5931ee0 900x560 mode 2 images 4
acquire 86067023628710 86067023650081 0 64b0c5931ee0 3
present 86067023886285 86067024169283 0 64b0c5931ee0 3
acquire 86067024377969 86067024389074 0 64b0c5931ee0 2
present 86067024448439 86067024519328 0 64b0c5931ee0 2
acquire 86079379512053 86079379529793 0 64b0c5931ee0 1
present 86079379646149 86079379783178 0 64b0c5931ee0 1
acquire 86080060456326 86080060475742 0 64b0c5931ee0 0
present 86080060612561 86080060744282 0 64b0c5931ee0 0
acquire 86080362348700 86080362383900 0 64b0c5931ee0 3
present 86080362514992 86080362620243 0 64b0c5931ee0 3
acquire 86080666077555 86080666124907 0 64b0c5931ee0 2
present 86080666317181 86080666427810 0 64b0c5931ee0 2
acquire 86080971544763 86080971580941 0 64b0c5931ee0 3
present 86080971703304 86080971818332 0 64b0c5931ee0 3
acquire 86081277866900 86081277903218 0 64b0c5931ee0 2
present 86081278076215 86081278195364 0 64b0c5931ee0 2
acquire 86081580068250 86081580104148 0 64b0c5931ee0 3
present 86081580232238 86081580341330 0 64b0c5931ee0 3
acquire 86081880890301 86081880924663 0 64b0c5931ee0 2
present 86081881099546 86081881220162 0 64b0c5931ee0 2
acquire 86082187368042 86082187398982 0 64b0c5931ee0 3
present 86082187513871 86082187623732 0 64b0c5931ee0 3
acquire 86082490975647 86082491029565 0 64b0c5931ee0 2
present 86082491239439 86082491371229 0 64b0c5931ee0 2
acquire 86082799543323 86082799574752 0 64b0c5931ee0 3
present 86082799700117 86082799811096 0 64b0c5931ee0 3
acquire 86083102449092 86083102484850 0 64b0c5931ee0 2
present 86083102640876 86083102769664 0 64b0c5931ee0 2
acquire 86083409960972 86083410017753 0 64b0c5931ee0 3
present 86083410139766 86083410245576 0 64b0c5931ee0 3
acquire 86083715282833 86083715316706 0 64b0c5931ee0 2
present 86083715467145 86083715589228 0 64b0c5931ee0 2
acquire 86084023170740 86084023211038 0 64b0c5931ee0 3
present 86084023380474 86084023524906 0 64b0c5931ee0 3
acquire 86084327522920 86084327558609 0 64b0c5931ee0 2
present 86084327730140 86084327853899 0 64b0c5931ee0 2
acquire 86084630637161 86084630676551 0 64b0c5931ee0 3
present 86084630793326 86084630900812 0 64b0c5931ee0 3
acquire 86084934468883 86084934503594 0 64b0c5931ee0 2
present 86084934653543 86084934774579 0 64b0c5931ee0 2
acquire 86085237536887 86085237578792 0 64b0c5931ee0 3
present 86085237708278 86085237827916 0 64b0c5931ee0 3
acquire 86085542611225 86085542649428 0 64b0c5931ee0 2
present 86085542806362 86085542931867 0 64b0c5931ee0 2
acquire 86085847301994 86085847358706 0 64b0c5931ee0 3
present 86085847541341 86085847666287 0 64b0c5931ee0 3
acquire 86086153497567 86086153532348 0 64b0c5931ee0 2
present 86086153692984 86086153810247 0 64b0c5931ee0 2
acquire 86086459622249 86086459654446 0 64b0c5931ee0 3
present 86086459798529 86086459903850 0 64b0c5931ee0 3
acquire 86086765277457 86086765310771 0 64b0c5931ee0 2
present 86086765461559 86086765582175 0 64b0c5931ee0 2
acquire 86087067519442 86087067555131 0 64b0c5931ee0 3
present 86087067717443 86087067835265 0 64b0c5931ee0 3
acquire 86087369514257 86087369550923 0 64b0c5931ee0 2
present 86087369712187 86087369840975 0 64b0c5931ee0 2
acquire 86087678155673 86087678192340 0 64b0c5931ee0 3
present 86087678346550 86087678453896 0 64b0c5931ee0 3
acquire 86087985802128 86087985836839 0 64b0c5931ee0 2
present 86087985987557 86087986109081 0 64b0c5931ee0 2
acquire 86088293086733 86088293125285 0 64b0c5931ee0 3
present 86088293284873 86088293418480 0 64b0c5931ee0 3
acquire 86088601656769 86088601693156 0 64b0c5931ee0 2
present 86088601852465 86088601978878 0 64b0c5931ee0 2
acquire 86088905951739 86088905982749 0 64b0c5931ee0 3
present 86088906153092 86088906264070 0 64b0c5931ee0 3
acquire 86089206590509 86089206628223 0 64b0c5931ee0 2
present 86089206783690 86089206900954 0 64b0c5931ee0 2
acquire 86089509941360 86089509983893 0 64b0c5931ee0 3
present 86089510183011 86089510322974 0 64b0c5931ee0 3
acquire 86089814377897 86089814415611 0 64b0c5931ee0 2
present 86089814575478 86089814692812 0 64b0c5931ee0 2
acquire 86090117248518 86090117282391 0 64b0c5931ee0 3
present 86090117439325 86090117562316 0 64b0c5931ee0 3
acquire 86090421022327 86090421060530 0 64b0c5931ee0 2
present 86090421216556 86090421338569 0 64b0c5931ee0 2
acquire 86090728819143 86090728857207 0 64b0c5931ee0 3
present 86090729026223 86090729155011 0 64b0c5931ee0 3
acquire 86091034568138 86091034605294 0 64b0c5931ee0 2
present 86091034789676 86091034921117 0 64b0c5931ee0 2
acquire 86091339864419 86091339901156 0 64b0c5931ee0 3
present 86091340083931 86091340201823 0 64b0c5931ee0 3
acquire 86091639900451 86091639934324 0 64b0c5931ee0 2
present 86091640088883 86091640194413 0 64b0c5931ee0 2
acquire 86091946399401 86091946436626 0 64b0c5931ee0 3
present 86091946597471 86091946713757 0 64b0c5931ee0 3
acquire 86092249347261 86092249384975 0 64b0c5931ee0 2
present 86092249538976 86092249655262 0 64b0c5931ee0 2
acquire 86092553307891 86092553345745 0 64b0c5931ee0 3
present 86092553496952 86092553611073 0 64b0c5931ee0 3
acquire 86092856489719 86092856523173 0 64b0c5931ee0 2
present 86092856696240 86092856824539 0 64b0c5931ee0 2
acquire 86093161847736 86093161883006 0 64b0c5931ee0 3
present 86093162071299 86093162185979 0 64b0c5931ee0 3
acquire 86093465917736 86093465947209 0 64b0c5931ee0 2
present 86093466111895 86093466238378 0 64b0c5931ee0 2
acquire 86093767384185 86093767421411 0 64b0c5931ee0 3
present 86093767574853 86093767691348 0 64b0c5931ee0 3
acquire 86094071530801 86094071583461 0 64b0c5931ee0 2
present 86094071775665 86094071901659 0 64b0c5931ee0 2
acquire 86094378382513 86094378419739 0 64b0c5931ee0 3
present 86094378579955 86094378700222 0 64b0c5931ee0 3
acquire 86094683211897 86094683242906 0 64b0c5931ee0 2
present 86094683395929 86094683506697 0 64b0c5931ee0 2
acquire 86094987822536 86094987862067 0 64b0c5931ee0 3
present 86094988062861 86094988203940 0 64b0c5931ee0 3
acquire 86095295368750 86095295403671 0 64b0c5931ee0 2
present 86095295548452 86095295656218 0 64b0c5931ee0 2
acquire 86095597971725 86095598022500 0 64b0c5931ee0 3
present 86095598175872 86095598293974 0 64b0c5931ee0 3
acquire 86095901369566 86095901408957 0 64b0c5931ee0 2
present 86095901584119 86095901703478 0 64b0c5931ee0 2
acquire 86096209534783 86096209569983 0 64b0c5931ee0 3
present 86096209728873 86096209846276 0 64b0c5931ee0 3
acquire 86096513944973 86096513983107 0 64b0c5931ee0 2
present 86096514180339 86096514321209 0 64b0c5931ee0 2
acquire 86096818182026 86096818214922 0 64b0c5931ee0 3
present 86096818356979 86096818471799 0 64b0c5931ee0 3
acquire 86097118353329 86097118394326 0 64b0c5931ee0 2
present 86097118562714 86097118680815 0 64b0c5931ee0 2
acquire 86097420572800 86097420611841 0 64b0c5931ee0 3
present 86097420763746 86097420880521 0 64b0c5931ee0 3
acquire 86097721498388 86097721532680 0 64b0c5931ee0 2
present 86097721683468 86097721798846 0 64b0c5931ee0 2
acquire 86098022412802 86098022449049 0 64b0c5931ee0 3
present 86098022598719 86098022715774 0 64b0c5931ee0 3
