instance 92159554521277 92159572483724 0 pid 4072431
device 92159573230815 92159696096564 0
swapchain 92159696493052 92159750694120 0 561c30238ee0 900x560 mode 2 images 4
acquire 92159757047290 92159757060630 0 561c30238ee0 3
present 92159758219225 92159758407726 0 561c30238ee0 3
acquire 92159758502640 92159758511580 0 561c30238ee0 2
present 92159758566056 92159758629961 0 561c30238ee0 2
acquire 92172087743018 92172087760758 0 561c30238ee0 1
present 92172087883329 92172088049900 0 561c30238ee0 1
acquire 92172769456955 92172769475812 0 561c30238ee0 0
present 92172769598663 92172769727729 0 561c30238ee0 0
acquire 92173070655811 92173070692058 0 561c30238ee0 3
present 92173070891804 92173071020591 0 561c30238ee0 3
acquire 92173374920972 92173374950585 0 561c30238ee0 2
present 92173375131124 92173375236794 0 561c30238ee0 2
acquire 92173679627180 92173679662101 0 561c30238ee0 3
present 92173679826228 92173679943421 0 561c30238ee0 3
acquire 92173986806115 92173986845505 0 561c30238ee0 2
present 92173987027232 92173987163632 0 561c30238ee0 2
acquire 92174288017542 92174288055954 0 561c30238ee0 3
present 92174288217078 92174288328964 0 561c30238ee0 3
acquire 92174589869133 92174589904961 0 561c30238ee0 2
present 92174590084732 92174590214916 0 561c30238ee0 2
acquire 92174895191899 92174895225492 0 561c30238ee0 3
present 92174895398908 92174895523225 0 561c30238ee0 3
acquire 92175199896571 92175199932748 0 561c30238ee0 2
present 92175200112170 92175200250945 0 561c30238ee0 2
acquire 92175506847194 92175506883442 0 561c30238ee0 3
present 92175507064540 92175507196260 0 561c30238ee0 3
acquire 92175811381524 92175811420146 0 561c30238ee0 2
present 92175811578615 92175811711104 0 561c30238ee0 2
acquire 92176117798212 92176117828453 0 561c30238ee0 3
present 92176117970231 92176118090916 0 561c30238ee0 3
acquire 92176424612995 92176424651756 0 561c30238ee0 2
present 92176424830410 92176424979940 0 561c30238ee0 2
acquire 92176731198908 92176731240463 0 561c30238ee0 3
present 92176731416533 92176731536730 0 561c30238ee0 3
acquire 92177036137757 92177036176379 0 561c30238ee0 2
present 92177036328493 92177036440519 0 561c30238ee0 2
acquire 92177338559671 92177338593474 0 561c30238ee0 3
present 92177338747474 92177338851118 0 561c30238ee0 3
acquire 92177643622977 92177643658806 0 561c30238ee0 2
present 92177643835713 92177643961986 0 561c30238ee0 2
acquire 92177945515844 92177945552650 0 561c30238ee0 3
present 92177945705323 92177945819234 0 561c30238ee0 3
acquire 92178252323014 92178252367433 0 561c30238ee0 2
present 92178252544131 92178252672918 0 561c30238ee0 2
acquire 92178556299382 92178556336538 0 561c30238ee0 3
present 92178556494938 92178556607941 0 561c30238ee0 3
acquire 92178863264603 92178863291352 0 561c30238ee0 2
present 92178863444165 92178863545225 0 561c30238ee0 2
acquire 92179169201762 92179169238917 0 561c30238ee0 3
present 92179169398784 92179169522752 0 561c30238ee0 3
acquire 92179475209670 92179475259187 0 561c30238ee0 2
present 92179475417796 92179475523256 0 561c30238ee0 2
acquire 92179777084168 92179777129775 0 561c30238ee0 3
present 92179777307101 92179777430022 0 561c30238ee0 3
acquire 92180079309340 92180079361790 0 561c30238ee0 2
present 92180079563911 92180079690323 0 561c30238ee0 2
acquire 92180387787110 92180387829434 0 561c30238ee0 3
present 92180387992443 92180388145255 0 561c30238ee0 3
acquire 92180695597339 92180695632120 0 561c30238ee0 2
present 92180695790450 92180695914138 0 561c30238ee0 2
acquire 92181002643785 92181002681848 0 561c30238ee0 3
present 92181002843880 92181002977695 0 561c30238ee0 3
acquire 92181311087752 92181311120647 0 561c30238ee0 2
present 92181311269130 92181311386812 0 561c30238ee0 2
acquire 92181615669434 92181615705681 0 561c30238ee0 3
present 92181615870017 92181615993566 0 561c30238ee0 3
acquire 92181916373674 92181916401471 0 561c30238ee0 2
present 92181916532423 92181916632296 0 561c30238ee0 2
acquire 92182219398526 92182219433866 0 561c30238ee0 3
present 92182219582628 92182219704710 0 561c30238ee0 3
acquire 92182524177928 92182524206005 0 561c30238ee0 2
present 92182524347223 92182524448493 0 561c30238ee0 2
acquire 92182826837023 92182826870337 0 561c30238ee0 3
present 92182827036349 92182827148794 0 561c30238ee0 3
acquire 92183130825683 92183130860464 0 561c30238ee0 2
present 92183131043308 92183131185225 0 561c30238ee0 2
acquire 92183438357734 92183438393982 0 561c30238ee0 3
present 92183438541836 92183438675721 0 561c30238ee0 3
acquire 92183744334493 92183744369693 0 561c30238ee0 2
present 92183744521039 92183744646963 0 561c30238ee0 2
acquire 92184049363787 92184049396053 0 561c30238ee0 3
present 92184049554174 92184049669901 0 561c30238ee0 3
acquire 92184349732999 92184349768688 0 561c30238ee0 2
present 92184349940707 92184350075291 0 561c30238ee0 2
acquire 92184655936323 92184655974386 0 561c30238ee0 3
present 92184656188868 92184656315281 0 561c30238ee0 3
acquire 92184959049175 92184959080184 0 561c30238ee0 2
present 92184959228876 92184959335663 0 561c30238ee0 2
acquire 92185262776490 92185262808407 0 561c30238ee0 3
present 92185262965829 92185263100902 0 561c30238ee0 3
acquire 92185566220598 92185566251538 0 561c30238ee0 2
present 92185566392059 92185566510858 0 561c30238ee0 2
acquire 92185871535542 92185871569834 0 561c30238ee0 3
present 92185871736336 92185871862259 0 561c30238ee0 3
acquire 92186175608361 92186175638393 0 561c30238ee0 2
present 92186175777098 92186175888145 0 561c30238ee0 2
acquire 92186476832499 92186476868188 0 561c30238ee0 3
present 92186477052918 92186477176886 0 561c30238ee0 3
acquire 92186781132162 92186781165058 0 561c30238ee0 2
present 92186781315914 92186781428359 0 561c30238ee0 2
acquire 92187087604933 92187087633987 0 561c30238ee0 3
present 92187087779745 92187087895961 0 561c30238ee0 3
acquire 92187392744645 92187392779845 0 561c30238ee0 2
present 92187392937617 92187393075134 0 561c30238ee0 2
acquire 92187697102975 92187697137756 0 561c30238ee0 3
present 92187697285610 92187697399032 0 561c30238ee0 3
acquire 92188004902378 92188004940232 0 561c30238ee0 2
present 92188005115324 92188005233565 0 561c30238ee0 2
acquire 92188307269188 92188307303968 0 561c30238ee0 3
present 92188307465721 92188307580679 0 561c30238ee0 3
acquire 92188610833144 92188610858915 0 561c30238ee0 2
present 92188610989169 92188611101404 0 561c30238ee0 2
acquire 92188918796534 92188918823702 0 561c30238ee0 3
present 92188918957798 92188919076108 0 561c30238ee0 3
acquire 92189222947855 92189222993042 0 561c30238ee0 2
present 92189223169740 92189223302718 0 561c30238ee0 2
acquire 92189527547136 92189527590368 0 561c30238ee0 3
present 92189527755961 92189527885237 0 561c30238ee0 3
acquire 92189827836311 92189827874793 0 561c30238ee0 2
present 92189828087250 92189828239574 0 561c30238ee0 2
acquire 92190129897774 92190129934022 0 561c30238ee0 3
present 92190130108974 92190130229450 0 561c30238ee0 3
acquire 92190431124566 92190431155506 0 561c30238ee0 2
present 92190431299937 92190431407143 0 561c30238ee0 2
acquire 92190731662235 92190731693664 0 561c30238ee0 3
present 92190731825454 92190731929936 0 561c30238ee0 3
