instance 74878804318223 74878826065987 0 pid 1476905
device 74878826792824 74878944589623 0
swapchain 74878944997426 74878996557791 0 607a2aac6e80 900x560 mode 2 images 4
acquire 74879004502081 74879004520100 0 607a2aac6e80 3
present 74879005922441 74879006150472 0 607a2aac6e80 3
acquire 74879008740321 74879008756105 0 607a2aac6e80 2
present 74879010112071 74879010235969 1000001003 607a2aac6e80 2
swapchain 74879010540756 74879013527373 0 607a2ac3be50 900x560 mode 2 images 4
acquire 74879016165203 74879016177146 0 607a2ac3be50 3
present 74879017560490 74879017656801 0 607a2ac3be50 3
acquire 74891341975085 74891341990939 0 607a2ac3be50 2
present 74891343217909 74891343328397 0 607a2ac3be50 2
acquire 74892023133539 74892023146879 0 607a2ac3be50 1
present 74892024408420 74892024538254 0 607a2ac3be50 1
acquire 74892328405134 74892328418125 0 607a2ac3be50 0
present 74892329666884 74892329771646 0 607a2ac3be50 0
acquire 74892623638810 74892623679179 0 607a2ac3be50 3
present 74892624962510 74892625105335 0 607a2ac3be50 3
acquire 74892929131243 74892929160367 0 607a2ac3be50 2
present 74892930746599 74892930874967 0 607a2ac3be50 2
acquire 74893224474919 74893224501738 0 607a2ac3be50 3
present 74893225927266 74893226053189 0 607a2ac3be50 3
acquire 74893530178761 74893530215637 0 607a2ac3be50 2
present 74893531851386 74893531991138 0 607a2ac3be50 2
acquire 74893825044514 74893825076012 0 607a2ac3be50 3
present 74893826568797 74893826683615 0 607a2ac3be50 3
acquire 74894130869460 74894130908222 0 607a2ac3be50 2
present 74894132505419 74894132632320 0 607a2ac3be50 2
acquire 74894425656153 74894425683042 0 607a2ac3be50 3
present 74894427060099 74894427172194 0 607a2ac3be50 3
acquire 74894731483962 74894731514483 0 607a2ac3be50 2
present 74894732926811 74894733062791 0 607a2ac3be50 2
acquire 74895026153113 74895026180770 0 607a2ac3be50 3
present 74895027544069 74895027653789 0 607a2ac3be50 3
acquire 74895330622652 74895330647515 0 607a2ac3be50 2
present 74895332077652 74895332182693 0 607a2ac3be50 2
acquire 74895626487762 74895626514860 0 607a2ac3be50 3
present 74895628263822 74895628383600 0 607a2ac3be50 3
acquire 74895931405332 74895931433548 0 607a2ac3be50 2
present 74895932901539 74895933023621 0 607a2ac3be50 2
acquire 74896227735444 74896227762822 0 607a2ac3be50 3
present 74896229174032 74896229283124 0 607a2ac3be50 3
acquire 74896532677459 74896532704278 0 607a2ac3be50 2
present 74896534177996 74896534290650 0 607a2ac3be50 2
acquire 74896828280385 74896828313769 0 607a2ac3be50 3
present 74896829832186 74896829942744 0 607a2ac3be50 3
acquire 74897133584247 74897133610437 0 607a2ac3be50 2
present 74897134978555 74897135101127 0 607a2ac3be50 2
acquire 74897428272603 74897428299771 0 607a2ac3be50 3
present 74897429717477 74897429826708 0 607a2ac3be50 3
acquire 74897732703939 74897732733063 0 607a2ac3be50 2
present 74897734150210 74897734264260 0 607a2ac3be50 2
acquire 74898028562834 74898028590491 0 607a2ac3be50 3
present 74898030092285 74898030203472 0 607a2ac3be50 3
acquire 74898333125261 74898333154734 0 607a2ac3be50 2
present 74898334654782 74898334770858 0 607a2ac3be50 2
acquire 74898629153800 74898629181038 0 607a2ac3be50 3
present 74898630550972 74898630657130 0 607a2ac3be50 3
acquire 74898933553707 74898933581364 0 607a2ac3be50 2
present 74898935084066 74898935191971 0 607a2ac3be50 2
acquire 74899229199307 74899229226894 0 607a2ac3be50 3
present 74899230691742 74899230799437 0 607a2ac3be50 3
acquire 74899533809576 74899533837442 0 607a2ac3be50 2
present 74899535375833 74899535480316 0 607a2ac3be50 2
acquire 74899829792228 74899829821352 0 607a2ac3be50 3
present 74899831496981 74899831597692 0 607a2ac3be50 3
acquire 74900134530237 74900134564110 0 607a2ac3be50 2
present 74900136140425 74900136252380 0 607a2ac3be50 2
acquire 74900429924408 74900429953043 0 607a2ac3be50 3
present 74900431474113 74900431590329 0 607a2ac3be50 3
acquire 74900734104386 74900734131624 0 607a2ac3be50 2
present 74900735611558 74900735714923 0 607a2ac3be50 2
acquire 74901029794823 74901029822481 0 607a2ac3be50 3
present 74901031297595 74901031402078 0 607a2ac3be50 3
acquire 74901334264293 74901334293486 0 607a2ac3be50 2
present 74901335726208 74901335836207 0 607a2ac3be50 2
acquire 74901630434958 74901630464501 0 607a2ac3be50 3
present 74901631941781 74901632059044 0 607a2ac3be50 3
acquire 74901934732339 74901934760415 0 607a2ac3be50 2
present 74901936275688 74901936379612 0 607a2ac3be50 2
acquire 74902232153370 74902232180957 0 607a2ac3be50 3
present 74902233731221 74902233837938 0 607a2ac3be50 3
acquire 74902534732030 74902534758150 0 607a2ac3be50 2
present 74902536194573 74902536302757 0 607a2ac3be50 2
acquire 74902830647426 74902830675572 0 607a2ac3be50 3
present 74902832200483 74902832318235 0 607a2ac3be50 3
acquire 74903138033461 74903138071594 0 607a2ac3be50 2
present 74903139860436 74903139986778 0 607a2ac3be50 2
acquire 74903431744880 74903431776239 0 607a2ac3be50 3
present 74903433379652 74903433486090 0 607a2ac3be50 3
acquire 74903736356127 74903736393003 0 607a2ac3be50 2
present 74903738018975 74903738147063 0 607a2ac3be50 2
acquire 74904031615784 74904031648260 0 607a2ac3be50 3
present 74904033202435 74904033328778 0 607a2ac3be50 3
acquire 74904336481742 74904336514427 0 607a2ac3be50 2
present 74904338150177 74904338274564 0 607a2ac3be50 2
acquire 74904632275544 74904632319334 0 607a2ac3be50 3
present 74904633925541 74904634053839 0 607a2ac3be50 3
acquire 74904936387706 74904936420182 0 607a2ac3be50 2
present 74904937995310 74904938117392 0 607a2ac3be50 2
acquire 74905232078213 74905232109642 0 607a2ac3be50 3
present 74905233757613 74905233869918 0 607a2ac3be50 3
acquire 74905536849117 74905536880615 0 607a2ac3be50 2
present 74905538463565 74905538580968 0 607a2ac3be50 2
acquire 74905832425713 74905832455745 0 607a2ac3be50 3
present 74905834058669 74905834165317 0 607a2ac3be50 3
acquire 74906136692225 74906136723024 0 607a2ac3be50 2
present 74906138163219 74906138270006 0 607a2ac3be50 2
acquire 74906432746185 74906432776217 0 607a2ac3be50 3
present 74906434303014 74906434413223 0 607a2ac3be50 3
acquire 74906737176893 74906737206016 0 607a2ac3be50 2
present 74906738733442 74906738841696 0 607a2ac3be50 2
acquire 74907033095990 74907033125114 0 607a2ac3be50 3
present 74907034561816 74907034667905 0 607a2ac3be50 3
acquire 74907337786996 74907337817027 0 607a2ac3be50 2
present 74907339373088 74907339481691 0 607a2ac3be50 2
acquire 74907633076545 74907633111815 0 607a2ac3be50 3
present 74907634601736 74907634705310 0 607a2ac3be50 3
acquire 74907937823982 74907937851569 0 607a2ac3be50 2
present 74907939390449 74907939497306 0 607a2ac3be50 2
acquire 74908233965803 74908233998698 0 607a2ac3be50 3
present 74908235749965 74908235874072 0 607a2ac3be50 3
acquire 74908537764029 74908537790988 0 607a2ac3be50 2
present 74908539314642 74908539420871 0 607a2ac3be50 2
acquire 74908834459341 74908834494261 0 607a2ac3be50 3
present 74908836190703 74908836323820 0 607a2ac3be50 3
acquire 74909138791992 74909138821115 0 607a2ac3be50 2
present 74909140379690 74909140487944 0 607a2ac3be50 2
acquire 74909434367959 74909434395128 0 607a2ac3be50 3
present 74909435921296 74909436034369 0 607a2ac3be50 3
acquire 74909738586978 74909738613169 0 607a2ac3be50 2
present 74909740115452 74909740219515 0 607a2ac3be50 2
