instance 76614570615500 76614596116952 0 pid 1749106
device 76614596855243 76614732216841 0
swapchain 76614732662707 76614783629993 0 644d21ddfeb0 900x560 mode 2 images 4
acquire 76614791450317 76614791461212 0 644d21ddfeb0 3
present 76614793170225 76614793354815 0 644d21ddfeb0 3
acquire 76614795999211 76614796022119 0 644d21ddfeb0 2
present 76614797379343 76614797472441 1000001003 644d21ddfeb0 2
swapchain 76614797781139 76614800641344 0 644d21f54e80 900x560 mode 2 images 4
acquire 76614803301943 76614803312559 0 644d21f54e80 3
present 76614804691782 76614804780969 0 644d21f54e80 3
acquire 76627129976446 76627129993138 0 644d21f54e80 2
present 76627131311250 76627131446253 0 644d21f54e80 2
acquire 76627811095379 76627811109208 0 644d21f54e80 1
present 76627812379688 76627812490317 0 644d21f54e80 1
acquire 76628117555039 76628117572709 0 644d21f54e80 0
present 76628119258954 76628119367347 0 644d21f54e80 0
acquire 76628416869529 76628416899840 0 644d21f54e80 3
present 76628418195882 76628418301622 0 644d21f54e80 3
acquire 76628722571132 76628722611989 0 644d21f54e80 2
present 76628723898044 76628724065454 0 644d21f54e80 2
acquire 76629029331947 76629029367566 0 644d21f54e80 3
present 76629030916014 76629031060865 0 644d21f54e80 3
acquire 76629331826444 76629331858850 0 644d21f54e80 2
present 76629333445083 76629333551521 0 644d21f54e80 2
acquire 76629632314684 76629632345973 0 644d21f54e80 3
present 76629633832892 76629633950155 0 644d21f54e80 3
acquire 76629940196869 76629940227808 0 644d21f54e80 2
present 76629941661647 76629941770390 0 644d21f54e80 2
acquire 76630242762814 76630242794242 0 644d21f54e80 3
present 76630244194697 76630244309027 0 644d21f54e80 3
acquire 76630550520192 76630550547569 0 644d21f54e80 2
present 76630551944183 76630552062075 0 644d21f54e80 2
acquire 76630854226852 76630854257373 0 644d21f54e80 3
present 76630855630101 76630855744570 0 644d21f54e80 3
acquire 76631161857259 76631161889665 0 644d21f54e80 2
present 76631163209244 76631163323923 0 644d21f54e80 2
acquire 76631467494748 76631467530437 0 644d21f54e80 3
present 76631470983803 76631471172723 0 644d21f54e80 3
acquire 76631775712589 76631775752119 0 644d21f54e80 2
present 76631777267253 76631777391710 0 644d21f54e80 2
acquire 76632079495935 76632079525059 0 644d21f54e80 3
present 76632080929006 76632081093691 0 644d21f54e80 3
acquire 76632382652876 76632382680603 0 644d21f54e80 2
present 76632384125197 76632384234359 0 644d21f54e80 2
acquire 76632687189598 76632687216278 0 644d21f54e80 3
present 76632688656542 76632688764586 0 644d21f54e80 3
acquire 76632989456483 76632989483651 0 644d21f54e80 2
present 76632990896049 76632990999414 0 644d21f54e80 2
acquire 76633295517489 76633295543400 0 644d21f54e80 3
present 76633296984922 76633297102674 0 644d21f54e80 3
acquire 76633599634187 76633599661285 0 644d21f54e80 2
present 76633601131372 76633601236483 0 644d21f54e80 2
acquire 76633906319712 76633906343528 0 644d21f54e80 3
present 76633907717025 76633907820809 0 644d21f54e80 3
acquire 76634212351176 76634212377925 0 644d21f54e80 2
present 76634214027643 76634214149236 0 644d21f54e80 2
acquire 76634518488238 76634518521622 0 644d21f54e80 3
present 76634520021741 76634520140261 0 644d21f54e80 3
acquire 76634820987834 76634821041193 0 644d21f54e80 2
present 76634822751672 76634822871031 0 644d21f54e80 2
acquire 76635122438555 76635122465164 0 644d21f54e80 3
present 76635123840057 76635123943492 0 644d21f54e80 3
acquire 76635430707170 76635430733919 0 644d21f54e80 2
present 76635432102736 76635432208266 0 644d21f54e80 2
acquire 76635740554963 76635740585484 0 644d21f54e80 3
present 76635742304275 76635742435506 0 644d21f54e80 3
acquire 76636045633933 76636045661520 0 644d21f54e80 2
present 76636047025168 76636047130559 0 644d21f54e80 2
acquire 76636354064789 76636354091957 0 644d21f54e80 3
present 76636355473555 76636355579294 0 644d21f54e80 3
acquire 76636658648933 76636658675752 0 644d21f54e80 2
present 76636660098556 76636660206042 0 644d21f54e80 2
acquire 76636959256182 76636959302976 0 644d21f54e80 3
present 76636960705875 76636960831031 0 644d21f54e80 3
acquire 76637262779370 76637262809471 0 644d21f54e80 2
present 76637264292618 76637264430345 0 644d21f54e80 2
acquire 76637566966956 76637566995591 0 644d21f54e80 3
present 76637568429709 76637568543830 0 644d21f54e80 3
acquire 76637870087160 76637870118100 0 644d21f54e80 2
present 76637871784580 76637871912948 0 644d21f54e80 2
acquire 76638174120677 76638174149731 0 644d21f54e80 3
present 76638175648941 76638175763969 0 644d21f54e80 3
acquire 76638481309268 76638481337833 0 644d21f54e80 2
present 76638482749323 76638482855272 0 644d21f54e80 2
acquire 76638787954844 76638787990114 0 644d21f54e80 3
present 76638789569222 76638789683203 0 644d21f54e80 3
acquire 76639092395884 76639092424519 0 644d21f54e80 2
present 76639093814009 76639093916675 0 644d21f54e80 2
acquire 76639392819031 76639392847317 0 644d21f54e80 3
present 76639394259785 76639394361194 0 644d21f54e80 3
acquire 76639698874380 76639698903434 0 644d21f54e80 2
present 76639700364231 76639700481704 0 644d21f54e80 2
acquire 76640002222755 76640002257256 0 644d21f54e80 3
present 76640003790619 76640003905298 0 644d21f54e80 3
acquire 76640306047656 76640306079643 0 644d21f54e80 2
present 76640307512574 76640307615101 0 644d21f54e80 2
acquire 76640608993326 76640609028666 0 644d21f54e80 3
present 76640610426188 76640610538841 0 644d21f54e80 3
acquire 76640914474161 76640914500841 0 644d21f54e80 2
present 76640915959962 76640916073035 0 644d21f54e80 2
acquire 76641218336777 76641218362548 0 644d21f54e80 3
present 76641219754971 76641219854704 0 644d21f54e80 3
acquire 76641520197116 76641520235738 0 644d21f54e80 2
present 76641521867367 76641521977437 0 644d21f54e80 2
acquire 76641824448397 76641824475984 0 644d21f54e80 3
present 76641825922325 76641826045315 0 644d21f54e80 3
acquire 76642130624920 76642130651599 0 644d21f54e80 2
present 76642132120289 76642132229590 0 644d21f54e80 2
acquire 76642435789095 76642435821920 0 644d21f54e80 3
present 76642437481346 76642437604476 0 644d21f54e80 3
acquire 76642740299067 76642740333778 0 644d21f54e80 2
present 76642741778722 76642741891795 0 644d21f54e80 2
acquire 76643047702280 76643047729379 0 644d21f54e80 3
present 76643049222163 76643049323643 0 644d21f54e80 3
acquire 76643350708922 76643350741398 0 644d21f54e80 2
present 76643352484284 76643352603363 0 644d21f54e80 2
acquire 76643653906510 76643653934725 0 644d21f54e80 3
present 76643655459148 76643655561047 0 644d21f54e80 3
acquire 76643961938712 76643961964972 0 644d21f54e80 2
present 76643963379325 76643963479897 0 644d21f54e80 2
acquire 76644266136914 76644266167923 0 644d21f54e80 3
present 76644267604137 76644267710575 0 644d21f54e80 3
acquire 76644570884276 76644570912911 0 644d21f54e80 2
present 76644572371265 76644572479099 0 644d21f54e80 2
acquire 76644870732910 76644870759590 0 644d21f54e80 3
present 76644872265924 76644872369219 0 644d21f54e80 3
acquire 76645178901582 76645178945163 0 644d21f54e80 2
present 76645181250340 76645181419077 0 644d21f54e80 2
acquire 76645474136998 76645474167309 0 644d21f54e80 3
present 76645475664354 76645475770303 0 644d21f54e80 3
acquire 76645774617345 76645774645002 0 644d21f54e80 2
present 76645776048530 76645776165933 0 644d21f54e80 2
