launch_mono_ns 77647403333947
assets ready in 258 ms: font, PNG (Ocula), SVG (Splina + Dithra), text, layout
GPU 0: NVIDIA GeForce RTX 3050 Laptop GPU (discrete, vendor 4318, device 9698, Vulkan 1.4.341, 4096 MiB device-local, max image 32768)
queue family 0, swapchain 900x560, format 44, 4 images, 2 frames in flight, validation layer off (not installed)
window and GPU ready in 224 ms
redraw 1 at 487 ms: scene + GPU 5 ms, 93 glyphs cached, atlas 91 entries, 84131 texels uploaded
input: mapped expose
redraw 2 at 493 ms: scene + GPU 6 ms, 93 glyphs cached, atlas 91 entries, 84131 texels uploaded
redraw 3 at 494 ms: scene + GPU 1 ms, 93 glyphs cached, atlas 91 entries, 84131 texels uploaded
input: moved
input: focus-in
input: key-down 9
redraw 4 at 12818 ms: scene + GPU 1 ms, 93 glyphs cached, atlas 91 entries, 84131 texels uploaded
input: key-up 9
input: key-down 32
redraw 5 at 13500 ms: scene + GPU 2 ms, 93 glyphs cached, atlas 91 entries, 84131 texels uploaded
input: key-up 32 -> 1 activation(s)
redraw 6 at 13807 ms: scene + GPU 3 ms, 95 glyphs cached, atlas 93 entries, 84299 texels uploaded
input: key-down 32
redraw 7 at 14106 ms: scene + GPU 2 ms, 95 glyphs cached, atlas 93 entries, 84299 texels uploaded
input: key-up 32 -> 1 activation(s)
redraw 8 at 14415 ms: scene + GPU 2 ms, 96 glyphs cached, atlas 94 entries, 84407 texels uploaded
input: key-down 32
redraw 9 at 14717 ms: scene + GPU 1 ms, 96 glyphs cached, atlas 94 entries, 84407 texels uploaded
input: key-up 32 -> 1 activation(s)
redraw 10 at 15025 ms: scene + GPU 3 ms, 97 glyphs cached, atlas 95 entries, 84524 texels uploaded
input: key-down 32
redraw 11 at 15320 ms: scene + GPU 1 ms, 97 glyphs cached, atlas 95 entries, 84524 texels uploaded
input: key-up 32 -> 1 activation(s)
redraw 12 at 15631 ms: scene + GPU 2 ms, 98 glyphs cached, atlas 96 entries, 84632 texels uploaded
input: key-down 32
redraw 13 at 15930 ms: scene + GPU 1 ms, 98 glyphs cached, atlas 96 entries, 84632 texels uploaded
input: key-up 32 -> 1 activation(s)
redraw 14 at 16243 ms: scene + GPU 3 ms, 99 glyphs cached, atlas 97 entries, 84749 texels uploaded
input: key-down 32
redraw 15 at 16542 ms: scene + GPU 2 ms, 99 glyphs cached, atlas 97 entries, 84749 texels uploaded
input: key-up 32 -> 1 activation(s)
redraw 16 at 16855 ms: scene + GPU 3 ms, 100 glyphs cached, atlas 98 entries, 84866 texels uploaded
input: key-down 32
redraw 17 at 17157 ms: scene + GPU 4 ms, 100 glyphs cached, atlas 98 entries, 84866 texels uploaded
input: key-up 32 -> 1 activation(s)
redraw 18 at 17468 ms: scene + GPU 3 ms, 101 glyphs cached, atlas 99 entries, 84974 texels uploaded
input: key-down 32
redraw 19 at 17766 ms: scene + GPU 1 ms, 101 glyphs cached, atlas 99 entries, 84974 texels uploaded
input: key-up 32 -> 1 activation(s)
redraw 20 at 18075 ms: scene + GPU 3 ms, 102 glyphs cached, atlas 100 entries, 85091 texels uploaded
input: key-down 32
redraw 21 at 18374 ms: scene + GPU 2 ms, 102 glyphs cached, atlas 100 entries, 85091 texels uploaded
input: key-up 32 -> 1 activation(s)
redraw 22 at 18681 ms: scene + GPU 3 ms, 103 glyphs cached, atlas 101 entries, 85208 texels uploaded
input: key-down 32
redraw 23 at 18982 ms: scene + GPU 2 ms, 103 glyphs cached, atlas 101 entries, 85208 texels uploaded
input: key-up 32 -> 1 activation(s)
redraw 24 at 19293 ms: scene + GPU 3 ms, 104 glyphs cached, atlas 102 entries, 85325 texels uploaded
input: key-down 32
redraw 25 at 19593 ms: scene + GPU 2 ms, 104 glyphs cached, atlas 102 entries, 85325 texels uploaded
input: key-up 32 -> 1 activation(s)
redraw 26 at 19904 ms: scene + GPU 2 ms, 104 glyphs cached, atlas 102 entries, 85325 texels uploaded
input: key-down 32
redraw 27 at 20205 ms: scene + GPU 2 ms, 104 glyphs cached, atlas 102 entries, 85325 texels uploaded
input: key-up 32 -> 1 activation(s)
redraw 28 at 20512 ms: scene + GPU 1 ms, 104 glyphs cached, atlas 102 entries, 85325 texels uploaded
input: key-down 32
redraw 29 at 20809 ms: scene + GPU 1 ms, 104 glyphs cached, atlas 102 entries, 85325 texels uploaded
input: key-up 32 -> 1 activation(s)
redraw 30 at 21123 ms: scene + GPU 1 ms, 104 glyphs cached, atlas 102 entries, 85325 texels uploaded
input: key-down 32
redraw 31 at 21426 ms: scene + GPU 2 ms, 104 glyphs cached, atlas 102 entries, 85325 texels uploaded
input: key-up 32 -> 1 activation(s)
redraw 32 at 21738 ms: scene + GPU 2 ms, 104 glyphs cached, atlas 102 entries, 85325 texels uploaded
input: key-down 32
redraw 33 at 22042 ms: scene + GPU 2 ms, 104 glyphs cached, atlas 102 entries, 85325 texels uploaded
input: key-up 32 -> 1 activation(s)
redraw 34 at 22352 ms: scene + GPU 2 ms, 104 glyphs cached, atlas 102 entries, 85325 texels uploaded
input: key-down 32
redraw 35 at 22647 ms: scene + GPU 2 ms, 104 glyphs cached, atlas 102 entries, 85325 texels uploaded
input: key-up 32 -> 1 activation(s)
redraw 36 at 22955 ms: scene + GPU 1 ms, 104 glyphs cached, atlas 102 entries, 85325 texels uploaded
input: key-down 32
redraw 37 at 23255 ms: scene + GPU 2 ms, 104 glyphs cached, atlas 102 entries, 85325 texels uploaded
input: key-up 32 -> 1 activation(s)
redraw 38 at 23562 ms: scene + GPU 1 ms, 104 glyphs cached, atlas 102 entries, 85325 texels uploaded
input: key-down 32
redraw 39 at 23861 ms: scene + GPU 1 ms, 104 glyphs cached, atlas 102 entries, 85325 texels uploaded
input: key-up 32 -> 1 activation(s)
redraw 40 at 24176 ms: scene + GPU 2 ms, 104 glyphs cached, atlas 102 entries, 85325 texels uploaded
input: key-down 32
redraw 41 at 24475 ms: scene + GPU 2 ms, 104 glyphs cached, atlas 102 entries, 85325 texels uploaded
input: key-up 32 -> 1 activation(s)
redraw 42 at 24788 ms: scene + GPU 2 ms, 104 glyphs cached, atlas 102 entries, 85325 texels uploaded
input: key-down 32
redraw 43 at 25080 ms: scene + GPU 1 ms, 104 glyphs cached, atlas 102 entries, 85325 texels uploaded
input: key-up 32 -> 1 activation(s)
redraw 44 at 25392 ms: scene + GPU 2 ms, 104 glyphs cached, atlas 102 entries, 85325 texels uploaded
input: enter move
input: move
input: move
input: move
input: move
input: move
input: move
input: move
input: move
input: move
input: move
input: move
input: move
input: move
input: move
input: move
input: move
input: move
input: move
input: move
input: move
input: move
input: move
input: move
input: move
input: move
input: move
input: move
input: move
input: move
input: move
input: move
input: move
input: move
input: move
input: move
input: move
input: move
input: move
input: move
input: move
input: focus-out
redraw 45 at 25508 ms: scene + GPU 2 ms, 104 glyphs cached, atlas 102 entries, 85325 texels uploaded
input: leave
input: key-down 32
input: key-up 32
input: key-down 32
input: key-up 32
input: key-down 32
input: key-up 32
input: key-down 32
input: key-up 32
input: key-down 32
input: key-up 32
input: key-down 32
input: key-up 32
input: key-down 32
input: key-up 32
input: key-down 32
input: key-up 32
input: key-down 32
input: key-up 32
input: key-down 32
input: key-up 32
input: resize 1100x700 expose moved
redraw 46 at 32489 ms: scene + GPU 1 ms, 104 glyphs cached, atlas 102 entries, 85325 texels uploaded
input: resize 640x760 expose moved
redraw 47 at 33997 ms: scene + GPU 1 ms, 104 glyphs cached, atlas 102 entries, 85325 texels uploaded
input: resize 1280x480 expose moved
redraw 48 at 35505 ms: scene + GPU 2 ms, 104 glyphs cached, atlas 102 entries, 85325 texels uploaded
input: resize 760x560 moved
redraw 49 at 37013 ms: scene + GPU 1 ms, 104 glyphs cached, atlas 102 entries, 85325 texels uploaded
input: expose
redraw 50 at 37015 ms: scene + GPU 2 ms, 104 glyphs cached, atlas 102 entries, 85325 texels uploaded
input: resize 900x560 expose moved
redraw 51 at 38519 ms: scene + GPU 1 ms, 104 glyphs cached, atlas 102 entries, 85325 texels uploaded
input: close
frames presented: 51, redraws: 51, clicks: 20
teardown: 0 native objects left; driver messages: 0 warnings, 0 errors
window objects left: 0
exit=0
