instance 77647708847511 77647718660751 0 pid 1889694
device 77647719376484 77647830607811 0
swapchain 77647831013727 77647882832861 0 5e9ed1758eb0 900x560 mode 2 images 4
acquire 77647891147450 77647891159253 0 5e9ed1758eb0 3
present 77647891306688 77647891494281 0 5e9ed1758eb0 3
acquire 77647892751073 77647892761479 0 5e9ed1758eb0 2
present 77647892929517 77647893048945 1000001003 5e9ed1758eb0 2
swapchain 77647893636309 77647897065231 0 5e9ed18cf270 900x560 mode 2 images 4
acquire 77647898328448 77647898338575 0 5e9ed18cf270 3
present 77647898495298 77647898582250 0 5e9ed18cf270 3
acquire 77660222495787 77660222512479 0 5e9ed18cf270 2
present 77660222693438 77660222813984 0 5e9ed18cf270 2
acquire 77660904157814 77660904175972 0 5e9ed18cf270 1
present 77660904353509 77660904470143 0 5e9ed18cf270 1
acquire 77661211457076 77661211476632 0 5e9ed18cf270 0
present 77661211628187 77661211745450 0 5e9ed18cf270 0
acquire 77661509719591 77661509756747 0 5e9ed18cf270 3
present 77661509978632 77661510157495 0 5e9ed18cf270 3
acquire 77661819249860 77661819280799 0 5e9ed18cf270 2
present 77661819478659 77661819608773 0 5e9ed18cf270 2
acquire 77662121565048 77662121595638 0 5e9ed18cf270 3
present 77662121799854 77662121901054 0 5e9ed18cf270 3
acquire 77662428922627 77662428962158 0 5e9ed18cf270 2
present 77662429283078 77662429392100 0 5e9ed18cf270 2
acquire 77662724271300 77662724304684 0 5e9ed18cf270 3
present 77662724503382 77662724617014 0 5e9ed18cf270 3
acquire 77663035206423 77663035236944 0 5e9ed18cf270 2
present 77663035407216 77663035512188 0 5e9ed18cf270 2
acquire 77663334578295 77663334613495 0 5e9ed18cf270 3
present 77663334816454 77663334932879 0 5e9ed18cf270 3
acquire 77663647280050 77663647314342 0 5e9ed18cf270 2
present 77663647496977 77663647612285 0 5e9ed18cf270 2
acquire 77663946277225 77663946308653 0 5e9ed18cf270 3
present 77663946508329 77663946617282 0 5e9ed18cf270 3
acquire 77664258727482 77664258758980 0 5e9ed18cf270 2
present 77664258925621 77664259042047 0 5e9ed18cf270 2
acquire 77664558910629 77664558940661 0 5e9ed18cf270 3
present 77664561391596 77664561502085 0 5e9ed18cf270 3
acquire 77664871720009 77664871760447 0 5e9ed18cf270 2
present 77664871948530 77664872085418 0 5e9ed18cf270 2
acquire 77665170543559 77665170572683 0 5e9ed18cf270 3
present 77665170768308 77665170876561 0 5e9ed18cf270 3
acquire 77665479564755 77665479606171 0 5e9ed18cf270 2
present 77665479794951 77665479906767 0 5e9ed18cf270 2
acquire 77665778111594 77665778144279 0 5e9ed18cf270 3
present 77665778334596 77665778446063 0 5e9ed18cf270 3
acquire 77666085054806 77666085092520 0 5e9ed18cf270 2
present 77666085264748 77666085369091 0 5e9ed18cf270 2
acquire 77666386348637 77666386380414 0 5e9ed18cf270 3
present 77666386589100 77666386694909 0 5e9ed18cf270 3
acquire 77666697098401 77666697126896 0 5e9ed18cf270 2
present 77666697316306 77666697437899 0 5e9ed18cf270 2
acquire 77666997024673 77666997060012 0 5e9ed18cf270 3
present 77666997275752 77666997397135 0 5e9ed18cf270 3
acquire 77667308039694 77667308069726 0 5e9ed18cf270 2
present 77667308275268 77667308386036 0 5e9ed18cf270 2
acquire 77667609306287 77667609341626 0 5e9ed18cf270 3
present 77667609549893 77667609657658 0 5e9ed18cf270 3
acquire 77667916527467 77667916562737 0 5e9ed18cf270 2
present 77667916757244 77667916862565 0 5e9ed18cf270 2
acquire 77668213650035 77668213676225 0 5e9ed18cf270 3
present 77668213865704 77668213963901 0 5e9ed18cf270 3
acquire 77668527336829 77668527370144 0 5e9ed18cf270 2
present 77668527571496 77668527674861 0 5e9ed18cf270 2
acquire 77668830275839 77668830309642 0 5e9ed18cf270 3
present 77668830506245 77668830611495 0 5e9ed18cf270 3
acquire 77669142118198 77669142149697 0 5e9ed18cf270 2
present 77669142344833 77669142448756 0 5e9ed18cf270 2
acquire 77669445884127 77669445914158 0 5e9ed18cf270 3
present 77669446132412 77669446235218 0 5e9ed18cf270 3
acquire 77669755811791 77669755843639 0 5e9ed18cf270 2
present 77669756058470 77669756158483 0 5e9ed18cf270 2
acquire 77670051118489 77670051149429 0 5e9ed18cf270 3
present 77670051339886 77670051443320 0 5e9ed18cf270 3
acquire 77670359368429 77670359400347 0 5e9ed18cf270 2
present 77670359622721 77670359727063 0 5e9ed18cf270 2
acquire 77670658813704 77670658849463 0 5e9ed18cf270 3
present 77670659061222 77670659168637 0 5e9ed18cf270 3
acquire 77670966209767 77670966242033 0 5e9ed18cf270 2
present 77670966442966 77670966546820 0 5e9ed18cf270 2
acquire 77671265418211 77671265447823 0 5e9ed18cf270 3
present 77671265647639 77671265749747 0 5e9ed18cf270 3
acquire 77671580105689 77671580140959 0 5e9ed18cf270 2
present 77671580378628 77671580506996 0 5e9ed18cf270 2
acquire 77671879178362 77671879212235 0 5e9ed18cf270 3
present 77671879465130 77671879582463 0 5e9ed18cf270 3
acquire 77672192333456 77672192366840 0 5e9ed18cf270 2
present 77672192592706 77672192710947 0 5e9ed18cf270 2
acquire 77672484599829 77672484632794 0 5e9ed18cf270 3
present 77672484838336 77672484946590 0 5e9ed18cf270 3
acquire 77672796227497 77672796258506 0 5e9ed18cf270 2
present 77672796494639 77672796610925 0 5e9ed18cf270 2
acquire 77672912389609 77672912426275 0 5e9ed18cf270 3
present 77672912704592 77672912850840 0 5e9ed18cf270 3
swapchain 77679883379493 77679887487620 0 5e9ed141c810 1100x700 mode 2 images 4
acquire 77679893638321 77679893648867 0 5e9ed141c810 3
present 77679893822702 77679893933679 0 5e9ed141c810 3
swapchain 77681391179192 77681395106779 0 5e9ed18cf270 640x760 mode 2 images 4
acquire 77681401287791 77681401301480 0 5e9ed18cf270 3
present 77681401476153 77681401593416 0 5e9ed18cf270 3
swapchain 77682898711259 77682902444269 0 5e9ed141c810 1280x480 mode 2 images 4
acquire 77682908815388 77682908827680 0 5e9ed141c810 3
present 77682908996137 77682909120594 0 5e9ed141c810 3
swapchain 77684407190162 77684411139470 0 5e9ed18cf270 760x560 mode 2 images 4
acquire 77684417289682 77684417299879 0 5e9ed18cf270 3
present 77684417486355 77684417594189 0 5e9ed18cf270 3
acquire 77684418837083 77684418845743 0 5e9ed18cf270 2
present 77684418966289 77684419048841 0 5e9ed18cf270 2
swapchain 77685913940916 77685917258161 0 5e9ed141c7f0 900x560 mode 2 images 4
acquire 77685923581300 77685923593732 0 5e9ed141c7f0 3
present 77685923765611 77685923902150 0 5e9ed141c7f0 3
