launch_mono_ns 92018544531687
assets ready in 229 ms: font, PNG (Ocula), SVG (Splina + Dithra), text, layout
GPU 0: NVIDIA GeForce RTX 3050 Laptop GPU (discrete, vendor 4318, device 9698, Vulkan 1.4.341, 4096 MiB device-local, max image 32768)
queue family 0, swapchain 900x560, format 44, 4 images, retained canvas, 2 frames in flight, validation layer off (not installed)
window and GPU ready in 253 ms
redraw 1 at 486 ms: scene + GPU 4 ms, whole, 235 quads, 93 glyphs cached, atlas 91 entries, 84131 texels uploaded
input: mapped expose
redraw 2 at 486 ms: scene + GPU 0 ms, damage only, 0 quads, 93 glyphs cached, atlas 91 entries, 84131 texels uploaded
input: moved
input: focus-in
input: enter move
input: move
input: move
input: move
input: move
input: move
input: move
input: move
input: move
input: move
input: move
input: move
input: move
input: move
input: move
input: focus-out
input: leave
input: focus-in
input: enter move
input: move
input: move
input: move
input: move
input: move
input: move
input: move
input: move
input: move
input: focus-out
input: leave
input: focus-in
input: enter move
input: move
input: move
input: move
input: move
input: move
input: move
input: move
input: move
input: move
input: move
input: move
input: move
input: move
input: move
input: move
input: move
input: move
input: move
input: move
input: move
input: move
input: move
input: move
input: move
input: move
input: move
input: move
input: move
input: move
input: move
input: move
input: move
input: move
input: move
input: press 0
input: release 0
input: key-down 65591
input: move
input: move
input: move
input: moved
input: move
input: moved
input: move
input: moved
input: move
input: moved
input: move
input: moved
input: move
input: moved
input: move
input: moved
input: move
input: moved
input: move
input: moved
input: move
input: moved
input: move
input: moved
input: move
input: move moved
input: moved
input: move
input: moved
input: move
input: moved
input: move
input: moved move
input: moved
input: move
input: moved
input: move
input: moved
input: move
input: moved
input: move
input: moved
input: move
input: moved
input: move
input: moved
input: move
input: move moved
input: moved
input: move
input: moved
input: move
input: moved
input: move
input: moved
input: move
input: moved
input: move
input: moved
input: move
input: moved
input: move
input: moved
input: move
input: moved
input: move
input: moved
input: move
input: moved
input: move
input: move
input: moved
input: move
input: moved
input: move
input: moved
input: move
input: moved
input: move
input: moved
input: move
input: moved
input: move
input: moved
input: move
input: moved
input: move
input: moved
input: move
input: moved
input: move
input: moved
input: move
input: moved
input: move
input: moved
input: move
input: move moved
input: moved
input: move
input: moved
input: move
input: moved
input: move
input: moved
input: move
input: moved
input: move
input: moved
input: move
input: moved
input: move
input: moved
input: move
input: moved
input: move
input: moved
input: move
input: moved
input: move
input: moved
input: move
input: moved
input: move
input: moved
input: move
input: move moved
input: moved
input: move
input: moved
input: move
input: moved
input: move
input: moved
input: move
input: moved
input: move
input: move moved
input: moved
input: move
input: moved
input: move
input: move
input: moved
input: move
input: moved
input: move
input: move
input: moved
input: move
input: move
input: move
input: moved
input: move
input: move
input: moved
input: move
input: moved
input: move
input: move
input: moved
input: move
input: move
input: moved
input: move
input: move
input: key-up 65591
input: move
input: move
input: move
input: move
input: move
input: move
input: move
input: move
input: move
input: move
input: move
input: move
input: move
input: move
input: move
input: move
input: focus-out
input: leave
input: focus-in
input: key-down 9
redraw 3 at 12815 ms: scene + GPU 1 ms, damage only, 11 quads, 93 glyphs cached, atlas 91 entries, 84131 texels uploaded
input: key-up 9
input: key-down 32
redraw 4 at 13496 ms: scene + GPU 0 ms, damage only, 11 quads, 93 glyphs cached, atlas 91 entries, 84131 texels uploaded
input: key-up 32 -> 1 activation(s)
redraw 5 at 13798 ms: scene + GPU 1 ms, damage only, 26 quads, 95 glyphs cached, atlas 93 entries, 84299 texels uploaded
input: key-down 32
redraw 6 at 14102 ms: scene + GPU 1 ms, damage only, 11 quads, 95 glyphs cached, atlas 93 entries, 84299 texels uploaded
input: key-up 32 -> 1 activation(s)
redraw 7 at 14407 ms: scene + GPU 1 ms, damage only, 28 quads, 96 glyphs cached, atlas 94 entries, 84407 texels uploaded
input: key-down 32
redraw 8 at 14714 ms: scene + GPU 1 ms, damage only, 11 quads, 96 glyphs cached, atlas 94 entries, 84407 texels uploaded
input: key-up 32 -> 1 activation(s)
redraw 9 at 15015 ms: scene + GPU 0 ms, damage only, 28 quads, 97 glyphs cached, atlas 95 entries, 84524 texels uploaded
input: key-down 32
redraw 10 at 15317 ms: scene + GPU 1 ms, damage only, 11 quads, 97 glyphs cached, atlas 95 entries, 84524 texels uploaded
input: key-up 32 -> 1 activation(s)
redraw 11 at 15622 ms: scene + GPU 0 ms, damage only, 28 quads, 98 glyphs cached, atlas 96 entries, 84632 texels uploaded
input: key-down 32
redraw 12 at 15927 ms: scene + GPU 1 ms, damage only, 11 quads, 98 glyphs cached, atlas 96 entries, 84632 texels uploaded
input: key-up 32 -> 1 activation(s)
redraw 13 at 16234 ms: scene + GPU 1 ms, damage only, 28 quads, 99 glyphs cached, atlas 97 entries, 84749 texels uploaded
input: key-down 32
redraw 14 at 16539 ms: scene + GPU 1 ms, damage only, 11 quads, 99 glyphs cached, atlas 97 entries, 84749 texels uploaded
input: key-up 32 -> 1 activation(s)
redraw 15 at 16845 ms: scene + GPU 0 ms, damage only, 28 quads, 100 glyphs cached, atlas 98 entries, 84866 texels uploaded
input: key-down 32
redraw 16 at 17152 ms: scene + GPU 1 ms, damage only, 11 quads, 100 glyphs cached, atlas 98 entries, 84866 texels uploaded
input: key-up 32 -> 1 activation(s)
redraw 17 at 17458 ms: scene + GPU 0 ms, damage only, 28 quads, 101 glyphs cached, atlas 99 entries, 84974 texels uploaded
input: key-down 32
redraw 18 at 17763 ms: scene + GPU 0 ms, damage only, 11 quads, 101 glyphs cached, atlas 99 entries, 84974 texels uploaded
input: key-up 32 -> 1 activation(s)
redraw 19 at 18066 ms: scene + GPU 1 ms, damage only, 28 quads, 102 glyphs cached, atlas 100 entries, 85091 texels uploaded
input: key-down 32
redraw 20 at 18371 ms: scene + GPU 1 ms, damage only, 11 quads, 102 glyphs cached, atlas 100 entries, 85091 texels uploaded
input: key-up 32 -> 1 activation(s)
redraw 21 at 18672 ms: scene + GPU 0 ms, damage only, 28 quads, 103 glyphs cached, atlas 101 entries, 85208 texels uploaded
input: key-down 32
redraw 22 at 18979 ms: scene + GPU 1 ms, damage only, 11 quads, 103 glyphs cached, atlas 101 entries, 85208 texels uploaded
input: key-up 32 -> 1 activation(s)
redraw 23 at 19283 ms: scene + GPU 1 ms, damage only, 29 quads, 104 glyphs cached, atlas 102 entries, 85325 texels uploaded
input: key-down 32
redraw 24 at 19590 ms: scene + GPU 1 ms, damage only, 11 quads, 104 glyphs cached, atlas 102 entries, 85325 texels uploaded
input: key-up 32 -> 1 activation(s)
redraw 25 at 19896 ms: scene + GPU 1 ms, damage only, 29 quads, 104 glyphs cached, atlas 102 entries, 85325 texels uploaded
input: key-down 32
redraw 26 at 20202 ms: scene + GPU 1 ms, damage only, 11 quads, 104 glyphs cached, atlas 102 entries, 85325 texels uploaded
input: key-up 32 -> 1 activation(s)
redraw 27 at 20504 ms: scene + GPU 1 ms, damage only, 29 quads, 104 glyphs cached, atlas 102 entries, 85325 texels uploaded
input: key-down 32
redraw 28 at 20806 ms: scene + GPU 1 ms, damage only, 11 quads, 104 glyphs cached, atlas 102 entries, 85325 texels uploaded
input: key-up 32 -> 1 activation(s)
redraw 29 at 21114 ms: scene + GPU 0 ms, damage only, 29 quads, 104 glyphs cached, atlas 102 entries, 85325 texels uploaded
input: key-down 32
redraw 30 at 21422 ms: scene + GPU 0 ms, damage only, 11 quads, 104 glyphs cached, atlas 102 entries, 85325 texels uploaded
input: key-up 32 -> 1 activation(s)
redraw 31 at 21729 ms: scene + GPU 0 ms, damage only, 29 quads, 104 glyphs cached, atlas 102 entries, 85325 texels uploaded
input: key-down 32
redraw 32 at 22038 ms: scene + GPU 1 ms, damage only, 11 quads, 104 glyphs cached, atlas 102 entries, 85325 texels uploaded
input: key-up 32 -> 1 activation(s)
redraw 33 at 22342 ms: scene + GPU 0 ms, damage only, 29 quads, 104 glyphs cached, atlas 102 entries, 85325 texels uploaded
input: key-down 32
redraw 34 at 22643 ms: scene + GPU 1 ms, damage only, 11 quads, 104 glyphs cached, atlas 102 entries, 85325 texels uploaded
input: key-up 32 -> 1 activation(s)
redraw 35 at 22946 ms: scene + GPU 1 ms, damage only, 29 quads, 104 glyphs cached, atlas 102 entries, 85325 texels uploaded
input: key-down 32
redraw 36 at 23251 ms: scene + GPU 1 ms, damage only, 11 quads, 104 glyphs cached, atlas 102 entries, 85325 texels uploaded
input: key-up 32 -> 1 activation(s)
redraw 37 at 23553 ms: scene + GPU 0 ms, damage only, 29 quads, 104 glyphs cached, atlas 102 entries, 85325 texels uploaded
input: key-down 32
redraw 38 at 23858 ms: scene + GPU 1 ms, damage only, 11 quads, 104 glyphs cached, atlas 102 entries, 85325 texels uploaded
input: key-up 32 -> 1 activation(s)
redraw 39 at 24165 ms: scene + GPU 0 ms, damage only, 29 quads, 104 glyphs cached, atlas 102 entries, 85325 texels uploaded
input: key-down 32
redraw 40 at 24471 ms: scene + GPU 0 ms, damage only, 11 quads, 104 glyphs cached, atlas 102 entries, 85325 texels uploaded
input: key-up 32 -> 1 activation(s)
redraw 41 at 24776 ms: scene + GPU 0 ms, damage only, 29 quads, 104 glyphs cached, atlas 102 entries, 85325 texels uploaded
input: key-down 32
redraw 42 at 25076 ms: scene + GPU 0 ms, damage only, 11 quads, 104 glyphs cached, atlas 102 entries, 85325 texels uploaded
input: key-up 32 -> 1 activation(s)
redraw 43 at 25383 ms: scene + GPU 1 ms, damage only, 29 quads, 104 glyphs cached, atlas 102 entries, 85325 texels uploaded
input: key-down 32
redraw 44 at 25686 ms: scene + GPU 1 ms, damage only, 11 quads, 104 glyphs cached, atlas 102 entries, 85325 texels uploaded
input: key-up 32 -> 1 activation(s)
redraw 45 at 25989 ms: scene + GPU 0 ms, damage only, 29 quads, 104 glyphs cached, atlas 102 entries, 85325 texels uploaded
input: key-down 32
redraw 46 at 26293 ms: scene + GPU 1 ms, damage only, 11 quads, 104 glyphs cached, atlas 102 entries, 85325 texels uploaded
input: key-up 32 -> 1 activation(s)
redraw 47 at 26598 ms: scene + GPU 0 ms, damage only, 29 quads, 104 glyphs cached, atlas 102 entries, 85325 texels uploaded
input: key-down 32
redraw 48 at 26902 ms: scene + GPU 0 ms, damage only, 11 quads, 104 glyphs cached, atlas 102 entries, 85325 texels uploaded
input: key-up 32 -> 1 activation(s)
redraw 49 at 27204 ms: scene + GPU 1 ms, damage only, 29 quads, 104 glyphs cached, atlas 102 entries, 85325 texels uploaded
input: key-down 32
redraw 50 at 27508 ms: scene + GPU 1 ms, damage only, 11 quads, 104 glyphs cached, atlas 102 entries, 85325 texels uploaded
input: key-up 32 -> 1 activation(s)
redraw 51 at 27814 ms: scene + GPU 0 ms, damage only, 29 quads, 104 glyphs cached, atlas 102 entries, 85325 texels uploaded
input: key-down 32
redraw 52 at 28120 ms: scene + GPU 1 ms, damage only, 11 quads, 104 glyphs cached, atlas 102 entries, 85325 texels uploaded
input: key-up 32 -> 1 activation(s)
redraw 53 at 28424 ms: scene + GPU 1 ms, damage only, 29 quads, 104 glyphs cached, atlas 102 entries, 85325 texels uploaded
input: key-down 32
redraw 54 at 28732 ms: scene + GPU 1 ms, damage only, 11 quads, 104 glyphs cached, atlas 102 entries, 85325 texels uploaded
input: key-up 32 -> 1 activation(s)
redraw 55 at 29034 ms: scene + GPU 0 ms, damage only, 29 quads, 104 glyphs cached, atlas 102 entries, 85325 texels uploaded
input: key-down 32
redraw 56 at 29338 ms: scene + GPU 1 ms, damage only, 11 quads, 104 glyphs cached, atlas 102 entries, 85325 texels uploaded
input: key-up 32 -> 1 activation(s)
redraw 57 at 29646 ms: scene + GPU 1 ms, damage only, 29 quads, 104 glyphs cached, atlas 102 entries, 85325 texels uploaded
input: key-down 32
redraw 58 at 29950 ms: scene + GPU 0 ms, damage only, 11 quads, 104 glyphs cached, atlas 102 entries, 85325 texels uploaded
input: key-up 32 -> 1 activation(s)
redraw 59 at 30255 ms: scene + GPU 1 ms, damage only, 29 quads, 104 glyphs cached, atlas 102 entries, 85325 texels uploaded
input: key-down 32
redraw 60 at 30555 ms: scene + GPU 0 ms, damage only, 11 quads, 104 glyphs cached, atlas 102 entries, 85325 texels uploaded
input: key-up 32 -> 1 activation(s)
redraw 61 at 30857 ms: scene + GPU 0 ms, damage only, 29 quads, 104 glyphs cached, atlas 102 entries, 85325 texels uploaded
input: key-down 32
redraw 62 at 31158 ms: scene + GPU 0 ms, damage only, 11 quads, 104 glyphs cached, atlas 102 entries, 85325 texels uploaded
input: key-up 32 -> 1 activation(s)
redraw 63 at 31459 ms: scene + GPU 0 ms, damage only, 29 quads, 104 glyphs cached, atlas 102 entries, 85325 texels uploaded
input: resize 1100x700 moved
redraw 64 at 32482 ms: scene + GPU 1 ms, whole, 222 quads, 104 glyphs cached, atlas 102 entries, 85325 texels uploaded
input: expose
redraw 65 at 32482 ms: scene + GPU 0 ms, damage only, 0 quads, 104 glyphs cached, atlas 102 entries, 85325 texels uploaded
input: resize 640x760 expose moved
redraw 66 at 33989 ms: scene + GPU 0 ms, whole, 222 quads, 104 glyphs cached, atlas 102 entries, 85325 texels uploaded
input: resize 1280x480 moved
redraw 67 at 35497 ms: scene + GPU 1 ms, whole, 222 quads, 104 glyphs cached, atlas 102 entries, 85325 texels uploaded
input: expose
redraw 68 at 35497 ms: scene + GPU 0 ms, damage only, 0 quads, 104 glyphs cached, atlas 102 entries, 85325 texels uploaded
input: resize 760x560 moved
redraw 69 at 37004 ms: scene + GPU 1 ms, whole, 222 quads, 104 glyphs cached, atlas 102 entries, 85325 texels uploaded
input: expose
redraw 70 at 37004 ms: scene + GPU 0 ms, damage only, 0 quads, 104 glyphs cached, atlas 102 entries, 85325 texels uploaded
input: resize 900x560 moved
redraw 71 at 38511 ms: scene + GPU 1 ms, whole, 222 quads, 104 glyphs cached, atlas 102 entries, 85325 texels uploaded
input: expose
redraw 72 at 38512 ms: scene + GPU 1 ms, damage only, 0 quads, 104 glyphs cached, atlas 102 entries, 85325 texels uploaded
input: close
frames presented: 72, redraws: 72, clicks: 30
teardown: 0 native objects left; driver messages: 0 warnings, 0 errors
window objects left: 0
exit=0
