instance 92018843422990 92018857233380 0 pid 4052408
device 92018857982915 92018973560251 0
swapchain 92018973974967 92019023345471 0 643ad1c38ea0 900x560 mode 2 images 4
acquire 92019028052485 92019028062962 0 643ad1c38ea0 3
present 92019031334391 92019031513394 0 643ad1c38ea0 3
acquire 92019031686460 92019031695610 0 643ad1c38ea0 2
present 92019031745197 92019031806238 0 643ad1c38ea0 2
acquire 92031359866560 92031359887862 0 643ad1c38ea0 1
present 92031360035157 92031360291893 0 643ad1c38ea0 1
acquire 92032041405544 92032041423074 0 643ad1c38ea0 0
present 92032041548998 92032041677366 0 643ad1c38ea0 0
acquire 92032342847516 92032342890678 0 643ad1c38ea0 3
present 92032343099643 92032343218163 0 643ad1c38ea0 3
acquire 92032646927458 92032646961680 0 643ad1c38ea0 2
present 92032647134607 92032647240766 0 643ad1c38ea0 2
acquire 92032951692612 92032951729837 0 643ad1c38ea0 3
present 92032951889913 92032951992301 0 643ad1c38ea0 3
acquire 92033258763851 92033258794861 0 643ad1c38ea0 2
present 92033258951933 92033259069266 0 643ad1c38ea0 2
acquire 92033560374210 92033560411156 0 643ad1c38ea0 3
present 92033560586876 92033560706095 0 643ad1c38ea0 3
acquire 92033862114264 92033862164270 0 643ad1c38ea0 2
present 92033862330562 92033862474086 0 643ad1c38ea0 2
acquire 92034167512179 92034167546471 0 643ad1c38ea0 3
present 92034167731131 92034167868927 0 643ad1c38ea0 3
acquire 92034472092114 92034472122215 0 643ad1c38ea0 2
present 92034472261269 92034472365961 0 643ad1c38ea0 2
acquire 92034779105943 92034779143029 0 643ad1c38ea0 3
present 92034779311276 92034779414851 0 643ad1c38ea0 3
acquire 92035084067560 92035084111979 0 643ad1c38ea0 2
present 92035084270309 92035084376747 0 643ad1c38ea0 2
acquire 92035390573715 92035390611499 0 643ad1c38ea0 3
present 92035390784425 92035390920266 0 643ad1c38ea0 3
acquire 92035696874745 92035696908129 0 643ad1c38ea0 2
present 92035697055844 92035697162142 0 643ad1c38ea0 2
acquire 92036003429788 92036003460239 0 643ad1c38ea0 3
present 92036003617382 92036003725426 0 643ad1c38ea0 3
acquire 92036308397272 92036308435056 0 643ad1c38ea0 2
present 92036308593386 92036308717843 0 643ad1c38ea0 2
acquire 92036610990995 92036611040582 0 643ad1c38ea0 3
present 92036611215743 92036611353540 0 643ad1c38ea0 3
acquire 92036915871107 92036915905888 0 643ad1c38ea0 2
present 92036916082446 92036916208440 0 643ad1c38ea0 2
acquire 92037217276552 92037217307492 0 643ad1c38ea0 3
present 92037217455136 92037217558571 0 643ad1c38ea0 3
acquire 92037524014998 92037524052642 0 643ad1c38ea0 2
present 92037524200496 92037524315385 0 643ad1c38ea0 2
acquire 92037828096127 92037828128534 0 643ad1c38ea0 3
present 92037828284629 92037828389949 0 643ad1c38ea0 3
acquire 92038134910980 92038134946738 0 643ad1c38ea0 2
present 92038135118128 92038135239163 0 643ad1c38ea0 2
acquire 92038440886201 92038440919097 0 643ad1c38ea0 3
present 92038441069953 92038441172410 0 643ad1c38ea0 3
acquire 92038746785506 92038746824198 0 643ad1c38ea0 2
present 92038746991188 92038747136178 0 643ad1c38ea0 2
acquire 92039048680118 92039048717134 0 643ad1c38ea0 3
present 92039048886848 92039049023318 0 643ad1c38ea0 3
acquire 92039350901867 92039350936648 0 643ad1c38ea0 2
present 92039351117187 92039351244787 0 643ad1c38ea0 2
acquire 92039659340596 92039659372303 0 643ad1c38ea0 3
present 92039659522462 92039659630367 0 643ad1c38ea0 3
acquire 92039967265433 92039967299795 0 643ad1c38ea0 2
present 92039967458474 92039967571966 0 643ad1c38ea0 2
acquire 92040274276679 92040274312507 0 643ad1c38ea0 3
present 92040274471326 92040274605910 0 643ad1c38ea0 3
acquire 92040582710658 92040582748792 0 643ad1c38ea0 2
present 92040582906283 92040583045616 0 643ad1c38ea0 2
acquire 92040887228225 92040887260143 0 643ad1c38ea0 3
present 92040887401920 92040887504028 0 643ad1c38ea0 3
acquire 92041187942802 92041187978630 0 643ad1c38ea0 2
present 92041188164338 92041188285023 0 643ad1c38ea0 2
acquire 92041491041406 92041491072415 0 643ad1c38ea0 3
present 92041491209933 92041491311761 0 643ad1c38ea0 3
acquire 92041795813264 92041795849582 0 643ad1c38ea0 2
present 92041796052191 92041796164356 0 643ad1c38ea0 2
acquire 92042098517895 92042098552187 0 643ad1c38ea0 3
present 92042098731190 92042098848942 0 643ad1c38ea0 3
acquire 92042402720269 92042402759938 0 643ad1c38ea0 2
present 92042402934052 92042403073525 0 643ad1c38ea0 2
acquire 92042710199869 92042710230459 0 643ad1c38ea0 3
present 92042710366161 92042710468059 0 643ad1c38ea0 3
acquire 92043016198557 92043016230544 0 643ad1c38ea0 2
present 92043016383077 92043016496150 0 643ad1c38ea0 2
acquire 92043321313336 92043321349164 0 643ad1c38ea0 3
present 92043321523069 92043321666872 0 643ad1c38ea0 3
acquire 92043621544192 92043621578065 0 643ad1c38ea0 2
present 92043621726827 92043621838922 0 643ad1c38ea0 2
acquire 92043927860309 92043927900398 0 643ad1c38ea0 3
present 92043928105661 92043928239337 0 643ad1c38ea0 3
acquire 92044230911910 92044230946272 0 643ad1c38ea0 2
present 92044231112284 92044231231014 0 643ad1c38ea0 2
acquire 92044534645789 92044534677288 0 643ad1c38ea0 3
present 92044534835548 92044534938703 0 643ad1c38ea0 3
acquire 92044838241663 92044838282240 0 643ad1c38ea0 2
present 92044838444761 92044838576551 0 643ad1c38ea0 2
acquire 92045143295400 92045143329762 0 643ad1c38ea0 3
present 92045143486625 92045143608708 0 643ad1c38ea0 3
acquire 92045447493514 92045447525710 0 643ad1c38ea0 2
present 92045447676637 92045447790758 0 643ad1c38ea0 2
acquire 92045748760673 92045748795035 0 643ad1c38ea0 3
present 92045748978578 92045749108203 0 643ad1c38ea0 3
acquire 92046053137510 92046053176552 0 643ad1c38ea0 2
present 92046053337745 92046053459478 0 643ad1c38ea0 2
acquire 92046359592541 92046359627322 0 643ad1c38ea0 3
present 92046359798642 92046359922750 0 643ad1c38ea0 3
acquire 92046664782189 92046664820742 0 643ad1c38ea0 2
present 92046664978303 92046665122036 0 643ad1c38ea0 2
acquire 92046969146385 92046969190315 0 643ad1c38ea0 3
present 92046969347807 92046969462067 0 643ad1c38ea0 3
acquire 92047277077578 92047277134359 0 643ad1c38ea0 2
present 92047277372448 92047277496416 0 643ad1c38ea0 2
acquire 92047579300654 92047579334736 0 643ad1c38ea0 3
present 92047579489155 92047579612215 0 643ad1c38ea0 3
acquire 92047882865867 92047882897714 0 643ad1c38ea0 2
present 92047883058139 92047883168489 0 643ad1c38ea0 2
acquire 92048191275681 92048191315212 0 643ad1c38ea0 3
present 92048191483179 92048191598348 0 643ad1c38ea0 3
acquire 92048495324963 92048495369103 0 643ad1c38ea0 2
present 92048495529528 92048495673401 0 643ad1c38ea0 2
acquire 92048800120568 92048800165895 0 643ad1c38ea0 3
present 92048800331000 92048800457761 0 643ad1c38ea0 3
acquire 92049100320345 92049100355615 0 643ad1c38ea0 2
present 92049100535945 92049100658027 0 643ad1c38ea0 2
acquire 92049402461846 92049402499700 0 643ad1c38ea0 3
present 92049402661103 92049402786538 0 643ad1c38ea0 3
acquire 92049703586321 92049703619705 0 643ad1c38ea0 2
present 92049703770282 92049703888942 0 643ad1c38ea0 2
acquire 92050004215272 92050004248167 0 643ad1c38ea0 3
present 92050004389246 92050004491912 0 643ad1c38ea0 3
swapchain 92051022207180 92051025887809 0 643ad1dcf960 1100x700 mode 2 images 4
acquire 92051027218004 92051027229108 0 643ad1dcf960 3
present 92051027345813 92051027449457 0 643ad1dcf960 3
acquire 92051027568117 92051027574962 0 643ad1dcf960 2
present 92051027623921 92051027694181 0 643ad1dcf960 2
swapchain 92052529699408 92052533537808 0 643ad1c38ea0 640x760 mode 2 images 4
acquire 92052534698568 92052534708206 0 643ad1c38ea0 3
present 92052534819673 92052534923527 0 643ad1c38ea0 3
swapchain 92054036510825 92054040522570 0 643ad1dcf960 1280x480 mode 2 images 4
acquire 92054041828390 92054041841241 0 643ad1dcf960 3
present 92054041971076 92054042153152 0 643ad1dcf960 3
acquire 92054042293323 92054042301774 0 643ad1dcf960 2
present 92054042349755 92054042422878 0 643ad1dcf960 2
swapchain 92055543946411 92055548008652 0 643ad1c38ea0 760x560 mode 2 images 4
acquire 92055549216415 92055549225914 0 643ad1c38ea0 3
present 92055549347088 92055549477831 0 643ad1c38ea0 3
acquire 92055549598028 92055549605640 0 643ad1c38ea0 2
present 92055549652993 92055549723462 0 643ad1c38ea0 2
swapchain 92057051096138 92057054431333 0 643ad1de2100 900x560 mode 2 images 4
acquire 92057055389623 92057055400030 0 643ad1de2100 3
present 92057055510309 92057056709621 0 643ad1de2100 3
acquire 92057056858872 92057056866973 0 643ad1de2100 2
present 92057056920262 92057057029703 0 643ad1de2100 2
