instance 75128856577842 75128867437302 0 pid 1514777
device 75128868207580 75128981188484 0
swapchain 75128981576661 75129030230028 0 620499a12ea0 900x560 mode 2 images 4
acquire 75129046989459 75129047013275 0 620499a12ea0 3
present 75129057882093 75129058117598 0 620499a12ea0 3
acquire 75129069529781 75129069543400 0 620499a12ea0 2
present 75129077096999 75129077248135 1000001003 620499a12ea0 2
swapchain 75129077725360 75129080911233 0 620499b87f70 900x560 mode 2 images 4
acquire 75129092530984 75129092546419 0 620499b87f70 3
present 75129099164776 75129099304877 0 620499b87f70 3
acquire 75141422026335 75141422042050 0 620499b87f70 2
present 75141431244738 75141431386725 0 620499b87f70 2
acquire 75142103599302 75142103616133 0 620499b87f70 1
present 75142113127659 75142113270764 0 620499b87f70 1
acquire 75142408973216 75142408987952 0 620499b87f70 0
present 75142415442671 75142415576976 0 620499b87f70 0
acquire 75142704905725 75142704936245 0 620499b87f70 3
present 75142712046563 75142712182404 0 620499b87f70 3
acquire 75143012047738 75143012075884 0 620499b87f70 2
present 75143018908373 75143019064258 0 620499b87f70 2
acquire 75143306468535 75143306495982 0 620499b87f70 3
present 75143313027806 75143313145837 0 620499b87f70 3
acquire 75143612663083 75143612691229 0 620499b87f70 2
present 75143619124576 75143619245750 0 620499b87f70 2
acquire 75143909245044 75143909274587 0 620499b87f70 3
present 75143916444759 75143916577387 0 620499b87f70 3
acquire 75144226635756 75144226666766 0 620499b87f70 2
present 75144234380651 75144234494352 0 620499b87f70 2
acquire 75144510423239 75144510458579 0 620499b87f70 3
present 75144517504223 75144517631614 0 620499b87f70 3
acquire 75144818758069 75144818789009 0 620499b87f70 2
present 75144825939555 75144826083916 0 620499b87f70 2
acquire 75145111415447 75145111445968 0 620499b87f70 3
present 75145118773072 75145118911777 0 620499b87f70 3
acquire 75145418069689 75145418107054 0 620499b87f70 2
present 75145425632298 75145425759968 0 620499b87f70 2
acquire 75145713608364 75145713637977 0 620499b87f70 3
present 75145721310865 75145721447404 0 620499b87f70 3
acquire 75146019828334 75146019857388 0 620499b87f70 2
present 75146027269838 75146027407775 0 620499b87f70 2
acquire 75146314951314 75146314978971 0 620499b87f70 3
present 75146322595148 75146322720583 0 620499b87f70 3
acquire 75146621269760 75146621299582 0 620499b87f70 2
present 75146628265049 75146628394605 0 620499b87f70 2
acquire 75146917688294 75146917718814 0 620499b87f70 3
present 75146925221988 75146925354407 0 620499b87f70 3
acquire 75147223389833 75147223420353 0 620499b87f70 2
present 75147230559865 75147230682575 0 620499b87f70 2
acquire 75147520076975 75147520106588 0 620499b87f70 3
present 75147527931171 75147528065545 0 620499b87f70 3
acquire 75147823784480 75147823816188 0 620499b87f70 2
present 75147831531609 75147831654110 0 620499b87f70 2
acquire 75148119810087 75148119838722 0 620499b87f70 3
present 75148127691241 75148127810949 0 620499b87f70 3
acquire 75148424238702 75148424268314 0 620499b87f70 2
present 75148431975145 75148432122230 0 620499b87f70 2
acquire 75148721120142 75148721150523 0 620499b87f70 3
present 75148729012261 75148729136229 0 620499b87f70 3
acquire 75149027619058 75149027652651 0 620499b87f70 2
present 75149036992997 75149037132958 0 620499b87f70 2
acquire 75149320189484 75149320220423 0 620499b87f70 3
present 75149328208993 75149328336593 0 620499b87f70 3
acquire 75149624688987 75149624716574 0 620499b87f70 2
present 75149632937925 75149633064826 0 620499b87f70 2
acquire 75149921499329 75149921529850 0 620499b87f70 3
present 75149932817646 75149932987499 0 620499b87f70 3
acquire 75150225611493 75150225641036 0 620499b87f70 2
present 75150234375859 75150234499547 0 620499b87f70 2
acquire 75150522578210 75150522608242 0 620499b87f70 3
present 75150531117477 75150531234601 0 620499b87f70 3
acquire 75150825498954 75150825533735 0 620499b87f70 2
present 75150833635378 75150833768565 0 620499b87f70 2
acquire 75151121151191 75151121192118 0 620499b87f70 3
present 75151129158478 75151129293551 0 620499b87f70 3
acquire 75151430825015 75151430854837 0 620499b87f70 2
present 75151438962486 75151439098676 0 620499b87f70 2
acquire 75151722217221 75151722248230 0 620499b87f70 3
present 75151731491496 75151731643959 0 620499b87f70 3
acquire 75152026126077 75152026155830 0 620499b87f70 2
present 75152035143338 75152035259763 0 620499b87f70 2
acquire 75152323876412 75152323905466 0 620499b87f70 3
present 75152332228505 75152332358270 0 620499b87f70 3
acquire 75152626754692 75152626783816 0 620499b87f70 2
present 75152635385312 75152635518778 0 620499b87f70 2
acquire 75152922501843 75152922530967 0 620499b87f70 3
present 75152930972806 75152931104386 0 620499b87f70 3
acquire 75153228148138 75153228177541 0 620499b87f70 2
present 75153237115950 75153237244668 0 620499b87f70 2
acquire 75153524168018 75153524199935 0 620499b87f70 3
present 75153532808765 75153532935107 0 620499b87f70 3
acquire 75153828887242 75153828921534 0 620499b87f70 2
present 75153839687197 75153839806765 0 620499b87f70 2
acquire 75154124022584 75154124054082 0 620499b87f70 3
present 75154132998498 75154133153545 0 620499b87f70 3
acquire 75154427314533 75154427344146 0 620499b87f70 2
present 75154435881318 75154436015204 0 620499b87f70 2
acquire 75154723839994 75154723868210 0 620499b87f70 3
present 75154733718465 75154733840478 0 620499b87f70 3
acquire 75155029500327 75155029529450 0 620499b87f70 2
present 75155038430635 75155038557955 0 620499b87f70 2
acquire 75155325905521 75155325935622 0 620499b87f70 3
present 75155334253772 75155334371105 0 620499b87f70 3
acquire 75155629244334 75155629275762 0 620499b87f70 2
present 75155638314953 75155638436756 0 620499b87f70 2
acquire 75155924041016 75155924068184 0 620499b87f70 3
present 75155932686512 75155932802588 0 620499b87f70 3
acquire 75156229035554 75156229073268 0 620499b87f70 2
present 75156237794052 75156237914738 0 620499b87f70 2
acquire 75156525748188 75156525816283 0 620499b87f70 3
present 75156536959717 75156537094581 0 620499b87f70 3
acquire 75156830553875 75156830583488 0 620499b87f70 2
present 75156840184829 75156840308867 0 620499b87f70 2
acquire 75157125857464 75157125893293 0 620499b87f70 3
present 75157135197321 75157135308089 0 620499b87f70 3
acquire 75157431623048 75157431652102 0 620499b87f70 2
present 75157440868409 75157440986161 0 620499b87f70 2
acquire 75157732627281 75157732659199 0 620499b87f70 3
present 75157742077766 75157742200826 0 620499b87f70 3
acquire 75158031118490 75158031147544 0 620499b87f70 2
present 75158040058506 75158040174373 0 620499b87f70 2
acquire 75158328167829 75158328222585 0 620499b87f70 3
present 75158337430302 75158337548124 0 620499b87f70 3
acquire 75158631327011 75158631359417 0 620499b87f70 2
present 75158640488982 75158640610645 0 620499b87f70 2
acquire 75158925670983 75158925700596 0 620499b87f70 3
present 75158934828065 75158934962440 0 620499b87f70 3
acquire 75159231160555 75159231189678 0 620499b87f70 2
present 75159240768950 75159240915267 0 620499b87f70 2
acquire 75159525738774 75159525769364 0 620499b87f70 3
present 75159534535825 75159534673622 0 620499b87f70 3
acquire 75159830439490 75159830466728 0 620499b87f70 2
present 75159839539791 75159839674794 0 620499b87f70 2
