instance 76861811534623 76861823811860 0 pid 1783653
device 76861824570824 76861941714280 0
swapchain 76861942112724 76861992232834 0 61af3ddd0eb0 900x560 mode 2 images 4
acquire 76861997791283 76861997806159 0 61af3ddd0eb0 3
present 76861998221993 76861998423974 0 61af3ddd0eb0 3
acquire 76861999103668 76861999112887 0 61af3ddd0eb0 2
present 76861999422842 76861999527464 0 61af3ddd0eb0 2
acquire 76874350842339 76874350858961 0 61af3ddd0eb0 1
present 76874351214174 76874351328294 0 61af3ddd0eb0 1
acquire 76875031633481 76875031649754 0 61af3ddd0eb0 0
present 76875031998401 76875032144718 0 61af3ddd0eb0 0
acquire 76875338607718 76875338640403 0 61af3ddd0eb0 3
present 76875339052047 76875339164282 0 61af3ddd0eb0 3
acquire 76875637234609 76875637264641 0 61af3ddd0eb0 2
present 76875637715256 76875637818481 0 61af3ddd0eb0 2
acquire 76875943260124 76875943292041 0 61af3ddd0eb0 3
present 76875943756974 76875943884295 0 61af3ddd0eb0 3
acquire 76876249181506 76876249216706 0 61af3ddd0eb0 2
present 76876249562070 76876249666343 0 61af3ddd0eb0 2
acquire 76876551539521 76876551564734 0 61af3ddd0eb0 3
present 76876551912683 76876552029667 0 61af3ddd0eb0 3
acquire 76876852238530 76876852270518 0 61af3ddd0eb0 2
present 76876852626847 76876852747742 0 61af3ddd0eb0 2
acquire 76877159526284 76877159551148 0 61af3ddd0eb0 3
present 76877159956017 76877160109598 0 61af3ddd0eb0 3
acquire 76877462304884 76877462334077 0 61af3ddd0eb0 2
present 76877462686915 76877462805435 0 61af3ddd0eb0 2
acquire 76877769759139 76877769787564 0 61af3ddd0eb0 3
present 76877770172459 76877770290770 0 61af3ddd0eb0 3
acquire 76878073740892 76878073767012 0 61af3ddd0eb0 2
present 76878074141431 76878074248916 0 61af3ddd0eb0 2
acquire 76878381897679 76878381923870 0 61af3ddd0eb0 3
present 76878382461926 76878382597488 0 61af3ddd0eb0 3
acquire 76878686439279 76878686467425 0 61af3ddd0eb0 2
present 76878686827735 76878686932916 0 61af3ddd0eb0 2
acquire 76878993884455 76878993911204 0 61af3ddd0eb0 3
present 76878995586274 76878995691804 0 61af3ddd0eb0 3
acquire 76879298257877 76879298285534 0 61af3ddd0eb0 2
present 76879298651152 76879298767647 0 61af3ddd0eb0 2
acquire 76879602861775 76879602891806 0 61af3ddd0eb0 3
present 76879603385024 76879603500542 0 61af3ddd0eb0 3
acquire 76879906075414 76879906118786 0 61af3ddd0eb0 2
present 76879906610956 76879906741559 0 61af3ddd0eb0 2
acquire 76880208020250 76880208051748 0 61af3ddd0eb0 3
present 76880208409544 76880208515912 0 61af3ddd0eb0 3
acquire 76880513969707 76880514010634 0 61af3ddd0eb0 2
present 76880514424443 76880514536049 0 61af3ddd0eb0 2
acquire 76880818080946 76880818109091 0 61af3ddd0eb0 3
present 76880818499364 76880818601541 0 61af3ddd0eb0 3
acquire 76881124656389 76881124681951 0 61af3ddd0eb0 2
present 76881125057557 76881125160712 0 61af3ddd0eb0 2
acquire 76881430981802 76881431020005 0 61af3ddd0eb0 3
present 76881431400220 76881431499744 0 61af3ddd0eb0 3
acquire 76881736598327 76881736626961 0 61af3ddd0eb0 2
present 76881737019399 76881737126884 0 61af3ddd0eb0 2
acquire 76882038379524 76882038406483 0 61af3ddd0eb0 3
present 76882038802133 76882038904520 0 61af3ddd0eb0 3
acquire 76882340703178 76882340732232 0 61af3ddd0eb0 2
present 76882341137241 76882341242701 0 61af3ddd0eb0 2
acquire 76882649330555 76882649361006 0 61af3ddd0eb0 3
present 76882649766992 76882649871056 0 61af3ddd0eb0 3
acquire 76882957145470 76882957170822 0 61af3ddd0eb0 2
present 76882957550688 76882957651469 0 61af3ddd0eb0 2
acquire 76883264119217 76883264150506 0 61af3ddd0eb0 3
present 76883264577445 76883264687515 0 61af3ddd0eb0 3
acquire 76883572470303 76883572495865 0 61af3ddd0eb0 2
present 76883572859667 76883572956537 0 61af3ddd0eb0 2
acquire 76883877061280 76883877091800 0 61af3ddd0eb0 3
present 76883877512314 76883877621406 0 61af3ddd0eb0 3
acquire 76884178111101 76884178144066 0 61af3ddd0eb0 2
present 76884178577081 76884178692738 0 61af3ddd0eb0 2
acquire 76884480719217 76884480752113 0 61af3ddd0eb0 3
present 76884481162360 76884481269007 0 61af3ddd0eb0 3
acquire 76884785618334 76884785645572 0 61af3ddd0eb0 2
present 76884785993311 76884786146053 0 61af3ddd0eb0 2
acquire 76885088070425 76885088099759 0 61af3ddd0eb0 3
present 76885088489053 76885088592418 0 61af3ddd0eb0 3
acquire 76885392121949 76885392149606 0 61af3ddd0eb0 2
present 76885392541625 76885392647574 0 61af3ddd0eb0 2
acquire 76885699673632 76885699702267 0 61af3ddd0eb0 3
present 76885700219232 76885700329231 0 61af3ddd0eb0 3
acquire 76886005733928 76886005765636 0 61af3ddd0eb0 2
present 76886006199140 76886006309279 0 61af3ddd0eb0 2
acquire 76886310684796 76886310714129 0 61af3ddd0eb0 3
present 76886311139741 76886311248275 0 61af3ddd0eb0 3
acquire 76886610828847 76886610857342 0 61af3ddd0eb0 2
present 76886611287145 76886611390579 0 61af3ddd0eb0 2
acquire 76886917126812 76886917154469 0 61af3ddd0eb0 3
present 76886917556754 76886917659839 0 61af3ddd0eb0 3
acquire 76887220104667 76887220132394 0 61af3ddd0eb0 2
present 76887220511981 76887220613041 0 61af3ddd0eb0 2
acquire 76887524147252 76887524174001 0 61af3ddd0eb0 3
present 76887524576495 76887524687054 0 61af3ddd0eb0 3
acquire 76887827337005 76887827363126 0 61af3ddd0eb0 2
present 76887827744878 76887827845938 0 61af3ddd0eb0 2
acquire 76888132810076 76888132838222 0 61af3ddd0eb0 3
present 76888133255523 76888133357212 0 61af3ddd0eb0 3
acquire 76888436711232 76888436737911 0 61af3ddd0eb0 2
present 76888437145993 76888437248590 0 61af3ddd0eb0 2
acquire 76888738049706 76888738080715 0 61af3ddd0eb0 3
present 76888738514778 76888738622683 0 61af3ddd0eb0 3
acquire 76889042665756 76889042698581 0 61af3ddd0eb0 2
present 76889043204580 76889043339444 0 61af3ddd0eb0 2
acquire 76889349024971 76889349053397 0 61af3ddd0eb0 3
present 76889349448837 76889349569593 0 61af3ddd0eb0 3
acquire 76889654061465 76889654092055 0 61af3ddd0eb0 2
present 76889654521718 76889654638981 0 61af3ddd0eb0 2
acquire 76889958665432 76889958701610 0 61af3ddd0eb0 3
present 76889959108574 76889959223114 0 61af3ddd0eb0 3
acquire 76890266526791 76890266559197 0 61af3ddd0eb0 2
present 76890267047457 76890267170028 0 61af3ddd0eb0 2
acquire 76890568760279 76890568785492 0 61af3ddd0eb0 3
present 76890569186031 76890569287231 0 61af3ddd0eb0 3
acquire 76890872293652 76890872318655 0 61af3ddd0eb0 2
present 76890872716400 76890872815644 0 61af3ddd0eb0 2
acquire 76891180236166 76891180263893 0 61af3ddd0eb0 3
present 76891180638661 76891180738394 0 61af3ddd0eb0 3
acquire 76891484285245 76891484313182 0 61af3ddd0eb0 2
present 76891484706946 76891484809822 0 61af3ddd0eb0 2
acquire 76891789069123 76891789096850 0 61af3ddd0eb0 3
present 76891789486634 76891789590697 0 61af3ddd0eb0 3
acquire 76892089176996 76892089209891 0 61af3ddd0eb0 2
present 76892089613853 76892089726297 0 61af3ddd0eb0 2
acquire 76892391436675 76892391463843 0 61af3ddd0eb0 3
present 76892391852858 76892391954547 0 61af3ddd0eb0 3
acquire 76892692315594 76892692340667 0 61af3ddd0eb0 2
present 76892692720324 76892692820127 0 61af3ddd0eb0 2
acquire 76892993278882 76892993306399 0 61af3ddd0eb0 3
present 76892993697509 76892993800525 0 61af3ddd0eb0 3
