instance 73861143803412 73861163293139 0 pid 1316838
device 73861164029055 73861297855010 0
swapchain 73861298263860 73861350079348 0 5ba4d0e7dec0 900x560 mode 2 images 4
acquire 73861357376909 73861357387734 0 5ba4d0e7dec0 3
present 73861358747332 73861358935903 0 5ba4d0e7dec0 3
acquire 73861361417638 73861361425669 0 5ba4d0e7dec0 2
present 73861362766479 73861362862441 1000001003 5ba4d0e7dec0 2
swapchain 73861363150815 73861366040492 0 5ba4d0ff2e90 900x560 mode 2 images 4
acquire 73861368572094 73861368581941 0 5ba4d0ff2e90 3
present 73861369948174 73861370044624 0 5ba4d0ff2e90 3
acquire 73873649061334 73873649075442 0 5ba4d0ff2e90 2
present 73873650428055 73873650537566 0 5ba4d0ff2e90 2
acquire 73873670403598 73873670418754 0 5ba4d0ff2e90 1
present 73873671668910 73873671772415 0 5ba4d0ff2e90 1
acquire 73873697278887 73873697290830 0 5ba4d0ff2e90 0
present 73873698605380 73873698700713 0 5ba4d0ff2e90 0
acquire 73873968445412 73873968476421 0 5ba4d0ff2e90 3
present 73873969760311 73873969875479 0 5ba4d0ff2e90 3
acquire 73874378130168 73874378166345 0 5ba4d0ff2e90 2
present 73874379551435 73874379676381 0 5ba4d0ff2e90 2
acquire 73874503136095 73874503163472 0 5ba4d0ff2e90 3
present 73874504528378 73874504630905 0 5ba4d0ff2e90 3
acquire 73874686899999 73874686929821 0 5ba4d0ff2e90 2
present 73874688372180 73874688497754 0 5ba4d0ff2e90 2
acquire 73874843662970 73874843689230 0 5ba4d0ff2e90 3
present 73874844975145 73874845088148 0 5ba4d0ff2e90 3
acquire 73874978490656 73874978516846 0 5ba4d0ff2e90 2
present 73874979827136 73874979934342 0 5ba4d0ff2e90 2
acquire 73875287481325 73875287509750 0 5ba4d0ff2e90 3
present 73875288807608 73875288912998 0 5ba4d0ff2e90 3
acquire 73875545186180 73875545215304 0 5ba4d0ff2e90 2
present 73875546570920 73875546681479 0 5ba4d0ff2e90 2
acquire 73875579308744 73875579338286 0 5ba4d0ff2e90 3
present 73875580771636 73875580878004 0 5ba4d0ff2e90 3
acquire 73875888154841 73875888191647 0 5ba4d0ff2e90 2
present 73875889755879 73875889887600 0 5ba4d0ff2e90 2
acquire 73876179867162 73876179905435 0 5ba4d0ff2e90 3
present 73876184079281 73876184179852 0 5ba4d0ff2e90 3
acquire 73876489048706 73876489096338 0 5ba4d0ff2e90 2
present 73876490641084 73876490761700 0 5ba4d0ff2e90 2
acquire 73876780504151 73876780532228 0 5ba4d0ff2e90 3
present 73876781960479 73876782071806 0 5ba4d0ff2e90 3
acquire 73877090470431 73877090503745 0 5ba4d0ff2e90 2
present 73877092105063 73877092222745 0 5ba4d0ff2e90 2
acquire 73877381104056 73877381131783 0 5ba4d0ff2e90 3
present 73877382614021 73877382736592 0 5ba4d0ff2e90 3
acquire 73877689838058 73877689866134 0 5ba4d0ff2e90 2
present 73877691206246 73877691311776 0 5ba4d0ff2e90 2
acquire 73877981646830 73877981675465 0 5ba4d0ff2e90 3
present 73877983125017 73877983234389 0 5ba4d0ff2e90 3
acquire 73878289907589 73878289935246 0 5ba4d0ff2e90 2
present 73878291431592 73878291540195 0 5ba4d0ff2e90 2
acquire 73878582116760 73878582143090 0 5ba4d0ff2e90 3
present 73878583512814 73878583617716 0 5ba4d0ff2e90 3
acquire 73878890896858 73878890933664 0 5ba4d0ff2e90 2
present 73878892431407 73878892561102 0 5ba4d0ff2e90 2
acquire 73879182698156 73879182726861 0 5ba4d0ff2e90 3
present 73879184208610 73879184317004 0 5ba4d0ff2e90 3
acquire 73879495381745 73879495422602 0 5ba4d0ff2e90 2
present 73879496879907 73879496985647 0 5ba4d0ff2e90 2
acquire 73879783216137 73879783243794 0 5ba4d0ff2e90 3
present 73879784733715 73879784839874 0 5ba4d0ff2e90 3
acquire 73880090885132 73880090911742 0 5ba4d0ff2e90 2
present 73880092400755 73880092513758 0 5ba4d0ff2e90 2
acquire 73880383663229 73880383691794 0 5ba4d0ff2e90 3
present 73880385088826 73880385196033 0 5ba4d0ff2e90 3
acquire 73880691417431 73880691450326 0 5ba4d0ff2e90 2
present 73880692898971 73880693035301 0 5ba4d0ff2e90 2
acquire 73880983935020 73880983964144 0 5ba4d0ff2e90 3
present 73880985453786 73880985557849 0 5ba4d0ff2e90 3
acquire 73881291593400 73881291621895 0 5ba4d0ff2e90 2
present 73881293034642 73881293136330 0 5ba4d0ff2e90 2
acquire 73881584220430 73881584250462 0 5ba4d0ff2e90 3
present 73881585655456 73881585764199 0 5ba4d0ff2e90 3
acquire 73881892160898 73881892188206 0 5ba4d0ff2e90 2
present 73881893699289 73881893802794 0 5ba4d0ff2e90 2
acquire 73882184397657 73882184425314 0 5ba4d0ff2e90 3
present 73882185789940 73882185893025 0 5ba4d0ff2e90 3
acquire 73882492248379 73882492274709 0 5ba4d0ff2e90 2
present 73882493819805 73882493924357 0 5ba4d0ff2e90 2
acquire 73882784726019 73882784755632 0 5ba4d0ff2e90 3
present 73882786145331 73882786245902 0 5ba4d0ff2e90 3
acquire 73883092713351 73883092745827 0 5ba4d0ff2e90 2
present 73883094277932 73883094393798 0 5ba4d0ff2e90 2
acquire 73883385066884 73883385096915 0 5ba4d0ff2e90 3
present 73883386581878 73883386695858 0 5ba4d0ff2e90 3
acquire 73883693225326 73883693255148 0 5ba4d0ff2e90 2
present 73883694779571 73883694885031 0 5ba4d0ff2e90 2
acquire 73883985157088 73883985183767 0 5ba4d0ff2e90 3
present 73883986591974 73883986703650 0 5ba4d0ff2e90 3
acquire 73884293705104 73884293736114 0 5ba4d0ff2e90 2
present 73884295258511 73884295362924 0 5ba4d0ff2e90 2
acquire 73884585608302 73884585634492 0 5ba4d0ff2e90 3
present 73884587148788 73884587251594 0 5ba4d0ff2e90 3
acquire 73884893496249 73884893525792 0 5ba4d0ff2e90 2
present 73884895086881 73884895203586 0 5ba4d0ff2e90 2
acquire 73885185833579 73885185862144 0 5ba4d0ff2e90 3
present 73885187272656 73885187389500 0 5ba4d0ff2e90 3
acquire 73885494149653 73885494183037 0 5ba4d0ff2e90 2
present 73885495710812 73885495821161 0 5ba4d0ff2e90 2
acquire 73885786332844 73885786359593 0 5ba4d0ff2e90 3
present 73885787759139 73885787870256 0 5ba4d0ff2e90 3
acquire 73886094601356 73886094631387 0 5ba4d0ff2e90 2
present 73886096204978 73886096314699 0 5ba4d0ff2e90 2
acquire 73886386680762 73886386708350 0 5ba4d0ff2e90 3
present 73886388114531 73886388216918 0 5ba4d0ff2e90 3
acquire 73886694388730 73886694424907 0 5ba4d0ff2e90 2
present 73886696011838 73886696129101 0 5ba4d0ff2e90 2
acquire 73886986798694 73886986828726 0 5ba4d0ff2e90 3
present 73886988348120 73886988453650 0 5ba4d0ff2e90 3
acquire 73887294895328 73887294921658 0 5ba4d0ff2e90 2
present 73887296482048 73887296587299 0 5ba4d0ff2e90 2
acquire 73887587650517 73887587678174 0 5ba4d0ff2e90 3
present 73887589142393 73887589243454 0 5ba4d0ff2e90 3
acquire 73887895270694 73887895304497 0 5ba4d0ff2e90 2
present 73887896846101 73887896964481 0 5ba4d0ff2e90 2
acquire 73888187885154 73888187911414 0 5ba4d0ff2e90 3
present 73888189418935 73888189520274 0 5ba4d0ff2e90 3
acquire 73888495732035 73888495758714 0 5ba4d0ff2e90 2
present 73888497301575 73888497403613 0 5ba4d0ff2e90 2
acquire 73888788338812 73888788365561 0 5ba4d0ff2e90 3
present 73888789822517 73888789928047 0 5ba4d0ff2e90 3
acquire 73889096265941 73889096293389 0 5ba4d0ff2e90 2
present 73889097793995 73889097900224 0 5ba4d0ff2e90 2
acquire 73889388274808 73889388300580 0 5ba4d0ff2e90 3
present 73889389701523 73889389805447 0 5ba4d0ff2e90 3
acquire 73889697257377 73889697286500 0 5ba4d0ff2e90 2
present 73889698835926 73889698943831 0 5ba4d0ff2e90 2
acquire 73889989119997 73889989150028 0 5ba4d0ff2e90 3
present 73889990750368 73889990860577 0 5ba4d0ff2e90 3
acquire 73890296396975 73890296424073 0 5ba4d0ff2e90 2
present 73890297933619 73890298049625 0 5ba4d0ff2e90 2
acquire 73890588873149 73890588902273 0 5ba4d0ff2e90 3
present 73890590325775 73890590431305 0 5ba4d0ff2e90 3
acquire 73890897165338 73890897204030 0 5ba4d0ff2e90 2
present 73890898723633 73890898829792 0 5ba4d0ff2e90 2
acquire 73891189640604 73891189669309 0 5ba4d0ff2e90 3
present 73891191188633 73891191293185 0 5ba4d0ff2e90 3
acquire 73891497133321 73891497162445 0 5ba4d0ff2e90 2
present 73891498893318 73891499016588 0 5ba4d0ff2e90 2
acquire 73891789324474 73891789363934 0 5ba4d0ff2e90 3
present 73891790867614 73891790968325 0 5ba4d0ff2e90 3
acquire 73892097238753 73892097267387 0 5ba4d0ff2e90 2
present 73892098791531 73892098895873 0 5ba4d0ff2e90 2
