instance 75838015482661 75838026810483 0 pid 1629945
device 75838027540602 75838134486038 0
swapchain 75838134881898 75838190418213 0 567c8e67aeb0 900x560 mode 2 images 4
acquire 75838198078673 75838198090477 0 567c8e67aeb0 3
present 75838199548761 75838199735935 0 567c8e67aeb0 3
acquire 75838202354979 75838202366573 0 567c8e67aeb0 2
present 75838203710038 75838203807606 1000001003 567c8e67aeb0 2
swapchain 75838204113301 75838207016041 0 567c8e7efe80 900x560 mode 2 images 4
acquire 75838209624399 75838209634038 0 567c8e7efe80 3
present 75838211021922 75838211108664 0 567c8e7efe80 3
acquire 75850530681304 75850530695482 0 567c8e7efe80 2
present 75850532145385 75850532249099 0 567c8e7efe80 2
acquire 75851211600115 75851211617645 0 567c8e7efe80 1
present 75851213229789 75851213359763 0 567c8e7efe80 1
acquire 75851513143347 75851513156198 0 567c8e7efe80 0
present 75851514448470 75851514554209 0 567c8e7efe80 0
acquire 75851812033453 75851812063415 0 567c8e7efe80 3
present 75851813505915 75851813608511 0 567c8e7efe80 3
acquire 75852113324489 75852113348025 0 567c8e7efe80 2
present 75852114667884 75852114793808 0 567c8e7efe80 2
acquire 75852412653267 75852412681343 0 567c8e7efe80 3
present 75852414131735 75852414234122 0 567c8e7efe80 3
acquire 75852720177140 75852720202422 0 567c8e7efe80 2
present 75852721893836 75852721999366 0 567c8e7efe80 2
acquire 75853013051404 75853013081995 0 567c8e7efe80 3
present 75853014564304 75853014681079 0 567c8e7efe80 3
acquire 75853317492487 75853317518747 0 567c8e7efe80 2
present 75853319176009 75853319282656 0 567c8e7efe80 2
acquire 75853613790506 75853613817256 0 567c8e7efe80 3
present 75853615311298 75853615428073 0 567c8e7efe80 3
acquire 75853916728746 75853916754518 0 567c8e7efe80 2
present 75853918298078 75853918404795 0 567c8e7efe80 2
acquire 75854214163221 75854214192345 0 567c8e7efe80 3
present 75854215709365 75854215826978 0 567c8e7efe80 3
acquire 75854516810782 75854516838858 0 567c8e7efe80 2
present 75854518434170 75854518547732 0 567c8e7efe80 2
acquire 75854815788677 75854815816753 0 567c8e7efe80 3
present 75854818611239 75854818718026 0 567c8e7efe80 3
acquire 75855116151942 75855116176735 0 567c8e7efe80 2
present 75855117623775 75855117725464 0 567c8e7efe80 2
acquire 75855415350605 75855415381614 0 567c8e7efe80 3
present 75855416883758 75855416992431 0 567c8e7efe80 3
acquire 75855716798293 75855716826020 0 567c8e7efe80 2
present 75855718395072 75855718501231 0 567c8e7efe80 2
acquire 75856015889541 75856015915382 0 567c8e7efe80 3
present 75856017420320 75856017522288 0 567c8e7efe80 3
acquire 75856318581799 75856318605545 0 567c8e7efe80 2
present 75856320020527 75856320120540 0 567c8e7efe80 2
acquire 75856616686609 75856616716152 0 567c8e7efe80 3
present 75856618267744 75856618380397 0 567c8e7efe80 3
acquire 75856916890635 75856916917943 0 567c8e7efe80 2
present 75856918449561 75856918553484 0 567c8e7efe80 2
acquire 75857216641602 75857216669748 0 567c8e7efe80 3
present 75857218180972 75857218286152 0 567c8e7efe80 3
acquire 75857517306650 75857517333818 0 567c8e7efe80 2
present 75857518879054 75857518993803 0 567c8e7efe80 2
acquire 75857818201475 75857818229621 0 567c8e7efe80 3
present 75857819776743 75857819881784 0 567c8e7efe80 3
acquire 75858119746243 75858119779138 0 567c8e7efe80 2
present 75858121581110 75858121702494 0 567c8e7efe80 2
acquire 75858417441503 75858417467205 0 567c8e7efe80 3
present 75858419014187 75858419113501 0 567c8e7efe80 3
acquire 75858718909655 75858718940175 0 567c8e7efe80 2
present 75858720521799 75858720635710 0 567c8e7efe80 2
acquire 75859017689898 75859017720628 0 567c8e7efe80 3
present 75859019300506 75859019413299 0 567c8e7efe80 3
acquire 75859318103378 75859318143746 0 567c8e7efe80 2
present 75859319685769 75859319796817 0 567c8e7efe80 2
acquire 75859617880185 75859617906934 0 567c8e7efe80 3
present 75859619478640 75859619583541 0 567c8e7efe80 3
acquire 75859918146928 75859918178426 0 567c8e7efe80 2
present 75859919750621 75859919867675 0 567c8e7efe80 2
acquire 75860218203169 75860218230826 0 567c8e7efe80 3
present 75860219748475 75860219850583 0 567c8e7efe80 3
acquire 75860518523760 75860518549810 0 567c8e7efe80 2
present 75860520096234 75860520196456 0 567c8e7efe80 2
acquire 75860819966418 75860819991701 0 567c8e7efe80 3
present 75860821545877 75860821649172 0 567c8e7efe80 3
acquire 75861118764960 75861118797855 0 567c8e7efe80 2
present 75861120368583 75861120480050 0 567c8e7efe80 2
acquire 75861418561322 75861418589887 0 567c8e7efe80 3
present 75861420138336 75861420240304 0 567c8e7efe80 3
acquire 75861719013632 75861719047016 0 567c8e7efe80 2
present 75861720600703 75861720703370 0 567c8e7efe80 2
acquire 75862019052134 75862019079931 0 567c8e7efe80 3
present 75862020625446 75862020731954 0 567c8e7efe80 3
acquire 75862319203219 75862319230876 0 567c8e7efe80 2
present 75862320780582 75862320883249 0 567c8e7efe80 2
acquire 75862619334469 75862619361149 0 567c8e7efe80 3
present 75862620893185 75862620992499 0 567c8e7efe80 3
acquire 75862920017744 75862920044005 0 567c8e7efe80 2
present 75862921592803 75862921691558 0 567c8e7efe80 2
acquire 75863219889465 75863219917122 0 567c8e7efe80 3
present 75863221506568 75863221631304 0 567c8e7efe80 3
acquire 75863520925438 75863520952536 0 567c8e7efe80 2
present 75863522526267 75863522626490 0 567c8e7efe80 2
acquire 75863820685971 75863820714606 0 567c8e7efe80 3
present 75863822286381 75863822397499 0 567c8e7efe80 3
acquire 75864123902665 75864123935630 0 567c8e7efe80 2
present 75864125878611 75864126018014 0 567c8e7efe80 2
acquire 75864420150395 75864420176516 0 567c8e7efe80 3
present 75864421764914 75864421871282 0 567c8e7efe80 3
acquire 75864720894292 75864720922578 0 567c8e7efe80 2
present 75864722582283 75864722693959 0 567c8e7efe80 2
acquire 75865020230120 75865020256939 0 567c8e7efe80 3
present 75865021849528 75865021966721 0 567c8e7efe80 3
acquire 75865322225710 75865322264333 0 567c8e7efe80 2
present 75865323789455 75865323908953 0 567c8e7efe80 2
acquire 75865621090111 75865621118746 0 567c8e7efe80 3
present 75865622669988 75865622776007 0 567c8e7efe80 3
acquire 75865924629889 75865924678569 0 567c8e7efe80 2
present 75865926678960 75865926839944 0 567c8e7efe80 2
acquire 75866220851010 75866220880623 0 567c8e7efe80 3
present 75866222470208 75866222579021 0 567c8e7efe80 3
acquire 75866522399686 75866522434258 0 567c8e7efe80 2
present 75866524063792 75866524195373 0 567c8e7efe80 2
acquire 75866821435826 75866821466277 0 567c8e7efe80 3
present 75866823115855 75866823231512 0 567c8e7efe80 3
acquire 75867121440802 75867121469158 0 567c8e7efe80 2
present 75867123041841 75867123149816 0 567c8e7efe80 2
acquire 75867421456673 75867421483423 0 567c8e7efe80 3
present 75867423016856 75867423127414 0 567c8e7efe80 3
acquire 75867721805757 75867721832506 0 567c8e7efe80 2
present 75867723329273 75867723441298 0 567c8e7efe80 2
acquire 75868021663578 75868021690536 0 567c8e7efe80 3
present 75868023195265 75868023299747 0 567c8e7efe80 3
acquire 75868321797550 75868321825347 0 567c8e7efe80 2
present 75868323331612 75868323433999 0 567c8e7efe80 2
acquire 75868622417967 75868622452398 0 567c8e7efe80 3
present 75868624072644 75868624180549 0 567c8e7efe80 3
acquire 75868922385577 75868922413235 0 567c8e7efe80 2
present 75868923917684 75868924034807 0 567c8e7efe80 2
