instance 91263728578909 91263743447672 0 pid 3934429
device 91263744238623 91263866161932 0
swapchain 91263866566732 91263916388967 0 63748d926e30 900x560 mode 2 images 4
acquire 91263929669472 91263929683650 0 63748d926e30 3
present 91263929859510 91263930070989 0 63748d926e30 3
acquire 91263930307541 91263930315991 0 63748d926e30 2
present 91263930364182 91263930430531 0 63748d926e30 2
acquire 91276297244736 91276297261917 0 63748d926e30 1
present 91276297399714 91276297534298 0 63748d926e30 1
acquire 91276977856634 91276977873954 0 63748d926e30 0
present 91276977998900 91276978163236 0 63748d926e30 0
acquire 91277279558757 91277279591164 0 63748d926e30 3
present 91277279713246 91277279998058 0 63748d926e30 3
acquire 91277583328389 91277583354998 0 63748d926e30 3
present 91277583503131 91277583722083 0 63748d926e30 3
acquire 91277888400348 91277888429472 0 63748d926e30 3
present 91277888541916 91277888758493 0 63748d926e30 3
acquire 91278195104914 91278195128381 0 63748d926e30 3
present 91278195238520 91278195405091 0 63748d926e30 3
acquire 91278318775510 91278318810360 0 63748d926e30 2
present 91278318957865 91278319083300 0 63748d926e30 2
swapchain 91295956958205 91295961019259 0 63748daab540 1100x700 mode 2 images 4
acquire 91295962095791 91295962105289 0 63748daab540 3
present 91295962218362 91295962308946 0 63748daab540 3
acquire 91295962436266 91295962444019 0 63748daab540 2
present 91295962492977 91295962557091 0 63748daab540 2
swapchain 91297463717139 91297467213457 0 63748d926e30 640x760 mode 2 images 4
acquire 91297468246897 91297468258351 0 63748d926e30 3
present 91297468372611 91297468513061 0 63748d926e30 3
swapchain 91298972302419 91298975906642 0 63748daab540 1280x480 mode 2 images 4
acquire 91298976933097 91298976943154 0 63748daab540 3
present 91298977064329 91298977170767 0 63748daab540 3
acquire 91298977295643 91298977303744 0 63748daab540 2
present 91298977356265 91298977433509 0 63748daab540 2
swapchain 91300478263977 91300482130732 0 63748d926e30 760x560 mode 2 images 4
acquire 91300483279969 91300483290375 0 63748d926e30 3
present 91300483400654 91300483541105 0 63748d926e30 3
swapchain 91301985737456 91301989341818 0 63748dabdaa0 900x560 mode 2 images 4
acquire 91301990280553 91301990290051 0 63748dabdaa0 3
present 91301990398794 91301990504115 0 63748dabdaa0 3
