instance 75798036738534 75798052480519 0 pid 1622869
device 75798053355279 75798179723195 0
swapchain 75798180165709 75798231569002 0 57a956d03eb0 900x560 mode 2 images 4
acquire 75798237725359 75798237737721 0 57a956d03eb0 3
present 75798238162146 75798238358260 0 57a956d03eb0 3
acquire 75798239124696 75798239134614 0 57a956d03eb0 2
present 75798239463845 75798239558270 0 57a956d03eb0 2
acquire 75810572922019 75810572935918 0 57a956d03eb0 1
present 75810573285473 75810573404203 0 57a956d03eb0 1
acquire 75811253839611 75811253852951 0 57a956d03eb0 0
present 75811254225274 75811254331223 0 57a956d03eb0 0
acquire 75811556379892 75811556409156 0 57a956d03eb0 3
present 75811556772749 75811556870037 0 57a956d03eb0 3
acquire 75811854632346 75811854661958 0 57a956d03eb0 2
present 75811855075907 75811855182624 0 57a956d03eb0 2
acquire 75812155440745 75812155467494 0 57a956d03eb0 3
present 75812155823824 75812155929005 0 57a956d03eb0 3
acquire 75812454649547 75812454676645 0 57a956d03eb0 2
present 75812455055813 75812455179781 0 57a956d03eb0 2
acquire 75812755832690 75812755859858 0 57a956d03eb0 3
present 75812756233299 75812756341203 0 57a956d03eb0 3
acquire 75813055230971 75813055263866 0 57a956d03eb0 2
present 75813055738786 75813055850253 0 57a956d03eb0 2
acquire 75813356128603 75813356154793 0 57a956d03eb0 3
present 75813356533053 75813356641237 0 57a956d03eb0 3
acquire 75813655525557 75813655556077 0 57a956d03eb0 2
present 75813655952775 75813656079816 0 57a956d03eb0 2
acquire 75813956547645 75813956583404 0 57a956d03eb0 3
present 75813956960896 75813957088705 0 57a956d03eb0 3
acquire 75814255958218 75814255985386 0 57a956d03eb0 2
present 75814256389767 75814256499418 0 57a956d03eb0 2
acquire 75814557124040 75814557155957 0 57a956d03eb0 3
present 75814557550769 75814557663423 0 57a956d03eb0 3
acquire 75814856258111 75814856288213 0 57a956d03eb0 2
present 75814856655997 75814856764390 0 57a956d03eb0 2
acquire 75815158531823 75815158573379 0 57a956d03eb0 3
present 75815161403204 75815161517115 0 57a956d03eb0 3
acquire 75815456729604 75815456758169 0 57a956d03eb0 2
present 75815457187692 75815457301813 0 57a956d03eb0 2
acquire 75815758233805 75815758279621 0 57a956d03eb0 3
present 75815758855881 75815759017843 0 57a956d03eb0 3
acquire 75816056963985 75816056998766 0 57a956d03eb0 2
present 75816057534657 75816057683908 0 57a956d03eb0 2
acquire 75816358092511 75816358117444 0 57a956d03eb0 3
present 75816358481806 75816358584961 0 57a956d03eb0 3
acquire 75816657432613 75816657460759 0 57a956d03eb0 2
present 75816657859203 75816657966130 0 57a956d03eb0 2
acquire 75816957902187 75816957931800 0 57a956d03eb0 3
present 75816958345539 75816958446041 0 57a956d03eb0 3
acquire 75817257861222 75817257888879 0 57a956d03eb0 2
present 75817258283482 75817258390898 0 57a956d03eb0 2
acquire 75817557975863 75817558021539 0 57a956d03eb0 3
present 75817558434650 75817558544161 0 57a956d03eb0 3
acquire 75817858082821 75817858114180 0 57a956d03eb0 2
present 75817858540351 75817858651678 0 57a956d03eb0 2
acquire 75818158444910 75818158475360 0 57a956d03eb0 3
present 75818158918712 75818159041982 0 57a956d03eb0 3
acquire 75818458288077 75818458325373 0 57a956d03eb0 2
present 75818458728356 75818458836750 0 57a956d03eb0 2
acquire 75818758613010 75818758644508 0 57a956d03eb0 3
present 75818759061949 75818759170971 0 57a956d03eb0 3
acquire 75819058886330 75819058921110 0 57a956d03eb0 2
present 75819059371726 75819059481097 0 57a956d03eb0 2
acquire 75819359044062 75819359075421 0 57a956d03eb0 3
present 75819359486785 75819359597414 0 57a956d03eb0 3
acquire 75819658817109 75819658844766 0 57a956d03eb0 2
present 75819659236226 75819659345108 0 57a956d03eb0 2
acquire 75819959055019 75819959083654 0 57a956d03eb0 3
present 75819959485590 75819959599361 0 57a956d03eb0 3
acquire 75820259071672 75820259107919 0 57a956d03eb0 2
present 75820259557906 75820259674681 0 57a956d03eb0 2
acquire 75820559668914 75820559707467 0 57a956d03eb0 3
present 75820560198381 75820560312012 0 57a956d03eb0 3
acquire 75820859548190 75820859575917 0 57a956d03eb0 2
present 75820859954246 75820860069554 0 57a956d03eb0 2
acquire 75821159651306 75821159679941 0 57a956d03eb0 3
present 75821160163172 75821160276315 0 57a956d03eb0 3
acquire 75821459844028 75821459875456 0 57a956d03eb0 2
present 75821460313431 75821460442008 0 57a956d03eb0 2
acquire 75821760069156 75821760105893 0 57a956d03eb0 3
present 75821760622857 75821760742845 0 57a956d03eb0 3
acquire 75822060156907 75822060186380 0 57a956d03eb0 2
present 75822060598583 75822060722621 0 57a956d03eb0 2
acquire 75822360367159 75822360394816 0 57a956d03eb0 3
present 75822360764486 75822360868130 0 57a956d03eb0 3
acquire 75822660296510 75822660331361 0 57a956d03eb0 2
present 75822660859989 75822661017760 0 57a956d03eb0 2
acquire 75822960808895 75822960843257 0 57a956d03eb0 3
present 75822961276761 75822961407783 0 57a956d03eb0 3
acquire 75823260619096 75823260652481 0 57a956d03eb0 2
present 75823261073832 75823261190816 0 57a956d03eb0 2
acquire 75823561033424 75823561062059 0 57a956d03eb0 3
present 75823561512884 75823561615062 0 57a956d03eb0 3
acquire 75823861220419 75823861253803 0 57a956d03eb0 2
present 75823861715523 75823861842424 0 57a956d03eb0 2
acquire 75824161399451 75824161428086 0 57a956d03eb0 3
present 75824161900562 75824162026486 0 57a956d03eb0 3
acquire 75824461433214 75824461469392 0 57a956d03eb0 2
present 75824461833753 75824461945360 0 57a956d03eb0 2
acquire 75824761598488 75824761623840 0 57a956d03eb0 3
present 75824762011319 75824762119992 0 57a956d03eb0 3
acquire 75825061615419 75825061643495 0 57a956d03eb0 2
present 75825062029507 75825062140136 0 57a956d03eb0 2
acquire 75825361746610 75825361774756 0 57a956d03eb0 3
present 75825362159301 75825362262107 0 57a956d03eb0 3
acquire 75825661913210 75825661940797 0 57a956d03eb0 2
present 75825662322689 75825662424378 0 57a956d03eb0 2
acquire 75825962103696 75825962130934 0 57a956d03eb0 3
present 75825962506819 75825962614235 0 57a956d03eb0 3
acquire 75826262072227 75826262100792 0 57a956d03eb0 2
present 75826262478982 75826262581718 0 57a956d03eb0 2
acquire 75826562359373 75826562386401 0 57a956d03eb0 3
present 75826562765988 75826562867537 0 57a956d03eb0 3
acquire 75826862349973 75826862380982 0 57a956d03eb0 2
present 75826862751979 75826862853388 0 57a956d03eb0 2
acquire 75827162726516 75827162752776 0 57a956d03eb0 3
present 75827163132083 75827163233982 0 57a956d03eb0 3
acquire 75827462557389 75827462585465 0 57a956d03eb0 2
present 75827462968544 75827463081547 0 57a956d03eb0 2
acquire 75827762991410 75827763032268 0 57a956d03eb0 3
present 75827763425404 75827763534356 0 57a956d03eb0 3
acquire 75828062816696 75828062843446 0 57a956d03eb0 2
present 75828063215420 75828063319134 0 57a956d03eb0 2
acquire 75828363329080 75828363360089 0 57a956d03eb0 3
present 75828363787028 75828363894654 0 57a956d03eb0 3
acquire 75828663109248 75828663137324 0 57a956d03eb0 2
present 75828663520612 75828663618949 0 57a956d03eb0 2
acquire 75828963567993 75828963596209 0 57a956d03eb0 3
present 75828963964202 75828964076158 0 57a956d03eb0 3
