instance 75434921426745 75434933897649 0 pid 1566022
device 75434934748105 75435049521203 0
swapchain 75435049991933 75435103392962 0 5efea2bc4eb0 900x560 mode 2 images 4
acquire 75435111591125 75435111603487 0 5efea2bc4eb0 3
present 75435111762795 75435111950039 0 5efea2bc4eb0 3
acquire 75435113138665 75435113147814 0 5efea2bc4eb0 2
present 75435113279046 75435113371795 0 5efea2bc4eb0 2
acquire 75447456701276 75447456719993 0 5efea2bc4eb0 1
present 75447456911149 75447457054812 0 5efea2bc4eb0 1
acquire 75448137662228 75448137680317 0 5efea2bc4eb0 0
present 75448137892215 75448138033224 0 5efea2bc4eb0 0
acquire 75448443180505 75448443216194 0 5efea2bc4eb0 3
present 75448443421457 75448443526010 0 5efea2bc4eb0 3
acquire 75448737916637 75448737948135 0 5efea2bc4eb0 2
present 75448738168973 75448738262909 0 5efea2bc4eb0 2
acquire 75449044757846 75449044783198 0 5efea2bc4eb0 3
present 75449044970232 75449045082258 0 5efea2bc4eb0 3
acquire 75449338216722 75449338247732 0 5efea2bc4eb0 2
present 75449338462144 75449338568722 0 5efea2bc4eb0 2
acquire 75449644610249 75449644647824 0 5efea2bc4eb0 3
present 75449644849595 75449644955823 0 5efea2bc4eb0 3
acquire 75449938447595 75449938478046 0 5efea2bc4eb0 2
present 75449938685334 75449938791353 0 5efea2bc4eb0 2
acquire 75450244103460 75450244131187 0 5efea2bc4eb0 3
present 75450244318431 75450244422773 0 5efea2bc4eb0 3
acquire 75450538673928 75450538704449 0 5efea2bc4eb0 2
present 75450538907058 75450539027604 0 5efea2bc4eb0 2
acquire 75450844731728 75450844774541 0 5efea2bc4eb0 3
present 75450844980642 75450845140229 0 5efea2bc4eb0 3
acquire 75451139687580 75451139723269 0 5efea2bc4eb0 2
present 75451139956888 75451140092030 0 5efea2bc4eb0 2
acquire 75451445407629 75451445446810 0 5efea2bc4eb0 3
present 75451445650327 75451445754460 0 5efea2bc4eb0 3
acquire 75451740125602 75451740161291 0 5efea2bc4eb0 2
present 75451740383246 75451740498973 0 5efea2bc4eb0 2
acquire 75452045969409 75452046012920 0 5efea2bc4eb0 3
present 75452048886743 75452048993461 0 5efea2bc4eb0 3
acquire 75452340671947 75452340701769 0 5efea2bc4eb0 2
present 75452340918067 75452341039451 0 5efea2bc4eb0 2
acquire 75452646993118 75452647048991 0 5efea2bc4eb0 3
present 75452647297556 75452647439683 0 5efea2bc4eb0 3
acquire 75452941127429 75452941161721 0 5efea2bc4eb0 2
present 75452941420552 75452941555555 0 5efea2bc4eb0 2
acquire 75453247814638 75453247855076 0 5efea2bc4eb0 3
present 75453248176135 75453248310300 0 5efea2bc4eb0 3
acquire 75453541238035 75453541269533 0 5efea2bc4eb0 2
present 75453541496168 75453541610149 0 5efea2bc4eb0 2
acquire 75453847360648 75453847400178 0 5efea2bc4eb0 3
present 75453847597689 75453847700775 0 5efea2bc4eb0 3
acquire 75454141609219 75454141642044 0 5efea2bc4eb0 2
present 75454141854571 75454141962126 0 5efea2bc4eb0 2
acquire 75454446656348 75454446686449 0 5efea2bc4eb0 3
present 75454446905960 75454447020290 0 5efea2bc4eb0 3
acquire 75454741742803 75454741771438 0 5efea2bc4eb0 2
present 75454741985571 75454742102624 0 5efea2bc4eb0 2
acquire 75455046957271 75455046991633 0 5efea2bc4eb0 3
present 75455047242992 75455047359417 0 5efea2bc4eb0 3
acquire 75455342468570 75455342503421 0 5efea2bc4eb0 2
present 75455342727401 75455342845223 0 5efea2bc4eb0 2
acquire 75455647216989 75455647249185 0 5efea2bc4eb0 3
present 75455647469744 75455647575832 0 5efea2bc4eb0 3
acquire 75455942667665 75455942696090 0 5efea2bc4eb0 2
present 75455942929150 75455943051442 0 5efea2bc4eb0 2
acquire 75456247673518 75456247706832 0 5efea2bc4eb0 3
present 75456247932070 75456248045981 0 5efea2bc4eb0 3
acquire 75456543038918 75456543074537 0 5efea2bc4eb0 2
present 75456543300473 75456543406353 0 5efea2bc4eb0 2
acquire 75456848039464 75456848069984 0 5efea2bc4eb0 3
present 75456848280485 75456848383850 0 5efea2bc4eb0 3
acquire 75457143377416 75457143411359 0 5efea2bc4eb0 2
present 75457143629752 75457143734793 0 5efea2bc4eb0 2
acquire 75457448575682 75457448614723 0 5efea2bc4eb0 3
present 75457448830462 75457448935783 0 5efea2bc4eb0 3
acquire 75457743626518 75457743656899 0 5efea2bc4eb0 2
present 75457743872638 75457743976003 0 5efea2bc4eb0 2
acquire 75458048698440 75458048729869 0 5efea2bc4eb0 3
present 75458048962650 75458049078167 0 5efea2bc4eb0 3
acquire 75458343813460 75458343846356 0 5efea2bc4eb0 2
present 75458344104977 75458344210996 0 5efea2bc4eb0 2
acquire 75458649167821 75458649201903 0 5efea2bc4eb0 3
present 75458649430633 75458649538887 0 5efea2bc4eb0 3
acquire 75458944093292 75458944122415 0 5efea2bc4eb0 2
present 75458944337317 75458944444383 0 5efea2bc4eb0 2
acquire 75459250056178 75459250088864 0 5efea2bc4eb0 3
present 75459250319619 75459250429549 0 5efea2bc4eb0 3
acquire 75459544979624 75459545027185 0 5efea2bc4eb0 2
present 75459545244811 75459545348245 0 5efea2bc4eb0 2
acquire 75459849998956 75459850045051 0 5efea2bc4eb0 3
present 75459850273641 75459850378403 0 5efea2bc4eb0 3
acquire 75460145200579 75460145232077 0 5efea2bc4eb0 2
present 75460145456547 75460145565289 0 5efea2bc4eb0 2
acquire 75460450439841 75460450473994 0 5efea2bc4eb0 3
present 75460450710476 75460450819288 0 5efea2bc4eb0 3
acquire 75460745791483 75460745826334 0 5efea2bc4eb0 2
present 75460746067286 75460746174911 0 5efea2bc4eb0 2
acquire 75461052938247 75461052969675 0 5efea2bc4eb0 3
present 75461053210627 75461053323281 0 5efea2bc4eb0 3
acquire 75461346026267 75461346062514 0 5efea2bc4eb0 2
present 75461346300463 75461346406901 0 5efea2bc4eb0 2
acquire 75461651055866 75461651090158 0 5efea2bc4eb0 3
present 75461651332716 75461651439713 0 5efea2bc4eb0 3
acquire 75461946309730 75461946345070 0 5efea2bc4eb0 2
present 75461946588815 75461946709920 0 5efea2bc4eb0 2
acquire 75462251691259 75462251724852 0 5efea2bc4eb0 3
present 75462251957284 75462252075036 0 5efea2bc4eb0 3
acquire 75462546751802 75462546782812 0 5efea2bc4eb0 2
present 75462546991427 75462547113580 0 5efea2bc4eb0 2
acquire 75462851916335 75462851948322 0 5efea2bc4eb0 3
present 75462852185293 75462852288797 0 5efea2bc4eb0 3
acquire 75463147325386 75463147359748 0 5efea2bc4eb0 2
present 75463147590084 75463147697290 0 5efea2bc4eb0 2
acquire 75463452527562 75463452563251 0 5efea2bc4eb0 3
present 75463452802108 75463452907568 0 5efea2bc4eb0 3
acquire 75463747879833 75463747912239 0 5efea2bc4eb0 2
present 75463748129235 75463748235254 0 5efea2bc4eb0 2
acquire 75464057904750 75464057949518 0 5efea2bc4eb0 3
present 75464058293136 75464058443435 0 5efea2bc4eb0 3
acquire 75464348207924 75464348241797 0 5efea2bc4eb0 2
present 75464348496089 75464348622920 0 5efea2bc4eb0 2
acquire 75464654180449 75464654213414 0 5efea2bc4eb0 3
present 75464654440747 75464654553191 0 5efea2bc4eb0 3
acquire 75464948786257 75464948830606 0 5efea2bc4eb0 2
present 75464949111297 75464949238199 0 5efea2bc4eb0 2
acquire 75465254924584 75465254956921 0 5efea2bc4eb0 3
present 75465255219244 75465255338952 0 5efea2bc4eb0 3
acquire 75465548664222 75465548697117 0 5efea2bc4eb0 2
present 75465548915930 75465549034241 0 5efea2bc4eb0 2
acquire 75465854397052 75465854430995 0 5efea2bc4eb0 3
present 75465854678512 75465854790467 0 5efea2bc4eb0 3
swapchain 75466863085277 75466869371120 0 5efea2d57e30 1100x700 mode 2 images 4
acquire 75466879170950 75466879190855 0 5efea2d57e30 3
present 75466879491731 75466879705375 0 5efea2d57e30 3
acquire 75466881535981 75466881551695 0 5efea2d57e30 2
present 75466881765200 75466881873244 0 5efea2d57e30 2
swapchain 75468372763249 75468378576477 0 5efea287f4c0 640x760 mode 2 images 4
acquire 75468386889110 75468386911110 0 5efea287f4c0 3
present 75468387177205 75468387338328 0 5efea287f4c0 3
acquire 75468388936364 75468388948097 0 5efea287f4c0 2
present 75468389126052 75468389222503 0 5efea287f4c0 2
swapchain 75469882445273 75469886762293 0 5efea28810a0 1280x480 mode 2 images 4
acquire 75469896595647 75469896610943 0 5efea28810a0 3
present 75469896851336 75469896995488 0 5efea28810a0 3
swapchain 75471389484297 75471394167635 0 5efea287f4c0 760x560 mode 2 images 4
acquire 75471400862817 75471400874969 0 5efea287f4c0 3
present 75471401105585 75471401253787 0 5efea287f4c0 3
acquire 75471402655150 75471402666045 0 5efea287f4c0 2
present 75471402834502 75471402920337 0 5efea287f4c0 2
swapchain 75472897677936 75472902919793 0 5efea28810a0 900x560 mode 2 images 4
acquire 75472910083958 75472910097368 0 5efea28810a0 3
present 75472910316040 75472910473532 0 5efea28810a0 3
acquire 75472911892634 75472911902133 0 5efea28810a0 2
present 75472912064932 75472912148812 0 5efea28810a0 2
