instance 73316312204309 73316327072092 0 pid 1243247
device 73316327808008 73316450958410 0
swapchain 73316451375641 73316502784311 0 61c97d203ec0 900x560 mode 2 images 4
acquire 73316511798359 73316511812117 0 61c97d203ec0 3
present 73316511975825 73316512175571 0 61c97d203ec0 3
acquire 73316513394019 73316513402959 0 61c97d203ec0 2
present 73316513539638 73316513638394 0 61c97d203ec0 2
acquire 73328877374616 73328877388724 0 61c97d203ec0 1
present 73328877569193 73328877675631 0 61c97d203ec0 1
acquire 73329557974342 73329557990336 0 61c97d203ec0 0
present 73329558206843 73329558320195 0 61c97d203ec0 0
acquire 73329873538706 73329873568179 0 61c97d203ec0 3
present 73329873754306 73329873857740 0 61c97d203ec0 3
acquire 73329875017243 73329875035472 0 61c97d203ec0 2
present 73329875190309 73329875265947 0 61c97d203ec0 2
acquire 73330175039368 73330175069889 0 61c97d203ec0 3
present 73330175287514 73330175405196 0 61c97d203ec0 3
acquire 73330176632585 73330176651512 0 61c97d203ec0 1
present 73330176820038 73330176912508 0 61c97d203ec0 1
acquire 73330482017811 73330482049310 0 61c97d203ec0 3
present 73330482270497 73330482403963 0 61c97d203ec0 3
acquire 73330483787586 73330483804837 0 61c97d203ec0 2
present 73330483954227 73330484049630 0 61c97d203ec0 2
acquire 73330775250888 73330775280641 0 61c97d203ec0 3
present 73330775525434 73330775663440 0 61c97d203ec0 3
acquire 73330776968212 73330776989723 0 61c97d203ec0 1
present 73330777184022 73330777277818 0 61c97d203ec0 1
acquire 73331078468735 73331078497300 0 61c97d203ec0 3
present 73331078689154 73331078798874 0 61c97d203ec0 3
acquire 73331080073056 73331080091215 0 61c97d203ec0 2
present 73331080261068 73331080339919 0 61c97d203ec0 2
acquire 73331376347505 73331376376629 0 61c97d203ec0 3
present 73331376560800 73331376670381 0 61c97d203ec0 3
acquire 73331377938137 73331377956087 0 61c97d203ec0 1
present 73331378113159 73331378197667 0 61c97d203ec0 1
acquire 73331677046531 73331677082290 0 61c97d203ec0 3
present 73331679071226 73331679184299 0 61c97d203ec0 3
acquire 73331680492074 73331680517706 0 61c97d203ec0 2
present 73331680682880 73331680763547 0 61c97d203ec0 2
acquire 73331978876005 73331978913091 0 61c97d203ec0 3
present 73331979150691 73331979270817 0 61c97d203ec0 3
acquire 73331980603526 73331980623710 0 61c97d203ec0 1
present 73331980786161 73331980869481 0 61c97d203ec0 1
acquire 73332279450993 73332279477323 0 61c97d203ec0 3
present 73332279667990 73332279780434 0 61c97d203ec0 3
acquire 73332281158470 73332281177187 0 61c97d203ec0 2
present 73332281336914 73332281418488 0 61c97d203ec0 2
acquire 73332580496431 73332580526253 0 61c97d203ec0 3
present 73332580746113 73332580862608 0 61c97d203ec0 3
acquire 73332582277729 73332582295469 0 61c97d203ec0 2
present 73332582462459 73332582545012 0 61c97d203ec0 2
acquire 73332877852860 73332877883310 0 61c97d203ec0 3
present 73332878121329 73332878234402 0 61c97d203ec0 3
acquire 73332879652736 73332879671942 0 61c97d203ec0 1
present 73332879865053 73332879950049 0 61c97d203ec0 1
acquire 73333178669149 73333178699180 0 61c97d203ec0 3
present 73333178935313 73333179072691 0 61c97d203ec0 3
acquire 73333180451425 73333180470072 0 61c97d203ec0 2
present 73333180644186 73333180727716 0 61c97d203ec0 2
acquire 73333477797517 73333477827479 0 61c97d203ec0 3
present 73333478049434 73333478157548 0 61c97d203ec0 3
acquire 73333479500733 73333479517914 0 61c97d203ec0 1
present 73333479671983 73333479753558 0 61c97d203ec0 1
acquire 73333779796845 73333779826946 0 61c97d203ec0 3
present 73333780069155 73333780177898 0 61c97d203ec0 3
acquire 73333781565362 73333781584499 0 61c97d203ec0 2
present 73333781755749 73333781832924 0 61c97d203ec0 2
acquire 73334086355962 73334086386762 0 61c97d203ec0 3
present 73334086617936 73334086734082 0 61c97d203ec0 3
acquire 73334088121965 73334088141660 0 61c97d203ec0 2
present 73334088310955 73334088395952 0 61c97d203ec0 2
acquire 73334380146022 73334380176054 0 61c97d203ec0 3
present 73334380396472 73334380507659 0 61c97d203ec0 3
acquire 73334381882343 73334381901409 0 61c97d203ec0 1
present 73334382069587 73334382156399 0 61c97d203ec0 1
acquire 73334681127835 73334681160520 0 61c97d203ec0 3
present 73334681392672 73334681513288 0 61c97d203ec0 3
acquire 73334682888460 73334682907527 0 61c97d203ec0 2
present 73334683082409 73334683165869 0 61c97d203ec0 2
acquire 73334982812458 73334982841443 0 61c97d203ec0 3
present 73334983080788 73334983189321 0 61c97d203ec0 3
acquire 73334984542354 73334984560024 0 61c97d203ec0 2
present 73334984712138 73334984794690 0 61c97d203ec0 2
acquire 73335282846387 73335282878793 0 61c97d203ec0 3
present 73335283115066 73335283224158 0 61c97d203ec0 3
acquire 73335284634111 73335284654085 0 61c97d203ec0 2
present 73335284813672 73335284894618 0 61c97d203ec0 2
acquire 73335581308122 73335581339480 0 61c97d203ec0 3
present 73335581560458 73335581672413 0 61c97d203ec0 3
acquire 73335583050449 73335583068537 0 61c97d203ec0 1
present 73335583222537 73335583294683 0 61c97d203ec0 1
acquire 73335880904914 73335880933968 0 61c97d203ec0 3
present 73335881212984 73335881321377 0 61c97d203ec0 3
acquire 73335882710098 73335882727768 0 61c97d203ec0 2
present 73335882892663 73335882980104 0 61c97d203ec0 2
acquire 73336184298900 73336184327465 0 61c97d203ec0 3
present 73336184549770 73336184659839 0 61c97d203ec0 3
acquire 73336186056383 73336186076357 0 61c97d203ec0 2
present 73336186235316 73336186322128 0 61c97d203ec0 2
acquire 73336480719946 73336480750467 0 61c97d203ec0 3
present 73336480978917 73336481100441 0 61c97d203ec0 3
acquire 73336482446489 73336482464508 0 61c97d203ec0 1
present 73336482615226 73336482685206 0 61c97d203ec0 1
acquire 73336782551586 73336782583015 0 61c97d203ec0 3
present 73336782803992 73336782916157 0 61c97d203ec0 3
acquire 73336784290840 73336784309418 0 61c97d203ec0 2
present 73336784463418 73336784544363 0 61c97d203ec0 2
acquire 73337081720742 73337081749865 0 61c97d203ec0 3
present 73337081948563 73337082062824 0 61c97d203ec0 3
acquire 73337083411945 73337083429615 0 61c97d203ec0 2
present 73337083580332 73337083658624 0 61c97d203ec0 2
acquire 73337383903543 73337383933155 0 61c97d203ec0 3
present 73337384189821 73337384304221 0 61c97d203ec0 3
acquire 73337385721228 73337385739946 0 61c97d203ec0 2
present 73337385910218 73337385999894 0 61c97d203ec0 2
acquire 73337683241853 73337683272374 0 61c97d203ec0 3
present 73337683491256 73337683606564 0 61c97d203ec0 3
acquire 73337684975311 73337684994726 0 61c97d203ec0 1
present 73337685167443 73337685256980 0 61c97d203ec0 1
acquire 73337984863830 73337984898192 0 61c97d203ec0 3
present 73337985148432 73337985282947 0 61c97d203ec0 3
acquire 73337987305825 73337987331527 0 61c97d203ec0 2
present 73337987530504 73337987630168 0 61c97d203ec0 2
acquire 73338285656303 73338285687382 0 61c97d203ec0 3
present 73338285937763 73338286065153 0 61c97d203ec0 3
acquire 73338287490192 73338287507932 0 61c97d203ec0 1
present 73338287670592 73338287744972 0 61c97d203ec0 1
acquire 73338584011530 73338584044425 0 61c97d203ec0 3
present 73338584274272 73338584356475 -1000001004 61c97d203ec0 3
swapchain 73338585788289 73338589396771 0 61c97d396f00 1100x700 mode 2 images 4
acquire 73338765325219 73338765340864 0 61c97d396f00 3
present 73338765535302 73338765645092 0 61c97d396f00 3
swapchain 73340082444643 73340086601448 0 61c97d203ec0 640x760 mode 2 images 4
acquire 73340258239345 73340258256596 0 61c97d203ec0 3
present 73340258476037 73340258600564 0 61c97d203ec0 3
acquire 73340259977831 73340259987190 0 61c97d203ec0 2
present 73340260140491 73340260234986 0 61c97d203ec0 2
swapchain 73341588338047 73341591854619 0 61c97d396f00 1280x480 mode 2 images 4
acquire 73341766069095 73341766085438 0 61c97d396f00 3
present 73341766319057 73341766460904 0 61c97d396f00 3
swapchain 73343095663405 73343099114815 0 61c97d203ec0 760x560 mode 2 images 4
acquire 73343266511259 73343266525227 0 61c97d203ec0 3
present 73343266715544 73343266832319 0 61c97d203ec0 3
swapchain 73344603165531 73344608221052 0 61c97d396f00 900x560 mode 2 images 4
acquire 73344776809545 73344776825329 0 61c97d396f00 3
present 73344777043722 73344777188712 0 61c97d396f00 3
