instance 88150061887579 88150083456299 0 pid 3445888
device 88150084336296 88150206876263 0
swapchain 88150207397905 88150257462736 0 597a15301dc0 900x560 mode 2 images 4
acquire 88150275607641 88150275621748 0 597a15301dc0 3
present 88150276068661 88150276263797 0 597a15301dc0 3
acquire 88150278232755 88150278245955 0 597a15301dc0 2
present 88150278315027 88150278413433 1000001003 597a15301dc0 2
swapchain 88150279028523 88150282051452 0 597a1547b420 900x560 mode 2 images 4
acquire 88150283142159 88150283153194 0 597a1547b420 3
present 88150283289174 88150283374240 0 597a1547b420 3
acquire 88162598458340 88162598474194 0 597a1547b420 2
present 88162598590898 88162598711234 0 597a1547b420 2
acquire 88163279315213 88163279332394 0 597a1547b420 1
present 88163279451053 88163279569713 0 597a1547b420 1
acquire 88163588649103 88163588668100 0 597a1547b420 0
present 88163588780753 88163588912334 0 597a1547b420 0
acquire 88163884886825 88163884922583 0 597a1547b420 3
present 88163885104030 88163885227090 0 597a1547b420 3
acquire 88164201112487 88164201142100 0 597a1547b420 2
present 88164201256639 88164201400442 0 597a1547b420 2
acquire 88164496754117 88164496794276 0 597a1547b420 3
present 88164496999469 88164497148021 0 597a1547b420 3
acquire 88164804286250 88164804316771 0 597a1547b420 2
present 88164804419647 88164804527272 0 597a1547b420 2
acquire 88165099773392 88165099809709 0 597a1547b420 3
present 88165099960776 88165100117010 0 597a1547b420 3
acquire 88165416101443 88165416130008 0 597a1547b420 2
present 88165416250694 88165416364255 0 597a1547b420 2
acquire 88165709764199 88165709797094 0 597a1547b420 3
present 88165709958846 88165710099366 0 597a1547b420 3
acquire 88166023221156 88166023251886 0 597a1547b420 2
present 88166023372572 88166023491651 0 597a1547b420 2
acquire 88166321250374 88166321282989 0 597a1547b420 3
present 88166321436500 88166321561445 0 597a1547b420 3
acquire 88166634414628 88166634453250 0 597a1547b420 2
present 88166634569117 88166634690011 0 597a1547b420 2
acquire 88166934106062 88166934138538 0 597a1547b420 3
present 88166934281363 88166934400092 0 597a1547b420 3
acquire 88167253493710 88167253536174 0 597a1547b420 2
present 88167253657837 88167253791862 0 597a1547b420 2
acquire 88167545694277 88167545735064 0 597a1547b420 3
present 88167545893813 88167546027489 0 597a1547b420 3
acquire 88167862073804 88167862102509 0 597a1547b420 2
present 88167862219073 88167862339549 0 597a1547b420 2
acquire 88168153588392 88168153629808 0 597a1547b420 3
present 88168153793515 88168153926004 0 597a1547b420 3
acquire 88168463402865 88168463431919 0 597a1547b420 2
present 88168463537937 88168463654292 0 597a1547b420 2
acquire 88168761534471 88168761564922 0 597a1547b420 3
present 88168761717176 88168761822566 0 597a1547b420 3
acquire 88169072636463 88169072670336 0 597a1547b420 2
present 88169072783339 88169072899135 0 597a1547b420 2
acquire 88169372488395 88169372521290 0 597a1547b420 3
present 88169372669074 88169372791645 0 597a1547b420 3
acquire 88169684535197 88169684565787 0 597a1547b420 2
present 88169684712174 88169684815818 0 597a1547b420 2
acquire 88169984328392 88169984360310 0 597a1547b420 3
present 88169984511865 88169984630874 0 597a1547b420 3
acquire 88170292561038 88170292592047 0 597a1547b420 2
present 88170292733196 88170292838097 0 597a1547b420 2
acquire 88170588437830 88170588468839 0 597a1547b420 3
present 88170588610546 88170588730813 0 597a1547b420 3
acquire 88170903210179 88170903240490 0 597a1547b420 2
present 88170903369067 88170903486190 0 597a1547b420 2
acquire 88171205148682 88171205180181 0 597a1547b420 3
present 88171205321469 88171205436776 0 597a1547b420 3
acquire 88171518689875 88171518717532 0 597a1547b420 2
present 88171518890598 88171519013379 0 597a1547b420 2
acquire 88171820491142 88171820525015 0 597a1547b420 3
present 88171820709605 88171820837972 0 597a1547b420 3
acquire 88172130954511 88172130983635 0 597a1547b420 2
present 88172131121082 88172131228218 0 597a1547b420 2
acquire 88172425671874 88172425702395 0 597a1547b420 3
present 88172425840750 88172425957175 0 597a1547b420 3
acquire 88172734351575 88172734383073 0 597a1547b420 2
present 88172734518355 88172734621441 0 597a1547b420 2
acquire 88173033549938 88173033580947 0 597a1547b420 3
present 88173033730128 88173033861778 0 597a1547b420 3
acquire 88173342046866 88173342081507 0 597a1547b420 2
present 88173342216928 88173342319804 0 597a1547b420 2
acquire 88173640353779 88173640396312 0 597a1547b420 3
present 88173640578039 88173640706337 0 597a1547b420 3
acquire 88173953887362 88173953920257 0 597a1547b420 2
present 88173954058682 88173954162954 0 597a1547b420 2
acquire 88174253812562 88174253841197 0 597a1547b420 3
present 88174254027812 88174254134110 0 597a1547b420 3
acquire 88174564699660 88174564727247 0 597a1547b420 2
present 88174564867069 88174564969456 0 597a1547b420 2
acquire 88174859246474 88174859276296 0 597a1547b420 3
present 88174859425616 88174859536035 0 597a1547b420 3
acquire 88175170921589 88175170948268 0 597a1547b420 2
present 88175171095004 88175171199067 0 597a1547b420 2
acquire 88175468474012 88175468508374 0 597a1547b420 3
present 88175468657554 88175468775376 0 597a1547b420 3
acquire 88175778244773 88175778272849 0 597a1547b420 2
present 88175778397794 88175778498365 0 597a1547b420 2
acquire 88176075744745 88176075778828 0 597a1547b420 3
present 88176075951265 88176076090039 0 597a1547b420 3
acquire 88176386687789 88176386716004 0 597a1547b420 2
present 88176386851985 88176386956397 0 597a1547b420 2
acquire 88176685084451 88176685113785 0 597a1547b420 3
present 88176685266457 88176685378412 0 597a1547b420 3
acquire 88176991813148 88176991841294 0 597a1547b420 2
present 88176991968823 88176992084271 0 597a1547b420 2
acquire 88177290581994 88177290620057 0 597a1547b420 3
present 88177290760787 88177290870158 0 597a1547b420 3
acquire 88177602765415 88177602794469 0 597a1547b420 2
present 88177602924722 88177603043312 0 597a1547b420 2
acquire 88177902255231 88177902285751 0 597a1547b420 3
present 88177902437865 88177902548633 0 597a1547b420 3
acquire 88178212270857 88178212298444 0 597a1547b420 2
present 88178212423669 88178212533948 0 597a1547b420 2
acquire 88178514383832 88178514413864 0 597a1547b420 3
present 88178514559203 88178514676256 0 597a1547b420 3
acquire 88178822790461 88178822817630 0 597a1547b420 2
present 88178822952912 88178823071921 0 597a1547b420 2
acquire 88179120455682 88179120491789 0 597a1547b420 3
present 88179120670582 88179120808030 0 597a1547b420 3
acquire 88179434656463 88179434685098 0 597a1547b420 2
present 88179434812418 88179434915922 0 597a1547b420 2
acquire 88179732435665 88179732471772 0 597a1547b420 3
present 88179732630032 88179732755187 0 597a1547b420 3
acquire 88180044197877 88180044229166 0 597a1547b420 2
present 88180044363749 88180044465717 0 597a1547b420 2
acquire 88180337324341 88180337357725 0 597a1547b420 3
present 88180337515356 88180337639673 0 597a1547b420 3
acquire 88180644953991 88180644983115 0 597a1547b420 2
present 88180645136835 88180645238384 0 597a1547b420 2
acquire 88180940589633 88180940626789 0 597a1547b420 3
present 88180940774782 88180940893442 0 597a1547b420 3
acquire 88181247986015 88181248025964 0 597a1547b420 2
present 88181248155869 88181248263354 0 597a1547b420 2
swapchain 88182255155482 88182258278284 0 597a1549ba10 1100x700 mode 2 images 4
acquire 88182267215700 88182267227084 0 597a1549ba10 3
present 88182267354264 88182267464962 0 597a1549ba10 3
swapchain 88183764375528 88183767894607 0 597a1547b420 640x760 mode 2 images 4
acquire 88183776388253 88183776402012 0 597a1547b420 3
present 88183776524583 88183776648271 0 597a1547b420 3
swapchain 88185273365106 88185276863164 0 597a1549ba10 1280x480 mode 2 images 4
acquire 88185285231934 88185285246251 0 597a1549ba10 3
present 88185285369870 88185285482593 0 597a1549ba10 3
swapchain 88186785136182 88186790623591 0 597a1547b420 760x560 mode 2 images 4
acquire 88186799330183 88186799346037 0 597a1547b420 3
present 88186799478665 88186799617299 0 597a1547b420 3
swapchain 88188295127718 88188298760009 0 597a1549b9f0 900x560 mode 2 images 4
acquire 88188307484620 88188307501451 0 597a1549b9f0 3
present 88188307640994 88188307769222 0 597a1549b9f0 3
