instance 88049972347961 88049983840747 0 pid 3431958
device 88049984600269 88050103330354 0
swapchain 88050103724956 88050155718785 0 598e4036fe30 900x560 mode 2 images 4
acquire 88050164456127 88050164468628 0 598e4036fe30 3
present 88050164634082 88050164816437 0 598e4036fe30 3
acquire 88050165022958 88050165031478 0 598e4036fe30 2
present 88050165078342 88050165140780 0 598e4036fe30 2
acquire 88062526249944 88062526265518 0 598e4036fe30 1
present 88062526392559 88062526525048 0 598e4036fe30 1
acquire 88063207311844 88063207327768 0 598e4036fe30 0
present 88063207447825 88063207574237 0 598e4036fe30 0
acquire 88063514567939 88063514599437 0 598e4036fe30 3
present 88063514725920 88063514834104 0 598e4036fe30 3
acquire 88063812772826 88063812803347 0 598e4036fe30 2
present 88063812944426 88063813079709 0 598e4036fe30 2
acquire 88064126161955 88064126211682 0 598e4036fe30 3
present 88064126439714 88064126621930 0 598e4036fe30 3
acquire 88064424848328 88064424895191 0 598e4036fe30 2
present 88064425135096 88064425275896 0 598e4036fe30 2
acquire 88064726793001 88064726824430 0 598e4036fe30 3
present 88064726945604 88064727071109 0 598e4036fe30 3
acquire 88065027732031 88065027767790 0 598e4036fe30 2
present 88065027926888 88065028069783 0 598e4036fe30 2
acquire 88065334429955 88065334463130 0 598e4036fe30 3
present 88065334592895 88065334713301 0 598e4036fe30 3
acquire 88065637856100 88065637896608 0 598e4036fe30 2
present 88065638140423 88065638303782 0 598e4036fe30 2
acquire 88065946221413 88065946254797 0 598e4036fe30 3
present 88065946376809 88065946493444 0 598e4036fe30 3
acquire 88066249280262 88066249325938 0 598e4036fe30 2
present 88066249502078 88066249629468 0 598e4036fe30 2
acquire 88066557736648 88066557782604 0 598e4036fe30 3
present 88066557969080 88066558137117 0 598e4036fe30 3
acquire 88066862139731 88066862172207 0 598e4036fe30 2
present 88066862326207 88066862444797 0 598e4036fe30 2
acquire 88067176752338 88067176783836 0 598e4036fe30 3
present 88067176908922 88067177045810 0 598e4036fe30 3
acquire 88067473739404 88067473775163 0 598e4036fe30 2
present 88067473948997 88067474102019 0 598e4036fe30 2
acquire 88067777000025 88067777043885 0 598e4036fe30 3
present 88067777159682 88067777270310 0 598e4036fe30 3
acquire 88068081204898 88068081238841 0 598e4036fe30 2
present 88068081407018 88068081538599 0 598e4036fe30 2
acquire 88068383732675 88068383774720 0 598e4036fe30 3
present 88068383946459 88068384101367 0 598e4036fe30 3
acquire 88068689357629 88068689394296 0 598e4036fe30 2
present 88068689559959 88068689694264 0 598e4036fe30 2
acquire 88068994847860 88068994880196 0 598e4036fe30 3
present 88068994996622 88068995125898 0 598e4036fe30 3
acquire 88069300309037 88069300350103 0 598e4036fe30 2
present 88069300556135 88069300680173 0 598e4036fe30 2
acquire 88069606396968 88069606435450 0 598e4036fe30 3
present 88069606607260 88069606734929 0 598e4036fe30 3
acquire 88069912120258 88069912159230 0 598e4036fe30 2
present 88069912359604 88069912509763 0 598e4036fe30 2
acquire 88070214269426 88070214315102 0 598e4036fe30 3
present 88070214488169 88070214634975 0 598e4036fe30 3
acquire 88070516350848 88070516388982 0 598e4036fe30 2
present 88070516568683 88070516695095 0 598e4036fe30 2
acquire 88070824892161 88070824933088 0 598e4036fe30 3
present 88070825138770 88070825263716 0 598e4036fe30 3
acquire 88071132673461 88071132709639 0 598e4036fe30 2
present 88071132878445 88071133029232 0 598e4036fe30 2
acquire 88071439673728 88071439706833 0 598e4036fe30 3
present 88071439857899 88071439974744 0 598e4036fe30 3
acquire 88071748447961 88071748487980 0 598e4036fe30 2
present 88071748657484 88071748776633 0 598e4036fe30 2
acquire 88072052908104 88072052951126 0 598e4036fe30 3
present 88072053164002 88072053303963 0 598e4036fe30 3
acquire 88072353585368 88072353623572 0 598e4036fe30 2
present 88072353827717 88072353989190 0 598e4036fe30 2
acquire 88072656756732 88072656801570 0 598e4036fe30 3
present 88072657023735 88072657175849 0 598e4036fe30 3
acquire 88072961606309 88072961645699 0 598e4036fe30 2
present 88072961814436 88072961942734 0 598e4036fe30 2
acquire 88073264401368 88073264447463 0 598e4036fe30 3
present 88073264745755 88073264939843 0 598e4036fe30 3
acquire 88073567978089 88073568034801 0 598e4036fe30 2
present 88073568198997 88073568315841 0 598e4036fe30 2
acquire 88073875600152 88073875632838 0 598e4036fe30 3
present 88073875788234 88073875917091 0 598e4036fe30 3
acquire 88074181517182 88074181548191 0 598e4036fe30 2
present 88074181691855 88074181810236 0 598e4036fe30 2
acquire 88074486911730 88074486964739 0 598e4036fe30 3
present 88074487266313 88074487434770 0 598e4036fe30 3
acquire 88074787042627 88074787080760 0 598e4036fe30 2
present 88074787264512 88074787399445 0 598e4036fe30 2
acquire 88075093158425 88075093197396 0 598e4036fe30 3
present 88075093365853 88075093485072 0 598e4036fe30 3
acquire 88075396277686 88075396316797 0 598e4036fe30 2
present 88075396486931 88075396616276 0 598e4036fe30 2
acquire 88075700175538 88075700212763 0 598e4036fe30 3
present 88075700402871 88075700536826 0 598e4036fe30 3
acquire 88076003414577 88076003453548 0 598e4036fe30 2
present 88076003624729 88076003747789 0 598e4036fe30 2
acquire 88076308580046 88076308612941 0 598e4036fe30 3
present 88076308759258 88076308871772 0 598e4036fe30 3
acquire 88076612862023 88076612909376 0 598e4036fe30 2
present 88076613252226 88076613377242 0 598e4036fe30 2
acquire 88076914047801 88076914082582 0 598e4036fe30 3
present 88076914230087 88076914351331 0 598e4036fe30 3
acquire 88077218324820 88077218355830 0 598e4036fe30 2
present 88077218509969 88077218623741 0 598e4036fe30 2
acquire 88077525360426 88077525407430 0 598e4036fe30 3
present 88077525728699 88077526092781 0 598e4036fe30 3
acquire 88077830124448 88077830160276 0 598e4036fe30 2
present 88077830342213 88077830485317 0 598e4036fe30 2
acquire 88078134501759 88078134532768 0 598e4036fe30 3
present 88078134676432 88078134789923 0 598e4036fe30 3
acquire 88078442138558 88078442171942 0 598e4036fe30 2
present 88078442319376 88078442440551 0 598e4036fe30 2
acquire 88078744544671 88078744575960 0 598e4036fe30 3
present 88078744727096 88078744843870 0 598e4036fe30 3
acquire 88079048132427 88079048163227 0 598e4036fe30 2
present 88079048309893 88079048423735 0 598e4036fe30 2
acquire 88079356179473 88079356214673 0 598e4036fe30 3
present 88079356402965 88079356542298 0 598e4036fe30 3
acquire 88079660275603 88079660314644 0 598e4036fe30 2
present 88079660505381 88079660645342 0 598e4036fe30 2
acquire 88079964936958 88079964973206 0 598e4036fe30 3
present 88079965170158 88079965307116 0 598e4036fe30 3
acquire 88080265037125 88080265065760 0 598e4036fe30 2
present 88080265199505 88080265307550 0 598e4036fe30 2
acquire 88080567224006 88080567262559 0 598e4036fe30 3
present 88080567426197 88080567567276 0 598e4036fe30 3
acquire 88080868403918 88080868440095 0 598e4036fe30 2
present 88080868620425 88080868745860 0 598e4036fe30 2
acquire 88081168902808 88081168936192 0 598e4036fe30 3
present 88081169098922 88081169225334 0 598e4036fe30 3
swapchain 88082190741147 88082195206722 0 598e40506460 1100x700 mode 2 images 4
acquire 88082196628619 88082196641889 0 598e40506460 3
present 88082196783107 88082196921253 0 598e40506460 3
swapchain 88083700660552 88083706061650 0 598e4036fe30 640x760 mode 2 images 4
acquire 88083707660594 88083707674353 0 598e4036fe30 3
present 88083707838480 88083707981654 0 598e4036fe30 3
acquire 88083708239927 88083708251381 0 598e4036fe30 2
present 88083708319127 88083708414530 0 598e4036fe30 2
swapchain 88085208433738 88085213069097 0 598e40506440 1280x480 mode 2 images 4
acquire 88085214548822 88085214563210 0 598e40506440 3
present 88085214702054 88085214830701 0 598e40506440 3
swapchain 88086717202509 88086721964421 0 598e4036fe30 760x560 mode 2 images 4
acquire 88086723615327 88086723628108 0 598e4036fe30 3
present 88086723759898 88086723898673 0 598e4036fe30 3
acquire 88086724161904 88086724173637 0 598e4036fe30 2
present 88086724239637 88086724357040 0 598e4036fe30 2
swapchain 88088227297914 88088233275062 0 598e40518b00 900x560 mode 2 images 4
acquire 88088234282800 88088234293207 0 598e40518b00 3
present 88088234413683 88088234558952 0 598e40518b00 3
acquire 88088234753879 88088234762260 0 598e40518b00 2
present 88088234819460 88088234903968 0 598e40518b00 2
