launch_mono_ns 91307858794540
assets ready in 234 ms: font, PNG (Ocula), SVG (Splina + Dithra), text, layout
GPU 0: NVIDIA GeForce RTX 3050 Laptop GPU (discrete, vendor 4318, device 9698, Vulkan 1.4.341, 4096 MiB device-local, max image 32768)
queue family 0, swapchain 900x560, format 44, 4 images, retained canvas, 2 frames in flight, validation layer off (not installed)
window and GPU ready in 307 ms
redraw 1 at 546 ms: scene + GPU 5 ms, whole, 235 quads, 93 glyphs cached, atlas 91 entries, 84131 texels uploaded
input: mapped expose
redraw 2 at 547 ms: scene + GPU 1 ms, damage only, 0 quads, 93 glyphs cached, atlas 91 entries, 84131 texels uploaded
input: moved
input: focus-in
input: key-down 9
redraw 3 at 12876 ms: scene + GPU 0 ms, damage only, 11 quads, 93 glyphs cached, atlas 91 entries, 84131 texels uploaded
input: key-up 9
input: enter move
input: move
input: move
input: move
input: move
input: move
input: move
input: move
input: move
input: move
input: move
input: move
input: move
input: move
input: move
redraw 4 at 13263 ms: scene + GPU 1 ms, damage only, 11 quads, 93 glyphs cached, atlas 91 entries, 84131 texels uploaded
input: move
input: move
input: move
input: move
input: move
input: move
input: move
input: move
input: move
input: move
input: move
redraw 5 at 13274 ms: scene + GPU 1 ms, damage only, 11 quads, 93 glyphs cached, atlas 91 entries, 84131 texels uploaded
input: move
input: move
input: move
input: move
input: move
input: move
input: move
input: move
input: move
input: move
input: move
input: move
input: move
input: move
input: move
input: move
input: move
input: move
input: move
input: move
input: move
input: move
input: move
input: move
input: move
input: move
input: move
input: move
input: move
input: move
input: move
input: move
input: move
input: move
input: move
input: move
input: move
input: move
input: move
input: move
input: move
input: move
input: move
input: move
input: move
input: move
input: move
input: move
input: move
input: move
input: move
input: move
input: move
input: move
input: move
input: move
input: move
input: move
input: move
input: move
input: move
input: move
input: move
input: move
input: move
input: move
input: move
input: move
input: move
input: move
input: move
input: move
input: move
input: move
input: move
input: move
input: move
input: move
input: move
input: move
input: move
input: move
input: move
input: key-down 32
redraw 6 at 13557 ms: scene + GPU 0 ms, damage only, 11 quads, 93 glyphs cached, atlas 91 entries, 84131 texels uploaded
input: move
input: move
input: move
input: move
input: move
input: move
input: move
input: move
input: move
input: move
input: move
input: move
input: move
input: move
input: move
input: move
input: move
input: move
input: move
input: move
input: move
input: move
input: move
input: move
input: move
input: move
input: move
input: move
input: move
input: move
input: move
input: move
input: move
input: move
input: move
input: move
input: move
input: move
input: move
input: move
input: move
input: move
input: move
input: move
input: move
input: move
input: move
input: move
input: move
input: move
input: move
input: move
input: move
input: move
input: move
input: move
input: move
input: move
input: move
input: move
input: move
input: move
input: move
input: move
input: move
input: move
input: move
input: move
input: move
input: move
input: move
input: move
input: move
input: move
input: move
input: move
input: move
input: move
input: move
input: move
input: move
input: move
input: move
input: move
input: move
input: move
input: move
input: move
input: move
input: move
input: move
input: move
input: move
input: move
input: move
input: move
input: key-up 32 -> 1 activation(s)
redraw 7 at 13859 ms: scene + GPU 1 ms, damage only, 26 quads, 95 glyphs cached, atlas 93 entries, 84299 texels uploaded
input: move
input: move
input: move
input: move
input: move
input: move
input: move
input: move
input: move
input: move
input: move
input: move
input: move
input: move
input: move
input: move
input: move
input: move
input: move
input: move
input: move
input: move
input: move
input: move
input: move
input: move
input: move
input: move
input: move
input: move
input: move
input: move
input: move
input: move
input: move
input: move
input: move
input: move
input: move
input: move
input: move
input: move
input: move
input: move
input: move
input: move
input: move
input: move
input: move
input: move
input: move
input: move
input: move
input: key-down 65591
input: move
input: move
input: move
input: key-down 32
redraw 8 at 14163 ms: scene + GPU 1 ms, damage only, 11 quads, 95 glyphs cached, atlas 93 entries, 84299 texels uploaded
input: move
input: moved
input: move
input: moved
input: move
input: moved
input: move
input: moved
input: move
input: moved
input: move
input: moved
input: move
input: moved
input: move
input: move moved
input: moved
input: move
input: moved
input: move
input: moved
input: move
input: moved
input: move
input: moved
input: move
input: moved
input: move
input: move moved
input: moved
input: move
input: moved
input: move
input: moved
input: move
input: moved
input: move
input: moved
input: move
input: moved
input: move
input: moved
input: move
input: move moved
input: moved
input: move
input: moved
input: move
input: moved
input: move
input: moved
input: move
input: moved
input: move
input: moved
input: move
input: moved
input: move
input: move moved
input: moved
input: move
input: moved
input: move
input: moved
input: move
input: moved
input: move
input: moved
input: move
input: moved
input: move
input: moved
input: move
input: moved
input: move
input: moved
input: move
input: moved
input: move
input: moved
input: move
input: moved
input: move
input: moved
input: move
input: moved
input: move
input: moved
input: move
input: moved
input: move
input: move moved
input: moved
input: move
input: moved
input: move
input: moved
input: move
input: moved
input: move
input: moved
input: move
input: moved
input: move
input: moved
input: move
input: move moved
input: moved
input: move
input: moved
input: move
input: moved
input: move
input: moved
input: move
input: moved
input: move
input: moved
input: move
input: moved
input: move
input: moved
input: move
input: moved
input: move
input: moved
input: move
input: moved
input: move
input: moved
input: move
input: moved
input: move
input: moved
input: move
input: moved
input: move
input: moved
input: move
input: move
input: moved
input: moved
input: move
input: moved
input: move
input: moved
input: move
input: moved
input: move
input: moved
input: move
input: moved
input: move
input: moved
input: move
input: move
input: moved
input: moved
input: move
input: moved
input: move
input: moved
input: move
input: moved
input: move
input: moved
input: move
input: moved
input: move
input: moved
input: move
input: moved
input: move
input: move moved
input: moved moved
input: moved
input: move
input: moved
input: move
input: moved
input: move
input: moved
input: move
input: moved
input: move
input: moved
input: move
input: move moved
input: moved
input: move
input: moved
input: move
input: moved
input: move
input: moved
input: move
input: moved
input: move
input: moved
input: move
input: moved
input: move
input: move
input: moved
input: moved
input: move
input: moved
input: move
input: moved
input: move
input: moved
input: move
input: moved
input: move
input: moved
input: move
input: moved
input: move
input: moved
input: move
input: moved
input: move
input: moved
input: move
input: moved
input: move
input: moved
input: move
input: moved
input: move
input: moved
input: move
input: moved
input: move
input: moved
input: move
input: move moved
input: moved
input: move
input: moved
input: move
input: moved
input: move
input: moved
input: move
input: moved
input: move
input: moved
input: move
input: moved
input: move
input: move moved
input: moved
input: move
input: moved
input: move
input: moved
input: move
input: moved
input: move
input: moved
input: move
input: moved
input: move
input: moved
input: move
input: moved
input: move
input: moved
input: move
input: moved
input: move
input: moved
input: move
input: moved
input: move
input: moved
input: move
input: moved
input: move
input: moved
input: move
input: moved
input: move
input: moved
input: move
input: moved
input: move
input: moved
input: move
input: move moved
input: moved
input: move
input: moved
input: move
input: moved
input: move
input: moved
input: move
input: moved
input: move
input: moved
input: move
input: moved
input: move
input: moved
input: move
input: moved
input: move
input: moved
input: move
input: move moved
input: moved
input: move
input: moved
input: move
input: moved
input: move
input: moved
input: move
input: move
input: moved
input: moved
input: move
input: moved
input: move
input: moved
input: move
input: moved
input: move
input: moved
input: move
input: moved
input: move
input: moved
input: move
input: moved
input: move
input: move moved
input: moved
input: move
input: moved
input: move
input: moved
input: move
input: move
input: moved
input: moved
input: move
input: moved
input: move
input: moved
input: move
input: moved
input: move
input: moved
input: move
input: moved
input: move
input: key-up 32 -> 1 activation(s)
redraw 9 at 14468 ms: scene + GPU 1 ms, damage only, 28 quads, 96 glyphs cached, atlas 94 entries, 84407 texels uploaded
input: moved move moved move
input: moved
input: move
input: moved
input: move
input: moved
input: move
input: moved
input: move
input: moved
input: move
input: moved
input: move
input: moved
input: move
input: moved
input: move
input: moved
input: move
input: moved
input: move
input: moved
input: move
input: moved
input: move
input: moved
input: move
input: moved
input: move
input: move moved
input: moved
input: move
input: moved
input: move
input: moved
input: move
input: moved
input: move
input: moved
input: move
input: moved
input: move
input: moved
input: move
input: moved
input: move
input: moved
input: move
input: moved
input: move
input: moved
input: move
input: moved
input: move
input: moved
input: move
input: moved
input: move
input: moved
input: move
input: moved
input: move
input: moved
input: move
input: moved
input: move
input: moved
input: move
input: moved
input: move
input: move
input: moved
input: move
input: moved
input: move
input: moved
input: move
input: moved
input: move
input: move moved
input: moved
input: move
input: moved
input: move
input: moved
input: move
input: moved
input: move
input: moved
input: move
input: moved
input: move
input: moved
input: move
input: moved
input: move
input: moved
input: move
input: move moved
input: moved
input: move
input: moved
input: move
input: moved
input: move
input: move moved
input: moved
input: move
input: moved
input: move
input: moved
input: move
input: moved
input: move
input: moved
input: move
input: moved
input: move
input: moved
input: move
input: move moved
input: moved
input: move
input: moved
input: move
input: moved
input: move
input: moved
input: move
input: moved
input: move
input: moved
input: move
input: moved
input: move
input: moved
input: move
input: moved
input: move
input: moved
input: move
input: moved
input: move
input: moved
input: move
input: move moved
input: moved
input: move
input: moved
input: move
input: moved
input: move
input: move moved
input: moved
input: move
input: moved
input: move
input: moved
input: move
input: moved
input: move
input: moved
input: move
input: moved
input: move
input: moved
input: move
input: move
input: moved
input: moved
input: move
input: moved
input: move
input: moved
input: move
input: moved
input: move
input: moved
input: move
input: moved
input: move
input: moved
input: move
input: moved
input: move
input: moved
input: move
input: moved
input: move
input: moved
input: move
input: moved
input: move
input: moved
input: move
input: moved
input: move
input: moved
input: move
input: moved
input: move
input: move moved
input: key-down 32
redraw 10 at 14775 ms: scene + GPU 1 ms, damage only, 11 quads, 96 glyphs cached, atlas 94 entries, 84407 texels uploaded
input: moved move
input: moved
input: move
input: moved
input: move
input: moved
input: move
input: moved
input: move
input: moved
input: move
input: moved
input: move
input: move moved
input: moved
input: move
input: moved
input: move
input: moved
input: move
input: moved
input: move
input: moved
input: move
input: moved
input: move
input: moved
input: move
input: moved
input: move
input: move moved
input: moved
input: move
input: moved
input: move
input: moved
input: move
input: moved
input: move
input: moved
input: move
input: moved
input: move
input: moved
input: move
input: moved
input: move
input: moved
input: move
input: moved
input: move
input: moved
input: move
input: moved
input: move
input: moved
input: move
input: move moved
input: moved
input: move
input: moved
input: move
input: moved
input: move
input: moved
input: move
input: moved
input: move
input: moved
input: move
input: moved
input: move
input: moved
input: move
input: moved
input: move
input: moved
input: move
input: moved
input: move
input: moved
input: move
input: moved
input: move
input: moved
input: move
input: move moved
input: moved
input: move
input: moved
input: move
input: moved
input: move
input: moved
input: move
input: moved
input: move
input: moved
input: move
input: move moved
input: moved
input: move
input: moved
input: move
input: moved
input: move
input: moved
input: move
input: moved
input: move
input: moved
input: move
input: moved
input: move
input: moved
input: move
input: moved
input: move
input: moved
input: move
input: moved
input: move
input: moved
input: move
input: moved
input: move
input: moved
input: move
input: moved
input: move
input: moved
input: move
input: move moved
input: moved
input: move
input: moved
input: move
input: moved
input: move
input: moved
input: move
input: moved
input: move
input: moved
input: move
input: moved
input: move
input: move moved
input: moved
input: move
input: moved
input: move
input: moved
input: move
input: moved
input: move
input: moved
input: move
input: moved
input: move
input: moved
input: move
input: moved
input: move
input: move moved
input: moved
input: move
input: moved
input: move
input: moved
input: move
input: moved
input: move
input: moved
input: move
input: moved
input: move
input: moved
input: move
input: move
input: moved
input: moved
input: move
input: moved
input: move
input: moved
input: move
input: moved
input: move
input: moved
input: move
input: moved
input: move
input: move moved
input: moved
input: move
input: moved
input: move
input: moved
input: move
input: moved
input: move
input: moved
input: move
input: moved
input: move
input: moved
input: move
input: moved
input: move
input: moved
input: move
input: moved
input: move
input: moved
input: move
input: moved
input: move
input: moved
input: move
input: moved
input: move
input: moved
input: move
input: moved
input: move
input: moved
input: move
input: moved
input: move
input: moved
input: move
input: moved
input: move
input: moved
input: move
input: move
input: moved moved
input: moved
input: move
input: moved
input: move
input: moved
input: move
input: moved
input: move
input: moved
input: move
input: moved
input: move
input: moved
input: move
input: move moved
input: moved
input: move
input: moved
input: move
input: moved
input: move
input: moved
input: move
input: moved
input: move
input: moved
input: move
input: moved
input: move
input: moved
input: move
input: moved
input: move
input: moved
input: move
input: moved
input: move
input: moved
input: move
input: moved
input: move
input: move moved
input: moved
input: move
input: moved
input: move
input: moved
input: move
input: moved
input: move
input: moved
input: move
input: moved
input: move
input: moved
input: move
input: moved
input: move
input: moved
input: move
input: moved
input: move
input: moved
input: move
input: moved
input: move
input: moved
input: move
input: moved
input: move
input: move moved
input: moved
input: move
input: moved
input: move
input: moved
input: move
input: moved
input: move
input: moved
input: move
input: moved
input: move
input: moved
input: move
input: move moved
input: moved
input: move
input: moved
input: move
input: moved
input: move
input: moved
input: move
input: moved
input: move
input: moved
input: move
input: moved
input: move
input: moved
input: move
input: moved
input: move
input: moved
input: move
input: moved
input: move
input: moved
input: move
input: moved
input: move
input: moved
input: move
input: moved
input: move
input: moved
input: move
input: move
input: moved
input: moved
input: move
input: moved
input: move
input: moved
input: move
input: moved
input: move
input: moved
input: move
input: moved
input: move
input: moved
input: move
input: move moved
input: moved
input: move
input: moved
input: move
input: moved
input: move
input: moved
input: move
input: moved
input: move
input: moved
input: move
input: moved
input: move
input: moved
input: move
input: moved
input: move
input: moved
input: move
input: moved
input: move
input: moved
input: move
input: moved
input: move
input: moved
input: move
input: moved
input: move
input: moved
input: move
input: move moved
input: moved
input: move
input: moved
input: move
input: moved
input: move
input: moved
input: move
input: moved
input: move
input: moved
input: move
input: moved
input: move
input: move moved
input: moved
input: move
input: moved
input: move
input: moved
input: move
input: moved
input: move
input: moved
input: move
input: moved
input: move
input: moved
input: move
input: moved
input: move
input: moved
input: move
input: moved
input: move
input: moved
input: move
input: moved
input: move
input: moved
input: move
input: moved
input: move
input: moved
input: move
input: moved
input: move
input: move moved
input: moved
input: move
input: moved
input: move
input: moved
input: move
input: moved
input: move
input: moved
input: move
input: moved
input: move
input: moved
input: move
input: move moved
input: moved
input: move
input: moved
input: move
input: moved
input: move
input: moved
input: move
input: moved
input: move
input: moved
input: move
input: moved
input: move
input: moved
input: move
input: moved
input: move
input: moved
input: move
input: moved
input: move
input: moved
input: move
input: moved
input: move
input: moved
input: move
input: moved
input: move
input: moved
input: move
input: move
input: moved
input: moved
input: move
input: moved
input: move
input: moved
input: move
input: moved
input: move
input: moved
input: move
input: moved
input: move
input: moved
input: move
input: move
input: moved
input: moved
input: move
input: moved
input: move
input: moved
input: move
input: moved
input: move
input: moved
input: move
input: moved
input: move
input: moved
input: move
input: moved
input: move
input: moved
input: move
input: moved
input: move
input: moved
input: move
input: moved
input: move
input: moved
input: move
input: moved
input: move
input: moved
input: move
input: moved
input: move
input: move moved
input: moved
input: move
input: key-up 32 -> 1 activation(s)
redraw 11 at 15076 ms: scene + GPU 1 ms, damage only, 28 quads, 97 glyphs cached, atlas 95 entries, 84524 texels uploaded
input: moved move moved move
input: moved
input: move
input: moved
input: move
input: moved
input: move
input: moved
input: move
input: move moved
input: moved
input: move
input: moved
input: move
input: moved
input: move
input: moved
input: move
input: moved
input: move
input: moved
input: move
input: moved
input: move
input: moved
input: move
input: move
input: moved
input: moved
input: move
input: moved
input: move
input: moved
input: move
input: moved
input: move
input: moved
input: move
input: moved
input: move
input: moved
input: move
input: move moved
input: moved
input: move
input: moved
input: move
input: moved
input: move
input: moved
input: move
input: moved
input: move
input: moved
input: move
input: moved
input: move
input: move moved
input: moved
input: move
input: moved
input: move
input: moved
input: move
input: moved
input: move
input: moved
input: move
input: moved
input: move
input: moved
input: move
input: moved
input: move
input: moved
input: move
input: moved
input: move
input: moved
input: move
input: moved
input: move
input: moved
input: move
input: moved
input: move
input: moved
input: move
input: moved
input: move
input: move moved
input: moved
input: move
input: moved
input: move
input: moved
input: move
input: moved
input: move
input: moved
input: move
input: moved
input: move
input: moved
input: move
input: move
input: moved
input: moved
input: move
input: moved
input: move
input: moved
input: move
input: moved
input: move
input: moved
input: move
input: moved
input: move
input: moved
input: move
input: moved
input: move
input: moved
input: move
input: moved
input: move
input: moved
input: move
input: moved
input: move
input: moved
input: move
input: moved
input: move
input: moved
input: move
input: moved
input: move
input: move
input: moved
input: moved
input: move
input: moved
input: move
input: moved
input: move
input: moved
input: move
input: moved
input: move
input: moved
input: move
input: moved
input: move
input: move moved
input: moved
input: move
input: moved
input: move
input: moved
input: move
input: moved
input: move
input: moved
input: move
input: moved
input: move
input: moved
input: move
input: moved
input: move
input: moved
input: move
input: moved
input: move
input: moved
input: move
input: moved
input: move
input: moved
input: move
input: moved
input: move
input: moved
input: move
input: moved
input: move
input: move
input: moved
input: moved
input: move
input: moved
input: move
input: moved
input: move
input: moved
input: move
input: moved
input: move
input: moved
input: move
input: moved
input: move
input: move moved
input: moved
input: move
input: moved
input: move
input: moved
input: move
input: moved
input: move
input: moved
input: move
input: moved
input: move
input: moved
input: move
input: moved
input: move
input: moved
input: move
input: moved
input: move
input: moved
input: move
input: moved
input: move
input: moved
input: move
input: moved
input: move
input: moved
input: move
input: moved
input: move
input: move moved
input: moved
input: move
input: moved
input: move
input: moved
input: move
input: moved
input: move
input: moved
input: move
input: moved
input: move
input: move moved
input: moved move
input: moved
input: move
input: moved
input: move
input: moved
input: move
input: moved
input: move
input: moved
input: move
input: moved move
input: moved
input: move
input: moved
input: move
input: moved
input: move
input: moved
input: move
input: moved
input: move
input: move moved
input: moved
input: move
input: moved
input: move
input: moved
input: move
input: moved
input: move
input: moved
input: move
input: move moved
input: moved
input: move
input: moved
input: move
input: moved
input: move
input: moved
input: move
input: moved
input: move
input: moved
input: move
input: moved
input: move
input: moved
input: move
input: moved
input: move
input: moved
input: move
input: moved
input: move
input: moved
input: move
input: move moved
input: moved
input: move
input: moved
input: move
input: moved
input: move
input: moved
input: move
input: moved
input: move
input: moved
input: move
input: moved
input: move
input: moved
input: move
input: moved
input: move
input: moved
input: move
input: moved
input: move
input: moved
input: move
input: moved
input: move
input: moved
input: move
input: moved
input: move
input: moved
input: move
input: moved
input: move
input: moved
input: move
input: moved
input: move
input: moved
input: move
input: move moved
input: moved
input: move
input: moved
input: move
input: moved
input: move
input: moved
input: move
input: moved
input: move
input: moved
input: move
input: move moved
input: moved
input: move
input: moved
input: move
input: moved
input: move
input: moved
input: move
input: moved
input: move
input: moved
input: move
input: moved
input: move
input: moved
input: move
input: moved
input: move
input: moved
input: move
input: moved
input: move
input: moved
input: move
input: moved
input: move
input: moved
input: move
input: moved
input: move
input: moved
input: move
input: moved
input: move
input: moved
input: move
input: moved
input: move
input: moved
input: move
input: moved
input: move
input: moved
input: move
input: move moved
input: moved
input: move
input: moved
input: move
input: moved
input: move
input: moved
input: move
input: moved
input: move
input: moved
input: move
input: moved
input: move
input: moved
input: move
input: moved
input: move
input: moved
input: move
input: moved
input: move
input: moved
input: move
input: moved
input: move
input: moved
input: move
input: moved
input: move
input: moved
input: move
input: move moved
input: moved
input: move
input: moved
input: move
input: moved
input: move
input: moved
input: move
input: moved
input: move
input: moved
input: move
input: moved
input: move
input: move moved
input: moved move
input: moved
input: move
input: moved
input: move
input: moved
input: move
input: moved
input: move
input: moved
input: move
input: moved
input: move
input: moved
input: move
input: move
input: moved
input: moved
input: move
input: moved
input: move
input: moved
input: move
input: moved
input: move
input: moved
input: move
input: moved
input: move
input: moved
input: move
input: move
input: moved
input: moved
input: move
input: moved
input: move
input: moved
input: move
input: moved
input: move
input: moved
input: move
input: moved
input: move
input: moved
input: move
input: move moved
input: moved
input: move
input: moved
input: move
input: moved
input: move
input: moved
input: move
input: moved
input: move
input: moved
input: move
input: moved
input: move
input: moved
input: move
input: moved
input: move
input: moved
input: move
input: moved
input: move
input: moved
input: move
input: moved
input: move
input: moved
input: move
input: moved
input: move
input: moved
input: move
input: move moved
input: moved
input: move
input: moved
input: move
input: moved
input: move
input: key-down 32
redraw 12 at 15378 ms: scene + GPU 1 ms, damage only, 11 quads, 97 glyphs cached, atlas 95 entries, 84524 texels uploaded
input: moved move
input: moved
input: move
input: moved
input: move
input: moved
input: move
input: move moved
input: moved
input: move
input: moved
input: move
input: moved
input: move
input: moved
input: move
input: moved
input: move
input: moved
input: move
input: moved
input: move
input: moved
input: move
input: move
input: moved
input: moved
input: move
input: moved
input: move
input: moved
input: move
input: moved
input: move
input: moved
input: move
input: moved
input: move
input: moved
input: move
input: move moved
input: moved
input: move
input: moved
input: move
input: moved
input: move
input: moved
input: move
input: moved
input: move
input: moved
input: move
input: moved
input: move
input: move moved
input: moved
input: move
input: moved
input: move
input: moved
input: move
input: moved
input: move
input: moved
input: move
input: moved
input: move
input: moved
input: move
input: moved
input: move
input: moved
input: move
input: moved
input: move
input: moved
input: move
input: moved
input: move
input: moved
input: move
input: moved
input: move
input: moved
input: move
input: moved
input: move
input: move moved
input: moved
input: move
input: moved
input: move
input: moved
input: move
input: moved
input: move
input: moved
input: move
input: moved
input: move
input: moved
input: move
input: move moved
input: moved
input: move
input: moved
input: move
input: moved
input: move
input: moved
input: move
input: moved
input: move
input: moved
input: move
input: moved
input: move
input: moved
input: move
input: move moved
input: moved
input: move
input: moved
input: move
input: moved
input: move
input: moved
input: move
input: moved
input: move
input: moved
input: move
input: moved
input: move
input: move moved
input: moved
input: move
input: moved
input: move
input: moved
input: move
input: moved
input: move
input: moved
input: move
input: moved
input: move
input: moved
input: move
input: move moved
input: moved
input: move
input: moved
input: move
input: moved
input: move
input: moved
input: move
input: moved
input: move
input: moved
input: move
input: moved
input: move
input: moved
input: move
input: moved
input: move
input: moved
input: move
input: moved
input: move
input: moved
input: move
input: moved
input: move
input: moved
input: move
input: moved
input: move
input: moved
input: move
input: move moved
input: moved
input: move
input: moved
input: move
input: moved
input: move
input: moved
input: move
input: moved
input: move
input: moved
input: move
input: move moved
input: moved
input: move
input: moved
input: move
input: moved
input: move
input: moved
input: move
input: moved
input: move
input: moved
input: move
input: moved
input: move
input: moved
input: move
input: moved
input: move
input: moved
input: move
input: moved
input: move
input: moved
input: move
input: moved
input: move
input: moved
input: move
input: move moved
input: moved
input: move
input: moved
input: move
input: moved
input: move
input: moved
input: move
input: move moved
input: moved
input: move
input: moved
input: move
input: moved
input: move
input: moved
input: move
input: moved
input: move
input: moved
input: move
input: moved
input: move
input: move moved
input: moved
input: move
input: moved
input: move
input: moved
input: move
input: moved
input: move
input: key-up 32 -> 1 activation(s)
redraw 13 at 15684 ms: scene + GPU 1 ms, damage only, 28 quads, 98 glyphs cached, atlas 96 entries, 84632 texels uploaded
input: moved
input: move
input: moved
input: move
input: moved
input: move
input: moved
input: move
input: moved
input: move
input: moved
input: move
input: moved
input: move
input: moved
input: move
input: moved
input: move
input: moved
input: move
input: moved
input: move
input: moved
input: move
input: moved
input: move
input: moved
input: move
input: moved
input: move
input: moved
input: move
input: moved
input: move
input: moved
input: move
input: moved
input: move
input: moved
input: move
input: moved
input: move
input: moved
input: move
input: moved
input: move
input: moved
input: move
input: move moved
input: moved
input: move
input: moved
input: move
input: moved
input: move
input: moved
input: move
input: moved
input: move
input: moved
input: move
input: moved
input: move
input: move
input: moved
input: moved
input: move
input: moved
input: move
input: moved
input: move
input: moved
input: move
input: moved
input: move
input: moved
input: move
input: moved
input: move
input: moved
input: move
input: moved
input: move
input: moved
input: move
input: moved
input: move
input: moved
input: move
input: key-down 32
redraw 14 at 15988 ms: scene + GPU 1 ms, damage only, 11 quads, 98 glyphs cached, atlas 96 entries, 84632 texels uploaded
input: key-up 32 -> 1 activation(s)
redraw 15 at 16295 ms: scene + GPU 1 ms, damage only, 28 quads, 99 glyphs cached, atlas 97 entries, 84749 texels uploaded
input: moved
input: move
input: key-down 32
redraw 16 at 16599 ms: scene + GPU 1 ms, damage only, 11 quads, 99 glyphs cached, atlas 97 entries, 84749 texels uploaded
input: move
input: moved
input: move
input: moved
input: move
input: moved
input: move
input: moved
input: move
input: move moved
input: moved
input: move
input: moved
input: move
input: moved
input: move
input: moved
input: move
input: moved
input: move
input: moved
input: move
input: moved
input: move
input: moved
input: move
input: moved
input: move
input: moved
input: move
input: moved
input: move
input: moved
input: move
input: moved
input: move
input: moved
input: move
input: moved
input: move
input: moved
input: move
input: moved
input: move
input: moved
input: move
input: moved
input: move
input: moved
input: move
input: moved
input: move
input: moved
input: move
input: moved
input: move
input: moved
input: move
input: moved
input: move
input: moved
input: move
input: moved
input: move
input: moved
input: move
input: moved
input: move
input: moved
input: move
input: moved
input: move
input: moved
input: move
input: moved
input: move
input: moved
input: move
input: moved
input: move
input: moved
input: move
input: move moved
input: moved
input: move
input: moved
input: move
input: moved
input: move
input: moved
input: move
input: move moved
input: moved
input: move
input: moved
input: move
input: moved
input: move
input: key-up 32 -> 1 activation(s)
redraw 17 at 16906 ms: scene + GPU 1 ms, damage only, 28 quads, 100 glyphs cached, atlas 98 entries, 84866 texels uploaded
input: key-down 32
redraw 18 at 17212 ms: scene + GPU 1 ms, damage only, 11 quads, 100 glyphs cached, atlas 98 entries, 84866 texels uploaded
input: key-up 32 -> 1 activation(s)
redraw 19 at 17520 ms: scene + GPU 2 ms, damage only, 28 quads, 101 glyphs cached, atlas 99 entries, 84974 texels uploaded
input: key-down 32
redraw 20 at 17824 ms: scene + GPU 1 ms, damage only, 11 quads, 101 glyphs cached, atlas 99 entries, 84974 texels uploaded
input: key-up 32 -> 1 activation(s)
redraw 21 at 18129 ms: scene + GPU 4 ms, damage only, 28 quads, 102 glyphs cached, atlas 100 entries, 85091 texels uploaded
input: key-down 32
redraw 22 at 18431 ms: scene + GPU 1 ms, damage only, 11 quads, 102 glyphs cached, atlas 100 entries, 85091 texels uploaded
input: key-up 32 -> 1 activation(s)
redraw 23 at 18733 ms: scene + GPU 1 ms, damage only, 28 quads, 103 glyphs cached, atlas 101 entries, 85208 texels uploaded
input: move
input: key-down 32
redraw 24 at 19039 ms: scene + GPU 1 ms, damage only, 11 quads, 103 glyphs cached, atlas 101 entries, 85208 texels uploaded
input: key-up 32 -> 1 activation(s)
redraw 25 at 19347 ms: scene + GPU 4 ms, damage only, 29 quads, 104 glyphs cached, atlas 102 entries, 85325 texels uploaded
input: key-down 32
redraw 26 at 19650 ms: scene + GPU 1 ms, damage only, 11 quads, 104 glyphs cached, atlas 102 entries, 85325 texels uploaded
input: key-up 32 -> 1 activation(s)
redraw 27 at 19956 ms: scene + GPU 1 ms, damage only, 29 quads, 104 glyphs cached, atlas 102 entries, 85325 texels uploaded
input: key-down 32
redraw 28 at 20262 ms: scene + GPU 1 ms, damage only, 11 quads, 104 glyphs cached, atlas 102 entries, 85325 texels uploaded
input: key-up 32 -> 1 activation(s)
redraw 29 at 20564 ms: scene + GPU 1 ms, damage only, 29 quads, 104 glyphs cached, atlas 102 entries, 85325 texels uploaded
input: key-down 32
redraw 30 at 20866 ms: scene + GPU 0 ms, damage only, 11 quads, 104 glyphs cached, atlas 102 entries, 85325 texels uploaded
input: key-up 32 -> 1 activation(s)
redraw 31 at 21175 ms: scene + GPU 1 ms, damage only, 29 quads, 104 glyphs cached, atlas 102 entries, 85325 texels uploaded
input: key-down 32
redraw 32 at 21482 ms: scene + GPU 0 ms, damage only, 11 quads, 104 glyphs cached, atlas 102 entries, 85325 texels uploaded
input: move
input: move
input: move
input: move
input: move
input: move
input: move
input: move
input: move
input: move
input: move
input: move
input: move
input: move
input: move
input: move
input: move
input: move
input: move
input: move
input: move
input: move
input: move
input: move
input: move
input: move
input: move
input: move
input: move
input: move
input: move
input: move
input: move
input: move
input: move
input: move
input: move
input: move
input: move
input: move
input: move
input: move
input: move
input: move
input: move
input: move
input: move
input: move
input: move
input: move
input: move
input: move
input: move
input: move
input: move
input: move
input: move
input: move
input: move
input: move
input: move
input: move
input: move
input: move
input: move
input: move
input: move
input: move
input: move
input: move
input: move
input: move
input: move
input: move
input: move
input: move
input: move
input: move
input: move
input: move
input: move
input: move
input: move
input: move
input: move
input: move
input: move
input: move
input: move
input: move
input: move
input: move
input: move
input: move
input: move
input: move
input: move
input: move
input: move
input: move
input: move
input: move
input: move
input: move
input: move
input: move
input: move
input: move
input: move
input: move
input: move
input: move
input: move
input: move
input: move
input: move
input: move
input: move
input: move
input: move
input: move
input: move
input: move
input: move
input: move
input: move
input: move
input: move
input: move
input: move
input: move
input: move
input: move
input: move
input: move
input: move
input: move
input: move
input: move
input: move
input: move
input: move
input: move
input: move
input: move
input: move
input: move
input: move
input: move
input: move
input: move
input: move
input: move
input: move
input: move
input: move
input: move
input: move
input: move
input: move
input: move
input: move
input: move
input: move
input: move
input: move
input: move
input: move
input: move
input: move
input: move
input: move
input: move
input: move
input: move
input: move
input: move
input: move
input: move
input: move
input: move
input: key-up 32 -> 1 activation(s)
redraw 33 at 21789 ms: scene + GPU 0 ms, damage only, 29 quads, 104 glyphs cached, atlas 102 entries, 85325 texels uploaded
input: move
input: move
input: move
input: move
input: move
input: move
input: move
input: move
input: move
input: move
input: move
input: move
input: move
input: move
input: move
input: move
input: move
input: move
input: move
input: move
input: move
input: move
input: move
input: move
input: move
input: move
input: move
input: move
input: move
input: move
input: move
input: move
input: move
input: move
input: move
input: move
input: move
input: move
input: move
input: move
input: leave
input: focus-out
redraw 34 at 21831 ms: scene + GPU 1 ms, damage only, 10 quads, 104 glyphs cached, atlas 102 entries, 85325 texels uploaded
input: key-down 32
input: key-up 32
input: key-down 32
input: key-up 32
input: key-down 32
input: key-up 32
input: key-down 32
input: key-up 32
input: key-down 32
input: key-up 32
input: key-down 32
input: key-up 32
input: key-down 32
input: key-up 32
input: key-down 32
input: key-up 32
input: key-down 32
input: key-up 32
input: key-down 32
input: key-up 32
input: key-down 32
input: key-up 32
input: key-down 32
input: key-up 32
input: key-down 32
input: key-up 32
input: key-down 32
input: key-up 32
input: key-down 32
input: key-up 32
input: key-down 32
input: key-up 32
input: resize 1100x700 moved
redraw 35 at 32537 ms: scene + GPU 0 ms, whole, 221 quads, 104 glyphs cached, atlas 102 entries, 85325 texels uploaded
input: expose
redraw 36 at 32538 ms: scene + GPU 0 ms, damage only, 0 quads, 104 glyphs cached, atlas 102 entries, 85325 texels uploaded
input: resize 640x760 expose moved
redraw 37 at 34047 ms: scene + GPU 1 ms, whole, 221 quads, 104 glyphs cached, atlas 102 entries, 85325 texels uploaded
input: resize 1280x480 moved
redraw 38 at 35558 ms: scene + GPU 1 ms, whole, 221 quads, 104 glyphs cached, atlas 102 entries, 85325 texels uploaded
input: expose
redraw 39 at 35558 ms: scene + GPU 0 ms, damage only, 0 quads, 104 glyphs cached, atlas 102 entries, 85325 texels uploaded
input: resize 760x560 expose moved
redraw 40 at 37064 ms: scene + GPU 1 ms, whole, 221 quads, 104 glyphs cached, atlas 102 entries, 85325 texels uploaded
input: resize 900x560 expose moved
redraw 41 at 38571 ms: scene + GPU 0 ms, whole, 221 quads, 104 glyphs cached, atlas 102 entries, 85325 texels uploaded
input: close
frames presented: 41, redraws: 41, clicks: 14
teardown: 0 native objects left; driver messages: 0 warnings, 0 errors
window objects left: 0
exit=0
