instance 91308197688056 91308220353048 0 pid 3941521
device 91308221082469 91308343113054 0
swapchain 91308343524908 91308396509620 0 5a3045317e30 900x560 mode 2 images 4
acquire 91308405337542 91308405353047 0 5a3045317e30 3
present 91308405533866 91308405731097 0 5a3045317e30 3
acquire 91308405966252 91308405975401 0 5a3045317e30 2
present 91308406035465 91308406099370 0 5a3045317e30 2
acquire 91320735347514 91320735362390 0 5a3045317e30 1
present 91320735477558 91320735593984 0 5a3045317e30 1
acquire 91321121732737 91321121751734 0 5a3045317e30 0
present 91321121897353 91321122040597 0 5a3045317e30 0
acquire 91321132744243 91321132776509 0 5a3045317e30 3
present 91321132897404 91321133034991 0 5a3045317e30 3
acquire 91321416344727 91321416377133 0 5a3045317e30 2
present 91321416519400 91321416612219 0 5a3045317e30 2
acquire 91321718191842 91321718219568 0 5a3045317e30 3
present 91321718319860 91321718426508 0 5a3045317e30 3
acquire 91322021784007 91322021812223 0 5a3045317e30 2
present 91322021936820 91322022061696 0 5a3045317e30 2
acquire 91322327039161 91322327069681 0 5a3045317e30 3
present 91322327185617 91322327474690 0 5a3045317e30 3
acquire 91322633598039 91322633629258 0 5a3045317e30 3
present 91322633778578 91322633998019 0 5a3045317e30 3
acquire 91322935369306 91322935396265 0 5a3045317e30 3
present 91322935493623 91322935815591 0 5a3045317e30 3
acquire 91323236640091 91323236675920 0 5a3045317e30 3
present 91323236831177 91323237188554 0 5a3045317e30 3
acquire 91323542867643 91323542894881 0 5a3045317e30 3
present 91323543015078 91323543262735 0 5a3045317e30 3
acquire 91323846713123 91323846740361 0 5a3045317e30 3
present 91323846863840 91323847037116 0 5a3045317e30 3
acquire 91324154298736 91324154328279 0 5a3045317e30 2
present 91324154427523 91324154535916 0 5a3045317e30 2
acquire 91324458173898 91324458203930 0 5a3045317e30 3
present 91324458345987 91324458468697 0 5a3045317e30 3
acquire 91324765260426 91324765290388 0 5a3045317e30 3
present 91324765400388 91324765570521 0 5a3045317e30 3
acquire 91325071103991 91325071138563 0 5a3045317e30 2
present 91325071284461 91325071404518 0 5a3045317e30 2
acquire 91325379575819 91325379607806 0 5a3045317e30 3
present 91325379715711 91325379821799 0 5a3045317e30 3
acquire 91325682675465 91325682707941 0 5a3045317e30 2
present 91325682866550 91325682995826 0 5a3045317e30 2
acquire 91325988166891 91325988197900 0 5a3045317e30 3
present 91325988307202 91325988426840 0 5a3045317e30 3
acquire 91326290097047 91326290132316 0 5a3045317e30 2
present 91326290284570 91326290411471 0 5a3045317e30 2
acquire 91326592184135 91326592214656 0 5a3045317e30 3
present 91326592328288 91326592436472 0 5a3045317e30 3
acquire 91326898149993 91326898186659 0 5a3045317e30 2
present 91326898337376 91326898459040 0 5a3045317e30 2
acquire 91327205908951 91327205934234 0 5a3045317e30 3
present 91327206048843 91327206154722 0 5a3045317e30 3
acquire 91327509095829 91327509126350 0 5a3045317e30 2
present 91327509264286 91327509381130 0 5a3045317e30 2
acquire 91327815044854 91327815085362 0 5a3045317e30 3
present 91327815243832 91327815357882 0 5a3045317e30 3
acquire 91328121098362 91328121131257 0 5a3045317e30 2
present 91328121303555 91328121464330 0 5a3045317e30 2
acquire 91328423145851 91328423182029 0 5a3045317e30 3
present 91328423335540 91328423456435 0 5a3045317e30 3
acquire 91328725182375 91328725219042 0 5a3045317e30 2
present 91328725368921 91328725504343 0 5a3045317e30 2
acquire 91329033677320 91329033711682 0 5a3045317e30 3
present 91329033866310 91329033985040 0 5a3045317e30 3
acquire 91329341475180 91329341506190 0 5a3045317e30 2
present 91329341652297 91329341759574 0 5a3045317e30 2
acquire 91329648425309 91329648458204 0 5a3045317e30 3
present 91329648626172 91329648761734 0 5a3045317e30 3
acquire 91329689968923 91329690018021 0 5a3045317e30 2
present 91329690186478 91329690307583 0 5a3045317e30 2
swapchain 91340391968882 91340395445924 0 5a304549ded0 1100x700 mode 2 images 4
acquire 91340396665630 91340396677712 0 5a304549ded0 3
present 91340396805242 91340396920829 0 5a304549ded0 3
acquire 91340397136359 91340397146766 0 5a304549ded0 2
present 91340397208296 91340397292734 0 5a304549ded0 2
swapchain 91341901077974 91341904972666 0 5a3045317e30 640x760 mode 2 images 4
acquire 91341906169185 91341906181267 0 5a3045317e30 3
present 91341906305794 91341906421591 0 5a3045317e30 3
swapchain 91343411191452 91343415397566 0 5a304549ded0 1280x480 mode 2 images 4
acquire 91343416921290 91343416932395 0 5a304549ded0 3
present 91343417061182 91343417170344 0 5a304549ded0 3
acquire 91343417312889 91343417321410 0 5a304549ded0 2
present 91343417372953 91343417451035 0 5a304549ded0 2
swapchain 91344917856802 91344921711126 0 5a3045317e30 760x560 mode 2 images 4
acquire 91344922813289 91344922823696 0 5a3045317e30 3
present 91344922941448 91344923093282 0 5a3045317e30 3
swapchain 91346425986791 91346429620906 0 5a304549ded0 900x560 mode 2 images 4
acquire 91346430607203 91346430618308 0 5a304549ded0 3
present 91346430734593 91346430846409 0 5a304549ded0 3
