instance 88331324708928 88331335997757 0 pid 3473855
device 88331336700777 88331447714602 0
swapchain 88331448181838 88331499564182 0 5eced8af5e30 900x560 mode 2 images 4
acquire 88331507441206 88331507456990 0 5eced8af5e30 3
present 88331507644164 88331507867166 0 5eced8af5e30 3
acquire 88331507991763 88331508011179 0 5eced8af5e30 2
present 88331508059928 88331508121527 0 5eced8af5e30 2
acquire 88343843544685 88343843559282 0 5eced8af5e30 1
present 88343843653218 88343843772436 0 5eced8af5e30 1
acquire 88344524502615 88344524521263 0 5eced8af5e30 0
present 88344524664437 88344524806005 0 5eced8af5e30 0
acquire 88344828254508 88344828290686 0 5eced8af5e30 3
present 88344828440006 88344828569631 0 5eced8af5e30 3
acquire 88345130021518 88345130053435 0 5eced8af5e30 2
present 88345130164133 88345130257441 0 5eced8af5e30 2
acquire 88345436623206 88345436654704 0 5eced8af5e30 3
present 88345436770291 88345436891954 0 5eced8af5e30 3
acquire 88345741840574 88345741872073 0 5eced8af5e30 2
present 88345742017272 88345742202700 0 5eced8af5e30 2
acquire 88346044953073 88346044978355 0 5eced8af5e30 3
present 88346045088844 88346045195352 0 5eced8af5e30 3
acquire 88346344860985 88346344894369 0 5eced8af5e30 2
present 88346345057797 88346345184000 0 5eced8af5e30 2
acquire 88346653326453 88346653360256 0 5eced8af5e30 3
present 88346653481919 88346653609798 0 5eced8af5e30 3
acquire 88346954874093 88346954901820 0 5eced8af5e30 2
present 88346955030188 88346955143750 0 5eced8af5e30 2
acquire 88347264041324 88347264071845 0 5eced8af5e30 3
present 88347264183451 88347264301692 0 5eced8af5e30 3
acquire 88347566337871 88347566370766 0 5eced8af5e30 2
present 88347566502976 88347566750702 0 5eced8af5e30 2
acquire 88347873622816 88347873654734 0 5eced8af5e30 3
present 88347873782682 88347873903298 0 5eced8af5e30 3
acquire 88348179211811 88348179240376 0 5eced8af5e30 2
present 88348179369093 88348179480699 0 5eced8af5e30 2
acquire 88348486258459 88348486288002 0 5eced8af5e30 3
present 88348486408268 88348486542083 0 5eced8af5e30 3
acquire 88348790787057 88348790821349 0 5eced8af5e30 2
present 88348790994974 88348791130675 0 5eced8af5e30 2
acquire 88349098341590 88349098373577 0 5eced8af5e30 3
present 88349098524783 88349098656014 0 5eced8af5e30 3
acquire 88349398401688 88349398442196 0 5eced8af5e30 2
present 88349398653116 88349398815287 0 5eced8af5e30 2
acquire 88349700180994 88349700222619 0 5eced8af5e30 3
present 88349700402390 88349700562606 0 5eced8af5e30 3
acquire 88350006382915 88350006412458 0 5eced8af5e30 2
present 88350006554236 88350006667308 0 5eced8af5e30 2
acquire 88350310463066 88350310514259 0 5eced8af5e30 3
present 88350310699687 88350310842093 0 5eced8af5e30 3
acquire 88350617252491 88350617284827 0 5eced8af5e30 2
present 88350617432262 88350617549804 0 5eced8af5e30 2
acquire 88350923252433 88350923280998 0 5eced8af5e30 3
present 88350923408388 88350923516851 0 5eced8af5e30 3
acquire 88351229053188 88351229117093 0 5eced8af5e30 2
present 88351229242108 88351229370895 0 5eced8af5e30 2
acquire 88351531161308 88351531199650 0 5eced8af5e30 3
present 88351531397720 88351531559611 0 5eced8af5e30 3
acquire 88351833215161 88351833242189 0 5eced8af5e30 2
present 88351833383757 88351833517363 0 5eced8af5e30 2
acquire 88352141654861 88352141686779 0 5eced8af5e30 3
present 88352141848461 88352141963349 0 5eced8af5e30 3
acquire 88352449559161 88352449610005 0 5eced8af5e30 2
present 88352449785935 88352449904455 0 5eced8af5e30 2
acquire 88352756508244 88352756540231 0 5eced8af5e30 3
present 88352756665945 88352756784466 0 5eced8af5e30 3
acquire 88353065041602 88353065075964 0 5eced8af5e30 2
present 88353065243792 88353065363430 0 5eced8af5e30 2
acquire 88353369501412 88353369532421 0 5eced8af5e30 3
present 88353369663024 88353369769462 0 5eced8af5e30 3
acquire 88353670256641 88353670290025 0 5eced8af5e30 2
present 88353670425727 88353670544526 0 5eced8af5e30 2
acquire 88353973328709 88353973363490 0 5eced8af5e30 3
present 88353973515394 88353973629305 0 5eced8af5e30 3
acquire 88354278107273 88354278141565 0 5eced8af5e30 2
present 88354278296054 88354278413945 0 5eced8af5e30 2
acquire 88354580748911 88354580779432 0 5eced8af5e30 3
present 88354580917996 88354581047482 0 5eced8af5e30 3
acquire 88354884671015 88354884701465 0 5eced8af5e30 2
present 88354884828716 88354884945141 0 5eced8af5e30 2
acquire 88355192282054 88355192313552 0 5eced8af5e30 3
present 88355192442060 88355192568332 0 5eced8af5e30 3
acquire 88355498300438 88355498338012 0 5eced8af5e30 2
present 88355498498298 88355498623802 0 5eced8af5e30 2
acquire 88355803321492 88355803354387 0 5eced8af5e30 3
present 88355803495885 88355803613637 0 5eced8af5e30 3
acquire 88356103675207 88356103711385 0 5eced8af5e30 2
present 88356103859308 88356103981530 0 5eced8af5e30 2
acquire 88356409868544 88356409902137 0 5eced8af5e30 3
present 88356410124721 88356410243450 0 5eced8af5e30 3
acquire 88356712939147 88356712967502 0 5eced8af5e30 2
present 88356713107953 88356713212225 0 5eced8af5e30 2
acquire 88357016726738 88357016763405 0 5eced8af5e30 3
present 88357016925366 88357017055620 0 5eced8af5e30 3
acquire 88357320134465 88357320166173 0 5eced8af5e30 2
present 88357320310465 88357320424794 0 5eced8af5e30 2
acquire 88357625448294 88357625478815 0 5eced8af5e30 3
present 88357625600129 88357625708732 0 5eced8af5e30 3
acquire 88357929539067 88357929564768 0 5eced8af5e30 2
present 88357929680634 88357929780018 0 5eced8af5e30 2
acquire 88358230745683 88358230777181 0 5eced8af5e30 3
present 88358230913721 88358231080222 0 5eced8af5e30 3
acquire 88358535107579 88358535137681 0 5eced8af5e30 2
present 88358535275896 88358535397001 0 5eced8af5e30 2
acquire 88358841602142 88358841640834 0 5eced8af5e30 3
present 88358841804751 88358841918452 0 5eced8af5e30 3
acquire 88359146700932 88359146731452 0 5eced8af5e30 2
present 88359146859611 88359146972683 0 5eced8af5e30 2
acquire 88359451161514 88359451192803 0 5eced8af5e30 3
present 88359451342053 88359451467278 0 5eced8af5e30 3
acquire 88359758951071 88359758983757 0 5eced8af5e30 2
present 88359759139642 88359759261514 0 5eced8af5e30 2
acquire 88360061244415 88360061277590 0 5eced8af5e30 3
present 88360061419647 88360061531113 0 5eced8af5e30 3
acquire 88360364876265 88360364907344 0 5eced8af5e30 2
present 88360365061832 88360365173927 0 5eced8af5e30 2
acquire 88360672837981 88360672868990 0 5eced8af5e30 3
present 88360673018869 88360673134246 0 5eced8af5e30 3
acquire 88360976977016 88360977020038 0 5eced8af5e30 2
present 88360977160348 88360977274818 0 5eced8af5e30 2
acquire 88361281598443 88361281635599 0 5eced8af5e30 3
present 88361281816417 88361281946252 0 5eced8af5e30 3
acquire 88361581954049 88361581991694 0 5eced8af5e30 2
present 88361582200239 88361582343204 0 5eced8af5e30 2
acquire 88361884072583 88361884104012 0 5eced8af5e30 3
present 88361884248723 88361884379954 0 5eced8af5e30 3
acquire 88362185144619 88362185171508 0 5eced8af5e30 2
present 88362185303717 88362185417209 0 5eced8af5e30 2
acquire 88362485735800 88362485768206 0 5eced8af5e30 3
present 88362485904955 88362486032275 0 5eced8af5e30 3
