instance 88194364048288 88194384464566 0 pid 3452933
device 88194385263896 88194506871227 0
swapchain 88194507429397 88194556362882 0 587cae1dace0 900x560 mode 2 images 4
acquire 88194598563273 88194598577520 0 587cae1dace0 3
present 88194598949563 88194599151404 0 587cae1dace0 3
acquire 88194600228422 88194600236943 0 587cae1dace0 2
present 88194600281432 88194600363216 0 587cae1dace0 2
acquire 88206966361520 88206966375768 0 587cae1dace0 1
present 88206966481228 88206966594719 0 587cae1dace0 1
acquire 88207647343595 88207647361194 0 587cae1dace0 0
present 88207647483346 88207647612133 0 587cae1dace0 0
acquire 88207949596076 88207949623733 0 587cae1dace0 3
present 88207949726399 88207949825085 0 587cae1dace0 3
acquire 88208252971532 88208253045004 0 587cae1dace0 2
present 88208253258229 88208253374794 0 587cae1dace0 2
acquire 88208558273203 88208558301768 0 587cae1dace0 3
present 88208558412536 88208558524352 0 587cae1dace0 3
acquire 88208864689957 88208864713982 0 587cae1dace0 2
present 88208864842979 88208864945435 0 587cae1dace0 2
acquire 88209166713082 88209166746745 0 587cae1dace0 3
present 88209166843126 88209166943348 0 587cae1dace0 3
acquire 88209467834490 88209467864521 0 587cae1dace0 2
present 88209468051556 88209468185581 0 587cae1dace0 2
acquire 88209776048114 88209776078635 0 587cae1dace0 3
present 88209776211682 88209776338653 0 587cae1dace0 3
acquire 88210077788733 88210077820022 0 587cae1dace0 2
present 88210077959285 88210078110351 0 587cae1dace0 2
acquire 88210386058232 88210386084143 0 587cae1dace0 3
present 88210386176193 88210386278231 0 587cae1dace0 3
acquire 88210689548369 88210689580356 0 587cae1dace0 2
present 88210689724019 88210689851828 0 587cae1dace0 2
acquire 88210997756477 88210997799290 0 587cae1dace0 3
present 88210997941696 88210998076349 0 587cae1dace0 3
acquire 88211302401786 88211302429443 0 587cae1dace0 2
present 88211302554878 88211302663062 0 587cae1dace0 2
acquire 88211609677029 88211609705594 0 587cae1dace0 3
present 88211609806864 88211609909390 0 587cae1dace0 3
acquire 88211914033476 88211914076009 0 587cae1dace0 2
present 88211914278758 88211914446446 0 587cae1dace0 2
acquire 88212217014334 88212217039058 0 587cae1dace0 3
present 88212217133483 88212217232098 0 587cae1dace0 3
acquire 88212521436153 88212521466185 0 587cae1dace0 2
present 88212521600629 88212521720755 0 587cae1dace0 2
acquire 88212823432463 88212823459212 0 587cae1dace0 3
present 88212823562577 88212823664475 0 587cae1dace0 3
acquire 88213129463000 88213129494010 0 587cae1dace0 2
present 88213129638022 88213129750676 0 587cae1dace0 2
acquire 88213433422333 88213433453831 0 587cae1dace0 3
present 88213433598472 88213433710008 0 587cae1dace0 3
acquire 88213740638632 88213740682423 0 587cae1dace0 2
present 88213740849971 88213740986371 0 587cae1dace0 2
acquire 88214046304391 88214046335401 0 587cae1dace0 3
present 88214046478016 88214046594162 0 587cae1dace0 3
acquire 88214352120658 88214352152156 0 587cae1dace0 2
present 88214352297565 88214352418181 0 587cae1dace0 2
acquire 88214654311547 88214654350309 0 587cae1dace0 3
present 88214654528264 88214654651254 0 587cae1dace0 3
acquire 88214956331815 88214956361358 0 587cae1dace0 2
present 88214956497687 88214956615160 0 587cae1dace0 2
acquire 88215264810632 88215264840454 0 587cae1dace0 3
present 88215265025254 88215265151526 0 587cae1dace0 3
acquire 88215572748461 88215572779471 0 587cae1dace0 2
present 88215572925229 88215573058905 0 587cae1dace0 2
acquire 88215879835836 88215879877811 0 587cae1dace0 3
present 88215880063798 88215880193562 0 587cae1dace0 3
acquire 88216188161912 88216188194807 0 587cae1dace0 2
present 88216188334978 88216188448121 0 587cae1dace0 2
acquire 88216492774611 88216492802687 0 587cae1dace0 3
present 88216492926236 88216493035607 0 587cae1dace0 3
acquire 88216793459800 88216793487457 0 587cae1dace0 2
present 88216793622250 88216793735462 0 587cae1dace0 2
acquire 88217096533552 88217096565539 0 587cae1dace0 3
present 88217096702777 88217096817875 0 587cae1dace0 3
acquire 88217401292150 88217401323648 0 587cae1dace0 2
present 88217401458441 88217401566625 0 587cae1dace0 2
acquire 88217703939244 88217703971440 0 587cae1dace0 3
present 88217704126418 88217704242005 0 587cae1dace0 3
acquire 88218007835445 88218007865546 0 587cae1dace0 2
present 88218007995241 88218008110409 0 587cae1dace0 2
acquire 88218315398580 88218315429170 0 587cae1dace0 3
present 88218315566408 88218315681995 0 587cae1dace0 3
acquire 88218621439041 88218621469562 0 587cae1dace0 2
present 88218621607288 88218621725250 0 587cae1dace0 2
acquire 88218926519677 88218926550896 0 587cae1dace0 3
present 88218926701124 88218926818108 0 587cae1dace0 3
acquire 88219226757886 88219226789803 0 587cae1dace0 2
present 88219226925085 88219227053593 0 587cae1dace0 2
acquire 88219532927833 88219532960519 0 587cae1dace0 3
present 88219533148950 88219533265794 0 587cae1dace0 3
acquire 88219836113404 88219836143994 0 587cae1dace0 2
present 88219836280953 88219836393955 0 587cae1dace0 2
acquire 88220139825786 88220139857633 0 587cae1dace0 3
present 88220139995779 88220140124356 0 587cae1dace0 3
acquire 88220443306715 88220443334302 0 587cae1dace0 2
present 88220443461902 88220443568479 0 587cae1dace0 2
acquire 88220748430445 88220748462851 0 587cae1dace0 3
present 88220748615873 88220748739142 0 587cae1dace0 3
acquire 88221052688496 88221052721461 0 587cae1dace0 2
present 88221052875600 88221052995796 0 587cae1dace0 2
acquire 88221353812152 88221353838831 0 587cae1dace0 3
present 88221353971459 88221354093820 0 587cae1dace0 3
acquire 88221658170355 88221658200387 0 587cae1dace0 2
present 88221658339999 88221658457053 0 587cae1dace0 2
acquire 88221964871795 88221964904411 0 587cae1dace0 3
present 88221965084741 88221965205007 0 587cae1dace0 3
acquire 88222269928969 88222269960397 0 587cae1dace0 2
present 88222270112790 88222270226212 0 587cae1dace0 2
acquire 88222574403110 88222574440265 0 587cae1dace0 3
present 88222574597826 88222574721794 0 587cae1dace0 3
acquire 88222882137849 88222882167950 0 587cae1dace0 2
present 88222882306724 88222882416445 0 587cae1dace0 2
acquire 88223184522416 88223184564321 0 587cae1dace0 3
present 88223184697647 88223184807577 0 587cae1dace0 3
acquire 88223488213989 88223488243602 0 587cae1dace0 2
present 88223488377068 88223488489163 0 587cae1dace0 2
acquire 88223796122354 88223796153853 0 587cae1dace0 3
present 88223796290322 88223796400112 0 587cae1dace0 3
acquire 88224100334802 88224100370351 0 587cae1dace0 2
present 88224100547468 88224100672274 0 587cae1dace0 2
acquire 88224404883745 88224404916151 0 587cae1dace0 3
present 88224405077903 88224405204804 0 587cae1dace0 3
acquire 88224705204791 88224705235661 0 587cae1dace0 2
present 88224705387775 88224705530460 0 587cae1dace0 2
acquire 88225007287787 88225007320682 0 587cae1dace0 3
present 88225007462599 88225007573995 0 587cae1dace0 3
acquire 88225308492951 88225308523961 0 587cae1dace0 2
present 88225308668322 88225308788449 0 587cae1dace0 2
acquire 88225609094061 88225609123883 0 587cae1dace0 3
present 88225609266289 88225609376777 0 587cae1dace0 3
