instance 73273627879155 73273643512048 0 pid 1236955
device 73273644315710 73273763427478 0
swapchain 73273764011140 73273816551027 0 60bfd46f1ec0 900x560 mode 2 images 4
acquire 73273825622693 73273825636522 0 60bfd46f1ec0 3
present 73273825796249 73273825984051 0 60bfd46f1ec0 3
acquire 73273827274297 73273827284284 0 60bfd46f1ec0 2
present 73273827449458 73273827548214 1000001003 60bfd46f1ec0 2
swapchain 73273828112181 73273831059547 0 60bfd4868280 900x560 mode 2 images 4
acquire 73273832303767 73273832313405 0 60bfd4868280 3
present 73273832471805 73273832554706 0 60bfd4868280 3
acquire 73286194078179 73286194092497 0 60bfd4868280 2
present 73286194283442 73286194391556 0 60bfd4868280 2
acquire 73286874925978 73286874941274 0 60bfd4868280 1
present 73286875126842 73286875233349 0 60bfd4868280 1
acquire 73287201788544 73287201801464 0 60bfd4868280 0
present 73287201967477 73287202095705 0 60bfd4868280 0
acquire 73287203351379 73287203381411 0 60bfd4868280 3
present 73287203578013 73287203685010 0 60bfd4868280 3
acquire 73287495364679 73287495389892 0 60bfd4868280 2
present 73287495578323 73287495712907 0 60bfd4868280 2
acquire 73287496895108 73287496909915 0 60bfd4868280 1
present 73287497059445 73287497128448 0 60bfd4868280 1
acquire 73287798185129 73287798216627 0 60bfd4868280 3
present 73287798425522 73287798542087 0 60bfd4868280 3
acquire 73287799926897 73287799942751 0 60bfd4868280 2
present 73287800153951 73287800254242 0 60bfd4868280 2
acquire 73288095954108 73288095983162 0 60bfd4868280 3
present 73288096229003 73288096349688 0 60bfd4868280 3
acquire 73288097712219 73288097728981 0 60bfd4868280 1
present 73288097874809 73288097947863 0 60bfd4868280 1
acquire 73288396957570 73288396992421 0 60bfd4868280 3
present 73288397200338 73288397316344 0 60bfd4868280 3
acquire 73288399115731 73288399139477 0 60bfd4868280 2
present 73288399337547 73288399447337 0 60bfd4868280 2
acquire 73288698640936 73288698670548 0 60bfd4868280 3
present 73288698845151 73288698956199 0 60bfd4868280 3
acquire 73288700328507 73288700347923 0 60bfd4868280 2
present 73288701816054 73288701905730 0 60bfd4868280 2
acquire 73288999016247 73288999049142 0 60bfd4868280 3
present 73288999269141 73288999399744 0 60bfd4868280 3
acquire 73289000915856 73289000934992 0 60bfd4868280 2
present 73289001097862 73289001181252 0 60bfd4868280 2
acquire 73289306320707 73289306348015 0 60bfd4868280 3
present 73289306559843 73289306678503 0 60bfd4868280 3
acquire 73289308126520 73289308143212 0 60bfd4868280 1
present 73289308287294 73289308371662 0 60bfd4868280 1
acquire 73289601519811 73289601547957 0 60bfd4868280 3
present 73289601725494 73289601839405 0 60bfd4868280 3
acquire 73289603199910 73289603217300 0 60bfd4868280 2
present 73289603372068 73289603457973 0 60bfd4868280 2
acquire 73289899346549 73289899371762 0 60bfd4868280 3
present 73289899578003 73289899693730 0 60bfd4868280 3
acquire 73289901060102 73289901076654 0 60bfd4868280 2
present 73289901218920 73289901317955 0 60bfd4868280 2
acquire 73290199087912 73290199117455 0 60bfd4868280 3
present 73290199329283 73290199448502 0 60bfd4868280 3
acquire 73290200829960 73290200847490 0 60bfd4868280 1
present 73290201018321 73290201093680 0 60bfd4868280 1
acquire 73290502874474 73290502904995 0 60bfd4868280 3
present 73290503182543 73290503300226 0 60bfd4868280 3
acquire 73290504756902 73290504774572 0 60bfd4868280 2
present 73290504929689 73290505027467 0 60bfd4868280 2
acquire 73290800126838 73290800158337 0 60bfd4868280 3
present 73290800374425 73290800488546 0 60bfd4868280 3
acquire 73290801857013 73290801874543 0 60bfd4868280 2
present 73290802042092 73290802125692 0 60bfd4868280 2
acquire 73291097940655 73291097968801 0 60bfd4868280 3
present 73291098174553 73291098280014 0 60bfd4868280 3
acquire 73291099635979 73291099653649 0 60bfd4868280 2
present 73291099800595 73291099874836 0 60bfd4868280 2
acquire 73291398396214 73291398425547 0 60bfd4868280 3
present 73291398640309 73291398747585 0 60bfd4868280 3
acquire 73291400116890 73291400132185 0 60bfd4868280 2
present 73291400279411 73291400357423 0 60bfd4868280 2
acquire 73291699054521 73291699082597 0 60bfd4868280 3
present 73291699289397 73291699395416 0 60bfd4868280 3
acquire 73291700783439 73291700800270 0 60bfd4868280 2
present 73291700946099 73291701035845 0 60bfd4868280 2
acquire 73292005199479 73292005228184 0 60bfd4868280 3
present 73292005429536 73292005536393 0 60bfd4868280 3
acquire 73292006894314 73292006910168 0 60bfd4868280 1
present 73292007065495 73292007131285 0 60bfd4868280 1
acquire 73292301769425 73292301811959 0 60bfd4868280 3
present 73292302013311 73292302124009 0 60bfd4868280 3
acquire 73292303458673 73292303474737 0 60bfd4868280 2
present 73292303622590 73292303692152 0 60bfd4868280 2
acquire 73292607419140 73292607448683 0 60bfd4868280 3
present 73292607641933 73292607750955 0 60bfd4868280 3
acquire 73292609129619 73292609150572 0 60bfd4868280 2
present 73292609300171 73292609387752 0 60bfd4868280 2
acquire 73292900983752 73292901026564 0 60bfd4868280 3
present 73292901245167 73292901359986 0 60bfd4868280 3
acquire 73292902714765 73292902730269 0 60bfd4868280 1
present 73292902884688 73292902962282 0 60bfd4868280 1
acquire 73293206093105 73293206124604 0 60bfd4868280 3
present 73293206330286 73293206439936 0 60bfd4868280 3
acquire 73293207807286 73293207823420 0 60bfd4868280 2
present 73293207972880 73293208062556 0 60bfd4868280 2
acquire 73293501919104 73293501954304 0 60bfd4868280 3
present 73293502187154 73293502302043 0 60bfd4868280 3
acquire 73293503676237 73293503696142 0 60bfd4868280 1
present 73293503873818 73293503955253 0 60bfd4868280 1
acquire 73293799570331 73293799599874 0 60bfd4868280 3
present 73293799797454 73293799901378 0 60bfd4868280 3
acquire 73293801266283 73293801282906 0 60bfd4868280 2
present 73293801428524 73293801504302 0 60bfd4868280 2
acquire 73294109172705 73294109201968 0 60bfd4868280 3
present 73294109418965 73294109534272 0 60bfd4868280 3
acquire 73294110910352 73294110927533 0 60bfd4868280 1
present 73294111105558 73294111178892 0 60bfd4868280 1
acquire 73294400882685 73294400913904 0 60bfd4868280 3
present 73294401151364 73294401265973 0 60bfd4868280 3
acquire 73294402648339 73294402666777 0 60bfd4868280 2
present 73294402832929 73294402917298 0 60bfd4868280 2
acquire 73294718200899 73294718234074 0 60bfd4868280 3
present 73294718457566 73294718571058 0 60bfd4868280 3
acquire 73294720020960 73294720038979 0 60bfd4868280 2
present 73294720198356 73294720281397 0 60bfd4868280 2
acquire 73295003054156 73295003083978 0 60bfd4868280 3
present 73295003306003 73295003418238 0 60bfd4868280 3
acquire 73295004799486 73295004818692 0 60bfd4868280 1
present 73295004974368 73295005076546 0 60bfd4868280 1
acquire 73295300953528 73295300983071 0 60bfd4868280 3
present 73295301207820 73295301316004 0 60bfd4868280 3
acquire 73295302678395 73295302694459 0 60bfd4868280 2
present 73295302840357 73295302914598 0 60bfd4868280 2
acquire 73295603170271 73295603198487 0 60bfd4868280 3
present 73295603396207 73295603498874 0 60bfd4868280 3
acquire 73295604858122 73295604874255 0 60bfd4868280 1
present 73295605033633 73295605105290 0 60bfd4868280 1
acquire 73295906496510 73295906523748 0 60bfd4868280 3
present 73295906729221 73295906802554 -1000001004 60bfd4868280 3
swapchain 73295908584411 73295911803739 0 60bfd4887c60 1100x700 mode 2 images 4
acquire 73296082690703 73296082705580 0 60bfd4887c60 3
present 73296082888633 73296082997516 0 60bfd4887c60 3
swapchain 73297398801267 73297402121585 0 60bfd4868280 640x760 mode 2 images 4
acquire 73297575344945 73297575361987 0 60bfd4868280 3
present 73297575555237 73297575676831 0 60bfd4868280 3
swapchain 73298904244261 73298907712712 0 60bfd4887c60 1280x480 mode 2 images 4
acquire 73299080637362 73299080655102 0 60bfd4887c60 3
present 73299080875939 73299081025190 0 60bfd4887c60 3
swapchain 73300412031962 73300416297580 0 60bfd4868280 760x560 mode 2 images 4
acquire 73300588809818 73300588826440 0 60bfd4868280 3
present 73300589059919 73300589195062 0 60bfd4868280 3
swapchain 73301919630114 73301922924032 0 60bfd4887c60 900x560 mode 2 images 4
acquire 73302096819963 73302096834700 0 60bfd4887c60 3
present 73302097038287 73302097158902 0 60bfd4887c60 3
acquire 73302098564106 73302098574093 0 60bfd4887c60 2
present 73302098722925 73302098827966 0 60bfd4887c60 2
