instance 91787163506533 91787178764102 0 pid 4017916
device 91787179538082 91787310325004 0
swapchain 91787310693766 91787361936920 0 5a48dec5fee0 900x560 mode 2 images 4
acquire 91787369348533 91787369363200 0 5a48dec5fee0 3
present 91787370539814 91787370735788 0 5a48dec5fee0 3
acquire 91787370851305 91787370860874 0 5a48dec5fee0 2
present 91787370911299 91787370976181 0 5a48dec5fee0 2
acquire 91799699152393 91799699170063 0 5a48dec5fee0 1
present 91799699295847 91799699436437 0 5a48dec5fee0 1
acquire 91800380118188 91800380135579 0 5a48dec5fee0 0
present 91800380257451 91800380374365 0 5a48dec5fee0 0
acquire 91800681496254 91800681534388 0 5a48dec5fee0 3
present 91800681716254 91800681833936 0 5a48dec5fee0 3
acquire 91800985656652 91800985689548 0 5a48dec5fee0 2
present 91800985846131 91800985954804 0 5a48dec5fee0 2
acquire 91801290350497 91801290384440 0 5a48dec5fee0 3
present 91801290547589 91801290672046 0 5a48dec5fee0 3
acquire 91801597474745 91801597506662 0 5a48dec5fee0 2
present 91801597649836 91801597759068 0 5a48dec5fee0 2
acquire 91801898734360 91801898766278 0 5a48dec5fee0 3
present 91801898927541 91801899056607 0 5a48dec5fee0 3
acquire 91802200492711 91802200529937 0 5a48dec5fee0 2
present 91802200686660 91802200804622 0 5a48dec5fee0 2
acquire 91802505867228 91802505897539 0 5a48dec5fee0 3
present 91802506076752 91802506194085 0 5a48dec5fee0 3
acquire 91802810464623 91802810492210 0 5a48dec5fee0 2
present 91802810619251 91802810724082 0 5a48dec5fee0 2
acquire 91803117408261 91803117453238 0 5a48dec5fee0 3
present 91803117620438 91803117742520 0 5a48dec5fee0 3
acquire 91803421984493 91803422021648 0 5a48dec5fee0 2
present 91803422147083 91803422250239 0 5a48dec5fee0 2
acquire 91803728527941 91803728559440 0 5a48dec5fee0 3
present 91803728708481 91803728833636 0 5a48dec5fee0 3
acquire 91804034894831 91804034927726 0 5a48dec5fee0 2
present 91804035088012 91804035191377 0 5a48dec5fee0 2
acquire 91804341468520 91804341502812 0 5a48dec5fee0 3
present 91804341682165 91804341802920 0 5a48dec5fee0 3
acquire 91804646372867 91804646400733 0 5a48dec5fee0 2
present 91804646535806 91804646638892 0 5a48dec5fee0 2
acquire 91804948822436 91804948856239 0 5a48dec5fee0 3
present 91804949037756 91804949167451 0 5a48dec5fee0 3
acquire 91805253823931 91805253856198 0 5a48dec5fee0 2
present 91805254016413 91805254145759 0 5a48dec5fee0 2
acquire 91805555104778 91805555132016 0 5a48dec5fee0 3
present 91805555267438 91805555367241 0 5a48dec5fee0 3
acquire 91805861943515 91805861976410 0 5a48dec5fee0 2
present 91805862144099 91805862266740 0 5a48dec5fee0 2
acquire 91806165862123 91806165892574 0 5a48dec5fee0 3
present 91806166056281 91806166167748 0 5a48dec5fee0 3
acquire 91806472815539 91806472847037 0 5a48dec5fee0 2
present 91806472996078 91806473127589 0 5a48dec5fee0 2
acquire 91806778728252 91806778755909 0 5a48dec5fee0 3
present 91806778882740 91806778982264 0 5a48dec5fee0 3
acquire 91807084612050 91807084648856 0 5a48dec5fee0 2
present 91807084848602 91807084990100 0 5a48dec5fee0 2
acquire 91807386497792 91807386524471 0 5a48dec5fee0 3
present 91807386653747 91807386752083 0 5a48dec5fee0 3
acquire 91807688732250 91807688771920 0 5a48dec5fee0 2
present 91807688922078 91807689091792 0 5a48dec5fee0 2
acquire 91807997194514 91807997227898 0 5a48dec5fee0 3
present 91807997376451 91807997490920 0 5a48dec5fee0 3
acquire 91808305085478 91808305117954 0 5a48dec5fee0 2
present 91808305265947 91808305387122 0 5a48dec5fee0 2
acquire 91808612072976 91808612106290 0 5a48dec5fee0 3
present 91808612262874 91808612383909 0 5a48dec5fee0 3
acquire 91808920564644 91808920597120 0 5a48dec5fee0 2
present 91808920742180 91808920865729 0 5a48dec5fee0 2
acquire 91809225045613 91809225076622 0 5a48dec5fee0 3
present 91809225223149 91809225337549 0 5a48dec5fee0 3
acquire 91809525772340 91809525802861 0 5a48dec5fee0 2
present 91809525950784 91809526076219 0 5a48dec5fee0 2
acquire 91809828814302 91809828845731 0 5a48dec5fee0 3
present 91809828983597 91809829111406 0 5a48dec5fee0 3
acquire 91810133634280 91810133667245 0 5a48dec5fee0 2
present 91810133828508 91810133952965 0 5a48dec5fee0 2
acquire 91810436220808 91810436247976 0 5a48dec5fee0 3
present 91810436372433 91810436471258 0 5a48dec5fee0 3
acquire 91810740237962 91810740267644 0 5a48dec5fee0 2
present 91810740401739 91810740508108 0 5a48dec5fee0 2
acquire 91811047746475 91811047776996 0 5a48dec5fee0 3
present 91811047915281 91811048038830 0 5a48dec5fee0 3
acquire 91811353730217 91811353755918 0 5a48dec5fee0 2
present 91811353891969 91811354032489 0 5a48dec5fee0 2
acquire 91811658833470 91811658864480 0 5a48dec5fee0 3
present 91811659027210 91811659135114 0 5a48dec5fee0 3
acquire 91811959134516 91811959163291 0 5a48dec5fee0 2
present 91811959303322 91811959412973 0 5a48dec5fee0 2
acquire 91812265287133 91812265316257 0 5a48dec5fee0 3
present 91812265453635 91812265563844 0 5a48dec5fee0 3
acquire 91812568414511 91812568445520 0 5a48dec5fee0 2
present 91812568583317 91812568694923 0 5a48dec5fee0 2
acquire 91812872169900 91812872199862 0 5a48dec5fee0 3
present 91812872339475 91812872449475 0 5a48dec5fee0 3
acquire 91813175589563 91813175620084 0 5a48dec5fee0 2
present 91813175763188 91813175874445 0 5a48dec5fee0 2
acquire 91813480706785 91813480737795 0 5a48dec5fee0 3
present 91813480884671 91813480999210 0 5a48dec5fee0 3
acquire 91813784980466 91813785022301 0 5a48dec5fee0 2
present 91813785166732 91813785283507 0 5a48dec5fee0 2
acquire 91814086214939 91814086247834 0 5a48dec5fee0 3
present 91814086429561 91814086559814 0 5a48dec5fee0 3
acquire 91814390487851 91814390519280 0 5a48dec5fee0 2
present 91814390665806 91814390780346 0 5a48dec5fee0 2
acquire 91814697061680 91814697092201 0 5a48dec5fee0 3
present 91814697236772 91814697344677 0 5a48dec5fee0 3
acquire 91815002213194 91815002247975 0 5a48dec5fee0 2
present 91815002432286 91815002549410 0 5a48dec5fee0 2
acquire 91815306463478 91815306493021 0 5a48dec5fee0 3
present 91815306631167 91815306743960 0 5a48dec5fee0 3
acquire 91815614275451 91815614305902 0 5a48dec5fee0 2
present 91815614448867 91815614563057 0 5a48dec5fee0 2
acquire 91815916658113 91815916696875 0 5a48dec5fee0 3
present 91815916870081 91815916999636 0 5a48dec5fee0 3
acquire 91816220254963 91816220285483 0 5a48dec5fee0 2
present 91816220426423 91816220536702 0 5a48dec5fee0 2
acquire 91816528273875 91816528319691 0 5a48dec5fee0 3
present 91816528456440 91816528558199 0 5a48dec5fee0 3
acquire 91816832350604 91816832380985 0 5a48dec5fee0 2
present 91816832530654 91816832643378 0 5a48dec5fee0 2
acquire 91817136891078 91817136920690 0 5a48dec5fee0 3
present 91817137063027 91817137177566 0 5a48dec5fee0 3
acquire 91817437222714 91817437253234 0 5a48dec5fee0 2
present 91817437404929 91817437521355 0 5a48dec5fee0 2
acquire 91817739299331 91817739330201 0 5a48dec5fee0 3
present 91817739468137 91817739577928 0 5a48dec5fee0 3
acquire 91818040508801 91818040539811 0 5a48dec5fee0 2
present 91818040704496 91818040820362 0 5a48dec5fee0 2
acquire 91818341168691 91818341203053 0 5a48dec5fee0 3
present 91818341376748 91818341498341 0 5a48dec5fee0 3
