instance 314049658213488 314049677492994 0 pid 1940510
device 314049678245532 314049811073175 0
swapchain 314049811453809 314049861713935 0 5d96562edeb0 900x560 mode 2 images 4
acquire 314049868665293 314049868679541 0 5d96562edeb0 3
present 314049869826542 314049870033830 0 5d96562edeb0 3
acquire 314049870149487 314049870159475 0 5d96562edeb0 2
present 314049870209551 314049870277227 0 5d96562edeb0 2
acquire 314062207689697 314062207705411 0 5d96562edeb0 1
present 314062207815970 314062207933443 0 5d96562edeb0 1
acquire 314062888614169 314062888630931 0 5d96562edeb0 0
present 314062888756087 314062888875096 0 5d96562edeb0 0
acquire 314063189877055 314063189911906 0 5d96562edeb0 3
present 314063190084553 314063190189943 0 5d96562edeb0 3
acquire 314063494114335 314063494142900 0 5d96562edeb0 2
present 314063494301719 314063494398589 0 5d96562edeb0 2
acquire 314063798707176 314063798738186 0 5d96562edeb0 3
present 314063798889671 314063799012662 0 5d96562edeb0 3
acquire 314064106031644 314064106063911 0 5d96562edeb0 2
present 314064106223219 314064106347326 0 5d96562edeb0 2
acquire 314064407150658 314064407183623 0 5d96562edeb0 3
present 314064407365000 314064407488479 0 5d96562edeb0 3
acquire 314064709070679 314064709106019 0 5d96562edeb0 2
present 314064709258133 314064709383218 0 5d96562edeb0 2
acquire 314065014363887 314065014394478 0 5d96562edeb0 3
present 314065014554344 314065014676427 0 5d96562edeb0 3
acquire 314065319106119 314065319134615 0 5d96562edeb0 2
present 314065319255649 314065319369490 0 5d96562edeb0 2
acquire 314065625948055 314065625986678 0 5d96562edeb0 3
present 314065626186982 314065626304804 0 5d96562edeb0 3
acquire 314065930582104 314065930615977 0 5d96562edeb0 2
present 314065930787017 314065930901976 0 5d96562edeb0 2
acquire 314066236971190 314066236999336 0 5d96562edeb0 3
present 314066237148028 314066237252440 0 5d96562edeb0 3
acquire 314066543637964 314066543670860 0 5d96562edeb0 2
present 314066543830936 314066543956161 0 5d96562edeb0 2
acquire 314066850142149 314066850174066 0 5d96562edeb0 3
present 314066850357260 314066850485628 0 5d96562edeb0 3
acquire 314067155160952 314067155194755 0 5d96562edeb0 2
present 314067155345123 314067155471047 0 5d96562edeb0 2
acquire 314067457368161 314067457395888 0 5d96562edeb0 3
present 314067457527748 314067457628599 0 5d96562edeb0 3
acquire 314067762580215 314067762612202 0 5d96562edeb0 2
present 314067762758589 314067762876830 0 5d96562edeb0 2
acquire 314068063820613 314068063853089 0 5d96562edeb0 3
present 314068064027413 314068064164231 0 5d96562edeb0 3
acquire 314068370673305 314068370700264 0 5d96562edeb0 2
present 314068370810683 314068370913140 0 5d96562edeb0 2
acquire 314068674659927 314068674691844 0 5d96562edeb0 3
present 314068674849406 314068674970511 0 5d96562edeb0 3
acquire 314068981615286 314068981651603 0 5d96562edeb0 2
present 314068981789749 314068981900098 0 5d96562edeb0 2
acquire 314069287537205 314069287566050 0 5d96562edeb0 3
present 314069287692253 314069287794849 0 5d96562edeb0 3
acquire 314069593399202 314069593432097 0 5d96562edeb0 2
present 314069593570452 314069593712230 0 5d96562edeb0 2
acquire 314069895325440 314069895359243 0 5d96562edeb0 3
present 314069895522392 314069895643636 0 5d96562edeb0 3
acquire 314070197560656 314070197594249 0 5d96562edeb0 2
present 314070197755373 314070197888979 0 5d96562edeb0 2
acquire 314070505977581 314070506023327 0 5d96562edeb0 3
present 314070506158399 314070506285790 0 5d96562edeb0 3
acquire 314070813922938 314070813955833 0 5d96562edeb0 2
present 314070814122474 314070814243020 0 5d96562edeb0 2
acquire 314071120861256 314071120894640 0 5d96562edeb0 3
present 314071121072526 314071121193630 0 5d96562edeb0 3
acquire 314071429346276 314071429376308 0 5d96562edeb0 2
present 314071429499648 314071429608041 0 5d96562edeb0 2
acquire 314071733885622 314071733919006 0 5d96562edeb0 3
present 314071734107996 314071734240554 0 5d96562edeb0 3
acquire 314072034608987 314072034642301 0 5d96562edeb0 2
present 314072034803704 314072034924808 0 5d96562edeb0 2
acquire 314072337685160 314072337721408 0 5d96562edeb0 3
present 314072337901319 314072338039464 0 5d96562edeb0 3
acquire 314072642480194 314072642513508 0 5d96562edeb0 2
present 314072642669883 314072642792314 0 5d96562edeb0 2
acquire 314072945120629 314072945156457 0 5d96562edeb0 3
present 314072945332038 314072945461244 0 5d96562edeb0 3
acquire 314073249068211 314073249101595 0 5d96562edeb0 2
present 314073249264255 314073249389759 0 5d96562edeb0 2
acquire 314073556601157 314073556634541 0 5d96562edeb0 3
present 314073556816337 314073556945055 0 5d96562edeb0 3
acquire 314073862575319 314073862608703 0 5d96562edeb0 2
present 314073862756207 314073862885972 0 5d96562edeb0 2
acquire 314074167655794 314074167700562 0 5d96562edeb0 3
present 314074167848974 314074167968682 0 5d96562edeb0 3
acquire 314074467930221 314074467960322 0 5d96562edeb0 2
present 314074468112157 314074468231446 0 5d96562edeb0 2
acquire 314074774116351 314074774149805 0 5d96562edeb0 3
present 314074774285786 314074774436014 0 5d96562edeb0 3
acquire 314075077318030 314075077353998 0 5d96562edeb0 2
present 314075077512607 314075077621908 0 5d96562edeb0 2
acquire 314075381086679 314075381116641 0 5d96562edeb0 3
present 314075381245009 314075381345301 0 5d96562edeb0 3
acquire 314075684495716 314075684527145 0 5d96562edeb0 2
present 314075684665640 314075684779132 0 5d96562edeb0 2
acquire 314075989582477 314075989614325 0 5d96562edeb0 3
present 314075989760852 314075989873854 0 5d96562edeb0 3
acquire 314076293884434 314076293916421 0 5d96562edeb0 2
present 314076294083900 314076294192154 0 5d96562edeb0 2
acquire 314076595107234 314076595139291 0 5d96562edeb0 3
present 314076595277437 314076595391348 0 5d96562edeb0 3
acquire 314076899467298 314076899502079 0 5d96562edeb0 2
present 314076899662714 314076899785495 0 5d96562edeb0 2
acquire 314077205896895 314077205927486 0 5d96562edeb0 3
present 314077206077854 314077206189739 0 5d96562edeb0 3
acquire 314077511071377 314077511101968 0 5d96562edeb0 2
present 314077511225447 314077511341244 0 5d96562edeb0 2
acquire 314077815360553 314077815393448 0 5d96562edeb0 3
present 314077815536832 314077815652489 0 5d96562edeb0 3
acquire 314078123178802 314078123207856 0 5d96562edeb0 2
present 314078123333779 314078123435677 0 5d96562edeb0 2
acquire 314078425546508 314078425578845 0 5d96562edeb0 3
present 314078425736965 314078425859955 0 5d96562edeb0 3
acquire 314078729176105 314078729208092 0 5d96562edeb0 2
present 314078729355038 314078729473349 0 5d96562edeb0 2
acquire 314079037191236 314079037219312 0 5d96562edeb0 3
present 314079037348308 314079037464105 0 5d96562edeb0 3
acquire 314079341290444 314079341327599 0 5d96562edeb0 2
present 314079341508628 314079341634481 0 5d96562edeb0 2
acquire 314079645915067 314079645963677 0 5d96562edeb0 3
present 314079646148197 314079646265949 0 5d96562edeb0 3
acquire 314079946186004 314079946220784 0 5d96562edeb0 2
present 314079946374505 314079946499870 0 5d96562edeb0 2
acquire 314080248311432 314080248346073 0 5d96562edeb0 3
present 314080248496720 314080248618872 0 5d96562edeb0 3
acquire 314080549462437 314080549497287 0 5d96562edeb0 2
present 314080549664208 314080549782309 0 5d96562edeb0 2
acquire 314080850120293 314080850151721 0 5d96562edeb0 3
present 314080850291613 314080850412718 0 5d96562edeb0 3
