instance 87244446895857 87244526797831 0 pid 3305469
device 87244527928630 87244731293516 0
swapchain 87244732044239 87244798170174 0 5b463f0cef10 900x560 mode 2 images 4
acquire 87244834265158 87244834290441 0 5b463f0cef10 3
present 87244837531981 87244837894596 0 5b463f0cef10 3
acquire 87244838443967 87244838464501 0 5b463f0cef10 2
present 87244838610329 87244838781719 0 5b463f0cef10 2
acquire 87257225159412 87257225182739 0 5b463f0cef10 1
present 87257225396384 87257225608072 0 5b463f0cef10 1
acquire 87257904414181 87257904439044 0 5b463f0cef10 0
present 87257904644168 87257904824568 0 5b463f0cef10 0
acquire 87258207390576 87258207451617 0 5b463f0cef10 3
present 87258207672525 87258207871502 0 5b463f0cef10 3
acquire 87258510241187 87258510300272 0 5b463f0cef10 2
present 87258510613999 87258510808646 0 5b463f0cef10 2
acquire 87258817619463 87258817677082 0 5b463f0cef10 3
present 87258817897710 87258818125812 0 5b463f0cef10 3
acquire 87259123146109 87259123189341 0 5b463f0cef10 2
present 87259123376376 87259123518992 0 5b463f0cef10 2
acquire 87259426371697 87259426408853 0 5b463f0cef10 3
present 87259426593583 87259426740319 0 5b463f0cef10 3
acquire 87259726280596 87259726319358 0 5b463f0cef10 2
present 87259726508209 87259726658088 0 5b463f0cef10 2
acquire 87260033492999 87260033542936 0 5b463f0cef10 3
present 87260033761539 87260033949132 0 5b463f0cef10 3
acquire 87260336514581 87260336567590 0 5b463f0cef10 2
present 87260336836549 87260337039857 0 5b463f0cef10 2
acquire 87260644956469 87260645021281 0 5b463f0cef10 3
present 87260645207897 87260645366506 0 5b463f0cef10 3
acquire 87260948058228 87260948113193 0 5b463f0cef10 2
present 87260948347790 87260948524348 0 5b463f0cef10 2
acquire 87261256366090 87261256420846 0 5b463f0cef10 3
present 87261256614096 87261256780388 0 5b463f0cef10 3
acquire 87261560981937 87261561046749 0 5b463f0cef10 2
present 87261561319759 87261561527885 0 5b463f0cef10 2
acquire 87261871605873 87261871662444 0 5b463f0cef10 3
present 87261871893339 87261872107473 0 5b463f0cef10 3
acquire 87262172719043 87262172778548 0 5b463f0cef10 2
present 87262173057144 87262173259963 0 5b463f0cef10 2
acquire 87262479527275 87262479574557 0 5b463f0cef10 3
present 87262479712424 87262479856576 0 5b463f0cef10 3
acquire 87262781488317 87262781523098 0 5b463f0cef10 2
present 87262781663828 87262781806025 0 5b463f0cef10 2
acquire 87263084037981 87263084072343 0 5b463f0cef10 3
present 87263084206228 87263084328032 0 5b463f0cef10 3
acquire 87263389789934 87263389839172 0 5b463f0cef10 2
present 87263390043248 87263390211915 0 5b463f0cef10 2
acquire 87263696109905 87263696155232 0 5b463f0cef10 3
present 87263696333188 87263696487397 0 5b463f0cef10 3
acquire 87264000682450 87264000736297 0 5b463f0cef10 2
present 87264001031097 87264001208564 0 5b463f0cef10 2
acquire 87264307674503 87264307734567 0 5b463f0cef10 3
present 87264308016376 87264308196566 0 5b463f0cef10 3
acquire 87264612629707 87264612685580 0 5b463f0cef10 2
present 87264612981777 87264613178031 0 5b463f0cef10 2
acquire 87264915096050 87264915141307 0 5b463f0cef10 3
present 87264915318983 87264915455663 0 5b463f0cef10 3
acquire 87265216792464 87265216839048 0 5b463f0cef10 2
present 87265217082654 87265217240495 0 5b463f0cef10 2
acquire 87265526102267 87265526148013 0 5b463f0cef10 3
present 87265526357467 87265526503714 0 5b463f0cef10 3
acquire 87265833090199 87265833127494 0 5b463f0cef10 2
present 87265833283939 87265833434097 0 5b463f0cef10 2
acquire 87266141088454 87266141143349 0 5b463f0cef10 3
present 87266141397152 87266141557857 0 5b463f0cef10 3
acquire 87266448620170 87266448664798 0 5b463f0cef10 2
present 87266448865382 87266449018195 0 5b463f0cef10 2
acquire 87266754181386 87266754243405 0 5b463f0cef10 3
present 87266754502516 87266754682636 0 5b463f0cef10 3
acquire 87267054081762 87267054121502 0 5b463f0cef10 2
present 87267054317127 87267054467705 0 5b463f0cef10 2
acquire 87267357712497 87267357754332 0 5b463f0cef10 3
present 87267357942903 87267358090128 0 5b463f0cef10 3
acquire 87267661849231 87267661890647 0 5b463f0cef10 2
present 87267662081523 87267662251936 0 5b463f0cef10 2
acquire 87267965210938 87267965256893 0 5b463f0cef10 3
present 87267965472842 87267965621325 0 5b463f0cef10 3
acquire 87268268494143 87268268528016 0 5b463f0cef10 2
present 87268268674892 87268268791247 0 5b463f0cef10 2
acquire 87268576979610 87268577048613 0 5b463f0cef10 3
present 87268577235508 87268577364644 0 5b463f0cef10 3
acquire 87268882264254 87268882310558 0 5b463f0cef10 2
present 87268882490609 87268882623168 0 5b463f0cef10 2
acquire 87269187911513 87269187949228 0 5b463f0cef10 3
present 87269188115589 87269188229640 0 5b463f0cef10 3
acquire 87269487542791 87269487574289 0 5b463f0cef10 2
present 87269487732061 87269487851978 0 5b463f0cef10 2
acquire 87269794357446 87269794393624 0 5b463f0cef10 3
present 87269794561033 87269794675084 0 5b463f0cef10 3
acquire 87270096982537 87270097039807 0 5b463f0cef10 2
present 87270097233966 87270097375184 0 5b463f0cef10 2
acquire 87270401528191 87270401576451 0 5b463f0cef10 3
present 87270401796311 87270401937949 0 5b463f0cef10 3
acquire 87270704428735 87270704480139 0 5b463f0cef10 2
present 87270704763484 87270704925725 0 5b463f0cef10 2
acquire 87271010046941 87271010086611 0 5b463f0cef10 3
present 87271010291175 87271010437004 0 5b463f0cef10 3
acquire 87271313599592 87271313632697 0 5b463f0cef10 2
present 87271313788233 87271313910455 0 5b463f0cef10 2
acquire 87271615559375 87271615594156 0 5b463f0cef10 3
present 87271615746759 87271615863953 0 5b463f0cef10 3
acquire 87271919320363 87271919365271 0 5b463f0cef10 2
present 87271919571093 87271919709309 0 5b463f0cef10 2
acquire 87272226367030 87272226406281 0 5b463f0cef10 3
present 87272226580814 87272226715258 0 5b463f0cef10 3
acquire 87272531095598 87272531148188 0 5b463f0cef10 2
present 87272531394797 87272531563674 0 5b463f0cef10 2
acquire 87272835846515 87272835882762 0 5b463f0cef10 3
present 87272836049543 87272836168762 0 5b463f0cef10 3
acquire 87273143075886 87273143117092 0 5b463f0cef10 2
present 87273143335416 87273143486343 0 5b463f0cef10 2
acquire 87273446468950 87273446512810 0 5b463f0cef10 3
present 87273446776112 87273446941076 0 5b463f0cef10 3
acquire 87273749085170 87273749129659 0 5b463f0cef10 2
present 87273749367608 87273749535785 0 5b463f0cef10 2
acquire 87274057625391 87274057662127 0 5b463f0cef10 3
present 87274057823321 87274057943797 0 5b463f0cef10 3
acquire 87274361377229 87274361433381 0 5b463f0cef10 2
present 87274361693400 87274361858086 0 5b463f0cef10 2
acquire 87274666241288 87274666271809 0 5b463f0cef10 3
present 87274666428742 87274666548938 0 5b463f0cef10 3
acquire 87274966681186 87274966735103 0 5b463f0cef10 2
present 87274966994633 87274967181458 0 5b463f0cef10 2
acquire 87275269356910 87275269406079 0 5b463f0cef10 3
present 87275269632504 87275269788669 0 5b463f0cef10 3
acquire 87275569818389 87275569923919 0 5b463f0cef10 2
present 87275570120732 87275570239392 0 5b463f0cef10 2
acquire 87275871321270 87275871358495 0 5b463f0cef10 3
present 87275871527441 87275871651968 0 5b463f0cef10 3
swapchain 87276887464375 87276891168823 0 5b463f265540 1100x700 mode 2 images 4
acquire 87276899677787 87276899695456 0 5b463f265540 3
present 87276899847431 87276900018332 0 5b463f265540 3
acquire 87276900242173 87276900252161 0 5b463f265540 2
present 87276900311735 87276900395894 0 5b463f265540 2
swapchain 87278397709290 87278401782638 0 5b463f0cef10 640x760 mode 2 images 4
acquire 87278410498821 87278410517329 0 5b463f0cef10 3
present 87278410663367 87278410805214 0 5b463f0cef10 3
swapchain 87279906159073 87279910847304 0 5b463f265540 1280x480 mode 2 images 4
acquire 87279924498466 87279924530872 0 5b463f265540 3
present 87279924766586 87279924989869 0 5b463f265540 3
acquire 87279925446141 87279925459900 0 5b463f265540 2
present 87279925540427 87279925677455 0 5b463f265540 2
swapchain 87281415288271 87281418779563 0 5b463f0cef10 760x560 mode 2 images 4
acquire 87281427277631 87281427292437 0 5b463f0cef10 3
present 87281427435123 87281427622996 0 5b463f0cef10 3
acquire 87281427846488 87281427857453 0 5b463f0cef10 2
present 87281427916957 87281428014945 0 5b463f0cef10 2
swapchain 87282924902304 87282930415289 0 5b463f277be0 900x560 mode 2 images 4
acquire 87282940534651 87282940558048 0 5b463f277be0 3
present 87282940742778 87282940924994 0 5b463f277be0 3
