instance 76529960908618 76529979705319 0 pid 1737107
device 76529980415045 76530115761630 0
swapchain 76530116176207 76530170696802 0 5984d9e13eb0 900x560 mode 2 images 4
acquire 76530176636234 76530176646151 0 5984d9e13eb0 3
present 76530176993262 76530177186024 0 5984d9e13eb0 3
acquire 76530177787147 76530177795248 0 5984d9e13eb0 2
present 76530178078314 76530178156397 0 5984d9e13eb0 2
acquire 76542525883005 76542525899628 0 5984d9e13eb0 1
present 76542526363443 76542526516535 0 5984d9e13eb0 1
acquire 76543206533038 76543206549450 0 5984d9e13eb0 0
present 76543206937069 76543207069068 0 5984d9e13eb0 0
acquire 76543508379904 76543508410424 0 5984d9e13eb0 3
present 76543508749992 76543508847211 0 5984d9e13eb0 3
acquire 76543811973148 76543811999408 0 5984d9e13eb0 2
present 76543812376201 76543812457007 0 5984d9e13eb0 2
acquire 76544117338193 76544117364174 0 5984d9e13eb0 3
present 76544117689983 76544117791671 0 5984d9e13eb0 3
acquire 76544423944315 76544423975743 0 5984d9e13eb0 2
present 76544424354143 76544424462676 0 5984d9e13eb0 2
acquire 76544725865981 76544725894616 0 5984d9e13eb0 3
present 76544726245637 76544726347116 0 5984d9e13eb0 3
acquire 76545027190365 76545027221305 0 5984d9e13eb0 2
present 76545027570301 76545027675342 0 5984d9e13eb0 2
acquire 76545333484227 76545333510906 0 5984d9e13eb0 3
present 76545333843001 76545333949718 0 5984d9e13eb0 3
acquire 76545637255496 76545637285528 0 5984d9e13eb0 2
present 76545637637039 76545637756188 0 5984d9e13eb0 2
acquire 76545949687838 76545949720803 0 5984d9e13eb0 3
present 76545950193488 76545950307399 0 5984d9e13eb0 3
acquire 76546248797349 76546248825007 0 5984d9e13eb0 2
present 76546249213114 76546249320250 0 5984d9e13eb0 2
acquire 76546555895083 76546555921972 0 5984d9e13eb0 3
present 76546556269711 76546556373775 0 5984d9e13eb0 3
acquire 76546861809848 76546861836597 0 5984d9e13eb0 2
present 76546862223517 76546862335193 0 5984d9e13eb0 2
acquire 76547169063467 76547169100623 0 5984d9e13eb0 3
present 76547170823674 76547170952321 0 5984d9e13eb0 3
acquire 76547473261047 76547473289542 0 5984d9e13eb0 2
present 76547473641332 76547473750633 0 5984d9e13eb0 2
acquire 76547776407587 76547776437618 0 5984d9e13eb0 3
present 76547776800234 76547776921897 0 5984d9e13eb0 3
acquire 76548080869096 76548080900455 0 5984d9e13eb0 2
present 76548081316429 76548081425032 0 5984d9e13eb0 2
acquire 76548382531162 76548382556444 0 5984d9e13eb0 3
present 76548382887911 76548383017047 0 5984d9e13eb0 3
acquire 76548688804491 76548688838783 0 5984d9e13eb0 2
present 76548689218928 76548689332141 0 5984d9e13eb0 2
acquire 76548993045162 76548993073168 0 5984d9e13eb0 3
present 76548993432501 76548993531746 0 5984d9e13eb0 3
acquire 76549300080039 76549300109163 0 5984d9e13eb0 2
present 76549300532400 76549300637301 0 5984d9e13eb0 2
acquire 76549605852816 76549605881730 0 5984d9e13eb0 3
present 76549606368174 76549606481875 0 5984d9e13eb0 3
acquire 76549911823732 76549911856907 0 5984d9e13eb0 2
present 76549912307592 76549912422760 0 5984d9e13eb0 2
acquire 76550213490617 76550213515760 0 5984d9e13eb0 3
present 76550213912318 76550214020572 0 5984d9e13eb0 3
acquire 76550515770847 76550515807514 0 5984d9e13eb0 2
present 76550516220345 76550516333767 0 5984d9e13eb0 2
acquire 76550824191442 76550824220147 0 5984d9e13eb0 3
present 76550824593238 76550824695346 0 5984d9e13eb0 3
acquire 76551131843924 76551131869696 0 5984d9e13eb0 2
present 76551132238666 76551132336304 0 5984d9e13eb0 2
acquire 76551439078686 76551439103759 0 5984d9e13eb0 3
present 76551439453593 76551439552209 0 5984d9e13eb0 3
acquire 76551747503402 76551747530500 0 5984d9e13eb0 2
present 76551747902334 76551748012125 0 5984d9e13eb0 2
acquire 76552052196923 76552052223672 0 5984d9e13eb0 3
present 76552052572808 76552052683995 0 5984d9e13eb0 3
acquire 76552352673435 76552352700603 0 5984d9e13eb0 2
present 76552353090666 76552353191237 0 5984d9e13eb0 2
acquire 76552655942686 76552655972717 0 5984d9e13eb0 3
present 76552656362990 76552656465167 0 5984d9e13eb0 3
acquire 76552960903629 76552960930378 0 5984d9e13eb0 2
present 76552961293273 76552961391539 0 5984d9e13eb0 2
acquire 76553263495699 76553263522937 0 5984d9e13eb0 3
present 76553263929902 76553264044441 0 5984d9e13eb0 3
acquire 76553567461825 76553567490180 0 5984d9e13eb0 2
present 76553567850840 76553567949665 0 5984d9e13eb0 2
acquire 76553875060110 76553875086789 0 5984d9e13eb0 3
present 76553875464071 76553875563595 0 5984d9e13eb0 3
acquire 76554181039616 76554181075864 0 5984d9e13eb0 2
present 76554181438340 76554181555324 0 5984d9e13eb0 2
acquire 76554486128229 76554486151975 0 5984d9e13eb0 3
present 76554486519828 76554486624241 0 5984d9e13eb0 3
acquire 76554786405205 76554786429090 0 5984d9e13eb0 2
present 76554786810144 76554786911204 0 5984d9e13eb0 2
acquire 76555092742996 76555092785530 0 5984d9e13eb0 3
present 76555093154920 76555093255142 0 5984d9e13eb0 3
acquire 76555395648304 76555395675752 0 5984d9e13eb0 2
present 76555396045072 76555396145713 0 5984d9e13eb0 2
acquire 76555699452049 76555699477820 0 5984d9e13eb0 3
present 76555699832474 76555699933953 0 5984d9e13eb0 3
acquire 76556002720112 76556002745953 0 5984d9e13eb0 2
present 76556003184975 76556003308035 0 5984d9e13eb0 2
acquire 76556308202489 76556308228610 0 5984d9e13eb0 3
present 76556308574323 76556308671542 0 5984d9e13eb0 3
acquire 76556612350341 76556612380862 0 5984d9e13eb0 2
present 76556612759121 76556612877851 0 5984d9e13eb0 2
acquire 76556913322446 76556913347589 0 5984d9e13eb0 3
present 76556913706712 76556913806864 0 5984d9e13eb0 3
acquire 76557217885643 76557217919516 0 5984d9e13eb0 2
present 76557218296309 76557218397998 0 5984d9e13eb0 2
acquire 76557524538628 76557524564259 0 5984d9e13eb0 3
present 76557524942030 76557525054475 0 5984d9e13eb0 3
acquire 76557829332161 76557829359818 0 5984d9e13eb0 2
present 76557829733608 76557829839767 0 5984d9e13eb0 2
acquire 76558133775511 76558133802260 0 5984d9e13eb0 3
present 76558134174723 76558134279834 0 5984d9e13eb0 3
acquire 76558441462215 76558441487078 0 5984d9e13eb0 2
present 76558441849344 76558441950265 0 5984d9e13eb0 2
acquire 76558744077193 76558744107783 0 5984d9e13eb0 3
present 76558744533744 76558744645909 0 5984d9e13eb0 3
acquire 76559047495135 76559047523211 0 5984d9e13eb0 2
present 76559047897420 76559048013426 0 5984d9e13eb0 2
acquire 76559356012180 76559356050732 0 5984d9e13eb0 3
present 76559356524325 76559356654509 0 5984d9e13eb0 3
acquire 76559659726458 76559659760331 0 5984d9e13eb0 2
present 76559660215974 76559660334146 0 5984d9e13eb0 2
acquire 76559964544086 76559964579496 0 5984d9e13eb0 3
present 76559964985901 76559965116085 0 5984d9e13eb0 3
acquire 76560264649532 76560264680052 0 5984d9e13eb0 2
present 76560265105874 76560265213290 0 5984d9e13eb0 2
acquire 76560566522238 76560566550454 0 5984d9e13eb0 3
present 76560566922707 76560567041437 0 5984d9e13eb0 3
acquire 76560867895929 76560867929313 0 5984d9e13eb0 2
present 76560868408074 76560868527293 0 5984d9e13eb0 2
acquire 76561168543761 76561168574980 0 5984d9e13eb0 3
present 76561168977614 76561169091245 0 5984d9e13eb0 3
