instance 86309216785977 86309234580927 0 pid 3153732
device 86309235398560 86309365791820 0
swapchain 86309366200043 86309417808338 0 5f53ab499ee0 900x560 mode 2 images 4
acquire 86309431661232 86309431675899 0 5f53ab499ee0 3
present 86309431850362 86309432061353 0 5f53ab499ee0 3
acquire 86309432293226 86309432303284 0 5f53ab499ee0 2
present 86309432352661 86309432421595 0 5f53ab499ee0 2
acquire 86321795097941 86321795114005 0 5f53ab499ee0 1
present 86321795224284 86321795349999 0 5f53ab499ee0 1
acquire 86322476153335 86322476176173 0 5f53ab499ee0 0
present 86322476311246 86322476439824 0 5f53ab499ee0 0
acquire 86322783747654 86322783781038 0 5f53ab499ee0 3
present 86322783912060 86322784023387 0 5f53ab499ee0 3
acquire 86323081580037 86323081615307 0 5f53ab499ee0 2
present 86323081770914 86323081869110 0 5f53ab499ee0 2
acquire 86323392325876 86323392354092 0 5f53ab499ee0 3
present 86323392461927 86323392566829 0 5f53ab499ee0 3
acquire 86323693469576 86323693506243 0 5f53ab499ee0 2
present 86323693689926 86323693814872 0 5f53ab499ee0 2
acquire 86324001417151 86324001447253 0 5f53ab499ee0 3
present 86324001569056 86324001683457 0 5f53ab499ee0 3
acquire 86324296540246 86324296577402 0 5f53ab499ee0 2
present 86324296749631 86324296874018 0 5f53ab499ee0 2
acquire 86324608186548 86324608219933 0 5f53ab499ee0 3
present 86324608333914 86324608449222 0 5f53ab499ee0 3
acquire 86324906547768 86324906583038 0 5f53ab499ee0 2
present 86324906742206 86324906875114 0 5f53ab499ee0 2
acquire 86325220543253 86325220584669 0 5f53ab499ee0 3
present 86325220719253 86325220844129 0 5f53ab499ee0 3
acquire 86325518318362 86325518360825 0 5f53ab499ee0 2
present 86325518525022 86325518645638 0 5f53ab499ee0 2
acquire 86325831250581 86325831289553 0 5f53ab499ee0 3
present 86325831404093 86325831508924 0 5f53ab499ee0 3
acquire 86326131146772 86326131182042 0 5f53ab499ee0 2
present 86326131338417 86326131465458 0 5f53ab499ee0 2
acquire 86326443949085 86326443975834 0 5f53ab499ee0 3
present 86326444094774 86326444199606 0 5f53ab499ee0 3
acquire 86326742623470 86326742655946 0 5f53ab499ee0 2
present 86326742807991 86326742924975 0 5f53ab499ee0 2
acquire 86327051618521 86327051648553 0 5f53ab499ee0 3
present 86327051759182 86327051866458 0 5f53ab499ee0 3
acquire 86327350188702 86327350222016 0 5f53ab499ee0 2
present 86327350372384 86327350494537 0 5f53ab499ee0 2
acquire 86327658604417 86327658635357 0 5f53ab499ee0 3
present 86327658751433 86327658860595 0 5f53ab499ee0 3
acquire 86327958228713 86327958262097 0 5f53ab499ee0 2
present 86327958409113 86327958526517 0 5f53ab499ee0 2
acquire 86328268863497 86328268893529 0 5f53ab499ee0 3
present 86328269020431 86328269134970 0 5f53ab499ee0 3
acquire 86328569213653 86328569252554 0 5f53ab499ee0 2
present 86328569425132 86328569550497 0 5f53ab499ee0 2
acquire 86328881190647 86328881224939 0 5f53ab499ee0 3
present 86328881363225 86328881467708 0 5f53ab499ee0 3
acquire 86329181460904 86329181513424 0 5f53ab499ee0 2
present 86329181681602 86329181809552 0 5f53ab499ee0 2
acquire 86329488929987 86329488960996 0 5f53ab499ee0 3
present 86329489112063 86329489214241 0 5f53ab499ee0 3
acquire 86329785439704 86329785474276 0 5f53ab499ee0 2
present 86329785639101 86329785757902 0 5f53ab499ee0 2
acquire 86330100145050 86330100175850 0 5f53ab499ee0 3
present 86330100310225 86330100417920 0 5f53ab499ee0 3
acquire 86330401785102 86330401820442 0 5f53ab499ee0 2
present 86330401958868 86330402084791 0 5f53ab499ee0 2
acquire 86330714946952 86330714977962 0 5f53ab499ee0 3
present 86330715123861 86330715237981 0 5f53ab499ee0 3
acquire 86331017302250 86331017340803 0 5f53ab499ee0 2
present 86331017497736 86331017611438 0 5f53ab499ee0 2
acquire 86331327719194 86331327754464 0 5f53ab499ee0 3
present 86331327913563 86331328035436 0 5f53ab499ee0 3
acquire 86331622780609 86331622820349 0 5f53ab499ee0 2
present 86331622981612 86331623127441 0 5f53ab499ee0 2
acquire 86331931892288 86331931926161 0 5f53ab499ee0 3
present 86331932082745 86331932187088 0 5f53ab499ee0 3
acquire 86332230558144 86332230590550 0 5f53ab499ee0 2
present 86332230738824 86332230851897 0 5f53ab499ee0 2
acquire 86332539546272 86332539581961 0 5f53ab499ee0 3
present 86332539719478 86332539824520 0 5f53ab499ee0 3
acquire 86332837419288 86332837455466 0 5f53ab499ee0 2
present 86332837615403 86332837728336 0 5f53ab499ee0 2
acquire 86333150946894 86333150977136 0 5f53ab499ee0 3
present 86333151135047 86333151248749 0 5f53ab499ee0 3
acquire 86333451144439 86333451183131 0 5f53ab499ee0 2
present 86333451409557 86333451595963 0 5f53ab499ee0 2
acquire 86333761850872 86333761881882 0 5f53ab499ee0 3
present 86333762036790 86333762139038 0 5f53ab499ee0 3
acquire 86334056437642 86334056470957 0 5f53ab499ee0 2
present 86334056618392 86334056739776 0 5f53ab499ee0 2
acquire 86334368265447 86334368296177 0 5f53ab499ee0 3
present 86334368436349 86334368538038 0 5f53ab499ee0 3
acquire 86334665757546 86334665797006 0 5f53ab499ee0 2
present 86334665953940 86334666089502 0 5f53ab499ee0 2
acquire 86334975309849 86334975341348 0 5f53ab499ee0 3
present 86334975486827 86334975589913 0 5f53ab499ee0 3
acquire 86335272900144 86335272934017 0 5f53ab499ee0 2
present 86335273143192 86335273262272 0 5f53ab499ee0 2
acquire 86335584135273 86335584173407 0 5f53ab499ee0 3
present 86335584320702 86335584436150 0 5f53ab499ee0 3
acquire 86335882422515 86335882457784 0 5f53ab499ee0 2
present 86335882614369 86335882735544 0 5f53ab499ee0 2
acquire 86336189346965 86336189376997 0 5f53ab499ee0 3
present 86336189518286 86336189624934 0 5f53ab499ee0 3
acquire 86336487880047 86336487916993 0 5f53ab499ee0 2
present 86336488106193 86336488214098 0 5f53ab499ee0 2
acquire 86336800243322 86336800286973 0 5f53ab499ee0 3
present 86336800426865 86336800526040 0 5f53ab499ee0 3
acquire 86337099607725 86337099641528 0 5f53ab499ee0 2
present 86337099779814 86337099884646 0 5f53ab499ee0 2
acquire 86337410023821 86337410054133 0 5f53ab499ee0 3
present 86337410193676 86337410307587 0 5f53ab499ee0 3
acquire 86337711753470 86337711788810 0 5f53ab499ee0 2
present 86337711975775 86337712109382 0 5f53ab499ee0 2
acquire 86338020170009 86338020204580 0 5f53ab499ee0 3
present 86338020376181 86338020502244 0 5f53ab499ee0 3
acquire 86338317696604 86338317734947 0 5f53ab499ee0 2
present 86338317893277 86338318019271 0 5f53ab499ee0 2
acquire 86338632673339 86338632715314 0 5f53ab499ee0 3
present 86338632876159 86338633019194 0 5f53ab499ee0 3
acquire 86338929935655 86338929975744 0 5f53ab499ee0 2
present 86338930166480 86338930298760 0 5f53ab499ee0 2
acquire 86339240473971 86339240515387 0 5f53ab499ee0 3
present 86339240697324 86339240827369 0 5f53ab499ee0 3
acquire 86339534734783 86339534772288 0 5f53ab499ee0 2
present 86339534935298 86339535063946 0 5f53ab499ee0 2
acquire 86339842971827 86339843016176 0 5f53ab499ee0 3
present 86339843167942 86339843279688 0 5f53ab499ee0 3
acquire 86340138195681 86340138246945 0 5f53ab499ee0 2
present 86340138424132 86340138556412 0 5f53ab499ee0 2
acquire 86340445055731 86340445090512 0 5f53ab499ee0 3
present 86340445243535 86340445362335 0 5f53ab499ee0 3
swapchain 86341455868668 86341459649599 0 5f53ab6304f0 1100x700 mode 2 images 4
acquire 86341469796430 86341469815985 0 5f53ab6304f0 3
present 86341469970684 86341470334977 0 5f53ab6304f0 3
swapchain 86342968727334 86342974413048 0 5f53ab499ee0 640x760 mode 2 images 4
acquire 86342985876737 86342985900972 0 5f53ab499ee0 3
present 86342986096388 86342986277417 0 5f53ab499ee0 3
swapchain 86344476599735 86344480877588 0 5f53ab6304f0 1280x480 mode 2 images 4
acquire 86344489569902 86344489588061 0 5f53ab6304f0 3
present 86344489733890 86344489873572 0 5f53ab6304f0 3
swapchain 86345983820506 86345989393287 0 5f53ab499ee0 760x560 mode 2 images 4
acquire 86345997926154 86345997944383 0 5f53ab499ee0 3
present 86345998122687 86345998299875 0 5f53ab499ee0 3
acquire 86345998566459 86345998578891 0 5f53ab499ee0 2
present 86345998650479 86345998749164 0 5f53ab499ee0 2
swapchain 86347492299947 86347497404023 0 5f53ab642b90 900x560 mode 2 images 4
acquire 86347506017626 86347506029429 0 5f53ab642b90 3
present 86347506150534 86347506290426 0 5f53ab642b90 3
