instance 76773280571776 76773296198525 0 pid 1771534
device 76773296926899 76773418269976 0
swapchain 76773418659061 76773469962769 0 5763f5c00eb0 900x560 mode 2 images 4
acquire 76773478246140 76773478261575 0 5763f5c00eb0 3
present 76773478423258 76773478631245 0 5763f5c00eb0 3
acquire 76773480321401 76773480336277 0 5763f5c00eb0 2
present 76773480547686 76773480671095 1000001003 5763f5c00eb0 2
swapchain 76773481557868 76773484455299 0 5763f5d77270 900x560 mode 2 images 4
acquire 76773485741214 76773485750852 0 5763f5d77270 3
present 76773485911138 76773485992712 0 5763f5d77270 3
acquire 76785813068666 76785813082006 0 5763f5d77270 2
present 76785813262894 76785813368215 0 5763f5d77270 2
acquire 76786493877206 76786493890686 0 5763f5d77270 1
present 76786494110336 76786494218520 0 5763f5d77270 1
acquire 76786800599320 76786800613219 0 5763f5d77270 0
present 76786800765892 76786800877568 0 5763f5d77270 0
acquire 76787099513612 76787099543155 0 5763f5d77270 3
present 76787099739758 76787099841935 0 5763f5d77270 3
acquire 76787411068525 76787411099953 0 5763f5d77270 2
present 76787411310315 76787411453489 0 5763f5d77270 2
acquire 76787711271107 76787711298834 0 5763f5d77270 3
present 76787711497671 76787711602922 0 5763f5d77270 3
acquire 76788018018992 76788018050491 0 5763f5d77270 2
present 76788018246465 76788018364636 0 5763f5d77270 2
acquire 76788314299364 76788314333516 0 5763f5d77270 3
present 76788314519434 76788314631878 0 5763f5d77270 3
acquire 76788624824120 76788624849891 0 5763f5d77270 2
present 76788625025961 76788625130722 0 5763f5d77270 2
acquire 76788924207185 76788924233515 0 5763f5d77270 3
present 76788924421598 76788924527267 0 5763f5d77270 3
acquire 76789236346948 76789236376980 0 5763f5d77270 2
present 76789236567995 76789236679531 0 5763f5d77270 2
acquire 76789536067625 76789536100311 0 5763f5d77270 3
present 76789536321498 76789536431917 0 5763f5d77270 3
acquire 76789851681916 76789851709154 0 5763f5d77270 2
present 76789851883268 76789851994455 0 5763f5d77270 2
acquire 76790148951518 76790148980572 0 5763f5d77270 3
present 76790150574207 76790150693217 0 5763f5d77270 3
acquire 76790460785306 76790460813522 0 5763f5d77270 2
present 76790460982887 76790461102595 0 5763f5d77270 2
acquire 76790760743164 76790760790307 0 5763f5d77270 3
present 76790761111646 76790761290859 0 5763f5d77270 3
acquire 76791072179766 76791072209798 0 5763f5d77270 2
present 76791072436921 76791072561239 0 5763f5d77270 2
acquire 76791367986894 76791368028240 0 5763f5d77270 3
present 76791368239370 76791368374583 0 5763f5d77270 3
acquire 76791675031535 76791675061357 0 5763f5d77270 2
present 76791675254607 76791675364817 0 5763f5d77270 2
acquire 76791976112858 76791976141493 0 5763f5d77270 3
present 76791976366172 76791976482527 0 5763f5d77270 3
acquire 76792285874878 76792285900929 0 5763f5d77270 2
present 76792286089081 76792286192865 0 5763f5d77270 2
acquire 76792586989864 76792587025693 0 5763f5d77270 3
present 76792587202042 76792587314067 0 5763f5d77270 3
acquire 76792897696975 76792897722327 0 5763f5d77270 2
present 76792897903495 76792898013286 0 5763f5d77270 2
acquire 76793198690368 76793198717117 0 5763f5d77270 3
present 76793198908482 76793199023790 0 5763f5d77270 3
acquire 76793505536170 76793505563478 0 5763f5d77270 2
present 76793505743738 76793505842564 0 5763f5d77270 2
acquire 76793802916052 76793802940426 0 5763f5d77270 3
present 76793803170413 76793803276153 0 5763f5d77270 3
acquire 76794116413456 76794116440764 0 5763f5d77270 2
present 76794116643443 76794116752465 0 5763f5d77270 2
acquire 76794419181792 76794419208960 0 5763f5d77270 3
present 76794419412547 76794419516471 0 5763f5d77270 3
acquire 76794731337339 76794731369466 0 5763f5d77270 2
present 76794731613910 76794731725795 0 5763f5d77270 2
acquire 76795034803667 76795034833699 0 5763f5d77270 3
present 76795035042803 76795035147705 0 5763f5d77270 3
acquire 76795344542779 76795344569598 0 5763f5d77270 2
present 76795344762360 76795344861045 0 5763f5d77270 2
acquire 76795640099806 76795640130816 0 5763f5d77270 3
present 76795640351723 76795640465285 0 5763f5d77270 3
acquire 76795947961588 76795947989804 0 5763f5d77270 2
present 76795948202959 76795948304648 0 5763f5d77270 2
acquire 76796247669065 76796247693370 0 5763f5d77270 3
present 76796247871395 76796247970430 0 5763f5d77270 3
acquire 76796555387254 76796555415889 0 5763f5d77270 2
present 76796555612282 76796555713761 0 5763f5d77270 2
acquire 76796854567919 76796854592294 0 5763f5d77270 3
present 76796854781284 76796854883322 0 5763f5d77270 3
acquire 76797166728424 76797166759643 0 5763f5d77270 2
present 76797166965325 76797167089643 0 5763f5d77270 2
acquire 76797467881404 76797467910947 0 5763f5d77270 3
present 76797468125429 76797468226838 0 5763f5d77270 3
acquire 76797777993817 76797778029645 0 5763f5d77270 2
present 76797778212280 76797778315366 0 5763f5d77270 2
acquire 76798073506285 76798073533872 0 5763f5d77270 3
present 76798073715320 76798073814983 0 5763f5d77270 3
acquire 76798384273319 76798384301675 0 5763f5d77270 2
present 76798384488919 76798384592214 0 5763f5d77270 2
acquire 76798682725751 76798682752919 0 5763f5d77270 3
present 76798682942398 76798683061198 0 5763f5d77270 3
acquire 76798991531017 76798991558185 0 5763f5d77270 2
present 76798991741727 76798991839854 0 5763f5d77270 2
acquire 76799289879594 76799289908648 0 5763f5d77270 3
present 76799290129556 76799290240114 0 5763f5d77270 3
acquire 76799600743219 76799600772762 0 5763f5d77270 2
present 76799600956933 76799601076221 0 5763f5d77270 2
acquire 76799899332609 76799899368507 0 5763f5d77270 3
present 76799899629015 76799899751097 0 5763f5d77270 3
acquire 76800205465822 76800205502488 0 5763f5d77270 2
present 76800205790653 76800205927612 0 5763f5d77270 2
acquire 76800504885763 76800504922988 0 5763f5d77270 3
present 76800505171274 76800505280365 0 5763f5d77270 3
acquire 76800816220117 76800816246796 0 5763f5d77270 2
present 76800816438650 76800816541107 0 5763f5d77270 2
acquire 76801116274006 76801116296984 0 5763f5d77270 3
present 76801116486114 76801116589199 0 5763f5d77270 3
acquire 76801425491614 76801425523531 0 5763f5d77270 2
present 76801425725861 76801425835232 0 5763f5d77270 2
acquire 76801728588063 76801728614254 0 5763f5d77270 3
present 76801728807993 76801728907657 0 5763f5d77270 3
acquire 76802035638640 76802035670068 0 5763f5d77270 2
present 76802035893839 76802036011871 0 5763f5d77270 2
acquire 76802334544620 76802334572696 0 5763f5d77270 3
present 76802334765807 76802334866029 0 5763f5d77270 3
acquire 76802647193384 76802647220692 0 5763f5d77270 2
present 76802647410660 76802647511580 0 5763f5d77270 2
acquire 76802946559757 76802946589789 0 5763f5d77270 3
present 76802946805947 76802946915248 0 5763f5d77270 3
acquire 76803255755714 76803255781066 0 5763f5d77270 2
present 76803255973549 76803256083129 0 5763f5d77270 2
acquire 76803551505782 76803551531134 0 5763f5d77270 3
present 76803551722708 76803551825095 0 5763f5d77270 3
acquire 76803858664053 76803858697856 0 5763f5d77270 2
present 76803858920929 76803859045456 0 5763f5d77270 2
acquire 76804154776806 76804154806767 0 5763f5d77270 3
present 76804155031586 76804155147662 0 5763f5d77270 3
acquire 76804460338787 76804460364489 0 5763f5d77270 2
present 76804460568146 76804460666901 0 5763f5d77270 2
swapchain 76805467342202 76805470420520 0 5763f5d96c50 1100x700 mode 2 images 4
acquire 76805477054732 76805477069957 0 5763f5d96c50 3
present 76805477266560 76805477386268 0 5763f5d96c50 3
acquire 76805478723307 76805478732247 0 5763f5d96c50 2
present 76805478870882 76805478960977 0 5763f5d96c50 2
swapchain 76806974810943 76806977946951 0 5763f5d77270 640x760 mode 2 images 4
acquire 76806984631937 76806984642972 0 5763f5d77270 3
present 76806984819391 76806984925898 0 5763f5d77270 3
swapchain 76808484225948 76808487510228 0 5763f5d96c50 1280x480 mode 2 images 4
acquire 76808493675038 76808493686422 0 5763f5d96c50 3
present 76808493858720 76808493966066 0 5763f5d96c50 3
acquire 76808495456686 76808495466044 0 5763f5d96c50 2
present 76808495603073 76808495696590 0 5763f5d96c50 2
swapchain 76809990768665 76809995889908 0 5763f5d77d80 760x560 mode 2 images 4
acquire 76810002524748 76810002540322 0 5763f5d77d80 3
present 76810002742373 76810002891623 0 5763f5d77d80 3
swapchain 76811497624619 76811501040550 0 5763f5d7a460 900x560 mode 2 images 4
acquire 76811507463702 76811507475575 0 5763f5d7a460 3
present 76811507657791 76811507772400 0 5763f5d7a460 3
