instance 73148706559932 73148723257972 0 pid 1219306
device 73148723999545 73148838780183 0
swapchain 73148839244976 73148890542528 0 6405b911ed70 900x560 mode 2 images 4
acquire 73148957148281 73148957162459 0 6405b911ed70 3
present 73148957333081 73148957519626 0 6405b911ed70 3
acquire 73148958959122 73148958968341 0 6405b911ed70 2
present 73148959131001 73148959225496 1000001003 6405b911ed70 2
swapchain 73148959921184 73148962674601 0 6405b9391c30 900x560 mode 2 images 4
acquire 73148963912885 73148963922383 0 6405b9391c30 3
present 73148964081481 73148964160541 0 6405b9391c30 3
acquire 73161263300989 73161263315516 0 6405b9391c30 2
present 73161263503808 73161263614576 0 6405b9391c30 2
acquire 73161943829536 73161943844412 0 6405b9391c30 1
present 73161944051631 73161944156812 0 6405b9391c30 1
acquire 73162259733952 73162259747432 0 6405b9391c30 0
present 73162259918263 73162260042650 0 6405b9391c30 0
acquire 73162261216331 73162261238889 0 6405b9391c30 3
present 73162261402038 73162261489898 0 6405b9391c30 3
acquire 73162563030575 73162563057324 0 6405b9391c30 2
present 73162563241216 73162563377965 0 6405b9391c30 2
acquire 73162564593760 73162564611499 0 6405b9391c30 3
present 73162564763054 73162564846864 0 6405b9391c30 3
acquire 73162863733368 73162863760117 0 6405b9391c30 2
present 73162863936466 73162864054916 0 6405b9391c30 2
acquire 73162865251085 73162865268406 0 6405b9391c30 3
present 73162865411580 73162865499580 0 6405b9391c30 3
acquire 73163159109306 73163159134100 0 6405b9391c30 2
present 73163159321972 73163159437280 0 6405b9391c30 2
acquire 73163160686459 73163160703221 0 6405b9391c30 3
present 73163160853379 73163160935722 0 6405b9391c30 3
acquire 73163462336786 73163462365840 0 6405b9391c30 2
present 73163462567821 73163462686900 0 6405b9391c30 2
acquire 73163463949069 73163463967367 0 6405b9391c30 3
present 73163464143856 73163464226897 0 6405b9391c30 3
acquire 73163767968897 73163767996554 0 6405b9391c30 2
present 73163768197906 73163768323341 0 6405b9391c30 2
acquire 73163769768424 73163769792798 0 6405b9391c30 3
present 73163770396226 73163770500918 0 6405b9391c30 3
acquire 73163875383878 73163875416285 0 6405b9391c30 2
present 73163875643897 73163875764513 0 6405b9391c30 2
acquire 73164072177366 73164072203975 0 6405b9391c30 3
present 73164072425441 73164072560025 0 6405b9391c30 3
acquire 73164074768332 73164074791729 0 6405b9391c30 2
present 73164074989519 73164075103570 0 6405b9391c30 2
acquire 73164094290329 73164094310862 0 6405b9391c30 3
present 73164094473732 73164094569414 0 6405b9391c30 3
acquire 73164128088973 73164128116141 0 6405b9391c30 2
present 73164128305062 73164128406191 0 6405b9391c30 2
acquire 73164362955243 73164362986252 0 6405b9391c30 3
present 73164363202131 73164363316531 0 6405b9391c30 3
acquire 73164364700363 73164364716916 0 6405b9391c30 2
present 73164364878249 73164364961360 0 6405b9391c30 2
acquire 73164663566753 73164663594410 0 6405b9391c30 3
present 73164663790594 73164663906600 0 6405b9391c30 3
acquire 73164665292877 73164665310616 0 6405b9391c30 2
present 73164665456794 73164665540603 0 6405b9391c30 2
acquire 73164965031023 73164965059728 0 6405b9391c30 3
present 73164965246553 73164965356972 0 6405b9391c30 3
acquire 73164966854855 73164966873014 0 6405b9391c30 2
present 73164967025198 73164967121997 0 6405b9391c30 2
acquire 73165263525998 73165263562664 0 6405b9391c30 3
present 73165263790696 73165263910403 0 6405b9391c30 3
acquire 73165265411359 73165265430915 0 6405b9391c30 1
present 73165265682273 73165265782775 0 6405b9391c30 1
swapchain 73170960414777 73170963677197 0 6405b911ed70 1100x700 mode 2 images 4
acquire 73171133195413 73171133212244 0 6405b911ed70 3
present 73171133407101 73171133527018 0 6405b911ed70 3
swapchain 73172466285810 73172469421887 0 6405b9391c30 640x760 mode 2 images 4
acquire 73172639987650 73172640020545 0 6405b9391c30 3
present 73172640223434 73172640353548 0 6405b9391c30 3
swapchain 73173973307685 73173976264340 0 6405b911ed70 1280x480 mode 2 images 4
acquire 73174144339289 73174144358146 0 6405b911ed70 3
present 73174144573397 73174144709447 0 6405b911ed70 3
swapchain 73175480392069 73175484210144 0 6405b9391c30 760x560 mode 2 images 4
acquire 73175654421743 73175654438785 0 6405b9391c30 3
present 73175654656479 73175654785266 0 6405b9391c30 3
swapchain 73176991773848 73176995964456 0 6405b911ed70 900x560 mode 2 images 4
acquire 73177198538206 73177198556575 0 6405b911ed70 3
present 73177198798644 73177198934834 0 6405b911ed70 3
acquire 73177200614933 73177200630019 0 6405b911ed70 2
present 73177200860494 73177201033072 0 6405b911ed70 2
