instance 87822900447542 87822915449709 0 pid 3396267
device 87822916245899 87823033130575 0
swapchain 87823033533908 87823087225159 0 63224603ec70 900x560 mode 2 images 4
acquire 87823124048157 87823124061637 0 63224603ec70 3
present 87823124355947 87823124557020 0 63224603ec70 3
acquire 87823124807052 87823124816550 0 63224603ec70 2
present 87823124893934 87823124959724 0 63224603ec70 2
acquire 87835452275211 87835452291345 0 63224603ec70 1
present 87835452410564 87835452542354 0 63224603ec70 1
acquire 87836133418648 87836133436807 0 63224603ec70 0
present 87836133564546 87836133692565 0 63224603ec70 0
acquire 87836441559227 87836441596382 0 63224603ec70 3
present 87836441732573 87836442125359 0 63224603ec70 3
acquire 87836738918561 87836738957532 0 63224603ec70 2
present 87836739145684 87836739254078 0 63224603ec70 2
acquire 87837050441129 87837050468088 0 63224603ec70 3
present 87837050576202 87837050693954 0 63224603ec70 3
acquire 87837350756421 87837350790783 0 63224603ec70 2
present 87837350945132 87837351086421 0 63224603ec70 2
acquire 87837660373373 87837660407665 0 63224603ec70 3
present 87837660527512 87837660650014 0 63224603ec70 3
acquire 87837953828584 87837953873981 0 63224603ec70 2
present 87837954029308 87837954147759 0 63224603ec70 2
acquire 87838265948225 87838265978745 0 63224603ec70 3
present 87838266116053 87838266233526 0 63224603ec70 3
acquire 87838563815723 87838563849596 0 63224603ec70 2
present 87838564016098 87838564144466 0 63224603ec70 2
acquire 87838877403914 87838877433527 0 63224603ec70 3
present 87838877552327 87838877667215 0 63224603ec70 3
acquire 87839175280981 87839175309616 0 63224603ec70 2
present 87839175437495 87839175551406 0 63224603ec70 2
acquire 87839490389265 87839490417341 0 63224603ec70 3
present 87839490516446 87839490636084 0 63224603ec70 3
acquire 87839788196002 87839788229456 0 63224603ec70 2
present 87839788362643 87839788485144 0 63224603ec70 2
acquire 87840101623767 87840101659945 0 63224603ec70 3
present 87840101784332 87840101918288 0 63224603ec70 3
acquire 87840399722440 87840399754427 0 63224603ec70 2
present 87840399901233 87840400038192 0 63224603ec70 2
acquire 87840708922649 87840708955055 0 63224603ec70 3
present 87840709083214 87840709194960 0 63224603ec70 3
acquire 87841007175531 87841007206051 0 63224603ec70 2
present 87841007349226 87841007467467 0 63224603ec70 2
acquire 87841315187950 87841315216096 0 63224603ec70 3
present 87841315322883 87841315432185 0 63224603ec70 3
acquire 87841615229814 87841615263198 0 63224603ec70 2
present 87841615408817 87841615523776 0 63224603ec70 2
acquire 87841926205386 87841926235906 0 63224603ec70 3
present 87841926358128 87841926472668 0 63224603ec70 3
acquire 87842226149192 87842226179923 0 63224603ec70 2
present 87842226325681 87842226446367 0 63224603ec70 2
acquire 87842538124680 87842538154712 0 63224603ec70 3
present 87842538283569 87842538392242 0 63224603ec70 3
acquire 87842837900519 87842837930132 0 63224603ec70 2
present 87842838075960 87842838192944 0 63224603ec70 2
acquire 87843146128678 87843146164856 0 63224603ec70 3
present 87843146308379 87843146420824 0 63224603ec70 3
acquire 87843442131486 87843442161099 0 63224603ec70 2
present 87843442292889 87843442402610 0 63224603ec70 2
acquire 87843756861929 87843756893637 0 63224603ec70 3
present 87843757050082 87843757166158 0 63224603ec70 3
acquire 87844058468794 87844058500293 0 63224603ec70 2
present 87844058666096 87844058801448 0 63224603ec70 2
acquire 87844372045112 87844372080312 0 63224603ec70 3
present 87844372203442 87844372321962 0 63224603ec70 3
acquire 87844673932319 87844673970872 0 63224603ec70 2
present 87844674139818 87844674258967 0 63224603ec70 2
acquire 87844984420818 87844984451129 0 63224603ec70 3
present 87844984590602 87844984702697 0 63224603ec70 3
acquire 87845279237723 87845279279069 0 63224603ec70 2
present 87845279439704 87845279569818 0 63224603ec70 2
acquire 87845588238465 87845588274643 0 63224603ec70 3
present 87845588439119 87845588558966 0 63224603ec70 3
acquire 87845887112304 87845887153301 0 63224603ec70 2
present 87845887325739 87845887485256 0 63224603ec70 2
acquire 87846195957440 87846195993618 0 63224603ec70 3
present 87846196152926 87846196267605 0 63224603ec70 3
acquire 87846493659065 87846493690564 0 63224603ec70 2
present 87846493837789 87846493946951 0 63224603ec70 2
acquire 87846807238316 87846807276379 0 63224603ec70 3
present 87846807427516 87846807549039 0 63224603ec70 3
acquire 87847107275430 87847107309722 0 63224603ec70 2
present 87847107441722 87847107563595 0 63224603ec70 2
acquire 87847418234519 87847418270138 0 63224603ec70 3
present 87847418432658 87847418555160 0 63224603ec70 3
acquire 87847712704662 87847712748522 0 63224603ec70 2
present 87847712949804 87847713110090 0 63224603ec70 2
acquire 87848024909228 87848024941146 0 63224603ec70 3
present 87848025101292 87848025210314 0 63224603ec70 3
acquire 87848321941286 87848321973413 0 63224603ec70 2
present 87848322123641 87848322241114 0 63224603ec70 2
acquire 87848631524224 87848631556211 0 63224603ec70 3
present 87848631696871 87848631805195 0 63224603ec70 3
acquire 87848929173188 87848929204198 0 63224603ec70 2
present 87848929343601 87848929458000 0 63224603ec70 2
acquire 87849242431588 87849242469233 0 63224603ec70 3
present 87849242636432 87849242764591 0 63224603ec70 3
acquire 87849538540345 87849538577012 0 63224603ec70 2
present 87849538749799 87849538883824 0 63224603ec70 2
acquire 87849848681593 87849848712044 0 63224603ec70 3
present 87849848836501 87849848943358 0 63224603ec70 3
acquire 87850144062465 87850144092287 0 63224603ec70 2
present 87850144242446 87850144356427 0 63224603ec70 2
acquire 87850456416072 87850456447082 0 63224603ec70 3
present 87850456586694 87850456694110 0 63224603ec70 3
acquire 87850755635695 87850755669079 0 63224603ec70 2
present 87850755817841 87850755936152 0 63224603ec70 2
acquire 87851066081311 87851066112810 0 63224603ec70 3
present 87851066256124 87851066361584 0 63224603ec70 3
acquire 87851367856912 87851367891693 0 63224603ec70 2
present 87851368081591 87851368210867 0 63224603ec70 2
acquire 87851676338803 87851676368416 0 63224603ec70 3
present 87851676481559 87851676587647 0 63224603ec70 3
acquire 87851973869107 87851973910523 0 63224603ec70 2
present 87851974105450 87851974243526 0 63224603ec70 2
acquire 87852290200170 87852290234113 0 63224603ec70 3
present 87852290384132 87852290515503 0 63224603ec70 3
acquire 87852585872629 87852585909366 0 63224603ec70 2
present 87852586070908 87852586184260 0 63224603ec70 2
acquire 87852896406943 87852896447032 0 63224603ec70 3
present 87852896614511 87852896744556 0 63224603ec70 3
acquire 87853190756959 87853190788387 0 63224603ec70 2
present 87853190917175 87853191044844 0 63224603ec70 2
acquire 87853498848158 87853498887689 0 63224603ec70 3
present 87853499049930 87853499163561 0 63224603ec70 3
acquire 87853794019646 87853794052052 0 63224603ec70 2
present 87853794181538 87853794295030 0 63224603ec70 2
acquire 87854101422002 87854101454129 0 63224603ec70 3
present 87854101593532 87854101704649 0 63224603ec70 3
swapchain 87855110355621 87855114036741 0 6322462871d0 1100x700 mode 2 images 4
acquire 87855122159061 87855122176312 0 6322462871d0 3
present 87855122306496 87855122445550 0 6322462871d0 3
swapchain 87856618204164 87856622031531 0 63224603ec70 640x760 mode 2 images 4
acquire 87856630236125 87856630251699 0 63224603ec70 3
present 87856630411775 87856630572131 0 63224603ec70 3
swapchain 87858128236920 87858133230006 0 6322462871d0 1280x480 mode 2 images 4
acquire 87858141433063 87858141443539 0 6322462871d0 3
present 87858141554238 87858141661933 0 6322462871d0 3
swapchain 87859634703514 87859638755910 0 63224603ec70 760x560 mode 2 images 4
acquire 87859647556807 87859647572591 0 63224603ec70 3
present 87859647689785 87859647820597 0 63224603ec70 3
swapchain 87861142316970 87861146855041 0 6322462871d0 900x560 mode 2 images 4
acquire 87861154954803 87861154968212 0 6322462871d0 3
present 87861155097698 87861155208815 0 6322462871d0 3
