instance 92067699399420 92067710664869 0 pid 4059162
device 92067711416220 92067826775930 0
swapchain 92067827188552 92067880898356 0 620589b5bea0 900x560 mode 2 images 4
acquire 92067885979650 92067885991592 0 620589b5bea0 3
present 92067889554469 92067889773491 0 620589b5bea0 3
acquire 92067889988672 92067889998170 0 620589b5bea0 2
present 92067890063541 92067890126817 0 620589b5bea0 2
acquire 92080233111154 92080233126589 0 620589b5bea0 1
present 92080233250557 92080233388494 0 620589b5bea0 1
acquire 92080914114247 92080914130940 0 620589b5bea0 0
present 92080914243523 92080914355688 0 620589b5bea0 0
acquire 92081215567604 92081215605248 0 620589b5bea0 3
present 92081215793051 92081215899768 0 620589b5bea0 3
acquire 92081519603267 92081519633159 0 620589b5bea0 2
present 92081519778987 92081519878720 0 620589b5bea0 2
acquire 92081824401945 92081824436237 0 620589b5bea0 3
present 92081824587582 92081824690528 0 620589b5bea0 3
acquire 92082131550428 92082131587025 0 620589b5bea0 2
present 92082131769869 92082131886923 0 620589b5bea0 2
acquire 92082432775753 92082432815493 0 620589b5bea0 3
present 92082432999524 92082433125937 0 620589b5bea0 3
acquire 92082734459096 92082734488220 0 620589b5bea0 2
present 92082734628601 92082734733502 0 620589b5bea0 2
acquire 92083039873633 92083039908973 0 620589b5bea0 3
present 92083040115493 92083040228147 0 620589b5bea0 3
acquire 92083344526832 92083344563079 0 620589b5bea0 2
present 92083344711771 92083344828546 0 620589b5bea0 2
acquire 92083651517474 92083651552325 0 620589b5bea0 3
present 92083651713099 92083651827080 0 620589b5bea0 3
acquire 92083955980775 92083956025124 0 620589b5bea0 2
present 92083956186178 92083956300647 0 620589b5bea0 2
acquire 92084262667189 92084262701970 0 620589b5bea0 3
present 92084262893405 92084263026313 0 620589b5bea0 3
acquire 92084568897611 92084568931973 0 620589b5bea0 2
present 92084569113630 92084569239064 0 620589b5bea0 2
acquire 92084875515790 92084875552667 0 620589b5bea0 3
present 92084875729574 92084875846488 0 620589b5bea0 3
acquire 92085180394017 92085180427401 0 620589b5bea0 2
present 92085180578258 92085180697896 0 620589b5bea0 2
acquire 92085482995353 92085483038375 0 620589b5bea0 3
present 92085483181200 92085483281771 0 620589b5bea0 3
acquire 92085787811142 92085787845014 0 620589b5bea0 2
present 92085788015776 92085788132201 0 620589b5bea0 2
acquire 92086089128377 92086089156104 0 620589b5bea0 3
present 92086089308498 92086089416751 0 620589b5bea0 3
acquire 92086395917598 92086395951890 0 620589b5bea0 2
present 92086396114690 92086396231813 0 620589b5bea0 2
acquire 92086700175426 92086700207902 0 620589b5bea0 3
present 92086700392143 92086700511851 0 620589b5bea0 3
acquire 92087006810437 92087006847243 0 620589b5bea0 2
present 92087007013465 92087007129122 0 620589b5bea0 2
acquire 92087312745500 92087312781259 0 620589b5bea0 3
present 92087312930300 92087313054757 0 620589b5bea0 3
acquire 92087618505053 92087618536970 0 620589b5bea0 2
present 92087618671624 92087618772684 0 620589b5bea0 2
acquire 92087920528662 92087920559602 0 620589b5bea0 3
present 92087920710948 92087920823811 0 620589b5bea0 3
acquire 92088222673027 92088222704525 0 620589b5bea0 2
present 92088222850353 92088222966918 0 620589b5bea0 2
acquire 92088531158130 92088531187464 0 620589b5bea0 3
present 92088531318905 92088531424854 0 620589b5bea0 3
acquire 92088839019762 92088839047000 0 620589b5bea0 2
present 92088839187101 92088839288092 0 620589b5bea0 2
acquire 92089146032334 92089146066836 0 620589b5bea0 3
present 92089146252404 92089146389153 0 620589b5bea0 3
acquire 92089454447457 92089454477489 0 620589b5bea0 2
present 92089454614447 92089454751685 0 620589b5bea0 2
acquire 92089758999875 92089759050650 0 620589b5bea0 3
present 92089759204440 92089759328757 0 620589b5bea0 3
acquire 92090059764667 92090059800007 0 620589b5bea0 2
present 92090059951143 92090060073854 0 620589b5bea0 2
acquire 92090362755228 92090362785818 0 620589b5bea0 3
present 92090362933532 92090363077894 0 620589b5bea0 3
acquire 92090667500896 92090667530928 0 620589b5bea0 2
present 92090667677873 92090667795207 0 620589b5bea0 2
acquire 92090970182618 92090970212580 0 620589b5bea0 3
present 92090970382434 92090970500675 0 620589b5bea0 3
acquire 92091274090402 92091274121831 0 620589b5bea0 2
present 92091274272408 92091274384992 0 620589b5bea0 2
acquire 92091581633209 92091581659609 0 620589b5bea0 3
present 92091581792656 92091581898466 0 620589b5bea0 3
acquire 92091887596768 92091887627288 0 620589b5bea0 2
present 92091887791136 92091887919992 0 620589b5bea0 2
acquire 92092192690664 92092192720626 0 620589b5bea0 3
present 92092192873159 92092193031908 0 620589b5bea0 3
acquire 92092492943102 92092492973063 0 620589b5bea0 2
present 92092493124409 92092493239438 0 620589b5bea0 2
acquire 92092799146285 92092799177294 0 620589b5bea0 3
present 92092799318583 92092799464481 0 620589b5bea0 3
acquire 92093102259416 92093102287981 0 620589b5bea0 2
present 92093102425918 92093102537454 0 620589b5bea0 2
acquire 92093405971645 92093405997766 0 620589b5bea0 3
present 92093406139962 92093406239137 0 620589b5bea0 3
acquire 92093709373011 92093709404440 0 620589b5bea0 2
present 92093709543563 92093709660198 0 620589b5bea0 2
acquire 92094014552742 92094014584660 0 620589b5bea0 3
present 92094014730348 92094014853199 0 620589b5bea0 3
acquire 92094318725923 92094318749738 0 620589b5bea0 2
present 92094318877757 92094318980703 0 620589b5bea0 2
acquire 92094619951248 92094619980301 0 620589b5bea0 3
present 92094620145895 92094620259806 0 620589b5bea0 3
acquire 92094924278707 92094924307761 0 620589b5bea0 2
present 92094924444021 92094924558700 0 620589b5bea0 2
acquire 92095230778646 92095230807211 0 620589b5bea0 3
present 92095230956042 92095231072677 0 620589b5bea0 3
acquire 92095536028847 92095536080948 0 620589b5bea0 2
present 92095536228033 92095536344459 0 620589b5bea0 2
acquire 92095840263208 92095840290236 0 620589b5bea0 3
present 92095840418046 92095840515334 0 620589b5bea0 3
acquire 92096147992141 92096148051855 0 620589b5bea0 2
present 92096148188325 92096148290712 0 620589b5bea0 2
acquire 92096450409375 92096450443248 0 620589b5bea0 3
present 92096450594384 92096450708784 0 620589b5bea0 3
acquire 92096754022080 92096754058887 0 620589b5bea0 2
present 92096754212886 92096754327915 0 620589b5bea0 2
acquire 92097062010683 92097062043090 0 620589b5bea0 3
present 92097062190035 92097062294378 0 620589b5bea0 3
acquire 92097366099705 92097366132111 0 620589b5bea0 2
present 92097366293584 92097366409032 0 620589b5bea0 2
acquire 92097670689628 92097670723501 0 620589b5bea0 3
present 92097670871145 92097670984986 0 620589b5bea0 3
acquire 92097970977195 92097971021894 0 620589b5bea0 2
present 92097971176662 92097971302795 0 620589b5bea0 2
acquire 92098273093833 92098273127776 0 620589b5bea0 3
present 92098273296652 92098273410842 0 620589b5bea0 3
acquire 92098574232625 92098574268384 0 620589b5bea0 2
present 92098574419031 92098574531894 0 620589b5bea0 2
acquire 92098874840624 92098874870167 0 620589b5bea0 3
present 92098875020116 92098875124947 0 620589b5bea0 3
swapchain 92099892570629 92099896633219 0 620589cf2570 1100x700 mode 2 images 4
acquire 92099898324422 92099898335737 0 620589cf2570 3
present 92099898463616 92099898567470 0 620589cf2570 3
acquire 92099898703450 92099898711412 0 620589cf2570 2
present 92099898759952 92099898831818 0 620589cf2570 2
swapchain 92101400144153 92101404063149 0 620589b5bea0 640x760 mode 2 images 4
acquire 92101405182843 92101405193459 0 620589b5bea0 3
present 92101405307300 92101405417858 0 620589b5bea0 3
acquire 92101405599515 92101405609642 0 620589b5bea0 2
present 92101405672848 92101405758404 0 620589b5bea0 2
swapchain 92102908521339 92102912197428 0 620589cf2570 1280x480 mode 2 images 4
acquire 92102913456874 92102913466302 0 620589cf2570 3
present 92102913579934 92102913684905 0 620589cf2570 3
swapchain 92104416350411 92104420151866 0 620589b5bea0 760x560 mode 2 images 4
acquire 92104421465229 92104421475425 0 620589b5bea0 3
present 92104421583470 92104421715260 0 620589b5bea0 3
swapchain 92105924094138 92105927502526 0 620589d04d20 900x560 mode 2 images 4
acquire 92105928466404 92105928476531 0 620589d04d20 3
present 92105928591909 92105928693039 0 620589d04d20 3
