instance 313529205926308 313529226247897 0 pid 1857573
device 313529226969076 313529355483924 0
swapchain 313529355852266 313529408534788 0 5b4304a4deb0 900x560 mode 2 images 4
acquire 313529416178335 313529416192862 0 5b4304a4deb0 3
present 313529417308922 313529417499100 0 5b4304a4deb0 3
acquire 313529417594503 313529417604001 0 5b4304a4deb0 2
present 313529417668394 313529417735232 0 5b4304a4deb0 2
acquire 313541747135139 313541747151412 0 5b4304a4deb0 1
present 313541747283481 313541747404516 0 5b4304a4deb0 1
acquire 313542428081064 313542428097756 0 5b4304a4deb0 0
present 313542428228988 313542428351559 0 5b4304a4deb0 0
acquire 313542729289372 313542729322267 0 5b4304a4deb0 3
present 313542729488978 313542729600514 0 5b4304a4deb0 3
acquire 313543033579487 313543033615176 0 5b4304a4deb0 2
present 313543033758699 313543033862832 0 5b4304a4deb0 2
acquire 313543338193805 313543338225303 0 5b4304a4deb0 3
present 313543338384890 313543338504318 0 5b4304a4deb0 3
acquire 313543645426675 313543645460059 0 5b4304a4deb0 2
present 313543645618528 313543645740960 0 5b4304a4deb0 2
acquire 313543946635961 313543946674024 0 5b4304a4deb0 3
present 313543946862525 313543946998366 0 5b4304a4deb0 3
acquire 313544248459151 313544248490509 0 5b4304a4deb0 2
present 313544248628725 313544248744242 0 5b4304a4deb0 2
acquire 313544553759449 313544553790458 0 5b4304a4deb0 3
present 313544553942642 313544554096152 0 5b4304a4deb0 3
acquire 313544858466097 313544858499481 0 5b4304a4deb0 2
present 313544858644891 313544858769766 0 5b4304a4deb0 2
acquire 313545165284392 313545165311839 0 5b4304a4deb0 3
present 313545165432664 313545165542524 0 5b4304a4deb0 3
acquire 313545469936425 313545469968832 0 5b4304a4deb0 2
present 313545470125415 313545470239745 0 5b4304a4deb0 2
acquire 313545776357045 313545776386658 0 5b4304a4deb0 3
present 313545776547921 313545776663717 0 5b4304a4deb0 3
acquire 313546082874813 313546082906242 0 5b4304a4deb0 2
present 313546083065619 313546083181416 0 5b4304a4deb0 2
acquire 313546389379732 313546389409344 0 5b4304a4deb0 3
present 313546389560271 313546389672785 0 5b4304a4deb0 3
acquire 313546694389004 313546694422108 0 5b4304a4deb0 2
present 313546694570451 313546694689600 0 5b4304a4deb0 2
acquire 313546996674473 313546996705273 0 5b4304a4deb0 3
present 313546996855920 313546996968155 0 5b4304a4deb0 3
acquire 313547301872666 313547301911288 0 5b4304a4deb0 2
present 313547302167465 313547302295344 0 5b4304a4deb0 2
acquire 313547603191046 313547603224011 0 5b4304a4deb0 3
present 313547603378500 313547603492061 0 5b4304a4deb0 3
acquire 313547910067520 313547910100485 0 5b4304a4deb0 2
present 313547910262028 313547910389627 0 5b4304a4deb0 2
acquire 313548213966529 313548213998237 0 5b4304a4deb0 3
present 313548214147976 313548214260840 0 5b4304a4deb0 3
acquire 313548520925626 313548520957054 0 5b4304a4deb0 2
present 313548521109727 313548521218888 0 5b4304a4deb0 2
acquire 313548826918960 313548826955696 0 5b4304a4deb0 3
present 313548827128064 313548827249867 0 5b4304a4deb0 3
acquire 313549132746282 313549132779596 0 5b4304a4deb0 2
present 313549132930802 313549133089062 0 5b4304a4deb0 2
acquire 313549434639316 313549434671723 0 5b4304a4deb0 3
present 313549434818249 313549434933278 0 5b4304a4deb0 3
acquire 313549736861093 313549736891195 0 5b4304a4deb0 2
present 313549737043588 313549737149467 0 5b4304a4deb0 2
acquire 313550045293767 313550045325755 0 5b4304a4deb0 3
present 313550045468230 313550045586122 0 5b4304a4deb0 3
acquire 313550353306767 313550353340151 0 5b4304a4deb0 2
present 313550353473757 313550353591649 0 5b4304a4deb0 2
acquire 313550660307630 313550660342481 0 5b4304a4deb0 3
present 313550660502277 313550660622963 0 5b4304a4deb0 3
acquire 313550968818876 313550968851981 0 5b4304a4deb0 2
present 313550969027422 313550969134418 0 5b4304a4deb0 2
acquire 313551273352185 313551273382705 0 5b4304a4deb0 3
present 313551273517568 313551273617301 0 5b4304a4deb0 3
acquire 313551574031453 313551574061973 0 5b4304a4deb0 2
present 313551574205985 313551574314728 0 5b4304a4deb0 2
acquire 313551877107387 313551877139374 0 5b4304a4deb0 3
present 313551877287647 313551877407355 0 5b4304a4deb0 3
acquire 313552181920340 313552181958892 0 5b4304a4deb0 2
present 313552182163386 313552182289170 0 5b4304a4deb0 2
acquire 313552484533298 313552484565705 0 5b4304a4deb0 3
present 313552484713349 313552484835431 0 5b4304a4deb0 3
acquire 313552788476241 313552788506692 0 5b4304a4deb0 2
present 313552788648050 313552788760075 0 5b4304a4deb0 2
acquire 313553096082069 313553096115872 0 5b4304a4deb0 3
present 313553096266030 313553096389719 0 5b4304a4deb0 3
acquire 313553402185755 313553402232968 0 5b4304a4deb0 2
present 313553402406383 313553402590484 0 5b4304a4deb0 2
acquire 313553707142791 313553707189026 0 5b4304a4deb0 3
present 313553707335064 313553707462943 0 5b4304a4deb0 3
acquire 313554007428087 313554007456931 0 5b4304a4deb0 2
present 313554007600106 313554007707242 0 5b4304a4deb0 2
acquire 313554313588974 313554313626199 0 5b4304a4deb0 3
present 313554313760504 313554313872180 0 5b4304a4deb0 3
acquire 313554616700739 313554616728815 0 5b4304a4deb0 2
present 313554616859348 313554616971094 0 5b4304a4deb0 2
acquire 313554920497785 313554920529773 0 5b4304a4deb0 3
present 313554920666242 313554920775124 0 5b4304a4deb0 3
acquire 313555223913499 313555223940737 0 5b4304a4deb0 2
present 313555224099346 313555224210813 0 5b4304a4deb0 2
acquire 313555529025584 313555529054638 0 5b4304a4deb0 3
present 313555529182726 313555529285881 0 5b4304a4deb0 3
acquire 313555833343785 313555833375283 0 5b4304a4deb0 2
present 313555833537314 313555833645847 0 5b4304a4deb0 2
acquire 313556134490711 313556134525283 0 5b4304a4deb0 3
present 313556134685079 313556134816869 0 5b4304a4deb0 3
acquire 313556438852005 313556438884691 0 5b4304a4deb0 2
present 313556439067046 313556439189268 0 5b4304a4deb0 2
acquire 313556745310067 313556745346385 0 5b4304a4deb0 3
present 313556745493680 313556745607381 0 5b4304a4deb0 3
acquire 313557050422153 313557050454559 0 5b4304a4deb0 2
present 313557050596825 313557050713669 0 5b4304a4deb0 2
acquire 313557355102132 313557355157795 0 5b4304a4deb0 3
present 313557355375909 313557355543807 0 5b4304a4deb0 3
acquire 313557663054235 313557663106267 0 5b4304a4deb0 2
present 313557663326406 313557663453796 0 5b4304a4deb0 2
acquire 313557965295364 313557965329167 0 5b4304a4deb0 3
present 313557965487497 313557965608811 0 5b4304a4deb0 3
acquire 313558268944210 313558268976616 0 5b4304a4deb0 2
present 313558269141650 313558269269948 0 5b4304a4deb0 2
acquire 313558576991507 313558577046752 0 5b4304a4deb0 3
present 313558577208015 313558577327792 0 5b4304a4deb0 3
acquire 313558881018543 313558881048505 0 5b4304a4deb0 2
present 313558881167793 313558881265012 0 5b4304a4deb0 2
acquire 313559185592714 313559185623653 0 5b4304a4deb0 3
present 313559185752021 313559185856085 0 5b4304a4deb0 3
acquire 313559485920477 313559485953861 0 5b4304a4deb0 2
present 313559486135867 313559486243423 0 5b4304a4deb0 2
acquire 313559787955157 313559787984560 0 5b4304a4deb0 3
present 313559788137652 313559788250585 0 5b4304a4deb0 3
acquire 313560089170321 313560089201121 0 5b4304a4deb0 2
present 313560089358264 313560089466448 0 5b4304a4deb0 2
acquire 313560389721507 313560389757266 0 5b4304a4deb0 3
present 313560389902466 313560390033627 0 5b4304a4deb0 3
