instance 90346877929885 90346890337653 0 pid 3789351
device 90346891061975 90347001718494 0
swapchain 90347002141032 90347053532591 0 5b30bb2e6ee0 900x560 mode 2 images 4
acquire 90347061327701 90347061343485 0 5b30bb2e6ee0 3
present 90347061525910 90347061743116 0 5b30bb2e6ee0 3
acquire 90347061910385 90347061921001 0 5b30bb2e6ee0 2
present 90347061977642 90347062091344 0 5b30bb2e6ee0 2
acquire 90359386521500 90359386548668 0 5b30bb2e6ee0 1
present 90359386756725 90359386967645 0 5b30bb2e6ee0 1
acquire 90360067171573 90360067190011 0 5b30bb2e6ee0 0
present 90360067317611 90360067446677 0 5b30bb2e6ee0 0
acquire 90360369136466 90360369172573 0 5b30bb2e6ee0 3
present 90360369296332 90360369400744 0 5b30bb2e6ee0 3
acquire 90360672617610 90360672653787 0 5b30bb2e6ee0 2
present 90360672807438 90360672931895 0 5b30bb2e6ee0 2
acquire 90360978033842 90360978066249 0 5b30bb2e6ee0 3
present 90360978179321 90360978286318 0 5b30bb2e6ee0 3
acquire 90361284420238 90361284454530 0 5b30bb2e6ee0 2
present 90361284607622 90361284726282 0 5b30bb2e6ee0 2
acquire 90361586964184 90361587019568 0 5b30bb2e6ee0 3
present 90361587174406 90361587310736 0 5b30bb2e6ee0 3
acquire 90361887451727 90361887486858 0 5b30bb2e6ee0 2
present 90361887654197 90361887785848 0 5b30bb2e6ee0 2
acquire 90362193597242 90362193633629 0 5b30bb2e6ee0 3
present 90362193758994 90362193876816 0 5b30bb2e6ee0 3
acquire 90362497537312 90362497577331 0 5b30bb2e6ee0 2
present 90362497749000 90362497903280 0 5b30bb2e6ee0 2
acquire 90362805709476 90362805744187 0 5b30bb2e6ee0 3
present 90362805861102 90362805979343 0 5b30bb2e6ee0 3
acquire 90363109075173 90363109111351 0 5b30bb2e6ee0 2
present 90363109276665 90363109404265 0 5b30bb2e6ee0 2
acquire 90363416576025 90363416621631 0 5b30bb2e6ee0 3
present 90363416814602 90363416978799 0 5b30bb2e6ee0 3
acquire 90363722064543 90363722111267 0 5b30bb2e6ee0 2
present 90363722324283 90363722484498 0 5b30bb2e6ee0 2
acquire 90364030384492 90364030452168 0 5b30bb2e6ee0 3
present 90364030665812 90364030859272 0 5b30bb2e6ee0 3
acquire 90364333666379 90364333707725 0 5b30bb2e6ee0 2
present 90364333967884 90364334180410 0 5b30bb2e6ee0 2
acquire 90364638906753 90364638951660 0 5b30bb2e6ee0 3
present 90364639186327 90364639355202 0 5b30bb2e6ee0 3
acquire 90364941193823 90364941237544 0 5b30bb2e6ee0 2
present 90364941438686 90364941601137 0 5b30bb2e6ee0 2
acquire 90365243432354 90365243468741 0 5b30bb2e6ee0 3
present 90365243615687 90365243746849 0 5b30bb2e6ee0 3
acquire 90365549269170 90365549300180 0 5b30bb2e6ee0 2
present 90365549443564 90365549565087 0 5b30bb2e6ee0 2
acquire 90365853252333 90365853292212 0 5b30bb2e6ee0 3
present 90365853465838 90365853598536 0 5b30bb2e6ee0 3
acquire 90366160188659 90366160225814 0 5b30bb2e6ee0 2
present 90366160385681 90366160512093 0 5b30bb2e6ee0 2
acquire 90366466144205 90366466177590 0 5b30bb2e6ee0 3
present 90366466336967 90366466444732 0 5b30bb2e6ee0 3
acquire 90366771989263 90366772045416 0 5b30bb2e6ee0 2
present 90366772202698 90366772329250 0 5b30bb2e6ee0 2
acquire 90367073932227 90367073968474 0 5b30bb2e6ee0 3
present 90367074152925 90367074275915 0 5b30bb2e6ee0 3
acquire 90367376284808 90367376332510 0 5b30bb2e6ee0 2
present 90367376566967 90367376731862 0 5b30bb2e6ee0 2
acquire 90367684805551 90367684857652 0 5b30bb2e6ee0 3
present 90367685104121 90367685267340 0 5b30bb2e6ee0 3
acquire 90367992694021 90367992739767 0 5b30bb2e6ee0 2
present 90367992969404 90367993163144 0 5b30bb2e6ee0 2
acquire 90368299673718 90368299720721 0 5b30bb2e6ee0 3
present 90368299918791 90368300084174 0 5b30bb2e6ee0 3
acquire 90368608088581 90368608121756 0 5b30bb2e6ee0 2
present 90368608279457 90368608395603 0 5b30bb2e6ee0 2
acquire 90368912584099 90368912617413 0 5b30bb2e6ee0 3
present 90368912763940 90368912881762 0 5b30bb2e6ee0 3
acquire 90369213334385 90369213366372 0 5b30bb2e6ee0 2
present 90369213606975 90369213997038 0 5b30bb2e6ee0 2
acquire 90369516302268 90369516340471 0 5b30bb2e6ee0 3
present 90369516476870 90369516582121 0 5b30bb2e6ee0 3
acquire 90369821106972 90369821143220 0 5b30bb2e6ee0 2
present 90369821312515 90369821432362 0 5b30bb2e6ee0 2
acquire 90370123796258 90370123833064 0 5b30bb2e6ee0 3
present 90370124017375 90370124142042 0 5b30bb2e6ee0 3
acquire 90370427860996 90370427909396 0 5b30bb2e6ee0 2
present 90370428163687 90370428335846 0 5b30bb2e6ee0 2
acquire 90370735422750 90370735462489 0 5b30bb2e6ee0 3
present 90370735656578 90370735799333 0 5b30bb2e6ee0 3
acquire 90371041393033 90371041430049 0 5b30bb2e6ee0 2
present 90371041597388 90371041722474 0 5b30bb2e6ee0 2
acquire 90371346391896 90371346432893 0 5b30bb2e6ee0 3
present 90371346609172 90371346730276 0 5b30bb2e6ee0 3
acquire 90371646665657 90371646698552 0 5b30bb2e6ee0 2
present 90371646840399 90371646951447 0 5b30bb2e6ee0 2
acquire 90371952886670 90371952928435 0 5b30bb2e6ee0 3
present 90371953113235 90371953238669 0 5b30bb2e6ee0 3
acquire 90372256062400 90372256103536 0 5b30bb2e6ee0 2
present 90372256270038 90372256403713 0 5b30bb2e6ee0 2
acquire 90372559778491 90372559811875 0 5b30bb2e6ee0 3
present 90372559960148 90372560092147 0 5b30bb2e6ee0 3
acquire 90372863304334 90372863342049 0 5b30bb2e6ee0 2
present 90372863519375 90372863653051 0 5b30bb2e6ee0 2
acquire 90373168635153 90373168674264 0 5b30bb2e6ee0 3
present 90373168871774 90373169022142 0 5b30bb2e6ee0 3
acquire 90373472611891 90373472650583 0 5b30bb2e6ee0 2
present 90373472822322 90373472953065 0 5b30bb2e6ee0 2
acquire 90373773817262 90373773854767 0 5b30bb2e6ee0 3
present 90373774028951 90373774150963 0 5b30bb2e6ee0 3
acquire 90374078187625 90374078224641 0 5b30bb2e6ee0 2
present 90374078384507 90374078504355 0 5b30bb2e6ee0 2
acquire 90374384713775 90374384753445 0 5b30bb2e6ee0 3
present 90374384918898 90374385059628 0 5b30bb2e6ee0 3
acquire 90374689823476 90374689859724 0 5b30bb2e6ee0 2
present 90374690041730 90374690164161 0 5b30bb2e6ee0 2
acquire 90374994153052 90374994186925 0 5b30bb2e6ee0 3
present 90374994332893 90374994437305 0 5b30bb2e6ee0 3
acquire 90375301913713 90375301951218 0 5b30bb2e6ee0 2
present 90375302125961 90375302250487 0 5b30bb2e6ee0 2
acquire 90375604340258 90375604390613 0 5b30bb2e6ee0 3
present 90375604586797 90375604709787 0 5b30bb2e6ee0 3
acquire 90375907934337 90375907969467 0 5b30bb2e6ee0 2
present 90375908149517 90375908277536 0 5b30bb2e6ee0 2
acquire 90376215911366 90376215938953 0 5b30bb2e6ee0 3
present 90376216087017 90376216196597 0 5b30bb2e6ee0 3
acquire 90376520086942 90376520128428 0 5b30bb2e6ee0 2
present 90376520302682 90376520437056 0 5b30bb2e6ee0 2
acquire 90376824764886 90376824807489 0 5b30bb2e6ee0 3
present 90376825044460 90376825214104 0 5b30bb2e6ee0 3
acquire 90377124968107 90377125020348 0 5b30bb2e6ee0 2
present 90377125202913 90377125351395 0 5b30bb2e6ee0 2
acquire 90377427103414 90377427146017 0 5b30bb2e6ee0 3
present 90377427315452 90377427444099 0 5b30bb2e6ee0 3
acquire 90377728410196 90377728460830 0 5b30bb2e6ee0 2
present 90377728703109 90377728863395 0 5b30bb2e6ee0 2
acquire 90378028963251 90378029015283 0 5b30bb2e6ee0 3
present 90378029283892 90378029416520 0 5b30bb2e6ee0 3
