instance 313565888951544 313565916189847 0 pid 1862842
device 313565916930861 313566039429958 0
swapchain 313566039796204 313566091198055 0 579f2bb93eb0 900x560 mode 2 images 4
acquire 313566103684524 313566103698911 0 579f2bb93eb0 3
present 313566103931901 313566104132764 0 579f2bb93eb0 3
acquire 313566104224745 313566104233475 0 579f2bb93eb0 2
present 313566104279709 313566104336909 0 579f2bb93eb0 2
acquire 313578469678894 313578469692653 0 579f2bb93eb0 1
present 313578469823326 313578469955535 0 579f2bb93eb0 1
acquire 313579150684174 313579150700028 0 579f2bb93eb0 0
present 313579150814148 313579150933856 0 579f2bb93eb0 0
acquire 313579451912343 313579451945657 0 579f2bb93eb0 3
present 313579452126406 313579452234590 0 579f2bb93eb0 3
acquire 313579756229862 313579756261361 0 579f2bb93eb0 2
present 313579756401182 313579756511252 0 579f2bb93eb0 2
acquire 313580060817457 313580060850771 0 579f2bb93eb0 3
present 313580061030473 313580061157863 0 579f2bb93eb0 3
acquire 313580368071097 313580368099243 0 579f2bb93eb0 2
present 313580368239903 313580368345572 0 579f2bb93eb0 2
acquire 313580669263438 313580669298219 0 579f2bb93eb0 3
present 313580669464091 313580669590085 0 579f2bb93eb0 3
acquire 313580971125136 313580971158520 0 579f2bb93eb0 2
present 313580971319993 313580971442145 0 579f2bb93eb0 2
acquire 313581276351848 313581276384254 0 579f2bb93eb0 3
present 313581276548660 313581276667320 0 579f2bb93eb0 3
acquire 313581581091837 313581581119285 0 579f2bb93eb0 2
present 313581581270142 313581581389570 0 579f2bb93eb0 2
acquire 313581888028259 313581888072539 0 579f2bb93eb0 3
present 313581888244767 313581888388919 0 579f2bb93eb0 3
acquire 313582192546434 313582192578631 0 579f2bb93eb0 2
present 313582192718802 313582192842071 0 579f2bb93eb0 2
acquire 313582498929855 313582498961283 0 579f2bb93eb0 3
present 313582499136515 313582499261041 0 579f2bb93eb0 3
acquire 313582805459593 313582805492977 0 579f2bb93eb0 2
present 313582805644043 313582805770805 0 579f2bb93eb0 2
acquire 313583112074537 313583112117909 0 579f2bb93eb0 3
present 313583112308505 313583112609380 0 579f2bb93eb0 3
acquire 313583416958401 313583416989201 0 579f2bb93eb0 2
present 313583417141315 313583417256343 0 579f2bb93eb0 2
acquire 313583719223852 313583719252138 0 579f2bb93eb0 3
present 313583719386582 313583719490017 0 579f2bb93eb0 3
acquire 313584024439252 313584024473823 0 579f2bb93eb0 2
present 313584024644515 313584024779098 0 579f2bb93eb0 2
acquire 313584325689214 313584325721690 0 579f2bb93eb0 3
present 313584325877645 313584326011321 0 579f2bb93eb0 3
acquire 313584632567461 313584632603289 0 579f2bb93eb0 2
present 313584632744927 313584632852762 0 579f2bb93eb0 2
acquire 313584936557289 313584936588718 0 579f2bb93eb0 3
present 313584936744673 313584936865498 0 579f2bb93eb0 3
acquire 313585243474857 313585243505796 0 579f2bb93eb0 2
present 313585243631790 313585243745281 0 579f2bb93eb0 2
acquire 313585549425405 313585549457881 0 579f2bb93eb0 3
present 313585549605315 313585549720274 0 579f2bb93eb0 3
acquire 313585855295984 313585855328810 0 579f2bb93eb0 2
present 313585855507743 313585855622561 0 579f2bb93eb0 2
acquire 313586157231578 313586157266987 0 579f2bb93eb0 3
present 313586157426085 313586157546003 0 579f2bb93eb0 3
acquire 313586459449819 313586459482714 0 579f2bb93eb0 2
present 313586459628193 313586459747412 0 579f2bb93eb0 2
acquire 313586767851999 313586767884964 0 579f2bb93eb0 3
present 313586768049161 313586768163910 0 579f2bb93eb0 3
acquire 313587075777025 313587075811317 0 579f2bb93eb0 2
present 313587075961615 313587076148440 0 579f2bb93eb0 2
acquire 313587382717153 313587382749559 0 579f2bb93eb0 3
present 313587382916130 313587383068524 0 579f2bb93eb0 3
acquire 313587691296940 313587691327880 0 579f2bb93eb0 2
present 313587691477340 313587691598514 0 579f2bb93eb0 2
acquire 313587995777963 313587995809880 0 579f2bb93eb0 3
present 313587995958712 313587996093784 0 579f2bb93eb0 3
acquire 313588296541764 313588296573263 0 579f2bb93eb0 2
present 313588296711548 313588296832094 0 579f2bb93eb0 2
acquire 313588599580570 313588599612976 0 579f2bb93eb0 3
present 313588599778010 313588599895693 0 579f2bb93eb0 3
acquire 313588904357231 313588904391104 0 579f2bb93eb0 2
present 313588904545243 313588904660690 0 579f2bb93eb0 2
acquire 313589207042082 313589207080215 0 579f2bb93eb0 3
present 313589207229465 313589207343655 0 579f2bb93eb0 3
acquire 313589511024091 313589511097355 0 579f2bb93eb0 2
present 313589511246605 313589511367779 0 579f2bb93eb0 2
acquire 313589818477972 313589818508492 0 579f2bb93eb0 3
present 313589818644752 313589818753076 0 579f2bb93eb0 3
acquire 313590124520782 313590124551303 0 579f2bb93eb0 2
present 313590124697061 313590124811112 0 579f2bb93eb0 2
acquire 313590429548943 313590429578276 0 579f2bb93eb0 3
present 313590429723964 313590429844091 0 579f2bb93eb0 3
acquire 313590729873585 313590729905991 0 579f2bb93eb0 2
present 313590730083038 313590730207495 0 579f2bb93eb0 2
acquire 313591036051329 313591036083247 0 579f2bb93eb0 3
present 313591036228795 313591036344662 0 579f2bb93eb0 3
acquire 313591339245114 313591339278917 0 579f2bb93eb0 2
present 313591339428307 313591339541240 0 579f2bb93eb0 2
acquire 313591642951811 313591642983310 0 579f2bb93eb0 3
present 313591643140243 313591643251639 0 579f2bb93eb0 3
acquire 313591946375373 313591946405894 0 579f2bb93eb0 2
present 313591946550395 313591946665842 0 579f2bb93eb0 2
acquire 313592251526594 313592251560956 0 579f2bb93eb0 3
present 313592251711394 313592251838505 0 579f2bb93eb0 3
acquire 313592555786853 313592555818840 0 579f2bb93eb0 2
present 313592555973957 313592556133754 0 579f2bb93eb0 2
acquire 313592856997571 313592857041221 0 579f2bb93eb0 3
present 313592857195011 313592857317443 0 579f2bb93eb0 3
acquire 313593161365524 313593161397023 0 579f2bb93eb0 2
present 313593161535029 313593161638533 0 579f2bb93eb0 2
acquire 313593467886191 313593467919575 0 579f2bb93eb0 3
present 313593468078812 313593468199498 0 579f2bb93eb0 3
acquire 313593772957445 313593772987896 0 579f2bb93eb0 2
present 313593773144130 313593773258181 0 579f2bb93eb0 2
acquire 313594077309545 313594077342021 0 579f2bb93eb0 3
present 313594077503773 313594077623900 0 579f2bb93eb0 3
acquire 313594385169066 313594385200145 0 579f2bb93eb0 2
present 313594385331586 313594385468754 0 579f2bb93eb0 2
acquire 313594687687489 313594687719407 0 579f2bb93eb0 3
present 313594687911819 313594688123507 0 579f2bb93eb0 3
acquire 313594991306399 313594991348233 0 579f2bb93eb0 2
present 313594991499579 313594991637376 0 579f2bb93eb0 2
acquire 313595299209989 313595299237647 0 579f2bb93eb0 3
present 313595299373208 313595299481043 0 579f2bb93eb0 3
acquire 313595603364371 313595603390701 0 579f2bb93eb0 2
present 313595603508453 313595603608256 0 579f2bb93eb0 2
acquire 313595907932561 313595907964479 0 579f2bb93eb0 3
present 313595908120434 313595908238675 0 579f2bb93eb0 3
acquire 313596208294502 313596208336826 0 579f2bb93eb0 2
present 313596208503886 313596208622546 0 579f2bb93eb0 2
acquire 313596510394090 313596510426077 0 579f2bb93eb0 3
present 313596510581543 313596510706978 0 579f2bb93eb0 3
acquire 313596811580435 313596811611445 0 579f2bb93eb0 2
present 313596811750079 313596811868111 0 579f2bb93eb0 2
acquire 313597112120053 313597112148618 0 579f2bb93eb0 3
present 313597112289627 313597112391595 0 579f2bb93eb0 3
