instance 75611563155749 75611579551587 0 pid 1594059
device 75611580271230 75611702204023 0
swapchain 75611702595343 75611753156841 0 5771ab3bceb0 900x560 mode 2 images 4
acquire 75611762608723 75611762622621 0 5771ab3bceb0 3
present 75611762804278 75611763021344 0 5771ab3bceb0 3
acquire 75611764422777 75611764435907 0 5771ab3bceb0 2
present 75611764598497 75611764703329 1000001003 5771ab3bceb0 2
swapchain 75611765465854 75611768627633 0 5771ab533270 900x560 mode 2 images 4
acquire 75611770025573 75611770037376 0 5771ab533270 3
present 75611770231814 75611770331827 0 5771ab533270 3
acquire 75624104819302 75624104838159 0 5771ab533270 2
present 75624105063397 75624105204546 0 5771ab533270 2
acquire 75624785647557 75624785661665 0 5771ab533270 1
present 75624785854077 75624785962750 0 5771ab533270 1
acquire 75625091102420 75625091120159 0 5771ab533270 0
present 75625091284914 75625091407765 0 5771ab533270 0
acquire 75625385683434 75625385714444 0 5771ab533270 3
present 75625385911745 75625386023212 0 5771ab533270 3
acquire 75625693676254 75625693710127 0 5771ab533270 2
present 75625693971473 75625694135879 0 5771ab533270 2
acquire 75625986193394 75625986220632 0 5771ab533270 3
present 75625986407666 75625986515361 0 5771ab533270 3
acquire 75626292237785 75626292275290 0 5771ab533270 2
present 75626292467632 75626292573861 0 5771ab533270 2
acquire 75626586811536 75626586841149 0 5771ab533270 3
present 75626587066806 75626587177574 0 5771ab533270 3
acquire 75626892891617 75626892917807 0 5771ab533270 2
present 75626893103026 75626893212327 0 5771ab533270 2
acquire 75627187117559 75627187143889 0 5771ab533270 3
present 75627187338327 75627187446022 0 5771ab533270 3
acquire 75627493042243 75627493083100 0 5771ab533270 2
present 75627493277328 75627493405627 0 5771ab533270 2
acquire 75627787411849 75627787441951 0 5771ab533270 3
present 75627787659017 75627787768598 0 5771ab533270 3
acquire 75628093135879 75628093159276 0 5771ab533270 2
present 75628093332203 75628093435637 0 5771ab533270 2
acquire 75628387834157 75628387858532 0 5771ab533270 3
present 75628390411156 75628390518362 0 5771ab533270 3
acquire 75628693451121 75628693477381 0 5771ab533270 2
present 75628693645140 75628693750181 0 5771ab533270 2
acquire 75628987805013 75628987832181 0 5771ab533270 3
present 75628988041844 75628988147025 0 5771ab533270 3
acquire 75629295708715 75629295737280 0 5771ab533270 2
present 75629295928156 75629296052194 0 5771ab533270 2
acquire 75629588370076 75629588398222 0 5771ab533270 3
present 75629588593638 75629588723682 0 5771ab533270 3
acquire 75629894332055 75629894359014 0 5771ab533270 2
present 75629894529426 75629894632931 0 5771ab533270 2
acquire 75630188918029 75630188945546 0 5771ab533270 3
present 75630189182936 75630189295451 0 5771ab533270 3
acquire 75630496380545 75630496408132 0 5771ab533270 2
present 75630496584761 75630496687217 0 5771ab533270 2
acquire 75630789091005 75630789125785 0 5771ab533270 3
present 75630789400261 75630789532540 0 5771ab533270 3
acquire 75631094304077 75631094331664 0 5771ab533270 2
present 75631094520794 75631094623949 0 5771ab533270 2
acquire 75631389476786 75631389504513 0 5771ab533270 3
present 75631389774449 75631389897719 0 5771ab533270 3
acquire 75631694243993 75631694274094 0 5771ab533270 2
present 75631694484176 75631694590614 0 5771ab533270 2
acquire 75631989430879 75631989460213 0 5771ab533270 3
present 75631989716390 75631989827158 0 5771ab533270 3
acquire 75632295181659 75632295211202 0 5771ab533270 2
present 75632295435462 75632295541760 0 5771ab533270 2
acquire 75632589923378 75632589952572 0 5771ab533270 3
present 75632590187238 75632590297727 0 5771ab533270 3
acquire 75632897357259 75632897387291 0 5771ab533270 2
present 75632897601214 75632897727906 0 5771ab533270 2
acquire 75633190948136 75633190986689 0 5771ab533270 3
present 75633191280022 75633191410555 0 5771ab533270 3
acquire 75633495804530 75633495837216 0 5771ab533270 2
present 75633496082637 75633496190263 0 5771ab533270 2
acquire 75633790485977 75633790514053 0 5771ab533270 3
present 75633790722319 75633790825125 0 5771ab533270 3
acquire 75634095756668 75634095789074 0 5771ab533270 2
present 75634096029188 75634096135835 0 5771ab533270 2
acquire 75634391017866 75634391052367 0 5771ab533270 3
present 75634391321745 75634391428043 0 5771ab533270 3
acquire 75634698635708 75634698673423 0 5771ab533270 2
present 75634698963473 75634699102317 0 5771ab533270 2
acquire 75634991244479 75634991275978 0 5771ab533270 3
present 75634991480263 75634991581393 0 5771ab533270 3
acquire 75635298174876 75635298205885 0 5771ab533270 2
present 75635298481339 75635298620183 0 5771ab533270 2
acquire 75635591765683 75635591803397 0 5771ab533270 3
present 75635592206660 75635592323155 0 5771ab533270 3
acquire 75635896788438 75635896816444 0 5771ab533270 2
present 75635897035396 75635897140507 0 5771ab533270 2
acquire 75636191483364 75636191509415 0 5771ab533270 3
present 75636191707135 75636191807706 0 5771ab533270 3
acquire 75636496853439 75636496883052 0 5771ab533270 2
present 75636497100188 75636497209070 0 5771ab533270 2
acquire 75636791949393 75636791981799 0 5771ab533270 3
present 75636792236580 75636792346300 0 5771ab533270 3
acquire 75637097183348 75637097213449 0 5771ab533270 2
present 75637097444344 75637097556788 0 5771ab533270 2
acquire 75637392182641 75637392210089 0 5771ab533270 3
present 75637392408997 75637392506635 0 5771ab533270 3
acquire 75637697363727 75637697393060 0 5771ab533270 2
present 75637697605726 75637697709091 0 5771ab533270 2
acquire 75637992358271 75637992385928 0 5771ab533270 3
present 75637992598385 75637992703147 0 5771ab533270 3
acquire 75638298308377 75638298338479 0 5771ab533270 2
present 75638298562948 75638298674135 0 5771ab533270 2
acquire 75638592777297 75638592804954 0 5771ab533270 3
present 75638593012103 75638593114560 0 5771ab533270 3
acquire 75638899011936 75638899049650 0 5771ab533270 2
present 75638899279218 75638899398157 0 5771ab533270 2
acquire 75639192914025 75639192941892 0 5771ab533270 3
present 75639193156444 75639193259110 0 5771ab533270 3
acquire 75639498804207 75639498832842 0 5771ab533270 2
present 75639499066531 75639499174156 0 5771ab533270 2
acquire 75639793469032 75639793495781 0 5771ab533270 3
present 75639793704815 75639793805317 0 5771ab533270 3
acquire 75640098281914 75640098311946 0 5771ab533270 2
present 75640098535228 75640098636428 0 5771ab533270 2
acquire 75640393531658 75640393557988 0 5771ab533270 3
present 75640393754801 75640393857677 0 5771ab533270 3
acquire 75640698685156 75640698712324 0 5771ab533270 2
present 75640698914375 75640699028425 0 5771ab533270 2
acquire 75640993796894 75640993824551 0 5771ab533270 3
present 75640994043643 75640994148055 0 5771ab533270 3
acquire 75641299386480 75641299415185 0 5771ab533270 2
present 75641299645241 75641299750143 0 5771ab533270 2
acquire 75641594205444 75641594233031 0 5771ab533270 3
present 75641594430821 75641594532300 0 5771ab533270 3
acquire 75641899265843 75641899294897 0 5771ab533270 2
present 75641899487938 75641899589557 0 5771ab533270 2
acquire 75642194452521 75642194477384 0 5771ab533270 3
present 75642194695847 75642194801238 0 5771ab533270 3
acquire 75642499928894 75642499962278 0 5771ab533270 2
present 75642500219433 75642500339071 0 5771ab533270 2
swapchain 75643516414187 75643532859193 0 5771ab552c50 1100x700 mode 2 images 4
acquire 75643540243218 75643540267941 0 5771ab552c50 3
present 75643540520557 75643540697395 0 5771ab552c50 3
acquire 75643542165735 75643542180471 0 5771ab552c50 2
present 75643542423728 75643542549582 0 5771ab552c50 2
swapchain 75645024551955 75645028661408 0 5771ab533d80 640x760 mode 2 images 4
acquire 75645035761459 75645035777592 0 5771ab533d80 3
present 75645035997452 75645036143490 0 5771ab533d80 3
swapchain 75646532284784 75646535660836 0 5771ab535960 1280x480 mode 2 images 4
acquire 75646542467763 75646542478728 0 5771ab535960 3
present 75646542660036 75646542775134 0 5771ab535960 3
swapchain 75648038970625 75648043859435 0 5771ab533d80 760x560 mode 2 images 4
acquire 75648050252205 75648050263100 0 5771ab533d80 3
present 75648050446433 75648050560973 0 5771ab533d80 3
acquire 75648051949974 75648051958913 0 5771ab533d80 2
present 75648052131002 75648052237370 0 5771ab533d80 2
swapchain 75649546197246 75649549550529 0 5771ab535420 900x560 mode 2 images 4
acquire 75649556149400 75649556161412 0 5771ab535420 3
present 75649556365558 75649556474370 0 5771ab535420 3
