instance 313724078588549 313724088348704 0 pid 1887847
device 313724089089928 313724200208596 0
swapchain 313724200609623 313724252118906 0 58a3441ece70 900x560 mode 2 images 4
acquire 313724257242450 313724257252577 0 58a3441ece70 3
present 313724259391251 313724259572279 0 58a3441ece70 3
acquire 313724259741155 313724259750723 0 58a3441ece70 2
present 313724259800241 313724259855695 0 58a3441ece70 2
acquire 313736607913180 313736607934551 0 58a3441ece70 1
present 313736608111389 313736608248417 0 58a3441ece70 1
acquire 313737288601593 313737288617866 0 58a3441ece70 0
present 313737288743161 313737288861681 0 58a3441ece70 0
acquire 313737589923093 313737589962833 0 58a3441ece70 3
present 313737590170121 313737590290877 0 58a3441ece70 3
acquire 313737894169609 313737894200619 0 58a3441ece70 2
present 313737894337368 313737894428720 0 58a3441ece70 2
acquire 313738198718258 313738198749477 0 58a3441ece70 3
present 313738198908295 313738199036663 0 58a3441ece70 3
acquire 313738505958583 313738505990570 0 58a3441ece70 2
present 313738506152532 313738506266582 0 58a3441ece70 2
acquire 313738807181887 313738807215760 0 58a3441ece70 3
present 313738807386172 313738807510420 0 58a3441ece70 3
acquire 313739108991997 313739109038441 0 58a3441ece70 2
present 313739109177215 313739109297901 0 58a3441ece70 2
acquire 313739414421552 313739414455704 0 58a3441ece70 3
present 313739414628631 313739414762795 0 58a3441ece70 3
acquire 313739719022093 313739719057363 0 58a3441ece70 2
present 313739719210594 313739719343153 0 58a3441ece70 2
acquire 313740025856642 313740025891633 0 58a3441ece70 3
present 313740026057785 313740026175327 0 58a3441ece70 3
acquire 313740330478555 313740330510403 0 58a3441ece70 2
present 313740330666079 313740330786345 0 58a3441ece70 2
acquire 313740636942528 313740636971163 0 58a3441ece70 3
present 313740637140807 313740637261911 0 58a3441ece70 3
acquire 313740943329186 313740943357332 0 58a3441ece70 2
present 313740943485630 313740943603871 0 58a3441ece70 2
acquire 313741249882835 313741249912936 0 58a3441ece70 3
present 313741250089844 313741250208644 0 58a3441ece70 3
acquire 313741554884684 313741554914297 0 58a3441ece70 2
present 313741555064735 313741555184303 0 58a3441ece70 2
acquire 313741857224749 313741857256457 0 58a3441ece70 3
present 313741857407663 313741857525066 0 58a3441ece70 3
acquire 313742162352872 313742162387792 0 58a3441ece70 2
present 313742162537951 313742162675188 0 58a3441ece70 2
acquire 313742463581276 313742463612775 0 58a3441ece70 3
present 313742463764539 313742463882710 0 58a3441ece70 3
acquire 313742770447185 313742770475820 0 58a3441ece70 2
present 313742770615712 313742770750226 0 58a3441ece70 2
acquire 313743074501431 313743074535234 0 58a3441ece70 3
present 313743074702853 313743074821653 0 58a3441ece70 3
acquire 313743381366363 313743381398280 0 58a3441ece70 2
present 313743381548439 313743381676108 0 58a3441ece70 2
acquire 313743687272376 313743687300243 0 58a3441ece70 3
present 313743687441532 313743687560261 0 58a3441ece70 3
acquire 313743993124472 313743993159742 0 58a3441ece70 2
present 313743993316745 313743993442599 0 58a3441ece70 2
acquire 313744295145924 313744295178889 0 58a3441ece70 3
present 313744295333936 313744295453155 0 58a3441ece70 3
acquire 313744597307895 313744597338346 0 58a3441ece70 2
present 313744597474676 313744597597876 0 58a3441ece70 2
acquire 313744905705281 313744905732938 0 58a3441ece70 3
present 313744905864589 313744905966766 0 58a3441ece70 3
acquire 313745213624116 313745213654707 0 58a3441ece70 2
present 313745213805703 313745213921081 0 58a3441ece70 2
acquire 313745520552046 313745520579214 0 58a3441ece70 3
present 313745520708001 313745520809690 0 58a3441ece70 3
acquire 313745829091140 313745829122848 0 58a3441ece70 2
present 313745829262251 313745829375044 0 58a3441ece70 2
acquire 313746133581545 313746133613951 0 58a3441ece70 3
present 313746133745113 313746133855741 0 58a3441ece70 3
acquire 313746434405921 313746434439864 0 58a3441ece70 2
present 313746434603781 313746434718530 0 58a3441ece70 2
acquire 313746737411434 313746737438603 0 58a3441ece70 3
present 313746737572907 313746737683186 0 58a3441ece70 3
acquire 313747042215496 313747042250347 0 58a3441ece70 2
present 313747042403858 313747042511343 0 58a3441ece70 2
acquire 313747344813627 313747344840795 0 58a3441ece70 3
present 313747344959944 313747345070293 0 58a3441ece70 3
acquire 313747648795520 313747648824993 0 58a3441ece70 2
present 313747648980459 313747649103589 0 58a3441ece70 2
acquire 313747956356351 313747956386382 0 58a3441ece70 3
present 313747956534376 313747956649334 0 58a3441ece70 3
acquire 313748262377465 313748262407287 0 58a3441ece70 2
present 313748262534188 313748262641883 0 58a3441ece70 2
acquire 313748567534504 313748567567819 0 58a3441ece70 3
present 313748567735088 313748567850326 0 58a3441ece70 3
acquire 313748867749797 313748867779130 0 58a3441ece70 2
present 313748867913714 313748868027206 0 58a3441ece70 2
acquire 313749173952079 313749173983368 0 58a3441ece70 3
present 313749174140510 313749174262243 0 58a3441ece70 3
acquire 313749477116902 313749477150286 0 58a3441ece70 2
present 313749477302330 313749477419872 0 58a3441ece70 2
acquire 313749780891368 313749780924542 0 58a3441ece70 3
present 313749781115837 313749781231424 0 58a3441ece70 3
acquire 313750084374666 313750084408469 0 58a3441ece70 2
present 313750084560862 313750084689509 0 58a3441ece70 2
acquire 313750389476462 313750389508449 0 58a3441ece70 3
present 313750389646665 313750389764627 0 58a3441ece70 3
acquire 313750693745753 313750693777251 0 58a3441ece70 2
present 313750693930552 313750694064927 0 58a3441ece70 2
acquire 313750994980028 313750995031780 0 58a3441ece70 3
present 313750995198002 313750995320853 0 58a3441ece70 3
acquire 313751299395985 313751299426995 0 58a3441ece70 2
present 313751299562207 313751299693718 0 58a3441ece70 2
acquire 313751605814776 313751605844319 0 58a3441ece70 3
present 313751605980369 313751606106293 0 58a3441ece70 3
acquire 313751910985716 313751911028598 0 58a3441ece70 2
present 313751911241893 313751911370680 0 58a3441ece70 2
acquire 313752215289509 313752215317655 0 58a3441ece70 3
present 313752215448327 313752215549108 0 58a3441ece70 3
acquire 313752523178316 313752523211700 0 58a3441ece70 2
present 313752523398106 313752523521655 0 58a3441ece70 2
acquire 313752825490589 313752825522507 0 58a3441ece70 3
present 313752825673922 313752825795027 0 58a3441ece70 3
acquire 313753129151635 313753129184530 0 58a3441ece70 2
present 313753129347679 313753129471786 0 58a3441ece70 2
acquire 313753437183337 313753437215255 0 58a3441ece70 3
present 313753437352213 313753437471432 0 58a3441ece70 3
acquire 313753741261334 313753741292833 0 58a3441ece70 2
present 313753741432934 313753741545308 0 58a3441ece70 2
acquire 313754045797489 313754045829686 0 58a3441ece70 3
present 313754045971603 313754046102136 0 58a3441ece70 3
acquire 313754346362409 313754346395793 0 58a3441ece70 2
present 313754346556568 313754346679139 0 58a3441ece70 2
acquire 313754648224069 313754648256475 0 58a3441ece70 3
present 313754648404818 313754648510767 0 58a3441ece70 3
acquire 313754949454226 313754949487470 0 58a3441ece70 2
present 313754949641819 313754949765508 0 58a3441ece70 2
acquire 313755250124466 313755250157851 0 58a3441ece70 3
present 313755250325888 313755250443012 0 58a3441ece70 3
swapchain 313756265958879 313756269899664 0 58a344383c90 1100x700 mode 2 images 4
acquire 313756270863192 313756270872830 0 58a344383c90 3
present 313756270984785 313756271087661 0 58a344383c90 3
acquire 313756271212607 313756271220848 0 58a344383c90 2
present 313756271270295 313756271333641 0 58a344383c90 2
swapchain 313757774902754 313757779241563 0 58a3441ece70 640x760 mode 2 images 4
acquire 313757780206976 313757780217453 0 58a3441ece70 3
present 313757780333389 313757780465109 0 58a3441ece70 3
swapchain 313759279265753 313759282531594 0 58a344383c90 1280x480 mode 2 images 4
acquire 313759283505598 313759283515445 0 58a344383c90 3
present 313759283629147 313759283731254 0 58a344383c90 3
swapchain 313760786160148 313760789921231 0 58a3441ece70 760x560 mode 2 images 4
acquire 313760790795083 313760790804652 0 58a3441ece70 3
present 313760790921985 313760791035546 0 58a3441ece70 3
acquire 313760791154765 313760791162867 0 58a3441ece70 2
present 313760791211127 313760791310301 0 58a3441ece70 2
swapchain 313762294507032 313762298320496 0 58a3443964c0 900x560 mode 2 images 4
acquire 313762299157891 313762299168437 0 58a3443964c0 3
present 313762299292475 313762299412671 0 58a3443964c0 3
acquire 313762299558290 313762299566461 0 58a3443964c0 2
present 313762300813195 313762300929760 0 58a3443964c0 2
