instance 91038227562549 91038238500092 0 pid 3900685
device 91038239277564 91038347150787 0
swapchain 91038347559707 91038398921380 0 623808646ee0 900x560 mode 2 images 4
acquire 91038408434444 91038408450717 0 623808646ee0 3
present 91038409465299 91038409675102 0 623808646ee0 3
acquire 91038409795299 91038409806124 0 623808646ee0 2
present 91038409855571 91038409921851 0 623808646ee0 2
acquire 91050781307241 91050781327704 0 623808646ee0 1
present 91050781475279 91050781635355 0 623808646ee0 1
acquire 91051462340828 91051462355565 0 623808646ee0 0
present 91051462459977 91051462566066 0 623808646ee0 0
acquire 91051765058577 91051765088609 0 623808646ee0 3
present 91051765202101 91051765298761 0 623808646ee0 3
acquire 91052067865234 91052067898129 0 623808646ee0 2
present 91052068065678 91052068161989 0 623808646ee0 2
acquire 91052373447169 91052373484673 0 623808646ee0 3
present 91052373630502 91052373764178 0 623808646ee0 3
acquire 91052679694131 91052679725629 0 623808646ee0 2
present 91052679863286 91052679987324 0 623808646ee0 2
acquire 91052981474611 91052981509392 0 623808646ee0 3
present 91052981643417 91052981780236 0 623808646ee0 3
acquire 91053282722204 91053282757474 0 623808646ee0 2
present 91053282912801 91053283059677 0 623808646ee0 2
acquire 91053590783150 91053590821284 0 623808646ee0 3
present 91053590934287 91053591080744 0 623808646ee0 3
acquire 91053892789916 91053892822393 0 623808646ee0 2
present 91053892976532 91053893124456 0 623808646ee0 2
acquire 91054202427457 91054202464752 0 623808646ee0 3
present 91054202611768 91054202755012 0 623808646ee0 3
acquire 91054504299430 91054504332325 0 623808646ee0 2
present 91054504477804 91054504617836 0 623808646ee0 2
acquire 91054811466479 91054811507895 0 623808646ee0 3
present 91054811654980 91054811790822 0 623808646ee0 3
acquire 91055117251861 91055117287061 0 623808646ee0 2
present 91055117445042 91055117582908 0 623808646ee0 2
acquire 91055426149016 91055426184076 0 623808646ee0 3
present 91055426321244 91055426461345 0 623808646ee0 3
acquire 91055728877031 91055728923406 0 623808646ee0 2
present 91055729153323 91055729299221 0 623808646ee0 2
acquire 91056034463715 91056034490953 0 623808646ee0 3
present 91056034590687 91056034710534 0 623808646ee0 3
acquire 91056336312710 91056336347561 0 623808646ee0 2
present 91056336494926 91056336628462 0 623808646ee0 2
acquire 91056638191039 91056638222746 0 623808646ee0 3
present 91056638335889 91056638446797 0 623808646ee0 3
acquire 91056944405944 91056944439118 0 623808646ee0 2
present 91056944571607 91056944694318 0 623808646ee0 2
acquire 91057248345494 91057248378948 0 623808646ee0 3
present 91057248524776 91057248659849 0 623808646ee0 3
acquire 91057555261045 91057555290588 0 623808646ee0 2
present 91057555433413 91057555551305 0 623808646ee0 2
acquire 91057861254624 91057861289475 0 623808646ee0 3
present 91057861450808 91057861574287 0 623808646ee0 3
acquire 91058167113549 91058167145955 0 623808646ee0 2
present 91058167302539 91058167443688 0 623808646ee0 2
acquire 91058469129953 91058469163337 0 623808646ee0 3
present 91058469302042 91058469415324 0 623808646ee0 3
acquire 91058771308459 91058771344427 0 623808646ee0 2
present 91058771520915 91058771638807 0 623808646ee0 2
acquire 91059079832941 91059079872401 0 623808646ee0 3
present 91059080124388 91059080258692 0 623808646ee0 3
acquire 91059387594618 91059387626605 0 623808646ee0 2
present 91059387769081 91059387877125 0 623808646ee0 2
acquire 91059694569814 91059694603617 0 623808646ee0 3
present 91059694749166 91059694867756 0 623808646ee0 3
acquire 91060003159668 91060003199198 0 623808646ee0 2
present 91060003404112 91060003538416 0 623808646ee0 2
acquire 91060307667865 91060307704112 0 623808646ee0 3
present 91060307856226 91060307973070 0 623808646ee0 3
acquire 91060608410715 91060608506328 0 623808646ee0 2
present 91060608652505 91060608779477 0 623808646ee0 2
acquire 91060911432972 91060911466845 0 623808646ee0 3
present 91060911611556 91060911734127 0 623808646ee0 3
acquire 91061216206286 91061216235549 0 623808646ee0 2
present 91061216360984 91061216497803 0 623808646ee0 2
acquire 91061518853845 91061518884365 0 623808646ee0 3
present 91061519017762 91061519138238 0 623808646ee0 3
acquire 91061822821471 91061822855344 0 623808646ee0 2
present 91061822982734 91061823115363 0 623808646ee0 2
acquire 91062130359447 91062130393739 0 623808646ee0 3
present 91062130597396 91062130712704 0 623808646ee0 3
acquire 91062436402823 91062436437464 0 623808646ee0 2
present 91062436598448 91062436738200 0 623808646ee0 2
acquire 91062741398860 91062741429870 0 623808646ee0 3
present 91062741556771 91062741672568 0 623808646ee0 3
acquire 91063041744594 91063041789013 0 623808646ee0 2
present 91063041979191 91063042165387 0 623808646ee0 2
acquire 91063347899995 91063347933379 0 623808646ee0 3
present 91063348103722 91063348217702 0 623808646ee0 3
acquire 91063651028340 91063651059839 0 623808646ee0 2
present 91063651193864 91063651312733 0 623808646ee0 2
acquire 91063954785605 91063954818500 0 623808646ee0 3
present 91063954978856 91063955133763 0 623808646ee0 3
acquire 91064258236267 91064258267766 0 623808646ee0 2
present 91064258414432 91064258541054 0 623808646ee0 2
acquire 91064563308292 91064563335879 0 623808646ee0 3
present 91064563453632 91064563557206 0 623808646ee0 3
acquire 91064867606686 91064867637626 0 623808646ee0 2
present 91064867772978 91064867891429 0 623808646ee0 2
acquire 91065168754965 91065168783600 0 623808646ee0 3
present 91065168919092 91065169027276 0 623808646ee0 3
acquire 91065473207708 91065473241512 0 623808646ee0 2
present 91065473394603 91065473528279 0 623808646ee0 2
acquire 91065779916111 91065779958435 0 623808646ee0 3
present 91065780216917 91065780385374 0 623808646ee0 3
acquire 91066084795584 91066084825546 0 623808646ee0 2
present 91066084956428 91066085085146 0 623808646ee0 2
acquire 91066389155858 91066389184493 0 623808646ee0 3
present 91066389308600 91066389421254 0 623808646ee0 3
acquire 91066696927452 91066696958951 0 623808646ee0 2
present 91066697103592 91066697230773 0 623808646ee0 2
acquire 91066999322466 91066999354383 0 623808646ee0 3
present 91066999482332 91066999596942 0 623808646ee0 3
acquire 91067302929782 91067302964982 0 623808646ee0 2
present 91067303139166 91067303263972 0 623808646ee0 2
acquire 91067610876189 91067610905802 0 623808646ee0 3
present 91067611056100 91067611169592 0 623808646ee0 3
acquire 91067915025682 91067915056692 0 623808646ee0 2
present 91067915203847 91067915318177 0 623808646ee0 2
acquire 91068219554832 91068219587098 0 623808646ee0 3
present 91068219726641 91068219851168 0 623808646ee0 3
acquire 91068520406076 91068520452381 0 623808646ee0 2
present 91068520681879 91068520813529 0 623808646ee0 2
acquire 91068822342443 91068822375338 0 623808646ee0 3
present 91068822510271 91068822627674 0 623808646ee0 3
acquire 91069123481642 91069123522010 0 623808646ee0 2
present 91069123661134 91069123762613 0 623808646ee0 2
acquire 91069424090468 91069424122455 0 623808646ee0 3
present 91069424272474 91069424392112 0 623808646ee0 3
