instance 91119436367719 91119452229553 0 pid 3912751
device 91119452938511 91119572844737 0
swapchain 91119573266368 91119622759790 0 5c340cb4de30 900x560 mode 2 images 4
acquire 91119631451172 91119631466817 0 5c340cb4de30 3
present 91119631643375 91119631839908 0 5c340cb4de30 3
acquire 91119632097063 91119632105584 0 5c340cb4de30 2
present 91119632152936 91119632219076 0 5c340cb4de30 2
acquire 91131998845851 91131998864359 0 5c340cb4de30 1
present 91131998981273 91131999129895 0 5c340cb4de30 1
acquire 91132679890687 91132679906541 0 5c340cb4de30 0
present 91132680045665 91132680169563 0 5c340cb4de30 0
acquire 91132982093080 91132982123531 0 5c340cb4de30 3
present 91132982234229 91132982337245 0 5c340cb4de30 3
acquire 91133285413421 91133285445408 0 5c340cb4de30 2
present 91133285588023 91133285689293 0 5c340cb4de30 2
acquire 91133590670945 91133590701466 0 5c340cb4de30 3
present 91133590821592 91133590945840 0 5c340cb4de30 3
acquire 91133897221509 91133897254404 0 5c340cb4de30 2
present 91133897378861 91133897492422 0 5c340cb4de30 2
acquire 91134202168380 91134202197922 0 5c340cb4de30 3
present 91134202329852 91134202441738 0 5c340cb4de30 3
acquire 91134500311954 91134500348202 0 5c340cb4de30 2
present 91134500496963 91134500623865 0 5c340cb4de30 2
acquire 91134806158728 91134806191135 0 5c340cb4de30 3
present 91134806308049 91134806414906 0 5c340cb4de30 3
acquire 91135110229791 91135110257169 0 5c340cb4de30 2
present 91135110385956 91135110495956 0 5c340cb4de30 2
acquire 91135418220479 91135418251978 0 5c340cb4de30 3
present 91135418370638 91135418480289 0 5c340cb4de30 3
acquire 91135721717867 91135721746432 0 5c340cb4de30 2
present 91135721870400 91135721989340 0 5c340cb4de30 2
acquire 91136029382118 91136029408308 0 5c340cb4de30 3
present 91136029513768 91136029619717 0 5c340cb4de30 3
acquire 91136334674423 91136334706341 0 5c340cb4de30 2
present 91136334853147 91136334981375 0 5c340cb4de30 2
acquire 91136641903005 91136641928148 0 5c340cb4de30 3
present 91136642033328 91136642135995 0 5c340cb4de30 3
acquire 91136946191344 91136946222283 0 5c340cb4de30 2
present 91136946345693 91136946461140 0 5c340cb4de30 2
acquire 91137249159336 91137249188948 0 5c340cb4de30 3
present 91137249290427 91137249395049 0 5c340cb4de30 3
acquire 91137553610474 91137553641484 0 5c340cb4de30 2
present 91137553781375 91137553908766 0 5c340cb4de30 2
acquire 91137855422036 91137855448366 0 5c340cb4de30 3
present 91137855554036 91137855658379 0 5c340cb4de30 3
acquire 91138161681153 91138161714537 0 5c340cb4de30 2
present 91138161849330 91138161974346 0 5c340cb4de30 2
acquire 91138466633611 91138466672862 0 5c340cb4de30 3
present 91138466826862 91138466954671 0 5c340cb4de30 3
acquire 91138772675522 91138772707230 0 5c340cb4de30 2
present 91138772854175 91138772976747 0 5c340cb4de30 2
acquire 91139078616512 91139078649407 0 5c340cb4de30 3
present 91139078799775 91139078915013 0 5c340cb4de30 3
acquire 91139384367045 91139384397356 0 5c340cb4de30 2
present 91139384532848 91139384647527 0 5c340cb4de30 2
acquire 91139686413273 91139686445750 0 5c340cb4de30 3
present 91139686578937 91139686698295 0 5c340cb4de30 3
acquire 91139988546105 91139988579489 0 5c340cb4de30 2
present 91139988720568 91139988834968 0 5c340cb4de30 2
acquire 91140297126322 91140297158310 0 5c340cb4de30 3
present 91140297292684 91140297413020 0 5c340cb4de30 3
acquire 91140604941919 91140604975373 0 5c340cb4de30 2
present 91140605138452 91140605255296 0 5c340cb4de30 2
acquire 91140912014196 91140912046113 0 5c340cb4de30 3
present 91140912164354 91140912265484 0 5c340cb4de30 3
acquire 91141220350319 91141220379373 0 5c340cb4de30 2
present 91141220499918 91141220610756 0 5c340cb4de30 2
acquire 91141524955387 91141524985908 0 5c340cb4de30 3
present 91141525137184 91141525251304 0 5c340cb4de30 3
acquire 91141825625396 91141825656824 0 5c340cb4de30 2
present 91141825791199 91141825895262 0 5c340cb4de30 2
acquire 91142128715889 91142128744943 0 5c340cb4de30 3
present 91142128908441 91142129062650 0 5c340cb4de30 3
acquire 91142433479008 91142433508062 0 5c340cb4de30 2
present 91142433628887 91142433730855 0 5c340cb4de30 2
acquire 91142736193407 91142736227280 0 5c340cb4de30 3
present 91142736375134 91142736488556 0 5c340cb4de30 3
acquire 91143040114870 91143040145391 0 5c340cb4de30 2
present 91143040285702 91143040408203 0 5c340cb4de30 2
acquire 91143347643140 91143347680785 0 5c340cb4de30 3
present 91143347814181 91143347926276 0 5c340cb4de30 3
acquire 91143653621705 91143653654111 0 5c340cb4de30 2
present 91143653788695 91143653903724 0 5c340cb4de30 2
acquire 91143958785084 91143958815116 0 5c340cb4de30 3
present 91143958944741 91143959057604 0 5c340cb4de30 3
acquire 91144258985480 91144259025919 0 5c340cb4de30 2
present 91144259155125 91144259265124 0 5c340cb4de30 2
acquire 91144565256470 91144565285524 0 5c340cb4de30 3
present 91144565419410 91144565529968 0 5c340cb4de30 3
acquire 91144868313510 91144868343611 0 5c340cb4de30 2
present 91144868475052 91144868588195 0 5c340cb4de30 2
acquire 91145172143411 91145172177214 0 5c340cb4de30 3
present 91145172314662 91145172425430 0 5c340cb4de30 3
acquire 91145475442450 91145475473460 0 5c340cb4de30 2
present 91145475601199 91145475717974 0 5c340cb4de30 2
acquire 91145780608693 91145780638236 0 5c340cb4de30 3
present 91145780753194 91145780856629 0 5c340cb4de30 3
acquire 91146085099571 91146085128695 0 5c340cb4de30 2
present 91146085281298 91146085410085 0 5c340cb4de30 2
acquire 91146386206436 91146386239331 0 5c340cb4de30 3
present 91146386376360 91146386509896 0 5c340cb4de30 3
acquire 91146690455036 91146690486045 0 5c340cb4de30 2
present 91146690616788 91146690728534 0 5c340cb4de30 2
acquire 91146996998126 91146997057910 0 5c340cb4de30 3
present 91146997199758 91146997313389 0 5c340cb4de30 3
acquire 91147302099975 91147302130426 0 5c340cb4de30 2
present 91147302252369 91147302362229 0 5c340cb4de30 2
acquire 91147606549927 91147606582822 0 5c340cb4de30 3
present 91147606739545 91147606860720 0 5c340cb4de30 3
acquire 91147914209009 91147914241695 0 5c340cb4de30 2
present 91147914380400 91147914492565 0 5c340cb4de30 2
acquire 91148216646488 91148216681269 0 5c340cb4de30 3
present 91148216842043 91148216956932 0 5c340cb4de30 3
acquire 91148520281952 91148520310587 0 5c340cb4de30 2
present 91148520433298 91148520546929 0 5c340cb4de30 2
acquire 91148828278787 91148828308399 0 5c340cb4de30 3
present 91148828448501 91148828562412 0 5c340cb4de30 3
acquire 91149132337209 91149132369126 0 5c340cb4de30 2
present 91149132498332 91149132610846 0 5c340cb4de30 2
acquire 91149436982995 91149437028880 0 5c340cb4de30 3
present 91149437198944 91149437332620 0 5c340cb4de30 3
acquire 91149737160414 91149737192331 0 5c340cb4de30 2
present 91149737343607 91149737460382 0 5c340cb4de30 2
acquire 91150039282141 91150039312242 0 5c340cb4de30 3
present 91150039456883 91150039570794 0 5c340cb4de30 3
acquire 91150340415894 91150340451234 0 5c340cb4de30 2
present 91150340615710 91150340738142 0 5c340cb4de30 2
acquire 91150641117751 91150641150227 0 5c340cb4de30 3
present 91150641323014 91150641455433 0 5c340cb4de30 3
swapchain 91151655919634 91151659412460 0 5c340cce4460 1100x700 mode 2 images 4
acquire 91151660654375 91151660665829 0 5c340cce4460 3
present 91151660780718 91151660888832 0 5c340cce4460 3
acquire 91151661061270 91151661069790 0 5c340cce4460 2
present 91151661121403 91151661200114 0 5c340cce4460 2
swapchain 91153166112574 91153170289773 0 5c340cb4de30 640x760 mode 2 images 4
acquire 91153171829771 91153171845066 0 5c340cb4de30 3
present 91153172052075 91153172190989 0 5c340cb4de30 3
swapchain 91154674814475 91154679641546 0 5c340cce4460 1280x480 mode 2 images 4
acquire 91154680937659 91154680948135 0 5c340cce4460 3
present 91154681076014 91154681192858 0 5c340cce4460 3
swapchain 91156182435515 91156186380632 0 5c340cb4de30 760x560 mode 2 images 4
acquire 91156187425805 91156187436630 0 5c340cb4de30 3
present 91156187551589 91156187661728 0 5c340cb4de30 3
acquire 91156187797639 91156187806160 0 5c340cb4de30 2
present 91156187853792 91156187953804 0 5c340cb4de30 2
swapchain 91157689461438 91157694474427 0 5c340ccf6b00 900x560 mode 2 images 4
acquire 91157695446616 91157695457022 0 5c340ccf6b00 3
present 91157695568209 91157695671993 0 5c340ccf6b00 3
