instance 92277522521291 92277535258562 0 pid 4089221
device 92277535986865 92277655326455 0
swapchain 92277655701362 92277711158062 0 6541a2db4ee0 900x560 mode 2 images 4
acquire 92277715872127 92277715886095 0 6541a2db4ee0 3
present 92277716147511 92277716357383 0 6541a2db4ee0 3
acquire 92277716494761 92277716503840 0 6541a2db4ee0 2
present 92277716549167 92277716612094 0 6541a2db4ee0 2
acquire 92290037939392 92290037954618 0 6541a2db4ee0 1
present 92290038082497 92290038197944 0 6541a2db4ee0 1
acquire 92290719042002 92290719057367 0 6541a2db4ee0 0
present 92290719169881 92290719283931 0 6541a2db4ee0 0
acquire 92291020410491 92291020451488 0 6541a2db4ee0 3
present 92291020634960 92291020743493 0 6541a2db4ee0 3
acquire 92291324573463 92291324604472 0 6541a2db4ee0 2
present 92291324776561 92291324867843 0 6541a2db4ee0 2
acquire 92291629181183 92291629207932 0 6541a2db4ee0 3
present 92291629344820 92291629447487 0 6541a2db4ee0 3
acquire 92291936387760 92291936418281 0 6541a2db4ee0 2
present 92291936567112 92291936683537 0 6541a2db4ee0 2
acquire 92292237702053 92292237735926 0 6541a2db4ee0 3
present 92292237903684 92292238046579 0 6541a2db4ee0 3
acquire 92292539451037 92292539479183 0 6541a2db4ee0 2
present 92292539620961 92292539733056 0 6541a2db4ee0 2
acquire 92292844749277 92292844779378 0 6541a2db4ee0 3
present 92292844936381 92292845069847 0 6541a2db4ee0 3
acquire 92293149428794 92293149457778 0 6541a2db4ee0 2
present 92293149596692 92293149703619 0 6541a2db4ee0 2
acquire 92293456408877 92293456448128 0 6541a2db4ee0 3
present 92293456613512 92293456736991 0 6541a2db4ee0 3
acquire 92293760918052 92293760949411 0 6541a2db4ee0 2
present 92293761153417 92293761274032 0 6541a2db4ee0 2
acquire 92294067392696 92294067422727 0 6541a2db4ee0 3
present 92294067568695 92294067675971 0 6541a2db4ee0 3
acquire 92294373843174 92294373875650 0 6541a2db4ee0 2
present 92294374026507 92294374128964 0 6541a2db4ee0 2
acquire 92294680379767 92294680412662 0 6541a2db4ee0 3
present 92294680584192 92294680710115 0 6541a2db4ee0 3
acquire 92294985301982 92294985331106 0 6541a2db4ee0 2
present 92294985466179 92294985574502 0 6541a2db4ee0 2
acquire 92295287750776 92295287784160 0 6541a2db4ee0 3
present 92295287946470 92295288080845 0 6541a2db4ee0 3
acquire 92295592756731 92295592795493 0 6541a2db4ee0 2
present 92295592979803 92295593122768 0 6541a2db4ee0 2
acquire 92295894083946 92295894116701 0 6541a2db4ee0 3
present 92295894272657 92295894389012 0 6541a2db4ee0 3
acquire 92296200823218 92296200850596 0 6541a2db4ee0 2
present 92296200987624 92296201105167 0 6541a2db4ee0 2
acquire 92296504804256 92296504847627 0 6541a2db4ee0 3
present 92296505014617 92296505174413 0 6541a2db4ee0 3
acquire 92296811739153 92296811769953 0 6541a2db4ee0 2
present 92296811915292 92296812054695 0 6541a2db4ee0 2
acquire 92297117683005 92297117716668 0 6541a2db4ee0 3
present 92297117865081 92297117979899 0 6541a2db4ee0 3
acquire 92297423488292 92297423523073 0 6541a2db4ee0 2
present 92297423690063 92297423823530 0 6541a2db4ee0 2
acquire 92297725431297 92297725459583 0 6541a2db4ee0 3
present 92297725605551 92297725714363 0 6541a2db4ee0 3
acquire 92298027703253 92298027742644 0 6541a2db4ee0 2
present 92298027918992 92298028072433 0 6541a2db4ee0 2
acquire 92298336169627 92298336204478 0 6541a2db4ee0 3
present 92298336376077 92298336503467 0 6541a2db4ee0 3
acquire 92298644050592 92298644082999 0 6541a2db4ee0 2
present 92298644241398 92298644365855 0 6541a2db4ee0 2
acquire 92298950953643 92298950981859 0 6541a2db4ee0 3
present 92298951135369 92298951242296 0 6541a2db4ee0 3
acquire 92299259449560 92299259484341 0 6541a2db4ee0 2
present 92299259642321 92299259763984 0 6541a2db4ee0 2
acquire 92299563990514 92299564043314 0 6541a2db4ee0 3
present 92299564202203 92299564321980 0 6541a2db4ee0 3
acquire 92299864814176 92299864870817 0 6541a2db4ee0 2
present 92299865191109 92299865364804 0 6541a2db4ee0 2
acquire 92300167796348 92300167831198 0 6541a2db4ee0 3
present 92300167978982 92300168108258 0 6541a2db4ee0 3
acquire 92300472516096 92300472542775 0 6541a2db4ee0 2
present 92300472683784 92300472788336 0 6541a2db4ee0 2
acquire 92300775218693 92300775254452 0 6541a2db4ee0 3
present 92300775405379 92300775521524 0 6541a2db4ee0 3
acquire 92301079163136 92301079196520 0 6541a2db4ee0 2
present 92301079378875 92301079512411 0 6541a2db4ee0 2
acquire 92301386754192 92301386793303 0 6541a2db4ee0 3
present 92301386995702 92301387150051 0 6541a2db4ee0 3
acquire 92301692652439 92301692681493 0 6541a2db4ee0 2
present 92301692808674 92301692928172 0 6541a2db4ee0 2
acquire 92301997717901 92301997753311 0 6541a2db4ee0 3
present 92301997919603 92301998081355 0 6541a2db4ee0 3
acquire 92302298032492 92302298073350 0 6541a2db4ee0 2
present 92302298261432 92302298402511 0 6541a2db4ee0 2
acquire 92302604246422 92302604282111 0 6541a2db4ee0 3
present 92302604442536 92302604562732 0 6541a2db4ee0 3
acquire 92302907333426 92302907370232 0 6541a2db4ee0 2
present 92302907571025 92302907703584 0 6541a2db4ee0 2
acquire 92303211111018 92303211146847 0 6541a2db4ee0 3
present 92303211311951 92303211431659 0 6541a2db4ee0 3
acquire 92303514512028 92303514545412 0 6541a2db4ee0 2
present 92303514694243 92303514810599 0 6541a2db4ee0 2
acquire 92303819617021 92303819648449 0 6541a2db4ee0 3
present 92303819794976 92303819910912 0 6541a2db4ee0 3
acquire 92304123967381 92304124019692 0 6541a2db4ee0 2
present 92304124226072 92304124377627 0 6541a2db4ee0 2
acquire 92304425070968 92304425099183 0 6541a2db4ee0 3
present 92304425236421 92304425341183 0 6541a2db4ee0 3
acquire 92304729394090 92304729423213 0 6541a2db4ee0 2
present 92304729556191 92304729673245 0 6541a2db4ee0 2
acquire 92305035888642 92305035916788 0 6541a2db4ee0 3
present 92305036062197 92305036169682 0 6541a2db4ee0 3
acquire 92305341079540 92305341107755 0 6541a2db4ee0 2
present 92305341267342 92305341384466 0 6541a2db4ee0 2
acquire 92305645419354 92305645452598 0 6541a2db4ee0 3
present 92305645599893 92305645729658 0 6541a2db4ee0 3
acquire 92305953171326 92305953201846 0 6541a2db4ee0 2
present 92305953351097 92305953474157 0 6541a2db4ee0 2
acquire 92306255558173 92306255589183 0 6541a2db4ee0 3
present 92306255742694 92306255855836 0 6541a2db4ee0 3
acquire 92306559147127 92306559178555 0 6541a2db4ee0 2
present 92306559326339 92306559440739 0 6541a2db4ee0 2
acquire 92306867145777 92306867173015 0 6541a2db4ee0 3
present 92306867299428 92306867403840 0 6541a2db4ee0 3
acquire 92307171307847 92307171344164 0 6541a2db4ee0 2
present 92307171559344 92307171704684 0 6541a2db4ee0 2
acquire 92307475857325 92307475893991 0 6541a2db4ee0 3
present 92307476063216 92307476170492 0 6541a2db4ee0 3
acquire 92307776151384 92307776182114 0 6541a2db4ee0 2
present 92307776337581 92307776454634 0 6541a2db4ee0 2
acquire 92308078256563 92308078291414 0 6541a2db4ee0 3
present 92308078453166 92308078581883 0 6541a2db4ee0 3
acquire 92308379437326 92308379475389 0 6541a2db4ee0 2
present 92308379646011 92308379773122 0 6541a2db4ee0 2
acquire 92308680039175 92308680074864 0 6541a2db4ee0 3
present 92308680227746 92308680346197 0 6541a2db4ee0 3
