instance 76485539738587 76485556362460 0 pid 1730182
device 76485706976743 76485812219553 0
swapchain 76485815678996 76485865484265 0 5ad7e3d40ad0 64x64 mode 2 images 3
swapchain 76485866944923 76485869535402 0 5ad7e38fcc60 900x560 mode 2 images 3
acquire 76485901297626 76485901312922 0 5ad7e38fcc60 2
present 76485901655492 76485901840013 0 5ad7e38fcc60 2
acquire 76485909600064 76485909615779 0 5ad7e38fcc60 1
present 76485910436762 76485910546831 1000001003 5ad7e38fcc60 1
acquire 76485926813606 76485926830019 0 5ad7e38fcc60 0
present 76485927314717 76485927420456 0 5ad7e38fcc60 0
acquire 76497941256161 76497941291430 0 5ad7e38fcc60 2
present 76497941625550 76497941734852 0 5ad7e38fcc60 2
acquire 76498241252728 76498241279338 0 5ad7e38fcc60 1
present 76498241572112 76498241662696 0 5ad7e38fcc60 1
acquire 76498925093880 76498925118814 0 5ad7e38fcc60 2
present 76498925452305 76498925556229 0 5ad7e38fcc60 2
acquire 76499225482746 76499225515152 0 5ad7e38fcc60 1
present 76499225806110 76499225919532 0 5ad7e38fcc60 1
acquire 76499533800888 76499533832875 0 5ad7e38fcc60 2
present 76499534201846 76499534315408 0 5ad7e38fcc60 2
acquire 76499834082547 76499834113556 0 5ad7e38fcc60 1
present 76499834434686 76499834547968 0 5ad7e38fcc60 1
acquire 76500142459774 76500142492181 0 5ad7e38fcc60 2
present 76500142827139 76500142949291 0 5ad7e38fcc60 2
acquire 76500442762176 76500442794094 0 5ad7e38fcc60 1
present 76500443094480 76500443196518 0 5ad7e38fcc60 1
acquire 76500751178305 76500751209664 0 5ad7e38fcc60 2
present 76500751530933 76500751646381 0 5ad7e38fcc60 2
acquire 76501051433494 76501051464504 0 5ad7e38fcc60 1
present 76501051771246 76501051882992 0 5ad7e38fcc60 1
acquire 76501359794519 76501359826017 0 5ad7e38fcc60 2
present 76501360166702 76501360282569 0 5ad7e38fcc60 2
acquire 76501668438958 76501668467104 0 5ad7e38fcc60 1
present 76501668754710 76501668866037 0 5ad7e38fcc60 1
acquire 76501968473938 76501968503761 0 5ad7e38fcc60 2
present 76501968840116 76501968951722 0 5ad7e38fcc60 2
acquire 76502277195064 76502277233546 0 5ad7e38fcc60 1
present 76502277521012 76502277626752 0 5ad7e38fcc60 1
acquire 76502585477866 76502585510342 0 5ad7e38fcc60 2
present 76502585845300 76502585972062 0 5ad7e38fcc60 2
acquire 76502885861493 76502885893690 0 5ad7e38fcc60 1
present 76502886235562 76502886371962 0 5ad7e38fcc60 1
acquire 76503194208758 76503194238161 0 5ad7e38fcc60 2
present 76503194550282 76503194657697 0 5ad7e38fcc60 2
acquire 76503494494468 76503494524080 0 5ad7e38fcc60 1
present 76503494835921 76503494939356 0 5ad7e38fcc60 1
acquire 76503802837822 76503802867854 0 5ad7e38fcc60 2
present 76503803211752 76503803325244 0 5ad7e38fcc60 2
acquire 76504103364134 76504103398007 0 5ad7e38fcc60 1
present 76504103732966 76504103860775 0 5ad7e38fcc60 1
acquire 76504411584149 76504411632619 0 5ad7e38fcc60 2
present 76504412127025 76504412234301 0 5ad7e38fcc60 2
acquire 76504711824811 76504711856798 0 5ad7e38fcc60 1
present 76504712133509 76504712231426 0 5ad7e38fcc60 1
acquire 76505020142464 76505020171099 0 5ad7e38fcc60 2
present 76505020466876 76505020566889 0 5ad7e38fcc60 2
acquire 76505328930776 76505328968281 0 5ad7e38fcc60 1
present 76505329393055 76505329542515 0 5ad7e38fcc60 1
acquire 76505628853661 76505628883203 0 5ad7e38fcc60 2
present 76505629193089 76505629296593 0 5ad7e38fcc60 2
acquire 76505937367497 76505937397459 0 5ad7e38fcc60 1
present 76505937754138 76505937872798 0 5ad7e38fcc60 1
acquire 76506237533638 76506237566045 0 5ad7e38fcc60 2
present 76506237896673 76506238021060 0 5ad7e38fcc60 2
acquire 76506546098808 76506546129329 0 5ad7e38fcc60 1
present 76506546453811 76506546576801 0 5ad7e38fcc60 1
acquire 76506854533235 76506854564244 0 5ad7e38fcc60 2
present 76506854896898 76506855032948 0 5ad7e38fcc60 2
acquire 76507163105249 76507163135351 0 5ad7e38fcc60 1
present 76507163451172 76507163573115 0 5ad7e38fcc60 1
acquire 76507471569428 76507471598971 0 5ad7e38fcc60 2
present 76507471903129 76507472030939 0 5ad7e38fcc60 2
acquire 76507771765182 76507771792839 0 5ad7e38fcc60 1
present 76507772125353 76507772235842 0 5ad7e38fcc60 1
acquire 76508071903107 76508071933558 0 5ad7e38fcc60 2
present 76508072302669 76508072416440 0 5ad7e38fcc60 2
acquire 76508380467299 76508380499496 0 5ad7e38fcc60 1
present 76508380837876 76508380952905 0 5ad7e38fcc60 1
acquire 76508680554869 76508680586297 0 5ad7e38fcc60 2
present 76508680905471 76508681026506 0 5ad7e38fcc60 2
acquire 76508980733651 76508980762845 0 5ad7e38fcc60 1
present 76508981071263 76508981172952 0 5ad7e38fcc60 1
acquire 76509289266344 76509289293932 0 5ad7e38fcc60 2
present 76509289623652 76509289731975 0 5ad7e38fcc60 2
acquire 76509597807000 76509597838219 0 5ad7e38fcc60 1
present 76509598184491 76509598295818 0 5ad7e38fcc60 1
acquire 76509897915382 76509897944087 0 5ad7e38fcc60 2
present 76509898279394 76509898387788 0 5ad7e38fcc60 2
acquire 76510206513656 76510206544666 0 5ad7e38fcc60 1
present 76510206913636 76510207043820 0 5ad7e38fcc60 1
acquire 76510506590330 76510506622737 0 5ad7e38fcc60 2
present 76510506972152 76510507102057 0 5ad7e38fcc60 2
acquire 76510815184973 76510815216960 0 5ad7e38fcc60 1
present 76510815539417 76510815651512 0 5ad7e38fcc60 1
acquire 76511115307393 76511115339380 0 5ad7e38fcc60 2
present 76511115661418 76511115778123 0 5ad7e38fcc60 2
acquire 76511423802931 76511423849724 0 5ad7e38fcc60 1
present 76511424154302 76511424271565 0 5ad7e38fcc60 1
acquire 76511723933592 76511723968443 0 5ad7e38fcc60 2
present 76511724307242 76511724422830 0 5ad7e38fcc60 2
acquire 76512024172089 76512024204076 0 5ad7e38fcc60 1
present 76512024579682 76512024688564 0 5ad7e38fcc60 1
acquire 76512332642134 76512332680267 0 5ad7e38fcc60 2
present 76512333034292 76512333160216 0 5ad7e38fcc60 2
acquire 76512632826294 76512632857722 0 5ad7e38fcc60 1
present 76512633190166 76512633291855 0 5ad7e38fcc60 1
acquire 76512941333285 76512941369184 0 5ad7e38fcc60 2
present 76512941714059 76512941831742 0 5ad7e38fcc60 2
acquire 76513241535953 76513241577439 0 5ad7e38fcc60 1
present 76513241955000 76513242150625 0 5ad7e38fcc60 1
acquire 76513550048182 76513550084919 0 5ad7e38fcc60 2
present 76513550482175 76513550612359 0 5ad7e38fcc60 2
acquire 76513850375656 76513850418609 0 5ad7e38fcc60 1
present 76513850833884 76513850967211 0 5ad7e38fcc60 1
acquire 76514158671657 76514158705810 0 5ad7e38fcc60 2
present 76514159080228 76514159195676 0 5ad7e38fcc60 2
acquire 76514467218039 76514467250446 0 5ad7e38fcc60 1
present 76514467574508 76514467687442 0 5ad7e38fcc60 1
acquire 76514767321882 76514767354358 0 5ad7e38fcc60 2
present 76514767688338 76514767804903 0 5ad7e38fcc60 2
acquire 76515075868543 76515075898155 0 5ad7e38fcc60 1
present 76515076302466 76515076421196 0 5ad7e38fcc60 1
acquire 76515375993267 76515376035172 0 5ad7e38fcc60 2
present 76515376361121 76515376471609 0 5ad7e38fcc60 2
acquire 76515684519884 76515684550893 0 5ad7e38fcc60 1
present 76515684870975 76515684981115 0 5ad7e38fcc60 1
acquire 76515984665631 76515984703834 0 5ad7e38fcc60 2
present 76515985064145 76515985200544 0 5ad7e38fcc60 2
acquire 76516284867390 76516284898190 0 5ad7e38fcc60 1
present 76516285213523 76516285318564 0 5ad7e38fcc60 1
acquire 76516584972350 76516585017048 0 5ad7e38fcc60 2
present 76516585349213 76516585467245 0 5ad7e38fcc60 2
acquire 76516885222929 76516885254217 0 5ad7e38fcc60 1
present 76516885573601 76516885672845 0 5ad7e38fcc60 1
swapchain 76517915013614 76517917965451 0 5ad7e437fe30 1100x700 mode 2 images 3
acquire 76517925947597 76517925959540 0 5ad7e437fe30 2
present 76517927237843 76517927360135 0 5ad7e437fe30 2
swapchain 76519418632235 76519421964706 0 5ad7e38fcc60 640x760 mode 2 images 3
acquire 76519424108201 76519424117560 0 5ad7e38fcc60 2
present 76519424336652 76519424441693 0 5ad7e38fcc60 2
swapchain 76520930254444 76520933049696 0 5ad7e415f5f0 1280x480 mode 2 images 3
acquire 76520934898392 76520934909357 0 5ad7e415f5f0 2
present 76520936369945 76520936487767 0 5ad7e415f5f0 2
swapchain 76522443385011 76522446269730 0 5ad7e440c280 760x560 mode 2 images 3
acquire 76522448143080 76522448153137 0 5ad7e440c280 2
present 76522448363568 76522448467492 0 5ad7e440c280 2
swapchain 76523952146175 76523954870260 0 5ad7e415f5f0 900x560 mode 2 images 3
acquire 76523956640314 76523956649743 0 5ad7e415f5f0 2
present 76523956884898 76523956989031 0 5ad7e415f5f0 2
