instance 305614094482375 305614108128989 0 pid 457573
device 305614108933559 305614234259821 0
swapchain 305614234663363 305614287899718 0 60a663d69ea0 900x560 mode 2 images 4
acquire 305614293037234 305614293051970 0 60a663d69ea0 3
present 305614296914606 305614297128948 0 60a663d69ea0 3
acquire 305614297372275 305614297383240 0 60a663d69ea0 2
present 305614297443233 305614297509932 0 60a663d69ea0 2
acquire 305626635901643 305626635919662 0 60a663d69ea0 1
present 305626636073871 305626636600543 0 60a663d69ea0 1
acquire 305627317756289 305627317776194 0 60a663d69ea0 0
present 305627317941508 305627318504568 0 60a663d69ea0 0
acquire 305627619322391 305627619367090 0 60a663d69ea0 3
present 305627619593166 305627619834257 0 60a663d69ea0 3
acquire 305627660738619 305627660780454 0 60a663d69ea0 2
present 305627660989139 305627661148726 0 60a663d69ea0 2
swapchain 305646295695383 305646300220531 0 60a663eee6f0 1100x700 mode 2 images 4
acquire 305646301320041 305646301330377 0 60a663eee6f0 3
present 305646301448688 305646301559316 0 60a663eee6f0 3
acquire 305646301685519 305646301693761 0 60a663eee6f0 2
present 305646301747049 305646301822548 0 60a663eee6f0 2
swapchain 305647804708937 305647809380473 0 60a663d69ea0 640x760 mode 2 images 4
acquire 305647810402179 305647810413074 0 60a663d69ea0 3
present 305647810536134 305647810645156 0 60a663d69ea0 3
acquire 305647810792032 305647810800693 0 60a663d69ea0 2
present 305647810854540 305647810930946 0 60a663d69ea0 2
swapchain 305649309739869 305649313225083 0 60a663eee6f0 1280x480 mode 2 images 4
acquire 305649314332764 305649314343519 0 60a663eee6f0 3
present 305649314461341 305649314577138 0 60a663eee6f0 3
acquire 305649314714655 305649314722268 0 60a663eee6f0 2
present 305649314773811 305649314881785 0 60a663eee6f0 2
swapchain 305650819983606 305650826736269 0 60a663d69ea0 760x560 mode 2 images 4
acquire 305650828370342 305650828388292 0 60a663d69ea0 3
present 305650828576094 305650828745739 0 60a663d69ea0 3
acquire 305650828960989 305650828973770 0 60a663d69ea0 2
present 305650829061071 305650829195655 0 60a663d69ea0 2
acquire 305650939698062 305650939713287 0 60a663d69ea0 1
present 305650939857439 305650939987204 0 60a663d69ea0 1
acquire 305650940523375 305650940533990 0 60a663d69ea0 0
present 305650940608720 305650940717323 0 60a663d69ea0 0
swapchain 305652327215025 305652330901730 0 60a663f00a00 900x560 mode 2 images 4
acquire 305652331861557 305652331877551 0 60a663f00a00 3
present 305652331994884 305652332144204 0 60a663f00a00 3
acquire 305652332301556 305652332311194 0 60a663f00a00 2
present 305652332372236 305652332490197 0 60a663f00a00 2
