instance 305426882316844 305426898951890 0 pid 422166
device 305426899702124 305427021121048 0
swapchain 305427021549244 305427074691591 0 5afe1bc2eea0 900x560 mode 2 images 4
acquire 305427083903710 305427083918935 0 5afe1bc2eea0 3
present 305427087406384 305427087606129 0 5afe1bc2eea0 3
acquire 305427087842612 305427087853577 0 5afe1bc2eea0 2
present 305427087907913 305427087976986 0 5afe1bc2eea0 2
acquire 305439426042532 305439426060760 0 5afe1bc2eea0 1
present 305439426188569 305439426646797 0 5afe1bc2eea0 1
acquire 305440107655155 305440107671708 0 5afe1bc2eea0 0
present 305440107797212 305440107915174 0 5afe1bc2eea0 0
acquire 305440409016682 305440409048670 0 5afe1bc2eea0 3
present 305440409216708 305440409326707 0 5afe1bc2eea0 3
acquire 305440713226053 305440713259856 0 5afe1bc2eea0 2
present 305440713434249 305440713545297 0 5afe1bc2eea0 2
acquire 305441017945124 305441017979485 0 5afe1bc2eea0 3
present 305441018189079 305441018319193 0 5afe1bc2eea0 3
acquire 305441325040750 305441325072737 0 5afe1bc2eea0 2
present 305441325250762 305441325377174 0 5afe1bc2eea0 2
acquire 305441626260220 305441626296048 0 5afe1bc2eea0 3
present 305441626462131 305441626588543 0 5afe1bc2eea0 3
acquire 305441928026337 305441928060699 0 5afe1bc2eea0 2
present 305441928209041 305441928328749 0 5afe1bc2eea0 2
acquire 305442233453667 305442233486073 0 5afe1bc2eea0 3
present 305442233653971 305442233778428 0 5afe1bc2eea0 3
acquire 305442537997227 305442538038643 0 5afe1bc2eea0 2
present 305442538170852 305442538282808 0 5afe1bc2eea0 2
acquire 305442845019590 305442845053672 0 5afe1bc2eea0 3
present 305442845218288 305442845335132 0 5afe1bc2eea0 3
acquire 305443149473684 305443149506090 0 5afe1bc2eea0 2
present 305443149666864 305443149790204 0 5afe1bc2eea0 2
acquire 305443455970561 305443455999196 0 5afe1bc2eea0 3
present 305443456153755 305443456274790 0 5afe1bc2eea0 3
acquire 305443762342563 305443762374062 0 5afe1bc2eea0 2
present 305443762519122 305443762642182 0 5afe1bc2eea0 2
acquire 305444069024450 305444069055460 0 5afe1bc2eea0 3
present 305444069216723 305444069332520 0 5afe1bc2eea0 3
acquire 305444373899756 305444373931185 0 5afe1bc2eea0 2
present 305444374097058 305444374207476 0 5afe1bc2eea0 2
acquire 305444676413383 305444676446348 0 5afe1bc2eea0 3
present 305444676608031 305444676727459 0 5afe1bc2eea0 3
acquire 305444981375572 305444981408397 0 5afe1bc2eea0 2
present 305444981559882 305444981681197 0 5afe1bc2eea0 2
acquire 305445282765245 305445282799467 0 5afe1bc2eea0 3
present 305445282951092 305445283108654 0 5afe1bc2eea0 3
acquire 305445589442523 305445589475418 0 5afe1bc2eea0 2
present 305445589619500 305445589739697 0 5afe1bc2eea0 2
acquire 305445893589176 305445893619627 0 5afe1bc2eea0 3
present 305445893769436 305445893873918 0 5afe1bc2eea0 3
acquire 305446200335247 305446200365768 0 5afe1bc2eea0 2
present 305446200505450 305446200609793 0 5afe1bc2eea0 2
acquire 305446506401554 305446506437942 0 5afe1bc2eea0 3
present 305446506586773 305446506702919 0 5afe1bc2eea0 3
acquire 305446812132903 305446812163703 0 5afe1bc2eea0 2
present 305446812305760 305446812421278 0 5afe1bc2eea0 2
acquire 305447114101909 305447114136201 0 5afe1bc2eea0 3
present 305447114294182 305447114414099 0 5afe1bc2eea0 3
acquire 305447416295734 305447416326743 0 5afe1bc2eea0 2
present 305447416472362 305447416588159 0 5afe1bc2eea0 2
acquire 305447724736920 305447724763739 0 5afe1bc2eea0 3
present 305447724892526 305447725015167 0 5afe1bc2eea0 3
acquire 305448032643402 305448032673504 0 5afe1bc2eea0 2
present 305448032821427 305448032939110 0 5afe1bc2eea0 2
acquire 305448339585518 305448339617435 0 5afe1bc2eea0 3
present 305448339748318 305448339864743 0 5afe1bc2eea0 3
acquire 305448648095079 305448648124132 0 5afe1bc2eea0 2
present 305448648247262 305448648353910 0 5afe1bc2eea0 2
acquire 305448952595966 305448952625020 0 5afe1bc2eea0 3
present 305448952762398 305448952875331 0 5afe1bc2eea0 3
acquire 305449253319425 305449253352669 0 5afe1bc2eea0 2
present 305449253505272 305449253611920 0 5afe1bc2eea0 2
acquire 305449556435153 305449556468607 0 5afe1bc2eea0 3
present 305449556628892 305449556750486 0 5afe1bc2eea0 3
acquire 305449861203882 305449861235869 0 5afe1bc2eea0 2
present 305449861398529 305449861516770 0 5afe1bc2eea0 2
acquire 305450163844480 305450163877236 0 5afe1bc2eea0 3
present 305450164036264 305450164154854 0 5afe1bc2eea0 3
acquire 305450467707928 305450467736144 0 5afe1bc2eea0 2
present 305450467877083 305450467981635 0 5afe1bc2eea0 2
acquire 305450775352576 305450775385890 0 5afe1bc2eea0 3
present 305450775528436 305450775634525 0 5afe1bc2eea0 3
acquire 305451081375442 305451081408337 0 5afe1bc2eea0 2
present 305451081569112 305451081697899 0 5afe1bc2eea0 2
acquire 305451386466418 305451386498824 0 5afe1bc2eea0 3
present 305451386649542 305451386767433 0 5afe1bc2eea0 3
acquire 305451686596437 305451686624443 0 5afe1bc2eea0 2
present 305451686752462 305451686852614 0 5afe1bc2eea0 2
acquire 305451992812693 305451992844680 0 5afe1bc2eea0 3
present 305451992993442 305451993122090 0 5afe1bc2eea0 3
acquire 305452295935964 305452295967183 0 5afe1bc2eea0 2
present 305452296114618 305452296229088 0 5afe1bc2eea0 2
acquire 305452599693812 305452599734739 0 5afe1bc2eea0 3
present 305452599890136 305452600018434 0 5afe1bc2eea0 3
acquire 305452903117121 305452903145965 0 5afe1bc2eea0 2
present 305452903290676 305452903403609 0 5afe1bc2eea0 2
acquire 305453208313347 305453208349735 0 5afe1bc2eea0 3
present 305453208509461 305453208630356 0 5afe1bc2eea0 3
acquire 305453512477252 305453512505468 0 5afe1bc2eea0 2
present 305453512638934 305453512744394 0 5afe1bc2eea0 2
acquire 305453813736882 305453813769288 0 5afe1bc2eea0 3
present 305453813927897 305453814057452 0 5afe1bc2eea0 3
acquire 305454118080487 305454118112405 0 5afe1bc2eea0 2
present 305454118252296 305454118367884 0 5afe1bc2eea0 2
acquire 305454424573594 305454424604115 0 5afe1bc2eea0 3
present 305454424736185 305454424851911 0 5afe1bc2eea0 3
acquire 305454729665688 305454729699561 0 5afe1bc2eea0 2
present 305454729847764 305454729965167 0 5afe1bc2eea0 2
acquire 305455034053433 305455034086398 0 5afe1bc2eea0 3
present 305455034233344 305455034349769 0 5afe1bc2eea0 3
acquire 305455341767434 305455341800329 0 5afe1bc2eea0 2
present 305455341962291 305455342097503 0 5afe1bc2eea0 2
acquire 305455644188382 305455644218833 0 5afe1bc2eea0 3
present 305455644365220 305455644484439 0 5afe1bc2eea0 3
acquire 305455947755424 305455947788808 0 5afe1bc2eea0 2
present 305455947938548 305455948074110 0 5afe1bc2eea0 2
acquire 305456255818351 305456255852154 0 5afe1bc2eea0 3
present 305456255998053 305456256137456 0 5afe1bc2eea0 3
acquire 305456559907107 305456559938116 0 5afe1bc2eea0 2
present 305456560109018 305456560230122 0 5afe1bc2eea0 2
acquire 305456864477347 305456864509265 0 5afe1bc2eea0 3
present 305456864639519 305456864757410 0 5afe1bc2eea0 3
acquire 305457164736782 305457164767722 0 5afe1bc2eea0 2
present 305457164914598 305457165045201 0 5afe1bc2eea0 2
acquire 305457466835693 305457466868099 0 5afe1bc2eea0 3
present 305457467033972 305457467152702 0 5afe1bc2eea0 3
acquire 305457768037983 305457768071368 0 5afe1bc2eea0 2
present 305457768216777 305457768333202 0 5afe1bc2eea0 2
acquire 305458068711506 305458068747265 0 5afe1bc2eea0 3
present 305458068890509 305458069017411 0 5afe1bc2eea0 3
swapchain 305459085677353 305459089342268 0 5afe1bdb4890 1100x700 mode 2 images 4
acquire 305459090453022 305459090463638 0 5afe1bdb4890 3
present 305459090577269 305459090683987 0 5afe1bdb4890 3
swapchain 305460592804867 305460596804391 0 5afe1bc2eea0 640x760 mode 2 images 4
acquire 305460597888535 305460597899850 0 5afe1bc2eea0 3
present 305460598033735 305460598144992 0 5afe1bc2eea0 3
swapchain 305462101472240 305462105217262 0 5afe1bdb4890 1280x480 mode 2 images 4
acquire 305462106320404 305462106330950 0 5afe1bdb4890 3
present 305462106447864 305462106561425 0 5afe1bdb4890 3
swapchain 305463609464528 305463613744255 0 5afe1bc2eea0 760x560 mode 2 images 4
acquire 305463614815199 305463614825535 0 5afe1bc2eea0 3
present 305463614939446 305463615084367 0 5afe1bc2eea0 3
swapchain 305465119154166 305465122992218 0 5afe1bdb4890 900x560 mode 2 images 4
acquire 305465123978165 305465123988152 0 5afe1bdb4890 3
present 305465124112121 305465124216533 0 5afe1bdb4890 3
acquire 305465124350349 305465124359288 0 5afe1bdb4890 2
present 305465124413764 305465124515942 0 5afe1bdb4890 2
