instance 73662400684566 73662425853570 0 pid 1289750
device 73662426629435 73662574411904 0
swapchain 73662574828646 73662631493492 0 601ebd8c9ec0 900x560 mode 2 images 4
acquire 73662639580119 73662639602888 0 601ebd8c9ec0 3
present 73662640259464 73662640576613 0 601ebd8c9ec0 3
acquire 73662641618294 73662641634567 0 601ebd8c9ec0 2
present 73662642095937 73662642244559 0 601ebd8c9ec0 2
acquire 73674984954437 73674984971129 0 601ebd8c9ec0 1
present 73674985338075 73674985474335 0 601ebd8c9ec0 1
acquire 73675666146289 73675666164448 0 601ebd8c9ec0 0
present 73675666606682 73675666755444 0 601ebd8c9ec0 0
acquire 73675979745539 73675979792054 0 601ebd8c9ec0 3
present 73675980283526 73675980420764 0 601ebd8c9ec0 3
acquire 73676266966766 73676267038353 0 601ebd8c9ec0 2
present 73676267645133 73676267791869 0 601ebd8c9ec0 2
acquire 73676574799651 73676574827099 0 601ebd8c9ec0 3
present 73676575240908 73676575351816 0 601ebd8c9ec0 3
acquire 73676866768959 73676866797803 0 601ebd8c9ec0 2
present 73676867174875 73676867282291 0 601ebd8c9ec0 2
acquire 73677175299697 73677175328332 0 601ebd8c9ec0 3
present 73677175711969 73677175823156 0 601ebd8c9ec0 3
acquire 73677467429988 73677467462464 0 601ebd8c9ec0 2
present 73677467886679 73677468024965 0 601ebd8c9ec0 2
acquire 73677775760561 73677775791152 0 601ebd8c9ec0 3
present 73677776187849 73677776307348 0 601ebd8c9ec0 3
acquire 73678067477183 73678067504701 0 601ebd8c9ec0 2
present 73678067895322 73678068023341 0 601ebd8c9ec0 2
acquire 73678376294480 73678376326257 0 601ebd8c9ec0 3
present 73678376731266 73678376851463 0 601ebd8c9ec0 3
acquire 73678668025140 73678668055241 0 601ebd8c9ec0 2
present 73678668446701 73678668555583 0 601ebd8c9ec0 2
acquire 73678977519406 73678977549438 0 601ebd8c9ec0 3
present 73678977954307 73678978080789 0 601ebd8c9ec0 3
acquire 73679268426011 73679268456042 0 601ebd8c9ec0 2
present 73679268907845 73679269073089 0 601ebd8c9ec0 2
acquire 73679579497989 73679579531862 0 601ebd8c9ec0 3
present 73679581380138 73679581491744 0 601ebd8c9ec0 3
acquire 73679868878634 73679868912926 0 601ebd8c9ec0 2
present 73679869335674 73679869452099 0 601ebd8c9ec0 2
acquire 73680182020773 73680182052761 0 601ebd8c9ec0 3
present 73680182555757 73680182684125 0 601ebd8c9ec0 3
acquire 73680469104483 73680469139264 0 601ebd8c9ec0 2
present 73680469593231 73680469743460 0 601ebd8c9ec0 2
acquire 73680779765725 73680779795059 0 601ebd8c9ec0 3
present 73680780242601 73680780362937 0 601ebd8c9ec0 3
acquire 73681069406738 73681069441589 0 601ebd8c9ec0 2
present 73681069860007 73681070015963 0 601ebd8c9ec0 2
acquire 73681378251552 73681378281374 0 601ebd8c9ec0 3
present 73681378700002 73681378812377 0 601ebd8c9ec0 3
acquire 73681669880593 73681669915863 0 601ebd8c9ec0 2
present 73681670366967 73681670511049 0 601ebd8c9ec0 2
acquire 73681981901783 73681981932303 0 601ebd8c9ec0 3
present 73681982391229 73681982512334 0 601ebd8c9ec0 3
acquire 73682269862767 73682269893287 0 601ebd8c9ec0 2
present 73682270304721 73682270432531 0 601ebd8c9ec0 2
acquire 73682579402779 73682579441751 0 601ebd8c9ec0 3
present 73682579930569 73682580071508 0 601ebd8c9ec0 3
acquire 73682870422247 73682870452279 0 601ebd8c9ec0 2
present 73682870883618 73682871025046 0 601ebd8c9ec0 2
acquire 73683179311689 73683179351150 0 601ebd8c9ec0 3
present 73683179824952 73683179967079 0 601ebd8c9ec0 3
acquire 73683470666185 73683470699080 0 601ebd8c9ec0 2
present 73683471133422 73683471248311 0 601ebd8c9ec0 2
acquire 73683779405329 73683779435291 0 601ebd8c9ec0 3
present 73683779874452 73683779987735 0 601ebd8c9ec0 3
acquire 73684071637169 73684071673836 0 601ebd8c9ec0 2
present 73684072228794 73684072374063 0 601ebd8c9ec0 2
acquire 73684381142820 73684381180046 0 601ebd8c9ec0 3
present 73684381709092 73684381853244 0 601ebd8c9ec0 3
acquire 73684671192893 73684671223902 0 601ebd8c9ec0 2
present 73684671650701 73684671770409 0 601ebd8c9ec0 2
acquire 73684979986792 73684980034354 0 601ebd8c9ec0 3
present 73684980483084 73684980609007 0 601ebd8c9ec0 3
acquire 73685271879344 73685271920830 0 601ebd8c9ec0 2
present 73685272421102 73685272558968 0 601ebd8c9ec0 2
acquire 73685580400654 73685580437810 0 601ebd8c9ec0 3
present 73685580917059 73685581054088 0 601ebd8c9ec0 3
acquire 73685871925702 73685871959575 0 601ebd8c9ec0 2
present 73685872377295 73685872485618 0 601ebd8c9ec0 2
acquire 73686180678186 73686180709963 0 601ebd8c9ec0 3
present 73686181157645 73686181272115 0 601ebd8c9ec0 3
acquire 73686472728578 73686472766363 0 601ebd8c9ec0 2
present 73686473228362 73686473358057 0 601ebd8c9ec0 2
acquire 73686780609235 73686780638848 0 601ebd8c9ec0 3
present 73686781085831 73686781211336 0 601ebd8c9ec0 3
acquire 73687072666822 73687072695806 0 601ebd8c9ec0 2
present 73687073106332 73687073218008 0 601ebd8c9ec0 2
acquire 73687381445426 73687381477414 0 601ebd8c9ec0 3
present 73687381907216 73687382045641 0 601ebd8c9ec0 3
acquire 73687672985909 73687673027814 0 601ebd8c9ec0 2
present 73687673439597 73687673556791 0 601ebd8c9ec0 2
acquire 73687981602552 73687981633981 0 601ebd8c9ec0 3
present 73687982064481 73687982178113 0 601ebd8c9ec0 3
acquire 73688273346133 73688273388037 0 601ebd8c9ec0 2
present 73688273878811 73688274026246 0 601ebd8c9ec0 2
acquire 73688583067802 73688583103770 0 601ebd8c9ec0 3
present 73688583540487 73688583648950 0 601ebd8c9ec0 3
acquire 73688874203486 73688874248114 0 601ebd8c9ec0 2
present 73688874815504 73688874973694 0 601ebd8c9ec0 2
acquire 73689182677723 73689182711107 0 601ebd8c9ec0 3
present 73689183170172 73689183285969 0 601ebd8c9ec0 3
acquire 73689474446097 73689474487722 0 601ebd8c9ec0 2
present 73689475043867 73689475183899 0 601ebd8c9ec0 2
acquire 73689562387834 73689562418843 0 601ebd8c9ec0 3
present 73689562848995 73689562970169 0 601ebd8c9ec0 3
