launch_mono_ns 88551200159637
assets ready in 22 ms: font, 200 labels, 28 glyphs
GPU 0: NVIDIA GeForce RTX 3050 Laptop GPU (discrete, vendor 4318, device 9698, Vulkan 1.4.341, 4096 MiB device-local, max image 32768)
queue family 0, swapchain 900x560, format 44, 4 images, retained canvas, 2 frames in flight, validation layer off (not installed)
window and GPU ready in 285 ms
redraw 1 at 308 ms: scene + GPU 1 ms, whole, 818 quads, 28 glyphs cached, atlas 27 entries, 1870 texels uploaded
input: mapped expose
redraw 2 at 309 ms: scene + GPU 0 ms, damage only, 0 quads, 28 glyphs cached, atlas 27 entries, 1870 texels uploaded
input: moved
input: focus-in
input: key-down 9
redraw 3 at 12653 ms: scene + GPU 1 ms, damage only, 9 quads, 28 glyphs cached, atlas 27 entries, 1870 texels uploaded
input: key-up 9
input: key-down 32
redraw 4 at 13333 ms: scene + GPU 0 ms, damage only, 9 quads, 28 glyphs cached, atlas 27 entries, 1870 texels uploaded
input: key-up 32 -> 1 activation(s)
redraw 5 at 13636 ms: scene + GPU 2 ms, damage only, 21 quads, 29 glyphs cached, atlas 28 entries, 1966 texels uploaded
input: key-down 32
redraw 6 at 13939 ms: scene + GPU 1 ms, damage only, 9 quads, 29 glyphs cached, atlas 28 entries, 1966 texels uploaded
input: key-up 32 -> 1 activation(s)
redraw 7 at 14244 ms: scene + GPU 1 ms, damage only, 21 quads, 30 glyphs cached, atlas 29 entries, 2074 texels uploaded
input: key-down 32
redraw 8 at 14551 ms: scene + GPU 1 ms, damage only, 9 quads, 30 glyphs cached, atlas 29 entries, 2074 texels uploaded
input: key-up 32 -> 1 activation(s)
redraw 9 at 14853 ms: scene + GPU 1 ms, damage only, 21 quads, 31 glyphs cached, atlas 30 entries, 2191 texels uploaded
input: key-down 32
redraw 10 at 15154 ms: scene + GPU 1 ms, damage only, 9 quads, 31 glyphs cached, atlas 30 entries, 2191 texels uploaded
input: key-up 32 -> 1 activation(s)
redraw 11 at 15460 ms: scene + GPU 1 ms, damage only, 21 quads, 32 glyphs cached, atlas 31 entries, 2299 texels uploaded
input: key-down 32
redraw 12 at 15764 ms: scene + GPU 1 ms, damage only, 9 quads, 32 glyphs cached, atlas 31 entries, 2299 texels uploaded
input: key-up 32 -> 1 activation(s)
redraw 13 at 16071 ms: scene + GPU 1 ms, damage only, 21 quads, 33 glyphs cached, atlas 32 entries, 2416 texels uploaded
input: key-down 32
redraw 14 at 16375 ms: scene + GPU 0 ms, damage only, 9 quads, 33 glyphs cached, atlas 32 entries, 2416 texels uploaded
input: key-up 32 -> 1 activation(s)
redraw 15 at 16688 ms: scene + GPU 7 ms, damage only, 21 quads, 34 glyphs cached, atlas 33 entries, 2533 texels uploaded
input: key-down 32
redraw 16 at 16988 ms: scene + GPU 0 ms, damage only, 9 quads, 34 glyphs cached, atlas 33 entries, 2533 texels uploaded
input: key-up 32 -> 1 activation(s)
redraw 17 at 17296 ms: scene + GPU 2 ms, damage only, 21 quads, 35 glyphs cached, atlas 34 entries, 2641 texels uploaded
input: key-down 32
redraw 18 at 17600 ms: scene + GPU 1 ms, damage only, 9 quads, 35 glyphs cached, atlas 34 entries, 2641 texels uploaded
input: key-up 32 -> 1 activation(s)
redraw 19 at 17905 ms: scene + GPU 3 ms, damage only, 21 quads, 36 glyphs cached, atlas 35 entries, 2758 texels uploaded
input: key-down 32
redraw 20 at 18207 ms: scene + GPU 0 ms, damage only, 9 quads, 36 glyphs cached, atlas 35 entries, 2758 texels uploaded
input: key-up 32 -> 1 activation(s)
redraw 21 at 18514 ms: scene + GPU 6 ms, damage only, 21 quads, 37 glyphs cached, atlas 36 entries, 2875 texels uploaded
input: key-down 32
redraw 22 at 18815 ms: scene + GPU 0 ms, damage only, 9 quads, 37 glyphs cached, atlas 36 entries, 2875 texels uploaded
input: key-up 32 -> 1 activation(s)
redraw 23 at 19119 ms: scene + GPU 0 ms, damage only, 22 quads, 37 glyphs cached, atlas 36 entries, 2875 texels uploaded
input: key-down 32
redraw 24 at 19426 ms: scene + GPU 0 ms, damage only, 9 quads, 37 glyphs cached, atlas 36 entries, 2875 texels uploaded
input: key-up 32 -> 1 activation(s)
redraw 25 at 19732 ms: scene + GPU 0 ms, damage only, 22 quads, 37 glyphs cached, atlas 36 entries, 2875 texels uploaded
input: key-down 32
redraw 26 at 20038 ms: scene + GPU 1 ms, damage only, 9 quads, 37 glyphs cached, atlas 36 entries, 2875 texels uploaded
input: key-up 32 -> 1 activation(s)
redraw 27 at 20340 ms: scene + GPU 1 ms, damage only, 22 quads, 37 glyphs cached, atlas 36 entries, 2875 texels uploaded
input: key-down 32
redraw 28 at 20642 ms: scene + GPU 0 ms, damage only, 9 quads, 37 glyphs cached, atlas 36 entries, 2875 texels uploaded
input: key-up 32 -> 1 activation(s)
redraw 29 at 20950 ms: scene + GPU 0 ms, damage only, 22 quads, 37 glyphs cached, atlas 36 entries, 2875 texels uploaded
input: key-down 32
redraw 30 at 21258 ms: scene + GPU 0 ms, damage only, 9 quads, 37 glyphs cached, atlas 36 entries, 2875 texels uploaded
input: key-up 32 -> 1 activation(s)
redraw 31 at 21565 ms: scene + GPU 0 ms, damage only, 22 quads, 37 glyphs cached, atlas 36 entries, 2875 texels uploaded
input: key-down 32
redraw 32 at 21874 ms: scene + GPU 1 ms, damage only, 9 quads, 37 glyphs cached, atlas 36 entries, 2875 texels uploaded
input: key-up 32 -> 1 activation(s)
redraw 33 at 22178 ms: scene + GPU 0 ms, damage only, 22 quads, 37 glyphs cached, atlas 36 entries, 2875 texels uploaded
input: key-down 32
redraw 34 at 22479 ms: scene + GPU 1 ms, damage only, 9 quads, 37 glyphs cached, atlas 36 entries, 2875 texels uploaded
input: key-up 32 -> 1 activation(s)
redraw 35 at 22782 ms: scene + GPU 0 ms, damage only, 22 quads, 37 glyphs cached, atlas 36 entries, 2875 texels uploaded
input: key-down 32
redraw 36 at 23087 ms: scene + GPU 1 ms, damage only, 9 quads, 37 glyphs cached, atlas 36 entries, 2875 texels uploaded
input: key-up 32 -> 1 activation(s)
redraw 37 at 23389 ms: scene + GPU 0 ms, damage only, 22 quads, 37 glyphs cached, atlas 36 entries, 2875 texels uploaded
input: key-down 32
redraw 38 at 23693 ms: scene + GPU 0 ms, damage only, 9 quads, 37 glyphs cached, atlas 36 entries, 2875 texels uploaded
input: key-up 32 -> 1 activation(s)
redraw 39 at 24001 ms: scene + GPU 1 ms, damage only, 22 quads, 37 glyphs cached, atlas 36 entries, 2875 texels uploaded
input: key-down 32
redraw 40 at 24307 ms: scene + GPU 1 ms, damage only, 9 quads, 37 glyphs cached, atlas 36 entries, 2875 texels uploaded
input: key-up 32 -> 1 activation(s)
redraw 41 at 24612 ms: scene + GPU 0 ms, damage only, 22 quads, 37 glyphs cached, atlas 36 entries, 2875 texels uploaded
input: key-down 32
redraw 42 at 24912 ms: scene + GPU 0 ms, damage only, 9 quads, 37 glyphs cached, atlas 36 entries, 2875 texels uploaded
input: key-up 32 -> 1 activation(s)
redraw 43 at 25218 ms: scene + GPU 0 ms, damage only, 22 quads, 37 glyphs cached, atlas 36 entries, 2875 texels uploaded
input: key-down 32
redraw 44 at 25521 ms: scene + GPU 0 ms, damage only, 9 quads, 37 glyphs cached, atlas 36 entries, 2875 texels uploaded
input: key-up 32 -> 1 activation(s)
redraw 45 at 25825 ms: scene + GPU 0 ms, damage only, 22 quads, 37 glyphs cached, atlas 36 entries, 2875 texels uploaded
input: key-down 32
redraw 46 at 26129 ms: scene + GPU 1 ms, damage only, 9 quads, 37 glyphs cached, atlas 36 entries, 2875 texels uploaded
input: key-up 32 -> 1 activation(s)
redraw 47 at 26434 ms: scene + GPU 1 ms, damage only, 22 quads, 37 glyphs cached, atlas 36 entries, 2875 texels uploaded
input: key-down 32
redraw 48 at 26738 ms: scene + GPU 0 ms, damage only, 9 quads, 37 glyphs cached, atlas 36 entries, 2875 texels uploaded
input: key-up 32 -> 1 activation(s)
redraw 49 at 27039 ms: scene + GPU 0 ms, damage only, 22 quads, 37 glyphs cached, atlas 36 entries, 2875 texels uploaded
input: key-down 32
redraw 50 at 27344 ms: scene + GPU 1 ms, damage only, 9 quads, 37 glyphs cached, atlas 36 entries, 2875 texels uploaded
input: key-up 32 -> 1 activation(s)
redraw 51 at 27650 ms: scene + GPU 0 ms, damage only, 22 quads, 37 glyphs cached, atlas 36 entries, 2875 texels uploaded
input: key-down 32
redraw 52 at 27955 ms: scene + GPU 0 ms, damage only, 9 quads, 37 glyphs cached, atlas 36 entries, 2875 texels uploaded
input: key-up 32 -> 1 activation(s)
redraw 53 at 28260 ms: scene + GPU 1 ms, damage only, 22 quads, 37 glyphs cached, atlas 36 entries, 2875 texels uploaded
input: key-down 32
redraw 54 at 28567 ms: scene + GPU 0 ms, damage only, 9 quads, 37 glyphs cached, atlas 36 entries, 2875 texels uploaded
input: key-up 32 -> 1 activation(s)
redraw 55 at 28870 ms: scene + GPU 1 ms, damage only, 22 quads, 37 glyphs cached, atlas 36 entries, 2875 texels uploaded
input: key-down 32
redraw 56 at 29173 ms: scene + GPU 0 ms, damage only, 9 quads, 37 glyphs cached, atlas 36 entries, 2875 texels uploaded
input: key-up 32 -> 1 activation(s)
redraw 57 at 29481 ms: scene + GPU 0 ms, damage only, 22 quads, 37 glyphs cached, atlas 36 entries, 2875 texels uploaded
input: key-down 32
redraw 58 at 29785 ms: scene + GPU 0 ms, damage only, 9 quads, 37 glyphs cached, atlas 36 entries, 2875 texels uploaded
input: key-up 32 -> 1 activation(s)
redraw 59 at 30090 ms: scene + GPU 0 ms, damage only, 22 quads, 37 glyphs cached, atlas 36 entries, 2875 texels uploaded
input: key-down 32
redraw 60 at 30390 ms: scene + GPU 0 ms, damage only, 9 quads, 37 glyphs cached, atlas 36 entries, 2875 texels uploaded
input: key-up 32 -> 1 activation(s)
redraw 61 at 30692 ms: scene + GPU 0 ms, damage only, 22 quads, 37 glyphs cached, atlas 36 entries, 2875 texels uploaded
input: key-down 32
redraw 62 at 30993 ms: scene + GPU 0 ms, damage only, 9 quads, 37 glyphs cached, atlas 36 entries, 2875 texels uploaded
input: key-up 32 -> 1 activation(s)
redraw 63 at 31294 ms: scene + GPU 0 ms, damage only, 22 quads, 37 glyphs cached, atlas 36 entries, 2875 texels uploaded
input: close
frames presented: 63, redraws: 63, clicks: 30
teardown: 0 native objects left; driver messages: 0 warnings, 0 errors
window objects left: 0
exit=0
