instance 88551309471422 88551329688881 0 pid 3506089
device 88551330493521 88551453314528 0
swapchain 88551453731270 88551504097592 0 6289b215ce30 900x560 mode 2 images 4
acquire 88551509585426 88551509597089 0 6289b215ce30 3
present 88551509753044 88551509947272 0 6289b215ce30 3
acquire 88551510053082 88551510061812 0 6289b215ce30 2
present 88551510104834 88551510161545 0 6289b215ce30 2
acquire 88563853712734 88563853730265 0 6289b215ce30 1
present 88563853882867 88563854045946 0 6289b215ce30 1
acquire 88564534506322 88564534525668 0 6289b215ce30 0
present 88564534649147 88564534787083 0 6289b215ce30 0
acquire 88564837078402 88564837116954 0 6289b215ce30 3
present 88564837262503 88564837377392 0 6289b215ce30 3
acquire 88565140024202 88565140064290 0 6289b215ce30 2
present 88565140236449 88565140341699 0 6289b215ce30 2
acquire 88565445392929 88565445422472 0 6289b215ce30 3
present 88565445524929 88565445643868 0 6289b215ce30 3
acquire 88565751836790 88565751871990 0 6289b215ce30 2
present 88565752034650 88565752154986 0 6289b215ce30 2
acquire 88566053807679 88566053842669 0 6289b215ce30 3
present 88566053967964 88566054109602 0 6289b215ce30 3
acquire 88566354862811 88566354892843 0 6289b215ce30 2
present 88566355045725 88566355176258 0 6289b215ce30 2
acquire 88566660936026 88566660970388 0 6289b215ce30 3
present 88566661099175 88566661216438 0 6289b215ce30 3
acquire 88566964872663 88566964901996 0 6289b215ce30 2
present 88566965139386 88566965263563 0 6289b215ce30 2
acquire 88567272658382 88567272705944 0 6289b215ce30 3
present 88567272835010 88567272959746 0 6289b215ce30 3
acquire 88567576427470 88567576467000 0 6289b215ce30 2
present 88567576654104 88567576803913 0 6289b215ce30 2
acquire 88567889084186 88567889114707 0 6289b215ce30 3
present 88567889232669 88567889346649 0 6289b215ce30 3
acquire 88568189258973 88568189287119 0 6289b215ce30 2
present 88568189410668 88568189521715 0 6289b215ce30 2
acquire 88568497725573 88568497751345 0 6289b215ce30 3
present 88568497845351 88568497948367 0 6289b215ce30 3
acquire 88568800797788 88568800829775 0 6289b215ce30 2
present 88568800986498 88568801124714 0 6289b215ce30 2
acquire 88569106052187 88569106083196 0 6289b215ce30 3
present 88569106188237 88569106302078 0 6289b215ce30 3
acquire 88569408206271 88569408233020 0 6289b215ce30 2
present 88569408354613 88569408465032 0 6289b215ce30 2
acquire 88569715060101 88569715086851 0 6289b215ce30 3
present 88569715199504 88569715305872 0 6289b215ce30 3
acquire 88570016273146 88570016304156 0 6289b215ce30 2
present 88570016448028 88570016574720 0 6289b215ce30 2
acquire 88570320242470 88570320269080 0 6289b215ce30 3
present 88570320399892 88570320514990 0 6289b215ce30 3
acquire 88570627206162 88570627240454 0 6289b215ce30 2
present 88570627391799 88570627517723 0 6289b215ce30 2
acquire 88570933130338 88570933160370 0 6289b215ce30 3
present 88570933301030 88570933412496 0 6289b215ce30 3
acquire 88571238933410 88571238962953 0 6289b215ce30 2
present 88571239155226 88571239277308 0 6289b215ce30 2
acquire 88571540875248 88571540906258 0 6289b215ce30 3
present 88571541057743 88571541172422 0 6289b215ce30 3
acquire 88571843106647 88571843135771 0 6289b215ce30 2
present 88571843267351 88571843377561 0 6289b215ce30 2
acquire 88572151508856 88572151540285 0 6289b215ce30 3
present 88572151685554 88572151797439 0 6289b215ce30 3
acquire 88572459376781 88572459401156 0 6289b215ce30 2
present 88572459524355 88572459626742 0 6289b215ce30 2
acquire 88572766301642 88572766332721 0 6289b215ce30 3
present 88572766463813 88572766569482 0 6289b215ce30 3
acquire 88573074819229 88573074855895 0 6289b215ce30 2
present 88573075022746 88573075140498 0 6289b215ce30 2
acquire 88573379297556 88573379326121 0 6289b215ce30 3
present 88573379462870 88573379567422 0 6289b215ce30 3
acquire 88573680063970 88573680105386 0 6289b215ce30 2
present 88573680242134 88573680355486 0 6289b215ce30 2
acquire 88573983101895 88573983130460 0 6289b215ce30 3
present 88573983261621 88573983363729 0 6289b215ce30 3
acquire 88574287909174 88574287938787 0 6289b215ce30 2
present 88574288091599 88574288202647 0 6289b215ce30 2
acquire 88574590594682 88574590624225 0 6289b215ce30 3
present 88574590777177 88574590904776 0 6289b215ce30 3
acquire 88574894499056 88574894526713 0 6289b215ce30 2
present 88574894659411 88574894769620 0 6289b215ce30 2
acquire 88575202079516 88575202107732 0 6289b215ce30 3
present 88575202239941 88575202349103 0 6289b215ce30 3
acquire 88575508032610 88575508059708 0 6289b215ce30 2
present 88575508203301 88575508322590 0 6289b215ce30 2
acquire 88575813116251 88575813144816 0 6289b215ce30 3
present 88575813278213 88575813389959 0 6289b215ce30 3
acquire 88576113359067 88576113387632 0 6289b215ce30 2
present 88576113520540 88576113622368 0 6289b215ce30 2
acquire 88576419556256 88576419584891 0 6289b215ce30 3
present 88576419711652 88576419811036 0 6289b215ce30 3
acquire 88576722656131 88576722686233 0 6289b215ce30 2
present 88576722819560 88576722923274 0 6289b215ce30 2
acquire 88577026452393 88577026484799 0 6289b215ce30 3
present 88577026649694 88577026771078 0 6289b215ce30 3
acquire 88577329864598 88577329898052 0 6289b215ce30 2
present 88577330073702 88577330191035 0 6289b215ce30 2
acquire 88577634967377 88577634999784 0 6289b215ce30 3
present 88577635153783 88577635267275 0 6289b215ce30 3
acquire 88577939274876 88577939306374 0 6289b215ce30 2
present 88577939442285 88577939554799 0 6289b215ce30 2
acquire 88578240427862 88578240456916 0 6289b215ce30 3
present 88578240592897 88578240695842 0 6289b215ce30 3
acquire 88578544771050 88578544804923 0 6289b215ce30 2
present 88578544946631 88578545080027 0 6289b215ce30 2
acquire 88578851278753 88578851308785 0 6289b215ce30 3
present 88578851448397 88578851562168 0 6289b215ce30 3
acquire 88579156457241 88579156489647 0 6289b215ce30 2
present 88579156629748 88579156751062 0 6289b215ce30 2
acquire 88579460782620 88579460820613 0 6289b215ce30 3
present 88579461013165 88579461128822 0 6289b215ce30 3
acquire 88579768534543 88579768565063 0 6289b215ce30 2
present 88579768702022 88579768810904 0 6289b215ce30 2
acquire 88580070892777 88580070928466 0 6289b215ce30 3
present 88580071084002 88580071200846 0 6289b215ce30 3
acquire 88580374515486 88580374544539 0 6289b215ce30 2
present 88580374700076 88580374809726 0 6289b215ce30 2
acquire 88580682515834 88580682549218 0 6289b215ce30 3
present 88580682691624 88580682804487 0 6289b215ce30 3
acquire 88580986631830 88580986662350 0 6289b215ce30 2
present 88580986803080 88580986903651 0 6289b215ce30 2
acquire 88581291207101 88581291243768 0 6289b215ce30 3
present 88581291426961 88581291551418 0 6289b215ce30 3
acquire 88581591439374 88581591467520 0 6289b215ce30 2
present 88581591600008 88581591701557 0 6289b215ce30 2
acquire 88581893531725 88581893562245 0 6289b215ce30 3
present 88581893698784 88581893811787 0 6289b215ce30 3
acquire 88582194697075 88582194727595 0 6289b215ce30 2
present 88582194864973 88582194976230 0 6289b215ce30 2
acquire 88582495315430 88582495344553 0 6289b215ce30 3
present 88582495481163 88582495592838 0 6289b215ce30 3
