instance 88477958687978 88477970290677 0 pid 3495392
device 88477971027011 88478085347014 0
swapchain 88478085789178 88478136767789 0 64149e591e30 900x560 mode 2 images 4
acquire 88478143732272 88478143745123 0 64149e591e30 3
present 88478143942354 88478144141401 0 64149e591e30 3
acquire 88478144238201 88478144246791 0 64149e591e30 2
present 88478144289674 88478144350645 0 64149e591e30 2
acquire 88490467309343 88490467324010 0 64149e591e30 1
present 88490467440854 88490467561889 0 64149e591e30 1
acquire 88491148485142 88491148501415 0 64149e591e30 0
present 88491148623847 88491148742088 0 64149e591e30 0
acquire 88491450485111 88491450513815 0 64149e591e30 3
present 88491450621301 88491450717681 0 64149e591e30 3
acquire 88491754240604 88491754282719 0 64149e591e30 2
present 88491754449709 88491754561245 0 64149e591e30 2
acquire 88492059538818 88492059566754 0 64149e591e30 3
present 88492059664322 88492059767268 0 64149e591e30 3
acquire 88492366074546 88492366103181 0 64149e591e30 2
present 88492366240977 88492366353841 0 64149e591e30 2
acquire 88492668030236 88492668057893 0 64149e591e30 3
present 88492668167543 88492668267695 0 64149e591e30 3
acquire 88492969385362 88492969427755 0 64149e591e30 2
present 88492969597050 88492969749234 0 64149e591e30 2
acquire 88493275570628 88493275603034 0 64149e591e30 3
present 88493275727910 88493275853065 0 64149e591e30 3
acquire 88493579408745 88493579438288 0 64149e591e30 2
present 88493579593265 88493579725963 0 64149e591e30 2
acquire 88493887036300 88493887062071 0 64149e591e30 3
present 88493887159360 88493887264331 0 64149e591e30 3
acquire 88494190798220 88494190826925 0 64149e591e30 2
present 88494190964093 88494191085686 0 64149e591e30 2
acquire 88494499218961 88494499258002 0 64149e591e30 3
present 88494499419195 88494499545607 0 64149e591e30 3
acquire 88494803816530 88494803848238 0 64149e591e30 2
present 88494803990574 88494804126136 0 64149e591e30 2
acquire 88495111303914 88495111337787 0 64149e591e30 3
present 88495111437171 88495111541444 0 64149e591e30 3
acquire 88495415305251 88495415336750 0 64149e591e30 2
present 88495415475873 88495415596698 0 64149e591e30 2
acquire 88495723328666 88495723358000 0 64149e591e30 3
present 88495723472679 88495723584844 0 64149e591e30 3
acquire 88496022729851 88496022765050 0 64149e591e30 2
present 88496022927082 88496023056218 0 64149e591e30 2
acquire 88496324565905 88496324595517 0 64149e591e30 3
present 88496324719904 88496324843174 0 64149e591e30 3
acquire 88496630759484 88496630787560 0 64149e591e30 2
present 88496630919560 88496631051350 0 64149e591e30 2
acquire 88496934715844 88496934747342 0 64149e591e30 3
present 88496934882345 88496934986688 0 64149e591e30 3
acquire 88497241723841 88497241756247 0 64149e591e30 2
present 88497241910735 88497242062919 0 64149e591e30 2
acquire 88497547646018 88497547672697 0 64149e591e30 3
present 88497547810494 88497547913789 0 64149e591e30 3
acquire 88497853439129 88497853471047 0 64149e591e30 2
present 88497853616945 88497853745732 0 64149e591e30 2
acquire 88498155383159 88498155414657 0 64149e591e30 3
present 88498155565235 88498155681799 0 64149e591e30 3
acquire 88498457578966 88498457607391 0 64149e591e30 2
present 88498457737086 88498457846108 0 64149e591e30 2
acquire 88498766079677 88498766111175 0 64149e591e30 3
present 88498766261962 88498766381600 0 64149e591e30 3
acquire 88499073979615 88499074021869 0 64149e591e30 2
present 88499074165183 88499074279024 0 64149e591e30 2
acquire 88499380964845 88499380998648 0 64149e591e30 3
present 88499381177022 88499381299104 0 64149e591e30 3
acquire 88499689393341 88499689422674 0 64149e591e30 2
present 88499689578629 88499689687302 0 64149e591e30 2
acquire 88499993883428 88499993909200 0 64149e591e30 3
present 88499994042247 88499994165866 0 64149e591e30 3
acquire 88500294645608 88500294675151 0 64149e591e30 2
present 88500294814484 88500294939849 0 64149e591e30 2
acquire 88500597662329 88500597692849 0 64149e591e30 3
present 88500597829598 88500597928004 0 64149e591e30 3
acquire 88500902443026 88500902474803 0 64149e591e30 2
present 88500902623914 88500902744669 0 64149e591e30 2
acquire 88501205487124 88501205527702 0 64149e591e30 3
present 88501205689384 88501205822850 0 64149e591e30 3
acquire 88501509325735 88501509354230 0 64149e591e30 2
present 88501509489373 88501509608522 0 64149e591e30 2
acquire 88501816877098 88501816902730 0 64149e591e30 3
present 88501817035428 88501817138583 0 64149e591e30 3
acquire 88502122869608 88502122894472 0 64149e591e30 2
present 88502123038973 88502123141430 0 64149e591e30 2
acquire 88502427921639 88502427952229 0 64149e591e30 3
present 88502428101829 88502428217905 0 64149e591e30 3
acquire 88502728250736 88502728281676 0 64149e591e30 2
present 88502728424920 88502728550843 0 64149e591e30 2
acquire 88503034387468 88503034417570 0 64149e591e30 3
present 88503034564865 88503034678426 0 64149e591e30 3
acquire 88503337563498 88503337597301 0 64149e591e30 2
present 88503337741663 88503337857878 0 64149e591e30 2
acquire 88503641337787 88503641369215 0 64149e591e30 3
present 88503641509945 88503641644599 0 64149e591e30 3
acquire 88503944792413 88503944825029 0 64149e591e30 2
present 88503944968133 88503945097688 0 64149e591e30 2
acquire 88504250159917 88504250193231 0 64149e591e30 3
present 88504250340456 88504250474062 0 64149e591e30 3
acquire 88504554220834 88504554258408 0 64149e591e30 2
present 88504554443417 88504554587779 0 64149e591e30 2
acquire 88504855371053 88504855404996 0 64149e591e30 3
present 88504855573662 88504855704475 0 64149e591e30 3
acquire 88505159751354 88505159784528 0 64149e591e30 2
present 88505159959411 88505160155594 0 64149e591e30 2
acquire 88505466212640 88505466243370 0 64149e591e30 3
present 88505466396671 88505466513725 0 64149e591e30 3
acquire 88505771287441 88505771320336 0 64149e591e30 2
present 88505771466443 88505771586151 0 64149e591e30 2
acquire 88506075611659 88506075644554 0 64149e591e30 3
present 88506075792827 88506075909950 0 64149e591e30 3
acquire 88506383384701 88506383418993 0 64149e591e30 2
present 88506383569640 88506383689138 0 64149e591e30 2
acquire 88506685828798 88506685869725 0 64149e591e30 3
present 88506686060112 88506686250080 0 64149e591e30 3
acquire 88506989422270 88506989461870 0 64149e591e30 2
present 88506989635425 88506989761348 0 64149e591e30 2
acquire 88507297290226 88507297318931 0 64149e591e30 3
present 88507297445832 88507297557368 0 64149e591e30 3
acquire 88507601402618 88507601432161 0 64149e591e30 2
present 88507601575894 88507601684567 0 64149e591e30 2
acquire 88507905974913 88507906037421 0 64149e591e30 3
present 88507906211954 88507906335503 0 64149e591e30 3
acquire 88508206354998 88508206392712 0 64149e591e30 2
present 88508206554673 88508206673194 0 64149e591e30 2
acquire 88508508389408 88508508425097 0 64149e591e30 3
present 88508508577560 88508508694614 0 64149e591e30 3
acquire 88508809539142 88508809575250 0 64149e591e30 2
present 88508809723034 88508809836595 0 64149e591e30 2
acquire 88509110146071 88509110182667 0 64149e591e30 3
present 88509110340648 88509110457073 0 64149e591e30 3
