instance 90978501489663 90978517988937 0 pid 3892504
device 90978518785475 90978654984314 0
swapchain 90978655369697 90978710510894 0 5f4a02410ee0 900x560 mode 2 images 4
acquire 90978719420879 90978719435545 0 5f4a02410ee0 3
present 90978720443912 90978720691848 0 5f4a02410ee0 3
acquire 90978720832229 90978720842565 0 5f4a02410ee0 2
present 90978720888730 90978720943067 0 5f4a02410ee0 2
acquire 90982937100512 90982937117274 0 5f4a02410ee0 1
present 90982937230836 90982937359134 0 5f4a02410ee0 1
acquire 90982952109725 90982952125510 0 5f4a02410ee0 0
present 90982952236417 90982952345230 0 5f4a02410ee0 0
acquire 90991075055064 90991075095502 0 5f4a02410ee0 3
present 90991075257254 90991075374657 0 5f4a02410ee0 3
acquire 90991756749206 90991756781193 0 5f4a02410ee0 2
present 90991756939174 90991757057834 0 5f4a02410ee0 2
acquire 90992059604470 90992059631708 0 5f4a02410ee0 1
present 90992059731092 90992059836832 0 5f4a02410ee0 1
acquire 90992362362586 90992362394992 0 5f4a02410ee0 0
present 90992362558630 90992362692795 0 5f4a02410ee0 0
acquire 90992667580367 90992667605649 0 5f4a02410ee0 3
present 90992667706849 90992667807490 0 5f4a02410ee0 3
acquire 90992974165638 90993667520109 0 5f4a02410ee0 2
present 90993667678998 90993667789696 0 5f4a02410ee0 2
acquire 90993887716483 90994668188295 0 5f4a02410ee0 1
present 90994668366739 90994668508866 0 5f4a02410ee0 1
acquire 90994669611029 90995668903553 0 5f4a02410ee0 0
present 90995669078854 90995669214556 0 5f4a02410ee0 0
acquire 90995669353121 90996669696964 0 5f4a02410ee0 3
present 90996669865211 90996670025567 0 5f4a02410ee0 3
acquire 90996932196544 90997669757811 0 5f4a02410ee0 2
present 90997669921379 90997670084109 0 5f4a02410ee0 2
acquire 90997670793276 90998670557648 0 5f4a02410ee0 1
present 90998670710181 90998670834009 0 5f4a02410ee0 1
acquire 90998670977672 90999671156342 0 5f4a02410ee0 0
present 90999671329757 90999671458335 0 5f4a02410ee0 0
acquire 90999672406987 91000671823969 0 5f4a02410ee0 3
present 91000671999829 91000672147962 0 5f4a02410ee0 3
acquire 91000673100107 91001672486708 0 5f4a02410ee0 2
present 91001672645457 91001672773476 0 5f4a02410ee0 2
acquire 91001672919513 91002672657276 0 5f4a02410ee0 1
present 91002672816653 91002672947885 0 5f4a02410ee0 1
acquire 91002673836334 91003672958028 0 5f4a02410ee0 0
present 91003673144015 91003673281672 0 5f4a02410ee0 0
acquire 91003673464586 91004673367593 0 5f4a02410ee0 3
present 91004673530183 91004673650449 0 5f4a02410ee0 3
acquire 91004673796278 91005673981303 0 5f4a02410ee0 2
present 91005674180909 91005674306344 0 5f4a02410ee0 2
acquire 91005674493029 91006675096683 0 5f4a02410ee0 1
present 91006675257876 91006675379400 0 5f4a02410ee0 1
acquire 91006675524879 91007675964476 0 5f4a02410ee0 0
present 91007676142570 91007676278412 0 5f4a02410ee0 0
acquire 91007904839940 91008676716961 0 5f4a02410ee0 3
present 91008676873684 91008677010363 0 5f4a02410ee0 3
acquire 91008677188738 91009676402413 0 5f4a02410ee0 2
present 91009676561162 91009676685758 0 5f4a02410ee0 2
acquire 91009676834939 91010677148193 0 5f4a02410ee0 1
present 91010677361907 91010677516396 0 5f4a02410ee0 1
acquire 91010677792967 91011678174875 0 5f4a02410ee0 0
present 91011678349129 91011678474075 0 5f4a02410ee0 0
