instance 91599841951185 91599860786366 0 pid 3987317
device 91599861557622 91599991879542 0
swapchain 91599992347129 91600044459945 0 60f7506acea0 900x560 mode 2 images 4
acquire 91600049573365 91600049586774 0 60f7506acea0 3
present 91600052821607 91600053066889 0 60f7506acea0 3
acquire 91600053414908 91600053426292 0 60f7506acea0 2
present 91600053490197 91600053584901 0 60f7506acea0 2
acquire 91612399025860 91612399044368 0 60f7506acea0 1
present 91612399165472 91612399276939 0 60f7506acea0 1
acquire 91613079956871 91613079971258 0 60f7506acea0 0
present 91613080099626 91613080215632 0 60f7506acea0 0
acquire 91613381339545 91613381370345 0 60f7506acea0 3
present 91613381534402 91613381636091 0 60f7506acea0 3
acquire 91613685613224 91613685658551 0 60f7506acea0 2
present 91613685868982 91613686042608 0 60f7506acea0 2
acquire 91613990581613 91613990625124 0 60f7506acea0 3
present 91613990894991 91613991054368 0 60f7506acea0 3
acquire 91614297420069 91614297470913 0 60f7506acea0 2
present 91614297673173 91614297798469 0 60f7506acea0 2
acquire 91614598741144 91614598777391 0 60f7506acea0 3
present 91614598964496 91614599108159 0 60f7506acea0 3
acquire 91614900362814 91614900393684 0 60f7506acea0 2
present 91614900543773 91614900658522 0 60f7506acea0 2
acquire 91615205813946 91615205846282 0 60f7506acea0 3
present 91615206018021 91615206141570 0 60f7506acea0 3
acquire 91615510393529 91615510428869 0 60f7506acea0 2
present 91615510595929 91615510727020 0 60f7506acea0 2
acquire 91615817427540 91615817464276 0 60f7506acea0 3
present 91615817631895 91615817758308 0 60f7506acea0 3
acquire 91616121900895 91616121933511 0 60f7506acea0 2
present 91616122106088 91616122226355 0 60f7506acea0 2
acquire 91616428629910 91616428666716 0 60f7506acea0 3
present 91616428840062 91616428952925 0 60f7506acea0 3
acquire 91616734752703 91616734786018 0 60f7506acea0 2
present 91616734938900 91616735078652 0 60f7506acea0 2
acquire 91617041479972 91617041513356 0 60f7506acea0 3
present 91617041678181 91617041800962 0 60f7506acea0 3
acquire 91617346292406 91617346326279 0 60f7506acea0 2
present 91617346477764 91617346597542 0 60f7506acea0 2
acquire 91617648809091 91617648841917 0 60f7506acea0 3
present 91617649026227 91617649143351 0 60f7506acea0 3
acquire 91617953888248 91617953921632 0 60f7506acea0 2
present 91617954096166 91617954214895 0 60f7506acea0 2
acquire 91618255122440 91618255154358 0 60f7506acea0 3
present 91618255304796 91618255413469 0 60f7506acea0 3
acquire 91618561885608 91618561917595 0 60f7506acea0 2
present 91618562068522 91618562183759 0 60f7506acea0 2
acquire 91618866129395 91618866159915 0 60f7506acea0 3
present 91618866328931 91618866445566 0 60f7506acea0 3
acquire 91619172771667 91619172800232 0 60f7506acea0 2
present 91619172929508 91619173049774 0 60f7506acea0 2
acquire 91619478756384 91619478785927 0 60f7506acea0 3
present 91619478920791 91619479037425 0 60f7506acea0 3
acquire 91619784564823 91619784601140 0 60f7506acea0 2
present 91619784756816 91619784874080 0 60f7506acea0 2
acquire 91620086653312 91620086685579 0 60f7506acea0 3
present 91620086844398 91620086958867 0 60f7506acea0 3
acquire 91620388786849 91620388819325 0 60f7506acea0 2
present 91620388969623 91620389101693 0 60f7506acea0 2
acquire 91620697255118 91620697291785 0 60f7506acea0 3
present 91620697442711 91620697594476 0 60f7506acea0 3
acquire 91621005176251 91621005212499 0 60f7506acea0 2
present 91621005382143 91621005501851 0 60f7506acea0 2
acquire 91621312123939 91621312156136 0 60f7506acea0 3
present 91621312293234 91621312413780 0 60f7506acea0 3
acquire 91621620561757 91621620595630 0 60f7506acea0 2
present 91621620745230 91621620866684 0 60f7506acea0 2
acquire 91621925124230 91621925157544 0 60f7506acea0 3
present 91621925301626 91621925423010 0 60f7506acea0 3
acquire 91622225804232 91622225836988 0 60f7506acea0 2
present 91622225987007 91622226134232 0 60f7506acea0 2
acquire 91622528900948 91622528938313 0 60f7506acea0 3
present 91622529125697 91622529250573 0 60f7506acea0 3
acquire 91622833730563 91622833767788 0 60f7506acea0 2
present 91622833954893 91622834109102 0 60f7506acea0 2
acquire 91623136402854 91623136447204 0 60f7506acea0 3
present 91623136695279 91623136855565 0 60f7506acea0 3
acquire 91623440385506 91623440426432 0 60f7506acea0 2
present 91623440619962 91623440753638 0 60f7506acea0 2
acquire 91623747887802 91623747922233 0 60f7506acea0 3
present 91623748094043 91623748212284 0 60f7506acea0 3
acquire 91624053841370 91624053872799 0 60f7506acea0 2
present 91624054031198 91624054157332 0 60f7506acea0 2
acquire 91624358941689 91624358973397 0 60f7506acea0 3
present 91624359143530 91624359256044 0 60f7506acea0 3
acquire 91624659204251 91624659235750 0 60f7506acea0 2
present 91624659384651 91624659501495 0 60f7506acea0 2
acquire 91624965440467 91624965472873 0 60f7506acea0 3
present 91624965623660 91624965772003 0 60f7506acea0 3
acquire 91625268514764 91625268543469 0 60f7506acea0 2
present 91625268676935 91625268781487 0 60f7506acea0 2
acquire 91625572351098 91625572386787 0 60f7506acea0 3
present 91625572552310 91625572669085 0 60f7506acea0 3
acquire 91625875710487 91625875741496 0 60f7506acea0 2
present 91625875886556 91625876019184 0 60f7506acea0 2
acquire 91626180848241 91626180883091 0 60f7506acea0 3
present 91626181036672 91626181146462 0 60f7506acea0 3
acquire 91626485154047 91626485185056 0 60f7506acea0 2
present 91626485331164 91626485440745 0 60f7506acea0 2
acquire 91626786336836 91626786369312 0 60f7506acea0 3
present 91626786523032 91626786635058 0 60f7506acea0 3
acquire 91627090737835 91627090773524 0 60f7506acea0 2
present 91627090943378 91627091084178 0 60f7506acea0 2
acquire 91627397285892 91627397325073 0 60f7506acea0 3
present 91627397515180 91627397649764 0 60f7506acea0 3
acquire 91627702290110 91627702324960 0 60f7506acea0 2
present 91627702475189 91627702594128 0 60f7506acea0 2
acquire 91628006748379 91628006784627 0 60f7506acea0 3
present 91628006990379 91628007335673 0 60f7506acea0 3
acquire 91628314369685 91628314405443 0 60f7506acea0 2
present 91628314570618 91628314682084 0 60f7506acea0 2
acquire 91628616882319 91628616918986 0 60f7506acea0 3
present 91628617130744 91628617276433 0 60f7506acea0 3
acquire 91628920374476 91628920406463 0 60f7506acea0 2
present 91628920557669 91628920674444 0 60f7506acea0 2
acquire 91629228378720 91629228410149 0 60f7506acea0 3
present 91629228558980 91629228679177 0 60f7506acea0 3
acquire 91629532582908 91629532622089 0 60f7506acea0 2
present 91629532816177 91629533035199 0 60f7506acea0 2
acquire 91629837135952 91629837164167 0 60f7506acea0 3
present 91629837292046 91629837399742 0 60f7506acea0 3
acquire 91630137537428 91630137579542 0 60f7506acea0 2
present 91630137804011 91630137956614 0 60f7506acea0 2
acquire 91630439483790 91630439519060 0 60f7506acea0 3
present 91630439687866 91630439813789 0 60f7506acea0 3
acquire 91630740745639 91630740784611 0 60f7506acea0 2
present 91630740970318 91630741121943 0 60f7506acea0 2
acquire 91631041242937 91631041271502 0 60f7506acea0 3
present 91631041397636 91631041502956 0 60f7506acea0 3
swapchain 91632056908219 91632060406842 0 60f7508434d0 1100x700 mode 2 images 4
acquire 91632061483444 91632061494758 0 60f7508434d0 3
present 91632061612650 91632061727329 0 60f7508434d0 3
swapchain 91633565468377 91633570024534 0 60f7506acea0 640x760 mode 2 images 4
acquire 91633571123345 91633571134380 0 60f7506acea0 3
present 91633571252691 91633571363948 0 60f7506acea0 3
swapchain 91635077181582 91635080868497 0 60f7508434d0 1280x480 mode 2 images 4
acquire 91635082014102 91635082024997 0 60f7508434d0 3
present 91635082144355 91635082268393 0 60f7508434d0 3
swapchain 91636579201884 91636582564246 0 60f7506acea0 760x560 mode 2 images 4
acquire 91636583619826 91636583631210 0 60f7506acea0 3
present 91636583753432 91636583865946 0 60f7506acea0 3
swapchain 91638087894669 91638091971437 0 60f750855c70 900x560 mode 2 images 4
acquire 91638093399829 91638093413168 0 60f750855c70 3
present 91638093594755 91638093735415 0 60f750855c70 3
