instance 74382742667188 74382775123205 0 pid 1399856
device 74382775823991 74382901688347 0
swapchain 74382902155863 74382953345929 0 58041632eec0 900x560 mode 2 images 4
acquire 74382969841429 74382969855537 0 58041632eec0 3
present 74382977776570 74382977995941 0 58041632eec0 3
acquire 74382989645304 74382989659133 0 58041632eec0 2
present 74382997059151 74382997212382 1000001003 58041632eec0 2
swapchain 74382997749880 74383001321626 0 5804164a3f90 900x560 mode 2 images 4
acquire 74383012813846 74383012828094 0 5804164a3f90 3
present 74383019748024 74383019851808 0 5804164a3f90 3
acquire 74395328816387 74395328836082 0 5804164a3f90 2
present 74395338672438 74395338805346 0 5804164a3f90 2
acquire 74396009038459 74396009062275 0 5804164a3f90 1
present 74396018384601 74396018514785 0 5804164a3f90 1
acquire 74396320311354 74396320328326 0 5804164a3f90 0
present 74396327280313 74396327410078 0 5804164a3f90 0
acquire 74396611298261 74396611329131 0 5804164a3f90 3
present 74396618388534 74396618528356 0 5804164a3f90 3
acquire 74396920580474 74396920608690 0 5804164a3f90 2
present 74396927710626 74396927867559 0 5804164a3f90 2
acquire 74397212359309 74397212387036 0 5804164a3f90 3
present 74397218765837 74397218880307 0 5804164a3f90 3
acquire 74397524834659 74397524867065 0 5804164a3f90 2
present 74397532113363 74397532252976 0 5804164a3f90 2
acquire 74397814605631 74397814638247 0 5804164a3f90 3
present 74397822173897 74397822363306 0 5804164a3f90 3
acquire 74398124017330 74398124044288 0 5804164a3f90 2
present 74398131123107 74398131260275 0 5804164a3f90 2
acquire 74398415654248 74398415682813 0 5804164a3f90 3
present 74398422885111 74398423019555 0 5804164a3f90 3
acquire 74398725265482 74398725302778 0 5804164a3f90 2
present 74398732499139 74398732642733 0 5804164a3f90 2
acquire 74399018889660 74399018918714 0 5804164a3f90 3
present 74399026431037 74399026569323 0 5804164a3f90 3
acquire 74399327215888 74399327252694 0 5804164a3f90 2
present 74399334811112 74399334944998 0 5804164a3f90 2
acquire 74399619620500 74399619651020 0 5804164a3f90 3
present 74399628105151 74399628232960 0 5804164a3f90 3
acquire 74399928777418 74399928806542 0 5804164a3f90 2
present 74399935958624 74399936088389 0 5804164a3f90 2
acquire 74400223500127 74400223536445 0 5804164a3f90 3
present 74400231399719 74400231537446 0 5804164a3f90 3
acquire 74400532430271 74400532460792 0 5804164a3f90 2
present 74400539848448 74400539973184 0 5804164a3f90 2
acquire 74400823404118 74400823432962 0 5804164a3f90 3
present 74400831191894 74400831330529 0 5804164a3f90 3
acquire 74401132469334 74401132499855 0 5804164a3f90 2
present 74401139791689 74401139909860 0 5804164a3f90 2
acquire 74401424557845 74401424589344 0 5804164a3f90 3
present 74401432153489 74401432298758 0 5804164a3f90 3
acquire 74401732725603 74401732761362 0 5804164a3f90 2
present 74401740567297 74401740686097 0 5804164a3f90 2
acquire 74402025081047 74402025111149 0 5804164a3f90 3
present 74402033238073 74402033388791 0 5804164a3f90 3
acquire 74402332966367 74402333012323 0 5804164a3f90 2
present 74402341070245 74402341197635 0 5804164a3f90 2
acquire 74402625019260 74402625069824 0 5804164a3f90 3
present 74402633565860 74402633708126 0 5804164a3f90 3
acquire 74402933343881 74402933413023 0 5804164a3f90 2
present 74402941077949 74402941199682 0 5804164a3f90 2
acquire 74403226053559 74403226088689 0 5804164a3f90 3
present 74403234489740 74403234613010 0 5804164a3f90 3
acquire 74403534202600 74403534232142 0 5804164a3f90 2
present 74403541868363 74403541982344 0 5804164a3f90 2
acquire 74403826102051 74403826128870 0 5804164a3f90 3
present 74403834030627 74403834171846 0 5804164a3f90 3
acquire 74404136580293 74404136610674 0 5804164a3f90 2
present 74404145738562 74404145863019 0 5804164a3f90 2
acquire 74404428290754 74404428320646 0 5804164a3f90 3
present 74404436683984 74404436807533 0 5804164a3f90 3
acquire 74404735989878 74404736031783 0 5804164a3f90 2
present 74404744879469 74404745027252 0 5804164a3f90 2
acquire 74405027835971 74405027864955 0 5804164a3f90 3
present 74405035800795 74405035918686 0 5804164a3f90 3
acquire 74405335374181 74405335403235 0 5804164a3f90 2
present 74405344053899 74405344171371 0 5804164a3f90 2
acquire 74405627455010 74405627485041 0 5804164a3f90 3
present 74405636668942 74405636796262 0 5804164a3f90 3
acquire 74405935787383 74405935817974 0 5804164a3f90 2
present 74405944579545 74405944700650 0 5804164a3f90 2
acquire 74406228673061 74406228701626 0 5804164a3f90 3
present 74406237422620 74406237547147 0 5804164a3f90 3
acquire 74406536877835 74406536914502 0 5804164a3f90 2
present 74406545651978 74406545771197 0 5804164a3f90 2
acquire 74406831679954 74406831709008 0 5804164a3f90 3
present 74406840680033 74406840816852 0 5804164a3f90 3
acquire 74407136341268 74407136370741 0 5804164a3f90 2
present 74407145186439 74407145297067 0 5804164a3f90 2
acquire 74407428235481 74407428263627 0 5804164a3f90 3
present 74407436706792 74407436830760 0 5804164a3f90 3
acquire 74407736665493 74407736696502 0 5804164a3f90 2
present 74407746055145 74407746164307 0 5804164a3f90 2
acquire 74408028665305 74408028694848 0 5804164a3f90 3
present 74408037339436 74408037468502 0 5804164a3f90 3
acquire 74408336471915 74408336502925 0 5804164a3f90 2
present 74408345510616 74408345621245 0 5804164a3f90 2
acquire 74408629893554 74408629925541 0 5804164a3f90 3
present 74408639957523 74408640093923 0 5804164a3f90 3
acquire 74408937144717 74408937177473 0 5804164a3f90 2
present 74408946081101 74408946189983 0 5804164a3f90 2
acquire 74409230424509 74409230454471 0 5804164a3f90 3
present 74409239326042 74409239457483 0 5804164a3f90 3
acquire 74409538205417 74409538235449 0 5804164a3f90 2
present 74409547325622 74409547441559 0 5804164a3f90 2
acquire 74409831536402 74409831569297 0 5804164a3f90 3
present 74409840954131 74409841101915 0 5804164a3f90 3
acquire 74410137978944 74410138019103 0 5804164a3f90 2
present 74410146571640 74410146689392 0 5804164a3f90 2
acquire 74410430542305 74410430574712 0 5804164a3f90 3
present 74410439557191 74410439672568 0 5804164a3f90 3
acquire 74410742067537 74410742102807 0 5804164a3f90 2
present 74410752216084 74410752336769 0 5804164a3f90 2
acquire 74411032770051 74411032805111 0 5804164a3f90 3
present 74411042779683 74411042900090 0 5804164a3f90 3
acquire 74411343276929 74411343310243 0 5804164a3f90 2
present 74411353215533 74411353345996 0 5804164a3f90 2
acquire 74411632992028 74411633030092 0 5804164a3f90 3
present 74411642263091 74411642386221 0 5804164a3f90 3
acquire 74411940778594 74411940809603 0 5804164a3f90 2
present 74411950154558 74411950286767 0 5804164a3f90 2
acquire 74412231398555 74412231427120 0 5804164a3f90 3
present 74412240061371 74412240179822 0 5804164a3f90 3
acquire 74412540179170 74412540208293 0 5804164a3f90 2
present 74412549047249 74412549186163 0 5804164a3f90 2
acquire 74412831590292 74412831618508 0 5804164a3f90 3
present 74412839842232 74412839959635 0 5804164a3f90 3
acquire 74413139252610 74413139283410 0 5804164a3f90 2
present 74413147686486 74413147817299 0 5804164a3f90 2
acquire 74413432601404 74413432631436 0 5804164a3f90 3
present 74413441586048 74413441707712 0 5804164a3f90 3
acquire 74413739773996 74413739803609 0 5804164a3f90 2
present 74413748750259 74413748886310 0 5804164a3f90 2
