instance 90078418399392 90078432860352 0 pid 3749884
device 90078433712344 90078557638421 0
swapchain 90078558114598 90078613772830 0 5a2231184ee0 900x560 mode 2 images 4
acquire 90078621411497 90078621428608 0 5a2231184ee0 3
present 90078621639528 90078621903598 0 5a2231184ee0 3
acquire 90078622057109 90078622067515 0 5a2231184ee0 2
present 90078622115496 90078622185546 0 5a2231184ee0 2
acquire 90090979303660 90090979318257 0 5a2231184ee0 1
present 90090979422879 90090979540212 0 5a2231184ee0 1
acquire 90091660419121 90091660440981 0 5a2231184ee0 0
present 90091660599032 90091660746257 0 5a2231184ee0 0
acquire 90091962860727 90091962920860 0 5a2231184ee0 3
present 90091963092111 90091963218453 0 5a2231184ee0 3
acquire 90092265979373 90092266025329 0 5a2231184ee0 2
present 90092266209849 90092266321455 0 5a2231184ee0 2
acquire 90092571182498 90092571208828 0 5a2231184ee0 3
present 90092571303743 90092571405292 0 5a2231184ee0 3
acquire 90092877807310 90092877842091 0 5a2231184ee0 2
present 90092878022421 90092878148344 0 5a2231184ee0 2
acquire 90093179329178 90093179359210 0 5a2231184ee0 3
present 90093179477939 90093179618320 0 5a2231184ee0 3
acquire 90093480809071 90093480836169 0 5a2231184ee0 2
present 90093480976341 90093481102823 0 5a2231184ee0 2
acquire 90093786491935 90093786521967 0 5a2231184ee0 3
present 90093786650754 90093786759147 0 5a2231184ee0 3
acquire 90094090820370 90094090853963 0 5a2231184ee0 2
present 90094090986801 90094091132490 0 5a2231184ee0 2
acquire 90094398304228 90094398353256 0 5a2231184ee0 3
present 90094398543923 90094398710494 0 5a2231184ee0 3
acquire 90094702338282 90094702369291 0 5a2231184ee0 2
present 90094702493678 90094702614154 0 5a2231184ee0 2
acquire 90095009262014 90095009293023 0 5a2231184ee0 3
present 90095009402255 90095009509740 0 5a2231184ee0 3
acquire 90095315227665 90095315260141 0 5a2231184ee0 2
present 90095315400941 90095315521696 0 5a2231184ee0 2
acquire 90095623953299 90095623980956 0 5a2231184ee0 3
present 90095624092073 90095624215622 0 5a2231184ee0 3
acquire 90095926750466 90095926781475 0 5a2231184ee0 2
present 90095926919831 90095927049177 0 5a2231184ee0 2
acquire 90096232087966 90096232124283 0 5a2231184ee0 3
present 90096232296581 90096232439127 0 5a2231184ee0 3
acquire 90096534293858 90096534328150 0 5a2231184ee0 2
present 90096534498632 90096534638733 0 5a2231184ee0 2
acquire 90096836485502 90096836529782 0 5a2231184ee0 3
present 90096836648093 90096836752854 0 5a2231184ee0 3
acquire 90097142329909 90097142361338 0 5a2231184ee0 2
present 90097142492150 90097142601801 0 5a2231184ee0 2
acquire 90097446383938 90097446424935 0 5a2231184ee0 3
present 90097446615741 90097446749417 0 5a2231184ee0 3
acquire 90097753321778 90097753354673 0 5a2231184ee0 2
present 90097753483320 90097753612736 0 5a2231184ee0 2
acquire 90098059297835 90098059331988 0 5a2231184ee0 3
present 90098059483683 90098059597454 0 5a2231184ee0 3
acquire 90098365116820 90098365147341 0 5a2231184ee0 2
present 90098365274451 90098365389689 0 5a2231184ee0 2
acquire 90098667110814 90098667142801 0 5a2231184ee0 3
present 90098667285626 90098667400375 0 5a2231184ee0 3
acquire 90098969283322 90098969319640 0 5a2231184ee0 2
present 90098969476992 90098969592928 0 5a2231184ee0 2
acquire 90099277681960 90099277712480 0 5a2231184ee0 3
present 90099277854747 90099277962093 0 5a2231184ee0 3
acquire 90099585575506 90099585605049 0 5a2231184ee0 2
present 90099585716655 90099585818833 0 5a2231184ee0 2
acquire 90099892588775 90099892619784 0 5a2231184ee0 3
present 90099892758139 90099892881409 0 5a2231184ee0 3
acquire 90100201102441 90100201135196 0 5a2231184ee0 2
present 90100201281164 90100201402618 0 5a2231184ee0 2
acquire 90100505563294 90100505594793 0 5a2231184ee0 3
present 90100505733008 90100505852437 0 5a2231184ee0 3
acquire 90100806250840 90100806281360 0 5a2231184ee0 2
present 90100806435849 90100806551366 0 5a2231184ee0 2
acquire 90101109373886 90101109406781 0 5a2231184ee0 3
present 90101109548698 90101109669663 0 5a2231184ee0 3
acquire 90101414102511 90101414132472 0 5a2231184ee0 2
present 90101414275647 90101414387742 0 5a2231184ee0 2
acquire 90101716777526 90101716809024 0 5a2231184ee0 3
present 90101716941094 90101717066598 0 5a2231184ee0 3
acquire 90102020722253 90102020753263 0 5a2231184ee0 2
present 90102020901745 90102021024247 0 5a2231184ee0 2
acquire 90102328257305 90102328292156 0 5a2231184ee0 3
present 90102328443641 90102328560206 0 5a2231184ee0 3
acquire 90102634303972 90102634332677 0 5a2231184ee0 2
present 90102634450499 90102634556937 0 5a2231184ee0 2
acquire 90102939349746 90102939376844 0 5a2231184ee0 3
present 90102939496552 90102939608996 0 5a2231184ee0 3
acquire 90103239706873 90103239744028 0 5a2231184ee0 2
present 90103239918142 90103240075634 0 5a2231184ee0 2
acquire 90103545894339 90103545926746 0 5a2231184ee0 3
present 90103546089476 90103546214840 0 5a2231184ee0 3
acquire 90103849075913 90103849110484 0 5a2231184ee0 2
present 90103849267417 90103849392363 0 5a2231184ee0 2
acquire 90104152809441 90104152847644 0 5a2231184ee0 3
present 90104153049066 90104153182043 0 5a2231184ee0 3
acquire 90104456214575 90104456243629 0 5a2231184ee0 2
present 90104456378143 90104456494988 0 5a2231184ee0 2
acquire 90104761739529 90104761794913 0 5a2231184ee0 3
present 90104762046132 90104762195522 0 5a2231184ee0 3
acquire 90105065692498 90105065730631 0 5a2231184ee0 2
present 90105065909634 90105066055462 0 5a2231184ee0 2
acquire 90105366886182 90105366922430 0 5a2231184ee0 3
present 90105367109744 90105367236575 0 5a2231184ee0 3
acquire 90105671233474 90105671283131 0 5a2231184ee0 2
present 90105671515423 90105671663766 0 5a2231184ee0 2
acquire 90105977840337 90105977875607 0 5a2231184ee0 3
present 90105978063061 90105978189962 0 5a2231184ee0 3
acquire 90106283179723 90106283209755 0 5a2231184ee0 2
present 90106283364802 90106283489818 0 5a2231184ee0 2
acquire 90106587426025 90106587463669 0 5a2231184ee0 3
present 90106587637434 90106587770900 0 5a2231184ee0 3
acquire 90106895187990 90106895225076 0 5a2231184ee0 2
present 90106895385152 90106895511355 0 5a2231184ee0 2
acquire 90107197575889 90107197609343 0 5a2231184ee0 3
present 90107197754892 90107197874181 0 5a2231184ee0 3
acquire 90107501224700 90107501257874 0 5a2231184ee0 2
present 90107501417182 90107501544572 0 5a2231184ee0 2
acquire 90107809231389 90107809270430 0 5a2231184ee0 3
present 90107809459420 90107809592887 0 5a2231184ee0 3
acquire 90108113329348 90108113372161 0 5a2231184ee0 2
present 90108113544389 90108113686097 0 5a2231184ee0 2
acquire 90108417866818 90108417897827 0 5a2231184ee0 3
present 90108418039395 90108418172163 0 5a2231184ee0 3
acquire 90108718204808 90108718239659 0 5a2231184ee0 2
present 90108718418173 90108718547728 0 5a2231184ee0 2
acquire 90109020297488 90109020334015 0 5a2231184ee0 3
present 90109020513298 90109020666948 0 5a2231184ee0 3
acquire 90109321438443 90109321473713 0 5a2231184ee0 2
present 90109321630227 90109321753217 0 5a2231184ee0 2
acquire 90109622147011 90109622181862 0 5a2231184ee0 3
present 90109622343125 90109622474636 0 5a2231184ee0 3
