instance 88404629621339 88404644686337 0 pid 3484008
device 88404645433916 88404769370316 0
swapchain 88404769746620 88404819814844 0 56a8aef9ce30 900x560 mode 2 images 4
acquire 88404825340111 88404825353381 0 56a8aef9ce30 3
present 88404825517018 88404825718300 0 56a8aef9ce30 3
acquire 88404825821944 88404825830954 0 56a8aef9ce30 2
present 88404825873766 88404825936274 0 56a8aef9ce30 2
acquire 88417185254043 88417185269268 0 56a8aef9ce30 1
present 88417185385553 88417185528169 0 56a8aef9ce30 1
acquire 88417866387824 88417866402560 0 56a8aef9ce30 0
present 88417866505576 88417866616623 0 56a8aef9ce30 0
acquire 88418168390535 88418168421545 0 56a8aef9ce30 3
present 88418168529379 88418168628414 0 56a8aef9ce30 3
acquire 88418471947072 88418471979967 0 56a8aef9ce30 2
present 88418472173706 88418472288175 0 56a8aef9ce30 2
acquire 88418779120118 88418779152105 0 56a8aef9ce30 3
present 88418779269857 88418779392359 0 56a8aef9ce30 3
acquire 88419083813318 88419083847400 0 56a8aef9ce30 2
present 88419083989596 88419084127323 0 56a8aef9ce30 2
acquire 88419387489841 88419387523156 0 56a8aef9ce30 3
present 88419387656692 88419387782196 0 56a8aef9ce30 3
acquire 88419686814638 88419686849349 0 56a8aef9ce30 2
present 88419687017247 88419687143450 0 56a8aef9ce30 2
acquire 88419995063587 88419995094107 0 56a8aef9ce30 3
present 88419995212907 88419995336875 0 56a8aef9ce30 3
acquire 88420296796714 88420296823952 0 56a8aef9ce30 2
present 88420296933183 88420297072586 0 56a8aef9ce30 2
acquire 88420604298434 88420604326580 0 56a8aef9ce30 3
present 88420604424357 88420604531354 0 56a8aef9ce30 3
acquire 88420908256208 88420908291478 0 56a8aef9ce30 2
present 88420908438493 88420908562531 0 56a8aef9ce30 2
acquire 88421215291740 88421215319397 0 56a8aef9ce30 3
present 88421215428209 88421215538558 0 56a8aef9ce30 3
acquire 88421521141021 88421521174824 0 56a8aef9ce30 2
present 88421521322328 88421521448461 0 56a8aef9ce30 2
acquire 88421828815179 88421828843814 0 56a8aef9ce30 3
present 88421828934398 88421829060321 0 56a8aef9ce30 3
acquire 88422132793907 88422132826802 0 56a8aef9ce30 2
present 88422132988973 88422133147861 0 56a8aef9ce30 2
acquire 88422437297002 88422437328500 0 56a8aef9ce30 3
present 88422437441503 88422437564074 0 56a8aef9ce30 3
acquire 88422740228114 88422740257378 0 56a8aef9ce30 2
present 88422740409072 88422740533250 0 56a8aef9ce30 2
acquire 88423042289356 88423042318899 0 56a8aef9ce30 3
present 88423042439165 88423042556917 0 56a8aef9ce30 3
acquire 88423348289425 88423348320365 0 56a8aef9ce30 2
present 88423348454041 88423348575634 0 56a8aef9ce30 2
acquire 88423652269831 88423652307894 0 56a8aef9ce30 3
present 88423652461893 88423652588306 0 56a8aef9ce30 3
acquire 88423959215758 88423959247186 0 56a8aef9ce30 2
present 88423959378976 88423959494004 0 56a8aef9ce30 2
acquire 88424265242088 88424265274494 0 56a8aef9ce30 3
present 88424265415363 88424265534023 0 56a8aef9ce30 3
acquire 88424570974876 88424571016851 0 56a8aef9ce30 2
present 88424571166869 88424571285599 0 56a8aef9ce30 2
acquire 88424872943231 88424872981364 0 56a8aef9ce30 3
present 88424873131033 88424873251230 0 56a8aef9ce30 3
acquire 88425175210086 88425175241515 0 56a8aef9ce30 2
present 88425175382733 88425175521647 0 56a8aef9ce30 2
acquire 88425483613179 88425483646633 0 56a8aef9ce30 3
present 88425483809781 88425483928441 0 56a8aef9ce30 3
acquire 88425791499308 88425791530108 0 56a8aef9ce30 2
present 88425791682641 88425791806469 0 56a8aef9ce30 2
acquire 88426098422398 88426098458227 0 56a8aef9ce30 3
present 88426098608944 88426098721109 0 56a8aef9ce30 3
acquire 88426406937657 88426406970133 0 56a8aef9ce30 2
present 88426407134748 88426407282043 0 56a8aef9ce30 2
acquire 88426711482310 88426711511783 0 56a8aef9ce30 3
present 88426711642805 88426711755249 0 56a8aef9ce30 3
acquire 88427012195203 88427012227679 0 56a8aef9ce30 2
present 88427012368339 88427012489932 0 56a8aef9ce30 2
acquire 88427315740920 88427315782755 0 56a8aef9ce30 3
present 88427315942691 88427316133148 0 56a8aef9ce30 3
acquire 88427620431333 88427620464228 0 56a8aef9ce30 2
present 88427620621231 88427620732976 0 56a8aef9ce30 2
acquire 88427923093700 88427923120868 0 56a8aef9ce30 3
present 88427923253008 88427923364823 0 56a8aef9ce30 3
acquire 88428227026617 88428227058115 0 56a8aef9ce30 2
present 88428227205200 88428227329587 0 56a8aef9ce30 2
acquire 88428534562774 88428534593295 0 56a8aef9ce30 3
present 88428534722501 88428534829847 0 56a8aef9ce30 3
acquire 88428840580028 88428840610479 0 56a8aef9ce30 2
present 88428840753653 88428840873850 0 56a8aef9ce30 2
acquire 88429145642485 88429145673006 0 56a8aef9ce30 3
present 88429145805564 88429145919405 0 56a8aef9ce30 3
acquire 88429445911121 88429445942131 0 56a8aef9ce30 2
present 88429446092778 88429446211577 0 56a8aef9ce30 2
acquire 88429752073855 88429752102979 0 56a8aef9ce30 3
present 88429752247131 88429752360552 0 56a8aef9ce30 3
acquire 88430055216591 88430055245645 0 56a8aef9ce30 2
present 88430055390844 88430055507688 0 56a8aef9ce30 2
acquire 88430358986849 88430359029941 0 56a8aef9ce30 3
present 88430359164734 88430359278855 0 56a8aef9ce30 3
acquire 88430662403363 88430662432556 0 56a8aef9ce30 2
present 88430662571121 88430662684892 0 56a8aef9ce30 2
acquire 88430967542297 88430967575681 0 56a8aef9ce30 3
present 88430967733522 88430967849877 0 56a8aef9ce30 3
acquire 88431271828751 88431271858783 0 56a8aef9ce30 2
present 88431271997138 88431272123411 0 56a8aef9ce30 2
acquire 88431572987234 88431573031094 0 56a8aef9ce30 3
present 88431573176224 88431573290204 0 56a8aef9ce30 3
acquire 88431877338222 88431877366787 0 56a8aef9ce30 2
present 88431877513453 88431877636024 0 56a8aef9ce30 2
acquire 88432183859032 88432183891019 0 56a8aef9ce30 3
present 88432184066041 88432184190987 0 56a8aef9ce30 3
acquire 88432489036520 88432489068926 0 56a8aef9ce30 2
present 88432489213427 88432489337395 0 56a8aef9ce30 2
acquire 88432793311731 88432793341553 0 56a8aef9ce30 3
present 88432793477464 88432793590676 0 56a8aef9ce30 3
acquire 88433101102811 88433101129770 0 56a8aef9ce30 2
present 88433101262608 88433101366950 0 56a8aef9ce30 2
acquire 88433403490219 88433403522695 0 56a8aef9ce30 3
present 88433403678022 88433403800383 0 56a8aef9ce30 3
acquire 88433707187286 88433707221578 0 56a8aef9ce30 2
present 88433707392898 88433707524619 0 56a8aef9ce30 2
acquire 88434015073770 88434015107923 0 56a8aef9ce30 3
present 88434015261713 88434015379744 0 56a8aef9ce30 3
acquire 88434319230323 88434319261053 0 56a8aef9ce30 2
present 88434319401852 88434319527357 0 56a8aef9ce30 2
acquire 88434623738804 88434623772677 0 56a8aef9ce30 3
present 88434623918366 88434624052740 0 56a8aef9ce30 3
acquire 88434924039990 88434924068345 0 56a8aef9ce30 2
present 88434924205653 88434924325709 0 56a8aef9ce30 2
acquire 88434975422068 88434975451611 0 56a8aef9ce30 3
present 88434975589617 88434975713655 0 56a8aef9ce30 3
