instance 87878378673225 87878393967188 0 pid 3405058
device 87878394690044 87878515172378 0
swapchain 87878515572917 87878568687210 0 64e9996e9e30 900x560 mode 2 images 4
acquire 87878577066127 87878577080584 0 64e9996e9e30 3
present 87878577248342 87878577440615 0 64e9996e9e30 3
acquire 87878577613053 87878577622551 0 64e9996e9e30 2
present 87878577666761 87878577730596 0 64e9996e9e30 2
acquire 87890929562825 87890929579098 0 64e9996e9e30 1
present 87890929694546 87890929825638 0 64e9996e9e30 1
acquire 87891610590875 87891610607218 0 64e9996e9e30 0
present 87891610729300 87891610850894 0 64e9996e9e30 0
acquire 87891914105868 87891914146795 0 64e9996e9e30 3
present 87891914305125 87891914426648 0 64e9996e9e30 3
acquire 87892216141973 87892216174449 0 64e9996e9e30 2
present 87892216320767 87892216418405 0 64e9996e9e30 2
acquire 87892523609209 87892523636936 0 64e9996e9e30 3
present 87892523737437 87892523843246 0 64e9996e9e30 3
acquire 87892827903629 87892827939876 0 64e9996e9e30 2
present 87892828111267 87892828231952 0 64e9996e9e30 2
acquire 87893130068591 87893130107353 0 64e9996e9e30 3
present 87893130271829 87893130408369 0 64e9996e9e30 3
acquire 87893431048628 87893431087530 0 64e9996e9e30 2
present 87893431279732 87893431419485 0 64e9996e9e30 2
acquire 87893737223103 87893737258443 0 64e9996e9e30 3
present 87893737402455 87893737522233 0 64e9996e9e30 3
acquire 87894040960679 87894040997905 0 64e9996e9e30 2
present 87894041164755 87894041295428 0 64e9996e9e30 2
acquire 87894350893937 87894350934934 0 64e9996e9e30 3
present 87894351050381 87894351168623 0 64e9996e9e30 3
acquire 87894652505059 87894652540398 0 64e9996e9e30 2
present 87894652716328 87894652869909 0 64e9996e9e30 2
acquire 87894959794129 87894959822345 0 64e9996e9e30 3
present 87894960224630 87894960352440 0 64e9996e9e30 3
acquire 87895265435506 87895265476084 0 64e9996e9e30 2
present 87895265636859 87895265763690 0 64e9996e9e30 2
acquire 87895575030733 87895575061742 0 64e9996e9e30 3
present 87895575168949 87895575290682 0 64e9996e9e30 3
acquire 87895877468914 87895877498457 0 64e9996e9e30 2
present 87895877642469 87895877770767 0 64e9996e9e30 2
acquire 87896183179154 87896183214843 0 64e9996e9e30 3
present 87896183339440 87896183461033 0 64e9996e9e30 3
acquire 87896484806898 87896484906631 0 64e9996e9e30 2
present 87896485098904 87896485238936 0 64e9996e9e30 2
acquire 87896786401886 87896786436318 0 64e9996e9e30 3
present 87896786568038 87896786678038 0 64e9996e9e30 3
acquire 87897092477466 87897092504704 0 64e9996e9e30 2
present 87897092642012 87897092751383 0 64e9996e9e30 2
acquire 87897398728137 87897398758169 0 64e9996e9e30 3
present 87897398871661 87897398988645 0 64e9996e9e30 3
acquire 87897703474709 87897703514239 0 64e9996e9e30 2
present 87897703681299 87897703807153 0 64e9996e9e30 2
acquire 87898009695698 87898009727196 0 64e9996e9e30 3
present 87898010334466 87898010539729 0 64e9996e9e30 3
acquire 87898315175742 87898315204377 0 64e9996e9e30 2
present 87898315345107 87898315453221 0 64e9996e9e30 2
acquire 87898617250958 87898617281967 0 64e9996e9e30 3
present 87898617417948 87898617532837 0 64e9996e9e30 3
acquire 87898919376879 87898919412079 0 64e9996e9e30 2
present 87898919582631 87898919708764 0 64e9996e9e30 2
acquire 87899227912614 87899227955077 0 64e9996e9e30 3
present 87899228156290 87899228282004 0 64e9996e9e30 3
acquire 87899535706915 87899535732128 0 64e9996e9e30 2
present 87899535859169 87899535961137 0 64e9996e9e30 2
acquire 87899842750913 87899842782411 0 64e9996e9e30 3
present 87899842923420 87899843043198 0 64e9996e9e30 3
acquire 87900151290699 87900151334699 0 64e9996e9e30 2
present 87900151535073 87900151667492 0 64e9996e9e30 2
acquire 87900455807493 87900455843042 0 64e9996e9e30 3
present 87900456021346 87900456139797 0 64e9996e9e30 3
acquire 87900756402355 87900756430920 0 64e9996e9e30 2
present 87900756543644 87900756655180 0 64e9996e9e30 2
acquire 87901059546001 87901059578757 0 64e9996e9e30 3
present 87901059764534 87901059883474 0 64e9996e9e30 3
acquire 87901364302560 87901364331614 0 64e9996e9e30 2
present 87901364445595 87901364547563 0 64e9996e9e30 2
acquire 87901667061661 87901667095045 0 64e9996e9e30 3
present 87901667244295 87901667362746 0 64e9996e9e30 3
acquire 87901970895757 87901970927884 0 64e9996e9e30 2
present 87901971087122 87901971212766 0 64e9996e9e30 2
acquire 87902278518738 87902278551214 0 64e9996e9e30 3
present 87902278679023 87902278799779 0 64e9996e9e30 3
acquire 87902584549549 87902584581536 0 64e9996e9e30 2
present 87902584714234 87902584836736 0 64e9996e9e30 2
acquire 87902889550761 87902889578907 0 64e9996e9e30 3
present 87902889701199 87902889804634 0 64e9996e9e30 3
acquire 87903189900620 87903189933446 0 64e9996e9e30 2
present 87903190080042 87903190181591 0 64e9996e9e30 2
acquire 87903496102123 87903496138790 0 64e9996e9e30 3
present 87903496300612 87903496417037 0 64e9996e9e30 3
acquire 87903799257642 87903799293960 0 64e9996e9e30 2
present 87903799439858 87903799576747 0 64e9996e9e30 2
acquire 87904103035167 87904103064710 0 64e9996e9e30 3
present 87904103201668 87904103308525 0 64e9996e9e30 3
acquire 87904406418718 87904406453080 0 64e9996e9e30 2
present 87904406588641 87904406704019 0 64e9996e9e30 2
acquire 87904711591460 87904711632387 0 64e9996e9e30 3
present 87904711818583 87904711954424 0 64e9996e9e30 3
acquire 87905015846838 87905015892724 0 64e9996e9e30 2
present 87905016094565 87905016235085 0 64e9996e9e30 2
acquire 87905317405089 87905317434143 0 64e9996e9e30 3
present 87905317575292 87905317741863 0 64e9996e9e30 3
acquire 87905621509540 87905621553191 0 64e9996e9e30 2
present 87905621767115 87905621900022 0 64e9996e9e30 2
acquire 87905928187430 87905928234922 0 64e9996e9e30 3
present 87905928414065 87905928564921 0 64e9996e9e30 3
acquire 87906233101410 87906233139544 0 64e9996e9e30 2
present 87906233292286 87906233558940 0 64e9996e9e30 2
acquire 87906537465810 87906537507715 0 64e9996e9e30 3
present 87906537669956 87906537790712 0 64e9996e9e30 3
acquire 87906845139914 87906845167572 0 64e9996e9e30 2
present 87906845294892 87906845399724 0 64e9996e9e30 2
acquire 87907147741523 87907147783428 0 64e9996e9e30 3
present 87907147988970 87907148154634 0 64e9996e9e30 3
acquire 87907451279911 87907451322864 0 64e9996e9e30 2
present 87907451524984 87907451661035 0 64e9996e9e30 2
acquire 87907759221437 87907759255380 0 64e9996e9e30 3
present 87907759397647 87907759514491 0 64e9996e9e30 3
acquire 87908063219590 87908063246060 0 64e9996e9e30 2
present 87908063379107 87908063484917 0 64e9996e9e30 2
acquire 87908368258446 87908368294135 0 64e9996e9e30 3
present 87908368468808 87908368599062 0 64e9996e9e30 3
acquire 87908668454934 87908668484966 0 64e9996e9e30 2
present 87908668636870 87908668894235 0 64e9996e9e30 2
acquire 87908970502562 87908970535387 0 64e9996e9e30 3
present 87908970692949 87908970818384 0 64e9996e9e30 3
acquire 87909271735632 87909271771880 0 64e9996e9e30 2
present 87909271938591 87909272079111 0 64e9996e9e30 2
acquire 87909572317014 87909572346068 0 64e9996e9e30 3
present 87909572478208 87909572596030 0 64e9996e9e30 3
swapchain 87910588306955 87910591881637 0 64e999880460 1100x700 mode 2 images 4
acquire 87910592980658 87910592991623 0 64e999880460 3
present 87910593118943 87910593229572 0 64e999880460 3
acquire 87910593389228 87910593398308 0 64e999880460 2
present 87910593446708 87910593524511 0 64e999880460 2
swapchain 87912096334482 87912099791551 0 64e9996e9e30 640x760 mode 2 images 4
acquire 87912100982692 87912100993517 0 64e9996e9e30 3
present 87912101174476 87912101504964 0 64e9996e9e30 3
acquire 87912101658685 87912101667205 0 64e9996e9e30 2
present 87912101722589 87912101798856 0 64e9996e9e30 2
swapchain 87913603561418 87913607675972 0 64e999880460 1280x480 mode 2 images 4
acquire 87913608939678 87913608950783 0 64e999880460 3
present 87913609073145 87913609190618 0 64e999880460 3
swapchain 87915111879692 87915116991229 0 64e9996e9e30 760x560 mode 2 images 4
acquire 87915118363818 87915118378904 0 64e9996e9e30 3
present 87915118538211 87915118712884 0 64e9996e9e30 3
acquire 87915118932185 87915118943081 0 64e9996e9e30 2
present 87915119016484 87915119116217 0 64e9996e9e30 2
swapchain 87916626817793 87916633333068 0 64e999892b00 900x560 mode 2 images 4
acquire 87916634647130 87916634660400 0 64e999892b00 3
present 87916634804133 87916634973777 0 64e999892b00 3
acquire 87916635202367 87916635213472 0 64e999892b00 2
present 87916635270113 87916635361535 0 64e999892b00 2
