instance 76736099381409 76736131417479 0 pid 1765833
device 76736283774151 76736390669467 0
swapchain 76736394164249 76736442829359 0 581177872480 64x64 mode 2 images 3
swapchain 76736444133154 76736446338249 0 58117742e6b0 900x560 mode 2 images 3
acquire 76736542708922 76736542726941 0 58117742e6b0 2
present 76736543748647 76736543959008 0 58117742e6b0 2
acquire 76736596535433 76736596553312 0 58117742e6b0 1
present 76736597028372 76736597162257 1000001003 58117742e6b0 1
acquire 76736636663369 76736636681738 0 58117742e6b0 0
present 76736637090518 76736637205895 0 58117742e6b0 0
acquire 76748653528573 76748653566287 0 58117742e6b0 2
present 76748654083880 76748654193111 0 58117742e6b0 2
acquire 76748979189655 76748979227859 0 58117742e6b0 1
present 76748979761864 76748979864950 0 58117742e6b0 1
acquire 76749638281440 76749638330678 0 58117742e6b0 2
present 76749638883750 76749638988233 0 58117742e6b0 2
acquire 76749940891728 76749940923925 0 58117742e6b0 1
present 76749941670108 76749941784018 0 58117742e6b0 1
acquire 76750248259735 76750248290744 0 58117742e6b0 2
present 76750249021353 76750249127721 0 58117742e6b0 2
acquire 76750546194226 76750546225725 0 58117742e6b0 1
present 76750546691356 76750546798073 0 58117742e6b0 1
acquire 76750856446534 76750856482013 0 58117742e6b0 2
present 76750857025237 76750857135307 0 58117742e6b0 2
acquire 76751155399449 76751155428573 0 58117742e6b0 1
present 76751155957131 76751156084032 0 58117742e6b0 1
acquire 76751453360550 76751453403293 0 58117742e6b0 2
present 76751453888899 76751453992683 0 58117742e6b0 2
acquire 76751766078530 76751766111914 0 58117742e6b0 1
present 76751766585437 76751766697392 0 58117742e6b0 1
acquire 76752071677879 76752071711263 0 58117742e6b0 2
present 76752072204900 76752072315668 0 58117742e6b0 2
acquire 76752372921165 76752372952734 0 58117742e6b0 1
present 76752373419203 76752373528085 0 58117742e6b0 1
acquire 76752679659694 76752679694475 0 58117742e6b0 2
present 76752680205153 76752680313128 0 58117742e6b0 2
acquire 76752989449024 76752989479614 0 58117742e6b0 1
present 76752989945315 76752990059645 0 58117742e6b0 1
acquire 76753289902127 76753289931670 0 58117742e6b0 2
present 76753290409523 76753290515053 0 58117742e6b0 2
acquire 76753598147339 76753598177929 0 58117742e6b0 1
present 76753598830665 76753598935217 0 58117742e6b0 1
acquire 76753906405192 76753906434735 0 58117742e6b0 2
present 76753906918594 76753907040607 0 58117742e6b0 2
acquire 76754206783496 76754206812619 0 58117742e6b0 1
present 76754207303253 76754207421774 0 58117742e6b0 1
acquire 76754513456932 76754513493249 0 58117742e6b0 2
present 76754513999877 76754514120004 0 58117742e6b0 2
acquire 76754814900732 76754814931742 0 58117742e6b0 1
present 76754815400655 76754815502484 0 58117742e6b0 1
acquire 76755123196299 76755123227588 0 58117742e6b0 2
present 76755123720387 76755123830248 0 58117742e6b0 2
acquire 76755423177626 76755423209124 0 58117742e6b0 1
present 76755423699828 76755423800958 0 58117742e6b0 1
acquire 76755731253473 76755731285460 0 58117742e6b0 2
present 76755731964875 76755732080462 0 58117742e6b0 2
acquire 76756040019560 76756040052455 0 58117742e6b0 1
present 76756040519203 76756040621590 0 58117742e6b0 1
acquire 76756340194695 76756340225635 0 58117742e6b0 2
present 76756340696644 76756340798332 0 58117742e6b0 2
acquire 76756640424307 76756640457970 0 58117742e6b0 1
present 76756640941271 76756641055950 0 58117742e6b0 1
acquire 76756947907481 76756947939469 0 58117742e6b0 2
present 76756948443023 76756948545690 0 58117742e6b0 2
acquire 76757257087377 76757257118876 0 58117742e6b0 1
present 76757257675998 76757257777687 0 58117742e6b0 1
acquire 76757564791390 76757564822888 0 58117742e6b0 2
present 76757565305490 76757565407458 0 58117742e6b0 2
acquire 76757865883400 76757865914898 0 58117742e6b0 1
present 76757866408047 76757866512669 0 58117742e6b0 1
acquire 76758174156408 76758174188814 0 58117742e6b0 2
present 76758174857893 76758174963353 0 58117742e6b0 2
acquire 76758482896724 76758482927943 0 58117742e6b0 1
present 76758483411453 76758483513840 0 58117742e6b0 1
acquire 76758783971343 76758784015343 0 58117742e6b0 2
present 76758784508561 76758784611577 0 58117742e6b0 2
acquire 76759082700418 76759082732614 0 58117742e6b0 1
present 76759083233026 76759083335553 0 58117742e6b0 1
acquire 76759391824999 76759391855799 0 58117742e6b0 2
present 76759392328554 76759392426820 0 58117742e6b0 2
acquire 76759691717976 76759691749195 0 58117742e6b0 1
present 76759692258547 76759692360864 0 58117742e6b0 1
acquire 76760001428385 76760001463096 0 58117742e6b0 2
present 76760001946327 76760002059959 0 58117742e6b0 2
acquire 76760309028544 76760309061020 0 58117742e6b0 1
present 76760309547952 76760309652784 0 58117742e6b0 1
acquire 76760608838130 76760608871794 0 58117742e6b0 2
present 76760609366549 76760609468517 0 58117742e6b0 2
acquire 76760918240261 76760918274483 0 58117742e6b0 1
present 76760918951523 76760919071440 0 58117742e6b0 1
acquire 76761218630088 76761218665846 0 58117742e6b0 2
present 76761219150334 76761219252023 0 58117742e6b0 2
acquire 76761528373043 76761528402376 0 58117742e6b0 1
present 76761528883512 76761528983804 0 58117742e6b0 1
acquire 76761826622098 76761826656460 0 58117742e6b0 2
present 76761827148701 76761827253672 0 58117742e6b0 2
acquire 76762127392071 76762127425734 0 58117742e6b0 1
present 76762127919930 76762128040965 0 58117742e6b0 1
acquire 76762435371746 76762435406038 0 58117742e6b0 2
present 76762435898348 76762436014075 0 58117742e6b0 2
acquire 76762736097718 76762736133058 0 58117742e6b0 1
present 76762736622714 76762736728664 0 58117742e6b0 1
acquire 76763045531417 76763045560960 0 58117742e6b0 2
present 76763046259162 76763046364901 0 58117742e6b0 2
acquire 76763344079323 76763344111729 0 58117742e6b0 1
present 76763344495646 76763344597195 0 58117742e6b0 1
acquire 76763643189241 76763643222625 0 58117742e6b0 2
present 76763643637481 76763643741405 0 58117742e6b0 2
acquire 76763953076487 76763953110291 0 58117742e6b0 1
present 76763953521166 76763953624112 0 58117742e6b0 1
acquire 76764262593297 76764262625982 0 58117742e6b0 2
present 76764263034972 76764263143366 0 58117742e6b0 2
acquire 76764562445696 76764562475797 0 58117742e6b0 1
present 76764562867886 76764562975301 0 58117742e6b0 1
acquire 76764870539561 76764870570152 0 58117742e6b0 2
present 76764870987103 76764871107859 0 58117742e6b0 2
acquire 76765214036189 76765214074183 0 58117742e6b0 1
present 76765214603509 76765214755553 0 58117742e6b0 1
acquire 76765481337370 76765481368869 0 58117742e6b0 2
present 76765481754811 76765481856779 0 58117742e6b0 2
acquire 76765788327745 76765788363434 0 58117742e6b0 1
present 76765788761738 76765788874392 0 58117742e6b0 1
acquire 76766087638177 76766087671282 0 58117742e6b0 2
present 76766088240697 76766088353351 0 58117742e6b0 2
acquire 76766396554213 76766396591298 0 58117742e6b0 1
present 76766396993025 76766397111196 0 58117742e6b0 1
acquire 76766697374820 76766697410089 0 58117742e6b0 2
present 76766697891504 76766697996685 0 58117742e6b0 2
acquire 76766996300357 76766996337023 0 58117742e6b0 1
present 76766996852241 76766996959378 0 58117742e6b0 1
acquire 76767295725817 76767295759620 0 58117742e6b0 2
present 76767296254375 76767296358578 0 58117742e6b0 2
acquire 76767596579389 76767596616055 0 58117742e6b0 1
present 76767597275216 76767597393946 0 58117742e6b0 1
