instance 73971698926543 73971712940586 0 pid 1332635
device 73971713714286 73971834828808 0
swapchain 73971835299816 73971885749982 0 619df32b6ec0 900x560 mode 2 images 4
acquire 73971893777103 73971893793795 0 619df32b6ec0 3
present 73971895189361 73971895440859 0 619df32b6ec0 3
acquire 73971898092727 73971898108721 0 619df32b6ec0 2
present 73971899444153 73971899582788 1000001003 619df32b6ec0 2
swapchain 73971899851257 73971902981537 0 619df342be90 900x560 mode 2 images 4
acquire 73971905674611 73971905689348 0 619df342be90 3
present 73971907143510 73971907273764 0 619df342be90 3
acquire 73984267638974 73984267651755 0 619df342be90 2
present 73984268963441 73984269078470 0 619df342be90 2
acquire 73984948865390 73984948879358 0 619df342be90 1
present 73984950306911 73984950420473 0 619df342be90 1
acquire 73985256634056 73985256648863 0 619df342be90 0
present 73985257930029 73985258058885 0 619df342be90 0
acquire 73985549340224 73985549369767 0 619df342be90 3
present 73985550649815 73985550757999 0 619df342be90 3
acquire 73985857474020 73985857504541 0 619df342be90 2
present 73985858925599 73985859078900 0 619df342be90 2
acquire 73986149853262 73986149883503 0 619df342be90 3
present 73986151205596 73986151310218 0 619df342be90 3
acquire 73986459695931 73986459733086 0 619df342be90 2
present 73986461260303 73986461374493 0 619df342be90 2
acquire 73986750497741 73986750528750 0 619df342be90 3
present 73986751961122 73986752098080 0 619df342be90 3
acquire 73987060383991 73987060422333 0 619df342be90 2
present 73987062030565 73987062141194 0 619df342be90 2
acquire 73987351052264 73987351083064 0 619df342be90 3
present 73987352530661 73987352659169 0 619df342be90 3
acquire 73987661541103 73987661590830 0 619df342be90 2
present 73987663465436 73987663590382 0 619df342be90 2
acquire 73987951512013 73987951544350 0 619df342be90 3
present 73987952893750 73987953029032 0 619df342be90 3
acquire 73988259629676 73988259655447 0 619df342be90 2
present 73988261041934 73988261151165 0 619df342be90 2
acquire 73988552271520 73988552296663 0 619df342be90 3
present 73988555775590 73988555885869 0 619df342be90 3
acquire 73988861186350 73988861219315 0 619df342be90 2
present 73988862928887 73988863122556 0 619df342be90 2
acquire 73989152937231 73989152969637 0 619df342be90 3
present 73989154524092 73989154643310 0 619df342be90 3
acquire 73989461795210 73989461828175 0 619df342be90 2
present 73989463346731 73989463473982 0 619df342be90 2
acquire 73989753170416 73989753202613 0 619df342be90 3
present 73989754585956 73989754709924 0 619df342be90 3
acquire 73990061689316 73990061723189 0 619df342be90 2
present 73990063420678 73990063528582 0 619df342be90 2
acquire 73990353757066 73990353787936 0 619df342be90 3
present 73990355261584 73990355390162 0 619df342be90 3
acquire 73990661875637 73990661904063 0 619df342be90 2
present 73990663350612 73990663453419 0 619df342be90 2
acquire 73990954597660 73990954631044 0 619df342be90 3
present 73990956132698 73990956269377 0 619df342be90 3
acquire 73991262432606 73991262461660 0 619df342be90 2
present 73991263986292 73991264118571 0 619df342be90 2
acquire 73991554503778 73991554530458 0 619df342be90 3
present 73991555935173 73991556050410 0 619df342be90 3
acquire 73991862391874 73991862420020 0 619df342be90 2
present 73991863912665 73991864024620 0 619df342be90 2
acquire 73992154910030 73992154940061 0 619df342be90 3
present 73992156575252 73992156686928 0 619df342be90 3
acquire 73992462801757 73992462834582 0 619df342be90 2
present 73992464462789 73992464575582 0 619df342be90 2
acquire 73992755112415 73992755147405 0 619df342be90 3
present 73992756711358 73992756825967 0 619df342be90 3
acquire 73993063197672 73993063230357 0 619df342be90 2
present 73993064830907 73993064949637 0 619df342be90 2
acquire 73993355741809 73993355771072 0 619df342be90 3
present 73993357430498 73993357587361 0 619df342be90 3
acquire 73993667743338 73993667779306 0 619df342be90 2
present 73993669647277 73993669766985 0 619df342be90 2
acquire 73993956257362 73993956286485 0 619df342be90 3
present 73993957864546 73993957980063 0 619df342be90 3
acquire 73994265502121 73994265534528 0 619df342be90 2
present 73994267131236 73994267279508 0 619df342be90 2
acquire 73994556212719 73994556240446 0 619df342be90 3
present 73994557792735 73994557907484 0 619df342be90 3
acquire 73994864840502 73994864869067 0 619df342be90 2
present 73994866486029 73994866593933 0 619df342be90 2
acquire 73995156518329 73995156545986 0 619df342be90 3
present 73995158132568 73995158244244 0 619df342be90 3
acquire 73995464983173 73995465022843 0 619df342be90 2
present 73995466569894 73995466677938 0 619df342be90 2
acquire 73995757174962 73995757213723 0 619df342be90 3
present 73995758900247 73995759024984 0 619df342be90 3
acquire 73996065332714 73996065363165 0 619df342be90 2
present 73996066890590 73996066995771 0 619df342be90 2
acquire 73996357577721 73996357607683 0 619df342be90 3
present 73996359163115 73996359275210 0 619df342be90 3
acquire 73996665428173 73996665460649 0 619df342be90 2
present 73996667051840 73996667164842 0 619df342be90 2
acquire 73996957364063 73996957395562 0 619df342be90 3
present 73996958897356 73996959030543 0 619df342be90 3
acquire 73997266543382 73997266573484 0 619df342be90 2
present 73997268148331 73997268258122 0 619df342be90 2
acquire 73997557658360 73997557685039 0 619df342be90 3
present 73997559152192 73997559253392 0 619df342be90 3
acquire 73997865773998 73997865811712 0 619df342be90 2
present 73997867389214 73997867495582 0 619df342be90 2
acquire 73998157980453 73998158017120 0 619df342be90 3
present 73998159515701 73998159617181 0 619df342be90 3
acquire 73998466303729 73998466329990 0 619df342be90 2
present 73998467842330 73998467945695 0 619df342be90 2
acquire 73998758306668 73998758335233 0 619df342be90 3
present 73998759851065 73998759953173 0 619df342be90 3
acquire 73999066366084 73999066395696 0 619df342be90 2
present 73999067957344 73999068117211 0 619df342be90 2
acquire 73999358615911 73999358643987 0 619df342be90 3
present 73999360319336 73999360437298 0 619df342be90 3
acquire 73999666414749 73999666443384 0 619df342be90 2
present 73999667952372 73999668067610 0 619df342be90 2
acquire 73999958753554 73999958782119 0 619df342be90 3
present 73999960208135 73999960311011 0 619df342be90 3
acquire 74000266504552 74000266532698 0 619df342be90 2
present 74000267972682 74000268089945 0 619df342be90 2
acquire 74000559572148 74000559599247 0 619df342be90 3
present 74000561112844 74000561218653 0 619df342be90 3
acquire 74000867267133 74000867306594 0 619df342be90 2
present 74000868802661 74000868905048 0 619df342be90 2
acquire 74001159351786 74001159380421 0 619df342be90 3
present 74001160778850 74001160883193 0 619df342be90 3
acquire 74001467983690 74001468021893 0 619df342be90 2
present 74001469588360 74001469695496 0 619df342be90 2
acquire 74001760246158 74001760276679 0 619df342be90 3
present 74001761852155 74001761960409 0 619df342be90 3
acquire 74002067712553 74002067740979 0 619df342be90 2
present 74002069237255 74002069337058 0 619df342be90 2
acquire 74002360377796 74002360407408 0 619df342be90 3
present 74002361980021 74002362094910 0 619df342be90 3
acquire 74002668358990 74002668389510 0 619df342be90 2
present 74002669957933 74002670083856 0 619df342be90 2
