launch_mono_ns 86114350331319
assets ready in 76 ms: font, 1000 labels, 28 glyphs
GPU 0: NVIDIA GeForce RTX 3050 Laptop GPU (discrete, vendor 4318, device 9698, Vulkan 1.4.341, 4096 MiB device-local, max image 32768)
queue family 0, swapchain 900x560, format 44, 4 images, retained canvas, 2 frames in flight, validation layer off (not installed)
window and GPU ready in 254 ms
redraw 1 at 336 ms: scene + GPU 6 ms, whole, 4018 quads, 28 glyphs cached, atlas 27 entries, 1870 texels uploaded
input: mapped expose
redraw 2 at 336 ms: scene + GPU 0 ms, damage only, 0 quads, 28 glyphs cached, atlas 27 entries, 1870 texels uploaded
input: moved
input: focus-in
input: key-down 9
redraw 3 at 12709 ms: scene + GPU 1 ms, damage only, 9 quads, 28 glyphs cached, atlas 27 entries, 1870 texels uploaded
input: key-up 9
input: key-down 32
redraw 4 at 13389 ms: scene + GPU 0 ms, damage only, 9 quads, 28 glyphs cached, atlas 27 entries, 1870 texels uploaded
input: key-up 32 -> 1 activation(s)
redraw 5 at 13691 ms: scene + GPU 1 ms, damage only, 21 quads, 29 glyphs cached, atlas 28 entries, 1966 texels uploaded
input: key-down 32
redraw 6 at 13995 ms: scene + GPU 1 ms, damage only, 9 quads, 29 glyphs cached, atlas 28 entries, 1966 texels uploaded
input: key-up 32 -> 1 activation(s)
redraw 7 at 14300 ms: scene + GPU 1 ms, damage only, 21 quads, 30 glyphs cached, atlas 29 entries, 2074 texels uploaded
input: key-down 32
redraw 8 at 14607 ms: scene + GPU 1 ms, damage only, 9 quads, 30 glyphs cached, atlas 29 entries, 2074 texels uploaded
input: key-up 32 -> 1 activation(s)
redraw 9 at 14909 ms: scene + GPU 1 ms, damage only, 21 quads, 31 glyphs cached, atlas 30 entries, 2191 texels uploaded
input: key-down 32
redraw 10 at 15210 ms: scene + GPU 1 ms, damage only, 9 quads, 31 glyphs cached, atlas 30 entries, 2191 texels uploaded
input: key-up 32 -> 1 activation(s)
redraw 11 at 15516 ms: scene + GPU 1 ms, damage only, 21 quads, 32 glyphs cached, atlas 31 entries, 2299 texels uploaded
input: key-down 32
redraw 12 at 15820 ms: scene + GPU 1 ms, damage only, 9 quads, 32 glyphs cached, atlas 31 entries, 2299 texels uploaded
input: key-up 32 -> 1 activation(s)
redraw 13 at 16128 ms: scene + GPU 2 ms, damage only, 21 quads, 33 glyphs cached, atlas 32 entries, 2416 texels uploaded
input: key-down 32
redraw 14 at 16431 ms: scene + GPU 0 ms, damage only, 9 quads, 33 glyphs cached, atlas 32 entries, 2416 texels uploaded
input: key-up 32 -> 1 activation(s)
redraw 15 at 16748 ms: scene + GPU 11 ms, damage only, 21 quads, 34 glyphs cached, atlas 33 entries, 2533 texels uploaded
input: key-down 32
redraw 16 at 17044 ms: scene + GPU 0 ms, damage only, 9 quads, 34 glyphs cached, atlas 33 entries, 2533 texels uploaded
input: key-up 32 -> 1 activation(s)
redraw 17 at 17352 ms: scene + GPU 1 ms, damage only, 21 quads, 35 glyphs cached, atlas 34 entries, 2641 texels uploaded
input: key-down 32
redraw 18 at 17656 ms: scene + GPU 1 ms, damage only, 9 quads, 35 glyphs cached, atlas 34 entries, 2641 texels uploaded
input: key-up 32 -> 1 activation(s)
redraw 19 at 17959 ms: scene + GPU 1 ms, damage only, 21 quads, 36 glyphs cached, atlas 35 entries, 2758 texels uploaded
input: key-down 32
redraw 20 at 18263 ms: scene + GPU 0 ms, damage only, 9 quads, 36 glyphs cached, atlas 35 entries, 2758 texels uploaded
input: key-up 32 -> 1 activation(s)
redraw 21 at 18566 ms: scene + GPU 2 ms, damage only, 21 quads, 37 glyphs cached, atlas 36 entries, 2875 texels uploaded
input: key-down 32
redraw 22 at 18871 ms: scene + GPU 0 ms, damage only, 9 quads, 37 glyphs cached, atlas 36 entries, 2875 texels uploaded
input: key-up 32 -> 1 activation(s)
redraw 23 at 19175 ms: scene + GPU 0 ms, damage only, 22 quads, 37 glyphs cached, atlas 36 entries, 2875 texels uploaded
input: key-down 32
redraw 24 at 19482 ms: scene + GPU 0 ms, damage only, 9 quads, 37 glyphs cached, atlas 36 entries, 2875 texels uploaded
input: key-up 32 -> 1 activation(s)
redraw 25 at 19788 ms: scene + GPU 0 ms, damage only, 22 quads, 37 glyphs cached, atlas 36 entries, 2875 texels uploaded
input: key-down 32
redraw 26 at 20094 ms: scene + GPU 0 ms, damage only, 9 quads, 37 glyphs cached, atlas 36 entries, 2875 texels uploaded
input: key-up 32 -> 1 activation(s)
redraw 27 at 20396 ms: scene + GPU 0 ms, damage only, 22 quads, 37 glyphs cached, atlas 36 entries, 2875 texels uploaded
input: key-down 32
redraw 28 at 20698 ms: scene + GPU 0 ms, damage only, 9 quads, 37 glyphs cached, atlas 36 entries, 2875 texels uploaded
input: key-up 32 -> 1 activation(s)
redraw 29 at 21007 ms: scene + GPU 1 ms, damage only, 22 quads, 37 glyphs cached, atlas 36 entries, 2875 texels uploaded
input: key-down 32
redraw 30 at 21315 ms: scene + GPU 1 ms, damage only, 9 quads, 37 glyphs cached, atlas 36 entries, 2875 texels uploaded
input: key-up 32 -> 1 activation(s)
redraw 31 at 21622 ms: scene + GPU 1 ms, damage only, 22 quads, 37 glyphs cached, atlas 36 entries, 2875 texels uploaded
input: key-down 32
redraw 32 at 21930 ms: scene + GPU 0 ms, damage only, 9 quads, 37 glyphs cached, atlas 36 entries, 2875 texels uploaded
input: key-up 32 -> 1 activation(s)
redraw 33 at 22235 ms: scene + GPU 1 ms, damage only, 22 quads, 37 glyphs cached, atlas 36 entries, 2875 texels uploaded
input: key-down 32
redraw 34 at 22535 ms: scene + GPU 0 ms, damage only, 9 quads, 37 glyphs cached, atlas 36 entries, 2875 texels uploaded
input: key-up 32 -> 1 activation(s)
redraw 35 at 22839 ms: scene + GPU 1 ms, damage only, 22 quads, 37 glyphs cached, atlas 36 entries, 2875 texels uploaded
input: key-down 32
redraw 36 at 23143 ms: scene + GPU 0 ms, damage only, 9 quads, 37 glyphs cached, atlas 36 entries, 2875 texels uploaded
input: key-up 32 -> 1 activation(s)
redraw 37 at 23446 ms: scene + GPU 0 ms, damage only, 22 quads, 37 glyphs cached, atlas 36 entries, 2875 texels uploaded
input: key-down 32
redraw 38 at 23750 ms: scene + GPU 1 ms, damage only, 9 quads, 37 glyphs cached, atlas 36 entries, 2875 texels uploaded
input: key-up 32 -> 1 activation(s)
redraw 39 at 24058 ms: scene + GPU 1 ms, damage only, 22 quads, 37 glyphs cached, atlas 36 entries, 2875 texels uploaded
input: key-down 32
redraw 40 at 24364 ms: scene + GPU 1 ms, damage only, 9 quads, 37 glyphs cached, atlas 36 entries, 2875 texels uploaded
input: key-up 32 -> 1 activation(s)
redraw 41 at 24669 ms: scene + GPU 1 ms, damage only, 22 quads, 37 glyphs cached, atlas 36 entries, 2875 texels uploaded
input: key-down 32
redraw 42 at 24969 ms: scene + GPU 1 ms, damage only, 9 quads, 37 glyphs cached, atlas 36 entries, 2875 texels uploaded
input: key-up 32 -> 1 activation(s)
redraw 43 at 25275 ms: scene + GPU 0 ms, damage only, 22 quads, 37 glyphs cached, atlas 36 entries, 2875 texels uploaded
input: key-down 32
redraw 44 at 25578 ms: scene + GPU 0 ms, damage only, 9 quads, 37 glyphs cached, atlas 36 entries, 2875 texels uploaded
input: key-up 32 -> 1 activation(s)
redraw 45 at 25882 ms: scene + GPU 0 ms, damage only, 22 quads, 37 glyphs cached, atlas 36 entries, 2875 texels uploaded
input: key-down 32
redraw 46 at 26185 ms: scene + GPU 0 ms, damage only, 9 quads, 37 glyphs cached, atlas 36 entries, 2875 texels uploaded
input: key-up 32 -> 1 activation(s)
redraw 47 at 26491 ms: scene + GPU 1 ms, damage only, 22 quads, 37 glyphs cached, atlas 36 entries, 2875 texels uploaded
input: key-down 32
redraw 48 at 26795 ms: scene + GPU 1 ms, damage only, 9 quads, 37 glyphs cached, atlas 36 entries, 2875 texels uploaded
input: key-up 32 -> 1 activation(s)
redraw 49 at 27097 ms: scene + GPU 1 ms, damage only, 22 quads, 37 glyphs cached, atlas 36 entries, 2875 texels uploaded
input: key-down 32
redraw 50 at 27400 ms: scene + GPU 0 ms, damage only, 9 quads, 37 glyphs cached, atlas 36 entries, 2875 texels uploaded
input: key-up 32 -> 1 activation(s)
redraw 51 at 27707 ms: scene + GPU 0 ms, damage only, 22 quads, 37 glyphs cached, atlas 36 entries, 2875 texels uploaded
input: key-down 32
redraw 52 at 28012 ms: scene + GPU 0 ms, damage only, 9 quads, 37 glyphs cached, atlas 36 entries, 2875 texels uploaded
input: key-up 32 -> 1 activation(s)
redraw 53 at 28317 ms: scene + GPU 1 ms, damage only, 22 quads, 37 glyphs cached, atlas 36 entries, 2875 texels uploaded
input: key-down 32
redraw 54 at 28624 ms: scene + GPU 0 ms, damage only, 9 quads, 37 glyphs cached, atlas 36 entries, 2875 texels uploaded
input: key-up 32 -> 1 activation(s)
redraw 55 at 28927 ms: scene + GPU 1 ms, damage only, 22 quads, 37 glyphs cached, atlas 36 entries, 2875 texels uploaded
input: key-down 32
redraw 56 at 29230 ms: scene + GPU 0 ms, damage only, 9 quads, 37 glyphs cached, atlas 36 entries, 2875 texels uploaded
input: key-up 32 -> 1 activation(s)
redraw 57 at 29538 ms: scene + GPU 0 ms, damage only, 22 quads, 37 glyphs cached, atlas 36 entries, 2875 texels uploaded
input: key-down 32
redraw 58 at 29842 ms: scene + GPU 0 ms, damage only, 9 quads, 37 glyphs cached, atlas 36 entries, 2875 texels uploaded
input: key-up 32 -> 1 activation(s)
redraw 59 at 30147 ms: scene + GPU 0 ms, damage only, 22 quads, 37 glyphs cached, atlas 36 entries, 2875 texels uploaded
input: key-down 32
redraw 60 at 30447 ms: scene + GPU 0 ms, damage only, 9 quads, 37 glyphs cached, atlas 36 entries, 2875 texels uploaded
input: key-up 32 -> 1 activation(s)
redraw 61 at 30749 ms: scene + GPU 0 ms, damage only, 22 quads, 37 glyphs cached, atlas 36 entries, 2875 texels uploaded
input: key-down 32
redraw 62 at 31050 ms: scene + GPU 0 ms, damage only, 9 quads, 37 glyphs cached, atlas 36 entries, 2875 texels uploaded
input: key-up 32 -> 1 activation(s)
redraw 63 at 31351 ms: scene + GPU 0 ms, damage only, 22 quads, 37 glyphs cached, atlas 36 entries, 2875 texels uploaded
input: close
frames presented: 63, redraws: 63, clicks: 30
teardown: 0 native objects left; driver messages: 0 warnings, 0 errors
window objects left: 0
exit=0
