instance 86114491240693 86114508605301 0 pid 3125491
device 86114509336611 86114623753378 0
swapchain 86114624173684 86114677221054 0 5ad64c8b1ee0 900x560 mode 2 images 4
acquire 86114686854354 86114686870767 0 5ad64c8b1ee0 3
present 86114687064368 86114687285276 0 5ad64c8b1ee0 3
acquire 86114687424680 86114687434318 0 5ad64c8b1ee0 2
present 86114687480902 86114687540058 0 5ad64c8b1ee0 2
acquire 86127059658691 86127059679783 0 5ad64c8b1ee0 1
present 86127059830431 86127059996025 0 5ad64c8b1ee0 1
acquire 86127740582392 86127740604323 0 5ad64c8b1ee0 0
present 86127740776063 86127740934044 0 5ad64c8b1ee0 0
acquire 86128042275261 86128042311439 0 5ad64c8b1ee0 3
present 86128042439808 86128042540868 0 5ad64c8b1ee0 3
acquire 86128346040533 86128346077828 0 5ad64c8b1ee0 2
present 86128346237137 86128346343365 0 5ad64c8b1ee0 2
acquire 86128651510844 86128651548977 0 5ad64c8b1ee0 3
present 86128651682654 86128651808089 0 5ad64c8b1ee0 3
acquire 86128957853194 86128957891467 0 5ad64c8b1ee0 2
present 86128958068306 86128958188573 0 5ad64c8b1ee0 2
acquire 86129260158010 86129260188042 0 5ad64c8b1ee0 3
present 86129260313547 86129260437027 0 5ad64c8b1ee0 3
acquire 86129560874072 86129560910739 0 5ad64c8b1ee0 2
present 86129561083387 86129561204702 0 5ad64c8b1ee0 2
acquire 86129867567933 86129867598035 0 5ad64c8b1ee0 3
present 86129867718790 86129867829419 0 5ad64c8b1ee0 3
acquire 86130170883562 86130170918902 0 5ad64c8b1ee0 2
present 86130171074649 86130171191493 0 5ad64c8b1ee0 2
acquire 86130479455946 86130479488352 0 5ad64c8b1ee0 3
present 86130479600937 86130479710658 0 5ad64c8b1ee0 3
acquire 86130782389960 86130782426767 0 5ad64c8b1ee0 2
present 86130782583980 86130782721637 0 5ad64c8b1ee0 2
acquire 86131099214738 86131099246236 0 5ad64c8b1ee0 3
present 86131099386198 86131099512472 0 5ad64c8b1ee0 3
acquire 86131395330201 86131395366588 0 5ad64c8b1ee0 2
present 86131395549223 86131395686182 0 5ad64c8b1ee0 2
acquire 86131702993805 86131703041576 0 5ad64c8b1ee0 3
present 86131703163170 86131703288047 0 5ad64c8b1ee0 3
acquire 86132006845324 86132006886670 0 5ad64c8b1ee0 2
present 86132007078664 86132007206055 0 5ad64c8b1ee0 2
acquire 86132310541514 86132310572524 0 5ad64c8b1ee0 3
present 86132310684480 86132310789451 0 5ad64c8b1ee0 3
acquire 86132614296231 86132614331990 0 5ad64c8b1ee0 2
present 86132614482917 86132614608352 0 5ad64c8b1ee0 2
acquire 86132916887110 86132916923986 0 5ad64c8b1ee0 3
present 86132917096634 86132917222070 0 5ad64c8b1ee0 3
acquire 86133222351824 86133222384928 0 5ad64c8b1ee0 2
present 86133222532713 86133222647393 0 5ad64c8b1ee0 2
acquire 86133526563650 86133526593193 0 5ad64c8b1ee0 3
present 86133526738114 86133526846578 0 5ad64c8b1ee0 3
acquire 86133833497268 86133833545528 0 5ad64c8b1ee0 2
present 86133833765738 86133833919599 0 5ad64c8b1ee0 2
acquire 86134139587270 86134139621143 0 5ad64c8b1ee0 3
present 86134139835975 86134139974611 0 5ad64c8b1ee0 3
acquire 86134445189777 86134445223371 0 5ad64c8b1ee0 2
present 86134445366965 86134445488210 0 5ad64c8b1ee0 2
acquire 86134747473629 86134747509178 0 5ad64c8b1ee0 3
present 86134747685109 86134747805725 0 5ad64c8b1ee0 3
acquire 86135049359385 86135049389417 0 5ad64c8b1ee0 2
present 86135049532172 86135049637424 0 5ad64c8b1ee0 2
acquire 86135358061243 86135358100005 0 5ad64c8b1ee0 3
present 86135358261968 86135358387682 0 5ad64c8b1ee0 3
acquire 86135665815353 86135665862496 0 5ad64c8b1ee0 2
present 86135666091926 86135666228954 0 5ad64c8b1ee0 2
acquire 86135972876287 86135972914072 0 5ad64c8b1ee0 3
present 86135973076802 86135973193996 0 5ad64c8b1ee0 3
acquire 86136281233337 86136281273915 0 5ad64c8b1ee0 2
present 86136281450334 86136281571928 0 5ad64c8b1ee0 2
acquire 86136585977279 86136586023794 0 5ad64c8b1ee0 3
present 86136586175419 86136586283045 0 5ad64c8b1ee0 3
acquire 86136886510691 86136886553713 0 5ad64c8b1ee0 2
present 86136886705339 86136886822254 0 5ad64c8b1ee0 2
acquire 86137189720426 86137189751645 0 5ad64c8b1ee0 3
present 86137189898731 86137190017252 0 5ad64c8b1ee0 3
acquire 86137494525826 86137494571502 0 5ad64c8b1ee0 2
present 86137494806868 86137494953745 0 5ad64c8b1ee0 2
acquire 86137797334949 86137797369800 0 5ad64c8b1ee0 3
present 86137797525057 86137797643299 0 5ad64c8b1ee0 3
acquire 86138101044258 86138101078899 0 5ad64c8b1ee0 2
present 86138101242817 86138101360989 0 5ad64c8b1ee0 2
acquire 86138408821898 86138408861987 0 5ad64c8b1ee0 3
present 86138409033867 86138409156927 0 5ad64c8b1ee0 3
acquire 86138714677572 86138714721013 0 5ad64c8b1ee0 2
present 86138714941991 86138715101300 0 5ad64c8b1ee0 2
acquire 86139019875199 86139019913403 0 5ad64c8b1ee0 3
present 86139020076552 86139020192908 0 5ad64c8b1ee0 3
acquire 86139319960433 86139319998426 0 5ad64c8b1ee0 2
present 86139320171424 86139320287779 0 5ad64c8b1ee0 2
acquire 86139626384963 86139626419814 0 5ad64c8b1ee0 3
present 86139626577935 86139626694360 0 5ad64c8b1ee0 3
acquire 86139929286202 86139929325593 0 5ad64c8b1ee0 2
present 86139929495377 86139929625422 0 5ad64c8b1ee0 2
acquire 86140233243443 86140233276897 0 5ad64c8b1ee0 3
present 86140233425729 86140233538802 0 5ad64c8b1ee0 3
acquire 86140536497449 86140536534605 0 5ad64c8b1ee0 2
present 86140536692027 86140536807824 0 5ad64c8b1ee0 2
acquire 86140841759466 86140841790965 0 5ad64c8b1ee0 3
present 86140841944756 86140842076477 0 5ad64c8b1ee0 3
acquire 86141145970579 86141146017932 0 5ad64c8b1ee0 2
present 86141146195050 86141146318040 0 5ad64c8b1ee0 2
acquire 86141447545805 86141447606148 0 5ad64c8b1ee0 3
present 86141447837533 86141447994955 0 5ad64c8b1ee0 3
acquire 86141751475315 86141751513449 0 5ad64c8b1ee0 2
present 86141751680719 86141751804967 0 5ad64c8b1ee0 2
acquire 86142058224115 86142058271817 0 5ad64c8b1ee0 3
present 86142058448655 86142058570249 0 5ad64c8b1ee0 3
acquire 86142363113245 86142363146489 0 5ad64c8b1ee0 2
present 86142363299163 86142363425995 0 5ad64c8b1ee0 2
acquire 86142667696259 86142667733974 0 5ad64c8b1ee0 3
present 86142667884133 86142667996158 0 5ad64c8b1ee0 3
acquire 86142975233776 86142975264785 0 5ad64c8b1ee0 2
present 86142975406494 86142975517542 0 5ad64c8b1ee0 2
acquire 86143277857527 86143277897407 0 5ad64c8b1ee0 3
present 86143278095268 86143278209598 0 5ad64c8b1ee0 3
acquire 86143581298074 86143581338093 0 5ad64c8b1ee0 2
present 86143581514233 86143581635408 0 5ad64c8b1ee0 2
acquire 86143889442021 86143889472542 0 5ad64c8b1ee0 3
present 86143889609361 86143889712238 0 5ad64c8b1ee0 3
acquire 86144193434314 86144193471470 0 5ad64c8b1ee0 2
present 86144193628823 86144193748950 0 5ad64c8b1ee0 2
acquire 86144498184874 86144498220214 0 5ad64c8b1ee0 3
present 86144498368487 86144498492945 0 5ad64c8b1ee0 3
acquire 86144798261785 86144798291468 0 5ad64c8b1ee0 2
present 86144798430522 86144798533189 0 5ad64c8b1ee0 2
acquire 86145100563844 86145100593387 0 5ad64c8b1ee0 3
present 86145100728181 86145100832524 0 5ad64c8b1ee0 3
acquire 86145401492120 86145401521174 0 5ad64c8b1ee0 2
present 86145401651708 86145401754654 0 5ad64c8b1ee0 2
acquire 86145702403914 86145702439044 0 5ad64c8b1ee0 3
present 86145702589971 86145702705978 0 5ad64c8b1ee0 3
