instance 92122854765855 92122870144808 0 pid 4066792
device 92122870874159 92122989015783 0
swapchain 92122989398373 92123042965212 0 5f5414b79ee0 900x560 mode 2 images 4
acquire 92123047658189 92123047670970 0 5f5414b79ee0 3
present 92123047928125 92123048129337 0 5f5414b79ee0 3
acquire 92123048221807 92123048230956 0 5f5414b79ee0 2
present 92123048277610 92123048337603 0 5f5414b79ee0 2
acquire 92135417209760 92135417225544 0 5f5414b79ee0 1
present 92135417334845 92135417459372 0 5f5414b79ee0 1
acquire 92136098134631 92136098152161 0 5f5414b79ee0 0
present 92136098274733 92136098406942 0 5f5414b79ee0 0
acquire 92136399457035 92136399496216 0 5f5414b79ee0 3
present 92136399684159 92136399812457 0 5f5414b79ee0 3
acquire 92136703665276 92136703696775 0 5f5414b79ee0 2
present 92136703876965 92136703987523 0 5f5414b79ee0 2
acquire 92137008358005 92137008396069 0 5f5414b79ee0 3
present 92137008576748 92137008703230 0 5f5414b79ee0 3
acquire 92137315519898 92137315555238 0 5f5414b79ee0 2
present 92137315730679 92137315856603 0 5f5414b79ee0 2
acquire 92137616826938 92137616863255 0 5f5414b79ee0 3
present 92137617052175 92137617155959 0 5f5414b79ee0 3
acquire 92137918581309 92137918624681 0 5f5414b79ee0 2
present 92137918799214 92137918927302 0 5f5414b79ee0 2
acquire 92138223928310 92138223963510 0 5f5414b79ee0 3
present 92138224173104 92138224278354 0 5f5414b79ee0 3
acquire 92138528576201 92138528612938 0 5f5414b79ee0 2
present 92138528761839 92138528880150 0 5f5414b79ee0 2
acquire 92138835523682 92138835558323 0 5f5414b79ee0 3
present 92138835730971 92138835855148 0 5f5414b79ee0 3
acquire 92139140030214 92139140064995 0 5f5414b79ee0 2
present 92139140224373 92139140346525 0 5f5414b79ee0 2
acquire 92139446644623 92139446693651 0 5f5414b79ee0 3
present 92139446879149 92139447021905 0 5f5414b79ee0 3
acquire 92139752934130 92139752971425 0 5f5414b79ee0 2
present 92139753150149 92139753277539 0 5f5414b79ee0 2
acquire 92140059843897 92140059883985 0 5f5414b79ee0 3
present 92140060083312 92140060206023 0 5f5414b79ee0 3
acquire 92140364865368 92140364902454 0 5f5414b79ee0 2
present 92140365082644 92140365211012 0 5f5414b79ee0 2
acquire 92140667236158 92140667271497 0 5f5414b79ee0 3
present 92140667464957 92140667587459 0 5f5414b79ee0 3
acquire 92140972597336 92140972634981 0 5f5414b79ee0 2
present 92140972803927 92140972943190 0 5f5414b79ee0 2
acquire 92141273434903 92141273465424 0 5f5414b79ee0 3
present 92141273615094 92141273722789 0 5f5414b79ee0 3
acquire 92141580551120 92141580592676 0 5f5414b79ee0 2
present 92141580759038 92141580878187 0 5f5414b79ee0 2
acquire 92141884452689 92141884489216 0 5f5414b79ee0 3
present 92141884658371 92141884783526 0 5f5414b79ee0 3
acquire 92142191362525 92142191397795 0 5f5414b79ee0 2
present 92142191557173 92142191681629 0 5f5414b79ee0 2
acquire 92142497319309 92142497351785 0 5f5414b79ee0 3
present 92142497503201 92142497620045 0 5f5414b79ee0 3
acquire 92142803140951 92142803174055 0 5f5414b79ee0 2
present 92142803333223 92142803444830 0 5f5414b79ee0 2
acquire 92143105202205 92143105238382 0 5f5414b79ee0 3
present 92143105411658 92143105537582 0 5f5414b79ee0 3
acquire 92143407342169 92143407377928 0 5f5414b79ee0 2
present 92143407538283 92143407658480 0 5f5414b79ee0 2
acquire 92143715757572 92143715792283 0 5f5414b79ee0 3
present 92143715931267 92143716045666 0 5f5414b79ee0 3
acquire 92144023700708 92144023740308 0 5f5414b79ee0 2
present 92144023925457 92144024071914 0 5f5414b79ee0 2
acquire 92144330664881 92144330709020 0 5f5414b79ee0 3
present 92144330892633 92144330998582 0 5f5414b79ee0 3
acquire 92144639141673 92144639183159 0 5f5414b79ee0 2
present 92144639349591 92144639472651 0 5f5414b79ee0 2
acquire 92144943652746 92144943686828 0 5f5414b79ee0 3
present 92144943853050 92144943972897 0 5f5414b79ee0 3
acquire 92145244415233 92145244456230 0 5f5414b79ee0 2
present 92145244631043 92145244751099 0 5f5414b79ee0 2
acquire 92145547580746 92145547618879 0 5f5414b79ee0 3
present 92145547777349 92145547913120 0 5f5414b79ee0 3
acquire 92145852318941 92145852362592 0 5f5414b79ee0 2
present 92145852519874 92145852634693 0 5f5414b79ee0 2
acquire 92146155247203 92146155288689 0 5f5414b79ee0 3
present 92146155450720 92146155589495 0 5f5414b79ee0 3
acquire 92146459090384 92146459118530 0 5f5414b79ee0 2
present 92146459257864 92146459357108 0 5f5414b79ee0 2
acquire 92146766720353 92146766755623 0 5f5414b79ee0 3
present 92146766904734 92146767038340 0 5f5414b79ee0 3
acquire 92147072723162 92147072759899 0 5f5414b79ee0 2
present 92147072919276 92147073080540 0 5f5414b79ee0 2
acquire 92147377736253 92147377773618 0 5f5414b79ee0 3
present 92147377942424 92147378083293 0 5f5414b79ee0 3
acquire 92147678341388 92147678377077 0 5f5414b79ee0 2
present 92147678548467 92147678674321 0 5f5414b79ee0 2
acquire 92147984576699 92147984613785 0 5f5414b79ee0 3
present 92147984772743 92147984904254 0 5f5414b79ee0 3
acquire 92148287777691 92148287818478 0 5f5414b79ee0 2
present 92148287985328 92148288127665 0 5f5414b79ee0 2
acquire 92148591504866 92148591542650 0 5f5414b79ee0 3
present 92148591728357 92148591853373 0 5f5414b79ee0 3
acquire 92148894959032 92148894995000 0 5f5414b79ee0 2
present 92148895167787 92148895292802 0 5f5414b79ee0 2
acquire 92149200131220 92149200167607 0 5f5414b79ee0 3
present 92149200325867 92149200450604 0 5f5414b79ee0 3
acquire 92149504457702 92149504499746 0 5f5414b79ee0 2
present 92149504671975 92149504828978 0 5f5414b79ee0 2
acquire 92149805565694 92149805598589 0 5f5414b79ee0 3
present 92149805742881 92149805848620 0 5f5414b79ee0 3
acquire 92150109907820 92150109936455 0 5f5414b79ee0 2
present 92150110091433 92150110212048 0 5f5414b79ee0 2
acquire 92150416418235 92150416452946 0 5f5414b79ee0 3
present 92150416609321 92150416734895 0 5f5414b79ee0 3
acquire 92150721584836 92150721618290 0 5f5414b79ee0 2
present 92150721769008 92150721883617 0 5f5414b79ee0 2
acquire 92151025935134 92151025971242 0 5f5414b79ee0 3
present 92151026158835 92151026282943 0 5f5414b79ee0 3
acquire 92151333696265 92151333733350 0 5f5414b79ee0 2
present 92151333891890 92151334031642 0 5f5414b79ee0 2
acquire 92151636111334 92151636148140 0 5f5414b79ee0 3
present 92151636316038 92151636438190 0 5f5414b79ee0 3
acquire 92151939694287 92151939729626 0 5f5414b79ee0 2
present 92151939884115 92151940019188 0 5f5414b79ee0 2
acquire 92152247695112 92152247731918 0 5f5414b79ee0 3
present 92152247890318 92152248026927 0 5f5414b79ee0 3
acquire 92152551963416 92152552028229 0 5f5414b79ee0 2
present 92152552213936 92152552352571 0 5f5414b79ee0 2
acquire 92152856436355 92152856472533 0 5f5414b79ee0 3
present 92152856632399 92152856759789 0 5f5414b79ee0 3
acquire 92153156774139 92153156807523 0 5f5414b79ee0 2
present 92153156962919 92153157099459 0 5f5414b79ee0 2
acquire 92153458803615 92153458834555 0 5f5414b79ee0 3
present 92153458991278 92153459119367 0 5f5414b79ee0 3
acquire 92153760062184 92153760099270 0 5f5414b79ee0 2
present 92153760325416 92153760504488 0 5f5414b79ee0 2
acquire 92154060614380 92154060649999 0 5f5414b79ee0 3
present 92154060805955 92154060925383 0 5f5414b79ee0 3
