instance 77038180044071 77038192375365 0 pid 1808766
device 77039261757870 77039360964439 0
swapchain 77039364726712 77039419431055 0 5942b5ec8320 64x64 mode 2 images 3
swapchain 77039421025599 77039423491620 0 5942b5a821b0 900x560 mode 2 images 3
acquire 77039471314653 77039471331904 0 5942b5a821b0 2
present 77039472331680 77039472517178 0 5942b5a821b0 2
acquire 77039490536476 77039490554984 0 5942b5a821b0 1
present 77039490968164 77039491114691 1000001003 5942b5a821b0 1
acquire 77039545580038 77039545597149 0 5942b5a821b0 0
present 77039546013123 77039546132760 0 5942b5a821b0 0
acquire 77051559815556 77051559849918 0 5942b5a821b0 2
present 77051560526679 77051560627879 0 5942b5a821b0 2
acquire 77051858023325 77051858083528 0 5942b5a821b0 1
present 77051858764270 77051858908353 0 5942b5a821b0 1
acquire 77052542419585 77052542462397 0 5942b5a821b0 2
present 77052543110733 77052543210466 0 5942b5a821b0 2
acquire 77052844419729 77052844450668 0 5942b5a821b0 1
present 77052845406095 77052845526851 0 5942b5a821b0 1
acquire 77053143378221 77053143410906 0 5942b5a821b0 2
present 77053144045832 77053144154645 0 5942b5a821b0 2
acquire 77053451188032 77053451221206 0 5942b5a821b0 1
present 77053451800608 77053451905370 0 5942b5a821b0 1
acquire 77053759913949 77053759943981 0 5942b5a821b0 2
present 77053760546919 77053760648608 0 5942b5a821b0 2
acquire 77054060206826 77054060236089 0 5942b5a821b0 1
present 77054060795377 77054060901117 0 5942b5a821b0 1
acquire 77054360794153 77054360826560 0 5942b5a821b0 2
present 77054361425867 77054361534190 0 5942b5a821b0 2
acquire 77054668571069 77054668602986 0 5942b5a821b0 1
present 77054669207252 77054669319766 0 5942b5a821b0 1
acquire 77054968489807 77054968523191 0 5942b5a821b0 2
present 77054969116841 77054969217133 0 5942b5a821b0 2
acquire 77055276993769 77055277036442 0 5942b5a821b0 1
present 77055277593984 77055277700212 0 5942b5a821b0 1
acquire 77055577444278 77055577476893 0 5942b5a821b0 2
present 77055578071381 77055578174746 0 5942b5a821b0 2
acquire 77055886767127 77055886797648 0 5942b5a821b0 1
present 77055887396745 77055887505139 0 5942b5a821b0 1
acquire 77056195949177 77056195982561 0 5942b5a821b0 2
present 77056196628731 77056196736915 0 5942b5a821b0 2
acquire 77056505289836 77056505326642 0 5942b5a821b0 1
present 77056505926718 77056506057181 0 5942b5a821b0 1
acquire 77056802861003 77056802893410 0 5942b5a821b0 2
present 77056803488526 77056803596919 0 5942b5a821b0 2
acquire 77057115154965 77057115201130 0 5942b5a821b0 1
present 77057115888996 77057116051796 0 5942b5a821b0 1
acquire 77057413151046 77057413183033 0 5942b5a821b0 2
present 77057413813001 77057413932918 0 5942b5a821b0 2
acquire 77057711942338 77057711976211 0 5942b5a821b0 1
present 77057712582782 77057712687613 0 5942b5a821b0 1
acquire 77058022409256 77058022450741 0 5942b5a821b0 2
present 77058023147267 77058023272004 0 5942b5a821b0 2
acquire 77058330264533 77058330299803 0 5942b5a821b0 1
present 77058330983478 77058331129935 0 5942b5a821b0 1
acquire 77058632963438 77058633021895 0 5942b5a821b0 2
present 77058634049258 77058634189080 0 5942b5a821b0 2
acquire 77058939262305 77058939293314 0 5942b5a821b0 1
present 77058939944374 77058940073650 0 5942b5a821b0 1
acquire 77059247266484 77059247300147 0 5942b5a821b0 2
present 77059247905530 77059248031943 0 5942b5a821b0 2
acquire 77059547276504 77059547310307 0 5942b5a821b0 1
present 77059547947957 77059548085404 0 5942b5a821b0 1
acquire 77059847318651 77059847350568 0 5942b5a821b0 2
present 77059847959723 77059848079920 0 5942b5a821b0 2
acquire 77060155683629 77060155724416 0 5942b5a821b0 1
present 77060156473323 77060156627532 0 5942b5a821b0 1
acquire 77060465430624 77060465468198 0 5942b5a821b0 2
present 77060465970706 77060466109340 0 5942b5a821b0 2
acquire 77060775274628 77060775310387 0 5942b5a821b0 1
present 77060775959421 77060776129484 0 5942b5a821b0 1
acquire 77061092553573 77061092620830 0 5942b5a821b0 2
present 77061093366663 77061093576187 0 5942b5a821b0 2
acquire 77061383455119 77061383491925 0 5942b5a821b0 1
present 77061383899797 77061384032915 0 5942b5a821b0 1
acquire 77061689395072 77061689429364 0 5942b5a821b0 2
present 77061689791490 77061689898906 0 5942b5a821b0 2
acquire 77061989245086 77061989278540 0 5942b5a821b0 1
present 77061989631587 77061989733485 0 5942b5a821b0 1
acquire 77062289181564 77062289213481 0 5942b5a821b0 2
present 77062289572884 77062289673036 0 5942b5a821b0 2
acquire 77062598518521 77062598549949 0 5942b5a821b0 1
present 77062598918781 77062599030666 0 5942b5a821b0 1
acquire 77062897920853 77062897952840 0 5942b5a821b0 2
present 77062898318668 77062898421544 0 5942b5a821b0 2
acquire 77063207989746 77063208032768 0 5942b5a821b0 1
present 77063208389098 77063208486945 0 5942b5a821b0 1
acquire 77063515043247 77063515089761 0 5942b5a821b0 2
present 77063515517608 77063515621671 0 5942b5a821b0 2
acquire 77063815229336 77063815261812 0 5942b5a821b0 1
present 77063815702510 77063815805875 0 5942b5a821b0 1
acquire 77064115511108 77064115545470 0 5942b5a821b0 2
present 77064115962422 77064116079615 0 5942b5a821b0 2
acquire 77064423864073 77064423896480 0 5942b5a821b0 1
present 77064424335711 77064424433977 0 5942b5a821b0 1
acquire 77064726451791 77064726485175 0 5942b5a821b0 2
present 77064726943263 77064727066253 0 5942b5a821b0 2
acquire 77065034889194 77065034924394 0 5942b5a821b0 1
present 77065035610025 77065035752710 0 5942b5a821b0 1
acquire 77065334138435 77065334169444 0 5942b5a821b0 2
present 77065334610980 77065334737811 0 5942b5a821b0 2
acquire 77065799997874 77065800051232 0 5942b5a821b0 1
present 77065800526501 77065800639295 0 5942b5a821b0 1
acquire 77065943517259 77065943547780 0 5942b5a821b0 2
present 77065944032268 77065944139893 0 5942b5a821b0 2
acquire 77066244033558 77066244070644 0 5942b5a821b0 1
present 77066244564910 77066244677633 0 5942b5a821b0 1
acquire 77069253964948 77069253998752 0 5942b5a821b0 2
present 77069254883988 77069255040572 0 5942b5a821b0 2
acquire 77069294903739 77069294933701 0 5942b5a821b0 1
present 77069295684493 77069295799452 0 5942b5a821b0 1
acquire 77069596411433 77069596452918 0 5942b5a821b0 2
present 77069597165298 77069597311825 0 5942b5a821b0 2
acquire 77069902628446 77069902661830 0 5942b5a821b0 1
present 77069903276432 77069903391251 0 5942b5a821b0 1
acquire 77070206418129 77070206463177 0 5942b5a821b0 2
present 77070207216972 77070207363010 0 5942b5a821b0 2
acquire 77070509822290 77070509867896 0 5942b5a821b0 1
present 77070510687342 77070510839806 0 5942b5a821b0 1
