instance 90273598485536 90273611652338 0 pid 3778793
device 90273612388952 90273732765050 0
swapchain 90273733164611 90273783902595 0 5a57186d8ee0 900x560 mode 2 images 4
acquire 90273789595416 90273789606102 0 5a57186d8ee0 3
present 90273789756190 90273789938964 0 5a57186d8ee0 3
acquire 90273790057066 90273790073967 0 5a57186d8ee0 2
present 90273790126488 90273790199891 0 5a57186d8ee0 2
acquire 90286146168092 90286146184854 0 5a57186d8ee0 1
present 90286146293387 90286146421475 0 5a57186d8ee0 1
acquire 90286827350756 90286827367028 0 5a57186d8ee0 0
present 90286827493441 90286827618387 0 5a57186d8ee0 0
acquire 90287131308487 90287131338030 0 5a57186d8ee0 3
present 90287131452011 90287131554119 0 5a57186d8ee0 3
acquire 90287432847830 90287432879329 0 5a57186d8ee0 2
present 90287433034586 90287433142141 0 5a57186d8ee0 2
acquire 90287738227528 90287738255534 0 5a57186d8ee0 3
present 90287738367490 90287738474696 0 5a57186d8ee0 3
acquire 90288044621808 90288044650513 0 5a57186d8ee0 2
present 90288044782163 90288044896982 0 5a57186d8ee0 2
acquire 90288351300132 90288351344481 0 5a57186d8ee0 3
present 90288351518875 90288351651433 0 5a57186d8ee0 3
acquire 90288647789472 90288647835637 0 5a57186d8ee0 2
present 90288648049420 90288648231985 0 5a57186d8ee0 2
acquire 90288954241650 90288954279364 0 5a57186d8ee0 3
present 90288954416672 90288954546716 0 5a57186d8ee0 3
acquire 90289257780685 90289257820424 0 5a57186d8ee0 2
present 90289257998449 90289258164951 0 5a57186d8ee0 2
acquire 90289566223895 90289566259723 0 5a57186d8ee0 3
present 90289566376148 90289566498719 0 5a57186d8ee0 3
acquire 90289869320695 90289869357362 0 5a57186d8ee0 2
present 90289869536225 90289869675628 0 5a57186d8ee0 2
acquire 90290176501387 90290176537355 0 5a57186d8ee0 3
present 90290176679551 90290176805964 0 5a57186d8ee0 3
acquire 90290482258017 90290482299433 0 5a57186d8ee0 2
present 90290482466982 90290482600798 0 5a57186d8ee0 2
acquire 90290790310606 90290790352860 0 5a57186d8ee0 3
present 90290790520618 90290790675735 0 5a57186d8ee0 3
acquire 90291093800682 90291093839164 0 5a57186d8ee0 2
present 90291094033672 90291094177056 0 5a57186d8ee0 2
acquire 90291396961806 90291396996378 0 5a57186d8ee0 3
present 90291397138505 90291397255698 0 5a57186d8ee0 3
acquire 90291701288859 90291701325037 0 5a57186d8ee0 2
present 90291701483017 90291701611316 0 5a57186d8ee0 2
acquire 90292003418779 90292003445947 0 5a57186d8ee0 3
present 90292003565655 90292003683617 0 5a57186d8ee0 3
acquire 90292309400578 90292309432984 0 5a57186d8ee0 2
present 90292309592292 90292309727923 0 5a57186d8ee0 2
acquire 90292613387993 90292613428571 0 5a57186d8ee0 3
present 90292613629713 90292613768767 0 5a57186d8ee0 3
acquire 90292920314184 90292920352945 0 5a57186d8ee0 2
present 90292920513929 90292920636710 0 5a57186d8ee0 2
acquire 90293226261691 90293226294586 0 5a57186d8ee0 3
present 90293226470236 90293226577512 0 5a57186d8ee0 3
acquire 90293532164639 90293532206823 0 5a57186d8ee0 2
present 90293532423400 90293532579914 0 5a57186d8ee0 2
acquire 90293834133226 90293834171918 0 5a57186d8ee0 3
present 90293834362514 90293834488648 0 5a57186d8ee0 3
acquire 90294136368397 90294136411349 0 5a57186d8ee0 2
present 90294136613679 90294136759368 0 5a57186d8ee0 2
acquire 90294444766211 90294444805741 0 5a57186d8ee0 3
present 90294444964629 90294445151664 0 5a57186d8ee0 3
acquire 90294752666755 90294752705168 0 5a57186d8ee0 2
present 90294752864545 90294752987815 0 5a57186d8ee0 2
acquire 90295059701689 90295059736260 0 5a57186d8ee0 3
present 90295059897524 90295060025892 0 5a57186d8ee0 3
acquire 90295368200772 90295368233179 0 5a57186d8ee0 2
present 90295368400169 90295368516594 0 5a57186d8ee0 2
acquire 90295672650117 90295672682593 0 5a57186d8ee0 3
present 90295672822695 90295672941425 0 5a57186d8ee0 3
acquire 90295973411501 90295973443767 0 5a57186d8ee0 2
present 90295973587221 90295973707767 0 5a57186d8ee0 2
acquire 90296276453965 90296276488048 0 5a57186d8ee0 3
present 90296276639254 90296276764479 0 5a57186d8ee0 3
acquire 90296581244484 90296581276472 0 5a57186d8ee0 2
present 90296581424255 90296581529297 0 5a57186d8ee0 2
acquire 90296883927826 90296883963375 0 5a57186d8ee0 3
present 90296884127013 90296884247699 0 5a57186d8ee0 3
acquire 90297187844982 90297187879693 0 5a57186d8ee0 2
present 90297188051851 90297188159057 0 5a57186d8ee0 2
acquire 90297495431032 90297495463508 0 5a57186d8ee0 3
present 90297495610943 90297495731070 0 5a57186d8ee0 3
acquire 90297801434203 90297801468984 0 5a57186d8ee0 2
present 90297801622844 90297801748278 0 5a57186d8ee0 2
acquire 90298106517636 90298106552207 0 5a57186d8ee0 3
present 90298106701458 90298106819699 0 5a57186d8ee0 3
acquire 90298406839998 90298406877153 0 5a57186d8ee0 2
present 90298407049801 90298407172791 0 5a57186d8ee0 2
acquire 90298713011626 90298713049340 0 5a57186d8ee0 3
present 90298713210812 90298713330311 0 5a57186d8ee0 3
acquire 90299016114084 90299016148935 0 5a57186d8ee0 2
present 90299016298674 90299016415100 0 5a57186d8ee0 2
acquire 90299319877799 90299319913488 0 5a57186d8ee0 3
present 90299320075659 90299320191456 0 5a57186d8ee0 3
acquire 90299623358238 90299623392111 0 5a57186d8ee0 2
present 90299623539616 90299623670358 0 5a57186d8ee0 2
acquire 90299928428192 90299928458223 0 5a57186d8ee0 3
present 90299928600001 90299928711048 0 5a57186d8ee0 3
acquire 90300232695461 90300232728845 0 5a57186d8ee0 2
present 90300232878096 90300232998292 0 5a57186d8ee0 2
acquire 90300533881549 90300533911581 0 5a57186d8ee0 3
present 90300534056990 90300534168247 0 5a57186d8ee0 3
acquire 90300838240869 90300838270831 0 5a57186d8ee0 2
present 90300838408209 90300838513739 0 5a57186d8ee0 2
acquire 90301144745430 90301144780281 0 5a57186d8ee0 3
present 90301144937982 90301145071099 0 5a57186d8ee0 3
acquire 90301449923638 90301449957022 0 5a57186d8ee0 2
present 90301450110113 90301450223605 0 5a57186d8ee0 2
acquire 90301754287079 90301754323396 0 5a57186d8ee0 3
present 90301754483402 90301754609186 0 5a57186d8ee0 3
acquire 90302062016932 90302062045358 0 5a57186d8ee0 2
present 90302062183992 90302062313827 0 5a57186d8ee0 2
acquire 90302364369437 90302364397513 0 5a57186d8ee0 3
present 90302364528326 90302364630154 0 5a57186d8ee0 3
acquire 90302667998778 90302668043127 0 5a57186d8ee0 2
present 90302668186371 90302668296441 0 5a57186d8ee0 2
acquire 90302975956384 90302975986486 0 5a57186d8ee0 3
present 90302976152149 90302976271298 0 5a57186d8ee0 3
acquire 90303280164638 90303280204797 0 5a57186d8ee0 2
present 90303280361241 90303280485698 0 5a57186d8ee0 2
acquire 90303584644644 90303584678028 0 5a57186d8ee0 3
present 90303584831679 90303584955717 0 5a57186d8ee0 3
acquire 90303884995153 90303885069184 0 5a57186d8ee0 2
present 90303885232543 90303885357558 0 5a57186d8ee0 2
acquire 90304187040636 90304187072554 0 5a57186d8ee0 3
present 90304187223760 90304187331874 0 5a57186d8ee0 3
acquire 90304488233220 90304488263671 0 5a57186d8ee0 2
present 90304488408102 90304488528578 0 5a57186d8ee0 2
acquire 90304788875874 90304788908560 0 5a57186d8ee0 3
present 90304789069404 90304789191696 0 5a57186d8ee0 3
