instance 88514651972155 88514671702541 0 pid 3500678
device 88514672438526 88514791752874 0
swapchain 88514792148174 88514841752387 0 5ed769c67e30 900x560 mode 2 images 4
acquire 88514849996219 88514850031978 0 5ed769c67e30 3
present 88514851055988 88514851251613 0 5ed769c67e30 3
acquire 88514851350717 88514851360286 0 5ed769c67e30 2
present 88514851403308 88514851462603 0 5ed769c67e30 2
acquire 88527182657755 88527182673609 0 5ed769c67e30 1
present 88527182783190 88527182907856 0 5ed769c67e30 1
acquire 88527864226881 88527864246087 0 5ed769c67e30 0
present 88527864398201 88527864553947 0 5ed769c67e30 0
acquire 88528167602811 88528167648906 0 5ed769c67e30 3
present 88528167788798 88528167900823 0 5ed769c67e30 3
acquire 88528470059772 88528470091969 0 5ed769c67e30 2
present 88528470238984 88528470341860 0 5ed769c67e30 2
acquire 88528775341247 88528775375539 0 5ed769c67e30 3
present 88528775491894 88528775616840 0 5ed769c67e30 3
acquire 88529081923372 88529081963041 0 5ed769c67e30 2
present 88529082162158 88529082295136 0 5ed769c67e30 2
acquire 88529383835573 88529383873217 0 5ed769c67e30 3
present 88529383981122 88529384094334 0 5ed769c67e30 3
acquire 88529684926373 88529684960735 0 5ed769c67e30 2
present 88529685169979 88529685325585 0 5ed769c67e30 2
acquire 88529991050761 88529991082259 0 5ed769c67e30 3
present 88529991189884 88529991294227 0 5ed769c67e30 3
acquire 88530294919910 88530294950919 0 5ed769c67e30 2
present 88530295152760 88530295278963 0 5ed769c67e30 2
acquire 88530602838306 88530602863029 0 5ed769c67e30 3
present 88530602968559 88530603105518 0 5ed769c67e30 3
acquire 88530906767169 88530906804324 0 5ed769c67e30 2
present 88530906953645 88530907120146 0 5ed769c67e30 2
acquire 88531214493013 88531214538410 0 5ed769c67e30 3
present 88531214642892 88531214745349 0 5ed769c67e30 3
acquire 88531519635226 88531519671893 0 5ed769c67e30 2
present 88531519844261 88531519976819 0 5ed769c67e30 2
acquire 88531829485777 88531829519999 0 5ed769c67e30 3
present 88531829658773 88531829792658 0 5ed769c67e30 3
acquire 88532131250894 88532131285675 0 5ed769c67e30 2
present 88532131459370 88532131600518 0 5ed769c67e30 2
acquire 88532437910824 88532437957199 0 5ed769c67e30 3
present 88532438119091 88532438239357 0 5ed769c67e30 3
acquire 88532738576155 88532738607653 0 5ed769c67e30 2
present 88532738746497 88532738871932 0 5ed769c67e30 2
acquire 88533046527447 88533046558177 0 5ed769c67e30 3
present 88533046674462 88533046794868 0 5ed769c67e30 3
acquire 88533346650322 88533346680563 0 5ed769c67e30 2
present 88533346823877 88533346945889 0 5ed769c67e30 2
acquire 88533650631079 88533650662507 0 5ed769c67e30 3
present 88533650801142 88533650918754 0 5ed769c67e30 3
acquire 88533957538666 88533957570165 0 5ed769c67e30 2
present 88533957707752 88533957835002 0 5ed769c67e30 2
acquire 88534263488733 88534263519812 0 5ed769c67e30 3
present 88534263672415 88534263790167 0 5ed769c67e30 3
acquire 88534569264965 88534569295696 0 5ed769c67e30 2
present 88534569435587 88534569557111 0 5ed769c67e30 2
acquire 88534871254204 88534871284935 0 5ed769c67e30 3
present 88534871435861 88534871554870 0 5ed769c67e30 3
acquire 88535173483068 88535173514008 0 5ed769c67e30 2
present 88535173657322 88535173786109 0 5ed769c67e30 2
acquire 88535481864723 88535481898526 0 5ed769c67e30 3
present 88535482068589 88535482186900 0 5ed769c67e30 3
acquire 88535789777605 88535789808614 0 5ed769c67e30 2
present 88535789952207 88535790090982 0 5ed769c67e30 2
acquire 88536096718997 88536096747981 0 5ed769c67e30 3
present 88536096886615 88536097019174 0 5ed769c67e30 3
acquire 88536405218195 88536405248645 0 5ed769c67e30 2
present 88536405399781 88536405516556 0 5ed769c67e30 2
acquire 88536709726254 88536709759149 0 5ed769c67e30 3
present 88536709902323 88536710036208 0 5ed769c67e30 3
acquire 88537010492437 88537010526729 0 5ed769c67e30 2
present 88537010674652 88537010791915 0 5ed769c67e30 2
acquire 88537313536906 88537313568405 0 5ed769c67e30 3
present 88537313694677 88537313800906 0 5ed769c67e30 3
acquire 88537618285708 88537618321048 0 5ed769c67e30 2
present 88537618478470 88537618597619 0 5ed769c67e30 2
acquire 88537920958414 88537920992287 0 5ed769c67e30 3
present 88537921143702 88537921258870 0 5ed769c67e30 3
acquire 88538224855155 88538224886444 0 5ed769c67e30 2
present 88538225041002 88538225143249 0 5ed769c67e30 2
acquire 88538532424629 88538532457245 0 5ed769c67e30 3
present 88538532596648 88538532713492 0 5ed769c67e30 3
acquire 88538838462279 88538838502787 0 5ed769c67e30 2
present 88538838688914 88538838822380 0 5ed769c67e30 2
acquire 88539143493030 88539143527811 0 5ed769c67e30 3
present 88539143665608 88539143774699 0 5ed769c67e30 3
acquire 88539443788766 88539443828854 0 5ed769c67e30 2
present 88539443968467 88539444099698 0 5ed769c67e30 2
acquire 88539749964981 88539749996200 0 5ed769c67e30 3
present 88539750154390 88539750271234 0 5ed769c67e30 3
acquire 88540053083413 88540053110651 0 5ed769c67e30 2
present 88540053243559 88540053359635 0 5ed769c67e30 2
acquire 88540356801921 88540356832931 0 5ed769c67e30 3
present 88540356963883 88540357090295 0 5ed769c67e30 3
acquire 88540660324734 88540660356233 0 5ed769c67e30 2
present 88540660523502 88540660641464 0 5ed769c67e30 2
acquire 88540965578210 88540965614387 0 5ed769c67e30 3
present 88540965776139 88540965909117 0 5ed769c67e30 3
acquire 88541269746774 88541269780577 0 5ed769c67e30 2
present 88541269932970 88541270089624 0 5ed769c67e30 2
acquire 88541570872083 88541570904070 0 5ed769c67e30 3
present 88541571059676 88541571172120 0 5ed769c67e30 3
acquire 88541875332793 88541875371904 0 5ed769c67e30 2
present 88541875528208 88541875652665 0 5ed769c67e30 2
acquire 88542181813586 88542181846481 0 5ed769c67e30 3
present 88542182034563 88542182188633 0 5ed769c67e30 3
acquire 88542486996803 88542487052675 0 5ed769c67e30 2
present 88542487218269 88542487345030 0 5ed769c67e30 2
acquire 88542791303443 88542791338294 0 5ed769c67e30 3
present 88542791489989 88542791609208 0 5ed769c67e30 3
acquire 88543099088241 88543099119739 0 5ed769c67e30 2
present 88543099266615 88543099384087 0 5ed769c67e30 2
acquire 88543401528588 88543401566303 0 5ed769c67e30 3
present 88543401743839 88543401857889 0 5ed769c67e30 3
acquire 88543705103575 88543705135562 0 5ed769c67e30 2
present 88543705287885 88543705403682 0 5ed769c67e30 2
acquire 88544013211038 88544013252663 0 5ed769c67e30 3
present 88544013488237 88544013624637 0 5ed769c67e30 3
acquire 88544317179649 88544317210379 0 5ed769c67e30 2
present 88544317348385 88544317463274 0 5ed769c67e30 2
acquire 88544621769427 88544621798970 0 5ed769c67e30 3
present 88544621950245 88544622079591 0 5ed769c67e30 3
acquire 88544922046028 88544922080390 0 5ed769c67e30 2
present 88544922244936 88544922353120 0 5ed769c67e30 2
acquire 88545224130397 88545224166575 0 5ed769c67e30 3
present 88545224318339 88545224435114 0 5ed769c67e30 3
acquire 88545525492958 88545525546736 0 5ed769c67e30 2
present 88545525751021 88545525875757 0 5ed769c67e30 2
acquire 88545826030696 88545826067852 0 5ed769c67e30 3
present 88545826220105 88545826345051 0 5ed769c67e30 3
