instance 92196393168702 92196404797884 0 pid 4077485
device 92196405536174 92196519483906 0
swapchain 92196519886121 92196572593915 0 633b91214ee0 900x560 mode 2 images 4
acquire 92196579516920 92196579530329 0 633b91214ee0 3
present 92196580528639 92196580719445 0 633b91214ee0 3
acquire 92196580812473 92196580820994 0 633b91214ee0 2
present 92196580866251 92196580924847 0 633b91214ee0 2
acquire 92208905900647 92208905923415 0 633b91214ee0 1
present 92208906047313 92208906175122 0 633b91214ee0 1
acquire 92209587046557 92209587062760 0 633b91214ee0 0
present 92209587177579 92209587296728 0 633b91214ee0 0
acquire 92209888367035 92209888405936 0 633b91214ee0 3
present 92209888626983 92209888775116 0 633b91214ee0 3
acquire 92210192585638 92210192615670 0 633b91214ee0 2
present 92210192755632 92210192853689 0 633b91214ee0 2
acquire 92210497204711 92210497234813 0 633b91214ee0 3
present 92210497387485 92210497496018 0 633b91214ee0 3
acquire 92210804452743 92210804486127 0 633b91214ee0 2
present 92210804655980 92210804773034 0 633b91214ee0 2
acquire 92211105707151 92211105738160 0 633b91214ee0 3
present 92211105883988 92211105995734 0 633b91214ee0 3
acquire 92211407431590 92211407467907 0 633b91214ee0 2
present 92211407619951 92211407736656 0 633b91214ee0 2
acquire 92211712903702 92211712941416 0 633b91214ee0 3
present 92211713150730 92211713280984 0 633b91214ee0 3
acquire 92212017538979 92212017577740 0 633b91214ee0 2
present 92212017737048 92212017865346 0 633b91214ee0 2
acquire 92212324506389 92212324542986 0 633b91214ee0 3
present 92212324720173 92212324845258 0 633b91214ee0 3
acquire 92212628982498 92212629028803 0 633b91214ee0 2
present 92212629195514 92212629321228 0 633b91214ee0 2
acquire 92212935622983 92212935666703 0 633b91214ee0 3
present 92212935839770 92212935969325 0 633b91214ee0 3
acquire 92213241868376 92213241894707 0 633b91214ee0 2
present 92213242118687 92213242231201 0 633b91214ee0 2
acquire 92213548595883 92213548635972 0 633b91214ee0 3
present 92213548813019 92213548933705 0 633b91214ee0 3
acquire 92213853466176 92213853501516 0 633b91214ee0 2
present 92213853656563 92213853781997 0 633b91214ee0 2
acquire 92214155872754 92214155910189 0 633b91214ee0 3
present 92214156124042 92214156244239 0 633b91214ee0 3
acquire 92214460906615 92214460941465 0 633b91214ee0 2
present 92214461118443 92214461238569 0 633b91214ee0 2
acquire 92214762175063 92214762204605 0 633b91214ee0 3
present 92214762349665 92214762451633 0 633b91214ee0 3
acquire 92215068983097 92215069025700 0 633b91214ee0 2
present 92215069182144 92215069306112 0 633b91214ee0 2
acquire 92215372972065 92215373022211 0 633b91214ee0 3
present 92215373188642 92215373310864 0 633b91214ee0 3
acquire 92215679990810 92215680070988 0 633b91214ee0 2
present 92215680225616 92215680338340 0 633b91214ee0 2
acquire 92215985946015 92215985983939 0 633b91214ee0 3
present 92215986205056 92215986325951 0 633b91214ee0 3
acquire 92216291708948 92216291747081 0 633b91214ee0 2
present 92216291926154 92216292059131 0 633b91214ee0 2
acquire 92216593705560 92216593739433 0 633b91214ee0 3
present 92216593917877 92216594054765 0 633b91214ee0 3
acquire 92216895946267 92216895983143 0 633b91214ee0 2
present 92216896207193 92216896339542 0 633b91214ee0 2
acquire 92217204309384 92217204343536 0 633b91214ee0 3
present 92217204494183 92217204607885 0 633b91214ee0 3
acquire 92217512215042 92217512248985 0 633b91214ee0 2
present 92217512399422 92217512515359 0 633b91214ee0 2
acquire 92217819250759 92217819286588 0 633b91214ee0 3
present 92217819444917 92217819558968 0 633b91214ee0 3
acquire 92218127781006 92218127821444 0 633b91214ee0 2
present 92218128037393 92218128156193 0 633b91214ee0 2
acquire 92218432244756 92218432280584 0 633b91214ee0 3
present 92218432439194 92218432559041 0 633b91214ee0 3
acquire 92218732967607 92218733010559 0 633b91214ee0 2
present 92218733168190 92218733282660 0 633b91214ee0 2
acquire 92219036096553 92219036128959 0 633b91214ee0 3
present 92219036291969 92219036412165 0 633b91214ee0 3
acquire 92219340830867 92219340867674 0 633b91214ee0 2
present 92219341053730 92219341183495 0 633b91214ee0 2
acquire 92219643517650 92219643568215 0 633b91214ee0 3
present 92219643734786 92219643857357 0 633b91214ee0 3
acquire 92219947556697 92219947597204 0 633b91214ee0 2
present 92219947786334 92219947933489 0 633b91214ee0 2
acquire 92220255055671 92220255089753 0 633b91214ee0 3
present 92220255240191 92220255356826 0 633b91214ee0 3
acquire 92220561124998 92220561168998 0 633b91214ee0 2
present 92220561326141 92220561459537 0 633b91214ee0 2
acquire 92220866113395 92220866145801 0 633b91214ee0 3
present 92220866293096 92220866414201 0 633b91214ee0 3
acquire 92221166497308 92221166548921 0 633b91214ee0 2
present 92221166731066 92221166861320 0 633b91214ee0 2
acquire 92221472675937 92221472713162 0 633b91214ee0 3
present 92221472875892 92221472990851 0 633b91214ee0 3
acquire 92221775773037 92221775810612 0 633b91214ee0 2
present 92221775969849 92221776107925 0 633b91214ee0 2
acquire 92222079532231 92222079570853 0 633b91214ee0 3
present 92222079741824 92222079864116 0 633b91214ee0 3
acquire 92222383054105 92222383107883 0 633b91214ee0 2
present 92222383305952 92222383441234 0 633b91214ee0 2
acquire 92222688212985 92222688262572 0 633b91214ee0 3
present 92222688438641 92222688563587 0 633b91214ee0 3
acquire 92222992398489 92222992429009 0 633b91214ee0 2
present 92222992565409 92222992667936 0 633b91214ee0 2
acquire 92223293543252 92223293572794 0 633b91214ee0 3
present 92223293717086 92223293820451 0 633b91214ee0 3
acquire 92223597942470 92223597980603 0 633b91214ee0 2
present 92223598138793 92223598262761 0 633b91214ee0 2
acquire 92223904451448 92223904486858 0 633b91214ee0 3
present 92223904662927 92223904789200 0 633b91214ee0 3
acquire 92224209544678 92224209577573 0 633b91214ee0 2
present 92224209724868 92224209848487 0 633b91214ee0 2
acquire 92224513902272 92224513946690 0 633b91214ee0 3
present 92224514226334 92224514352607 0 633b91214ee0 3
acquire 92224821643177 92224821675584 0 633b91214ee0 2
present 92224821821482 92224821955088 0 633b91214ee0 2
acquire 92225124107099 92225124143766 0 633b91214ee0 3
present 92225124314108 92225124445200 0 633b91214ee0 3
acquire 92225427679679 92225427715997 0 633b91214ee0 2
present 92225427874606 92225427998853 0 633b91214ee0 2
acquire 92225735698274 92225735747652 0 633b91214ee0 3
present 92225735905981 92225736064870 0 633b91214ee0 3
acquire 92226039839779 92226039876306 0 633b91214ee0 2
present 92226040104617 92226040235569 0 633b91214ee0 2
acquire 92226344673900 92226344711055 0 633b91214ee0 3
present 92226344872109 92226344986438 0 633b91214ee0 3
acquire 92226644933009 92226644962831 0 633b91214ee0 2
present 92226645108729 92226645212792 0 633b91214ee0 2
acquire 92226947068678 92226947104577 0 633b91214ee0 3
present 92226947262417 92226947385896 0 633b91214ee0 3
acquire 92227248260865 92227248299417 0 633b91214ee0 2
present 92227248472553 92227248585207 0 633b91214ee0 2
acquire 92227548833700 92227548872532 0 633b91214ee0 3
present 92227549047763 92227549172779 0 633b91214ee0 3
