instance 77305163491692 77305179483361 0 pid 1842817
device 77305180213271 77305314022988 0
swapchain 77305314398943 77305365106415 0 56ace1784eb0 900x560 mode 2 images 4
acquire 77305382394825 77305382408094 0 56ace1784eb0 3
present 77305382560488 77305382750176 0 56ace1784eb0 3
acquire 77305384617869 77305384630859 0 56ace1784eb0 2
present 77305384814890 77305384928662 1000001003 56ace1784eb0 2
swapchain 77305385673378 77305388739405 0 56ace18fb270 900x560 mode 2 images 4
acquire 77305390153548 77305390163186 0 56ace18fb270 3
present 77305390323961 77305390404907 0 56ace18fb270 3
acquire 77317746993582 77317747018446 0 56ace18fb270 2
present 77317747260725 77317747400966 0 56ace18fb270 2
acquire 77318422912160 77318422928783 0 56ace18fb270 1
present 77318423111627 77318423231334 0 56ace18fb270 1
acquire 77318729257955 77318729273670 0 56ace18fb270 0
present 77318729415447 77318729533758 0 56ace18fb270 0
acquire 77319028421076 77319028456206 0 56ace18fb270 3
present 77319028658816 77319028763577 0 56ace18fb270 3
acquire 77319338975010 77319339013633 0 56ace18fb270 2
present 77319339207651 77319339334483 0 56ace18fb270 2
acquire 77319640421448 77319640450013 0 56ace18fb270 3
present 77319640674692 77319640796356 0 56ace18fb270 3
acquire 77319947270519 77319947302506 0 56ace18fb270 2
present 77319947475852 77319947581871 0 56ace18fb270 2
acquire 77320243108293 77320243138813 0 56ace18fb270 3
present 77320243336184 77320243444927 0 56ace18fb270 3
acquire 77320553744779 77320553776277 0 56ace18fb270 2
present 77320553953884 77320554076245 0 56ace18fb270 2
acquire 77320853421372 77320853452801 0 56ace18fb270 3
present 77320853650661 77320853758635 0 56ace18fb270 3
acquire 77321165250187 77321165279031 0 56ace18fb270 2
present 77321165461177 77321165565310 0 56ace18fb270 2
acquire 77321465216970 77321465251681 0 56ace18fb270 3
present 77321465478804 77321465614646 0 56ace18fb270 3
acquire 77321776422103 77321776452065 0 56ace18fb270 2
present 77321776621779 77321776728287 0 56ace18fb270 2
acquire 77322077750230 77322077785150 0 56ace18fb270 3
present 77322078427480 77322078546210 0 56ace18fb270 3
acquire 77322389489578 77322389523032 0 56ace18fb270 2
present 77322389722498 77322389846047 0 56ace18fb270 2
acquire 77322689397974 77322689432825 0 56ace18fb270 3
present 77322689632710 77322689741872 0 56ace18fb270 3
acquire 77322996921989 77322996950135 0 56ace18fb270 2
present 77322997145062 77322997253246 0 56ace18fb270 2
acquire 77323296700550 77323296729604 0 56ace18fb270 3
present 77323296921458 77323297038023 0 56ace18fb270 3
acquire 77323603531113 77323603556186 0 56ace18fb270 2
present 77323603721569 77323603828007 0 56ace18fb270 2
acquire 77323904823830 77323904849532 0 56ace18fb270 3
present 77323905049487 77323905152991 0 56ace18fb270 3
acquire 77324219143809 77324219176215 0 56ace18fb270 2
present 77324219383992 77324219509427 0 56ace18fb270 2
acquire 77324515961524 77324515988203 0 56ace18fb270 3
present 77324516189346 77324516306400 0 56ace18fb270 3
acquire 77324826571890 77324826602899 0 56ace18fb270 2
present 77324826806276 77324826911318 0 56ace18fb270 2
acquire 77325127440322 77325127473217 0 56ace18fb270 3
present 77325127673661 77325127779471 0 56ace18fb270 3
acquire 77325434565893 77325434597322 0 56ace18fb270 2
present 77325434796299 77325434899245 0 56ace18fb270 2
acquire 77325731749925 77325731781424 0 56ace18fb270 3
present 77325732022446 77325732144947 0 56ace18fb270 3
acquire 77326044839862 77326044869963 0 56ace18fb270 2
present 77326045090941 77326045195772 0 56ace18fb270 2
acquire 77326347838100 77326347868132 0 56ace18fb270 3
present 77326348080589 77326348188144 0 56ace18fb270 3
acquire 77326660010952 77326660042939 0 56ace18fb270 2
present 77326660245828 77326660358272 0 56ace18fb270 2
acquire 77326963660948 77326963690980 0 56ace18fb270 3
present 77326963887652 77326963989970 0 56ace18fb270 3
acquire 77327272934414 77327272967798 0 56ace18fb270 2
present 77327273222509 77327273326572 0 56ace18fb270 2
acquire 77327568918855 77327568951261 0 56ace18fb270 3
present 77327569164975 77327569274695 0 56ace18fb270 3
acquire 77327876883218 77327876916323 0 56ace18fb270 2
present 77327877131434 77327877236056 0 56ace18fb270 2
acquire 77328176409304 77328176439824 0 56ace18fb270 3
present 77328176643062 77328176743633 0 56ace18fb270 3
acquire 77328484066296 77328484095769 0 56ace18fb270 2
present 77328484305712 77328484410683 0 56ace18fb270 2
acquire 77328783259170 77328783290598 0 56ace18fb270 3
present 77328783484826 77328783587214 0 56ace18fb270 3
acquire 77329095702865 77329095734364 0 56ace18fb270 2
present 77329095952967 77329096083151 0 56ace18fb270 2
acquire 77329396822726 77329396853735 0 56ace18fb270 3
present 77329397063119 77329397165786 0 56ace18fb270 3
acquire 77329706971861 77329707014673 0 56ace18fb270 2
present 77329707219168 77329707326723 0 56ace18fb270 2
acquire 77330002082658 77330002112969 0 56ace18fb270 3
present 77330002319070 77330002427813 0 56ace18fb270 3
acquire 77330313509746 77330313539359 0 56ace18fb270 2
present 77330313738336 77330313849384 0 56ace18fb270 2
acquire 77330611618964 77330611648926 0 56ace18fb270 3
present 77330611851954 77330611954760 0 56ace18fb270 3
acquire 77330920688843 77330920724532 0 56ace18fb270 2
present 77330920926303 77330921050760 0 56ace18fb270 2
acquire 77331218958835 77331218989914 0 56ace18fb270 3
present 77331219214803 77331219316771 0 56ace18fb270 3
acquire 77331529152668 77331529186541 0 56ace18fb270 2
present 77331529392293 77331529499569 0 56ace18fb270 2
acquire 77331828513300 77331828544728 0 56ace18fb270 3
present 77331828752436 77331828855312 0 56ace18fb270 3
acquire 77332134873901 77332134906307 0 56ace18fb270 2
present 77332135130567 77332135252440 0 56ace18fb270 2
acquire 77332434042888 77332434075085 0 56ace18fb270 3
present 77332434284958 77332434409973 0 56ace18fb270 3
acquire 77332745476192 77332745505246 0 56ace18fb270 2
present 77332745724687 77332745837131 0 56ace18fb270 2
acquire 77333045630568 77333045661089 0 56ace18fb270 3
present 77333045862022 77333045964619 0 56ace18fb270 3
acquire 77333355234663 77333355270980 0 56ace18fb270 2
present 77333355485322 77333355596579 0 56ace18fb270 2
acquire 77333657772927 77333657803448 0 56ace18fb270 3
present 77333658017022 77333658118780 0 56ace18fb270 3
acquire 77333965471405 77333965502275 0 56ace18fb270 2
present 77333965721367 77333965838630 0 56ace18fb270 2
acquire 77334263933880 77334263963911 0 56ace18fb270 3
present 77334264199765 77334264300406 0 56ace18fb270 3
acquire 77334576313810 77334576345309 0 56ace18fb270 2
present 77334576548616 77334576653518 0 56ace18fb270 2
acquire 77334875668436 77334875699445 0 56ace18fb270 3
present 77334875894092 77334875998575 0 56ace18fb270 3
acquire 77335185926872 77335185957392 0 56ace18fb270 2
present 77335186184516 77335186289557 0 56ace18fb270 2
acquire 77335480939263 77335480976837 0 56ace18fb270 3
present 77335481229034 77335481332887 0 56ace18fb270 3
acquire 77335787877869 77335787910066 0 56ace18fb270 2
present 77335788121964 77335788225119 0 56ace18fb270 2
acquire 77336084016169 77336084051439 0 56ace18fb270 3
present 77336084256004 77336084361464 0 56ace18fb270 3
acquire 77336389227395 77336389264061 0 56ace18fb270 2
present 77336389546848 77336389676613 0 56ace18fb270 2
swapchain 77337397317978 77337400559795 0 56ace191ac50 1100x700 mode 2 images 4
acquire 77337407175429 77337407189676 0 56ace191ac50 3
present 77337407372241 77337407489155 0 56ace191ac50 3
acquire 77337408982010 77337408995489 0 56ace191ac50 2
present 77337409209552 77337409339806 0 56ace191ac50 2
swapchain 77338905605047 77338908884997 0 56ace18fb270 640x760 mode 2 images 4
acquire 77338915374917 77338915389304 0 56ace18fb270 3
present 77338915580529 77338915693532 0 56ace18fb270 3
swapchain 77340414603588 77340417791697 0 56ace191ac50 1280x480 mode 2 images 4
acquire 77340423976760 77340423987166 0 56ace191ac50 3
present 77340424168613 77340424277635 0 56ace191ac50 3
acquire 77340425544903 77340425553005 0 56ace191ac50 2
present 77340425677601 77340425751563 0 56ace191ac50 2
swapchain 77341922671146 77341927156345 0 56ace18fbd80 760x560 mode 2 images 4
acquire 77341933398887 77341933409363 0 56ace18fbd80 3
present 77341933584455 77341933717083 0 56ace18fbd80 3
swapchain 77343431696505 77343435191357 0 56ace18fe460 900x560 mode 2 images 4
acquire 77343441535378 77343441546692 0 56ace18fe460 3
present 77343441717454 77343441825359 0 56ace18fe460 3
