launch_mono_ns 87656679496482
assets ready in 246 ms: font, PNG (Ocula), SVG (Splina + Dithra), text, layout
GPU 0: NVIDIA GeForce RTX 3050 Laptop GPU (discrete, vendor 4318, device 9698, Vulkan 1.4.341, 4096 MiB device-local, max image 32768)
queue family 0, swapchain 900x560, format 44, 4 images, retained canvas, 2 frames in flight, validation layer off (not installed)
window and GPU ready in 227 ms
redraw 1 at 477 ms: scene + GPU 4 ms, whole, 235 quads, 93 glyphs cached, atlas 91 entries, 84131 texels uploaded
input: mapped expose
redraw 2 at 478 ms: scene + GPU 1 ms, damage only, 0 quads, 93 glyphs cached, atlas 91 entries, 84131 texels uploaded
input: moved
input: focus-in
input: key-down 9
redraw 3 at 12820 ms: scene + GPU 0 ms, damage only, 11 quads, 93 glyphs cached, atlas 91 entries, 84131 texels uploaded
input: key-up 9
input: key-down 32
redraw 4 at 13501 ms: scene + GPU 0 ms, damage only, 11 quads, 93 glyphs cached, atlas 91 entries, 84131 texels uploaded
input: key-up 32 -> 1 activation(s)
redraw 5 at 13805 ms: scene + GPU 2 ms, damage only, 26 quads, 95 glyphs cached, atlas 93 entries, 84299 texels uploaded
input: key-down 32
redraw 6 at 14107 ms: scene + GPU 1 ms, damage only, 11 quads, 95 glyphs cached, atlas 93 entries, 84299 texels uploaded
input: key-up 32 -> 1 activation(s)
redraw 7 at 14414 ms: scene + GPU 3 ms, damage only, 28 quads, 96 glyphs cached, atlas 94 entries, 84407 texels uploaded
input: key-down 32
redraw 8 at 14719 ms: scene + GPU 1 ms, damage only, 11 quads, 96 glyphs cached, atlas 94 entries, 84407 texels uploaded
input: key-up 32 -> 1 activation(s)
redraw 9 at 15021 ms: scene + GPU 1 ms, damage only, 28 quads, 97 glyphs cached, atlas 95 entries, 84524 texels uploaded
input: key-down 32
redraw 10 at 15322 ms: scene + GPU 1 ms, damage only, 11 quads, 97 glyphs cached, atlas 95 entries, 84524 texels uploaded
input: key-up 32 -> 1 activation(s)
redraw 11 at 15628 ms: scene + GPU 1 ms, damage only, 28 quads, 98 glyphs cached, atlas 96 entries, 84632 texels uploaded
input: key-down 32
redraw 12 at 15932 ms: scene + GPU 1 ms, damage only, 11 quads, 98 glyphs cached, atlas 96 entries, 84632 texels uploaded
input: key-up 32 -> 1 activation(s)
redraw 13 at 16239 ms: scene + GPU 1 ms, damage only, 28 quads, 99 glyphs cached, atlas 97 entries, 84749 texels uploaded
input: key-down 32
redraw 14 at 16543 ms: scene + GPU 0 ms, damage only, 11 quads, 99 glyphs cached, atlas 97 entries, 84749 texels uploaded
input: key-up 32 -> 1 activation(s)
redraw 15 at 16851 ms: scene + GPU 2 ms, damage only, 28 quads, 100 glyphs cached, atlas 98 entries, 84866 texels uploaded
input: key-down 32
redraw 16 at 17156 ms: scene + GPU 0 ms, damage only, 11 quads, 100 glyphs cached, atlas 98 entries, 84866 texels uploaded
input: key-up 32 -> 1 activation(s)
redraw 17 at 17464 ms: scene + GPU 2 ms, damage only, 28 quads, 101 glyphs cached, atlas 99 entries, 84974 texels uploaded
input: key-down 32
redraw 18 at 17768 ms: scene + GPU 1 ms, damage only, 11 quads, 101 glyphs cached, atlas 99 entries, 84974 texels uploaded
input: key-up 32 -> 1 activation(s)
redraw 19 at 18074 ms: scene + GPU 4 ms, damage only, 28 quads, 102 glyphs cached, atlas 100 entries, 85091 texels uploaded
input: key-down 32
redraw 20 at 18375 ms: scene + GPU 0 ms, damage only, 11 quads, 102 glyphs cached, atlas 100 entries, 85091 texels uploaded
input: key-up 32 -> 1 activation(s)
redraw 21 at 18677 ms: scene + GPU 1 ms, damage only, 28 quads, 103 glyphs cached, atlas 101 entries, 85208 texels uploaded
input: key-down 32
redraw 22 at 18983 ms: scene + GPU 0 ms, damage only, 11 quads, 103 glyphs cached, atlas 101 entries, 85208 texels uploaded
input: key-up 32 -> 1 activation(s)
redraw 23 at 19289 ms: scene + GPU 2 ms, damage only, 29 quads, 104 glyphs cached, atlas 102 entries, 85325 texels uploaded
input: key-down 32
redraw 24 at 19594 ms: scene + GPU 0 ms, damage only, 11 quads, 104 glyphs cached, atlas 102 entries, 85325 texels uploaded
input: key-up 32 -> 1 activation(s)
redraw 25 at 19900 ms: scene + GPU 0 ms, damage only, 29 quads, 104 glyphs cached, atlas 102 entries, 85325 texels uploaded
input: key-down 32
redraw 26 at 20206 ms: scene + GPU 0 ms, damage only, 11 quads, 104 glyphs cached, atlas 102 entries, 85325 texels uploaded
input: key-up 32 -> 1 activation(s)
redraw 27 at 20508 ms: scene + GPU 0 ms, damage only, 29 quads, 104 glyphs cached, atlas 102 entries, 85325 texels uploaded
input: key-down 32
redraw 28 at 20811 ms: scene + GPU 1 ms, damage only, 11 quads, 104 glyphs cached, atlas 102 entries, 85325 texels uploaded
input: key-up 32 -> 1 activation(s)
redraw 29 at 21119 ms: scene + GPU 1 ms, damage only, 29 quads, 104 glyphs cached, atlas 102 entries, 85325 texels uploaded
input: key-down 32
redraw 30 at 21427 ms: scene + GPU 1 ms, damage only, 11 quads, 104 glyphs cached, atlas 102 entries, 85325 texels uploaded
input: key-up 32 -> 1 activation(s)
redraw 31 at 21734 ms: scene + GPU 1 ms, damage only, 29 quads, 104 glyphs cached, atlas 102 entries, 85325 texels uploaded
input: key-down 32
redraw 32 at 22042 ms: scene + GPU 0 ms, damage only, 11 quads, 104 glyphs cached, atlas 102 entries, 85325 texels uploaded
input: key-up 32 -> 1 activation(s)
redraw 33 at 22347 ms: scene + GPU 1 ms, damage only, 29 quads, 104 glyphs cached, atlas 102 entries, 85325 texels uploaded
input: key-down 32
redraw 34 at 22647 ms: scene + GPU 0 ms, damage only, 11 quads, 104 glyphs cached, atlas 102 entries, 85325 texels uploaded
input: key-up 32 -> 1 activation(s)
redraw 35 at 22951 ms: scene + GPU 1 ms, damage only, 29 quads, 104 glyphs cached, atlas 102 entries, 85325 texels uploaded
input: key-down 32
redraw 36 at 23255 ms: scene + GPU 0 ms, damage only, 11 quads, 104 glyphs cached, atlas 102 entries, 85325 texels uploaded
input: key-up 32 -> 1 activation(s)
redraw 37 at 23558 ms: scene + GPU 1 ms, damage only, 29 quads, 104 glyphs cached, atlas 102 entries, 85325 texels uploaded
input: key-down 32
redraw 38 at 23862 ms: scene + GPU 1 ms, damage only, 11 quads, 104 glyphs cached, atlas 102 entries, 85325 texels uploaded
input: key-up 32 -> 1 activation(s)
redraw 39 at 24169 ms: scene + GPU 0 ms, damage only, 29 quads, 104 glyphs cached, atlas 102 entries, 85325 texels uploaded
input: key-down 32
redraw 40 at 24475 ms: scene + GPU 0 ms, damage only, 11 quads, 104 glyphs cached, atlas 102 entries, 85325 texels uploaded
input: key-up 32 -> 1 activation(s)
redraw 41 at 24781 ms: scene + GPU 1 ms, damage only, 29 quads, 104 glyphs cached, atlas 102 entries, 85325 texels uploaded
input: key-down 32
redraw 42 at 25081 ms: scene + GPU 1 ms, damage only, 11 quads, 104 glyphs cached, atlas 102 entries, 85325 texels uploaded
input: key-up 32 -> 1 activation(s)
redraw 43 at 25387 ms: scene + GPU 0 ms, damage only, 29 quads, 104 glyphs cached, atlas 102 entries, 85325 texels uploaded
input: key-down 32
redraw 44 at 25690 ms: scene + GPU 0 ms, damage only, 11 quads, 104 glyphs cached, atlas 102 entries, 85325 texels uploaded
input: key-up 32 -> 1 activation(s)
redraw 45 at 25994 ms: scene + GPU 1 ms, damage only, 29 quads, 104 glyphs cached, atlas 102 entries, 85325 texels uploaded
input: key-down 32
redraw 46 at 26297 ms: scene + GPU 0 ms, damage only, 11 quads, 104 glyphs cached, atlas 102 entries, 85325 texels uploaded
input: key-up 32 -> 1 activation(s)
redraw 47 at 26603 ms: scene + GPU 1 ms, damage only, 29 quads, 104 glyphs cached, atlas 102 entries, 85325 texels uploaded
input: key-down 32
redraw 48 at 26907 ms: scene + GPU 1 ms, damage only, 11 quads, 104 glyphs cached, atlas 102 entries, 85325 texels uploaded
input: key-up 32 -> 1 activation(s)
redraw 49 at 27208 ms: scene + GPU 1 ms, damage only, 29 quads, 104 glyphs cached, atlas 102 entries, 85325 texels uploaded
input: key-down 32
redraw 50 at 27512 ms: scene + GPU 0 ms, damage only, 11 quads, 104 glyphs cached, atlas 102 entries, 85325 texels uploaded
input: key-up 32 -> 1 activation(s)
redraw 51 at 27819 ms: scene + GPU 1 ms, damage only, 29 quads, 104 glyphs cached, atlas 102 entries, 85325 texels uploaded
input: key-down 32
redraw 52 at 28124 ms: scene + GPU 1 ms, damage only, 11 quads, 104 glyphs cached, atlas 102 entries, 85325 texels uploaded
input: key-up 32 -> 1 activation(s)
redraw 53 at 28428 ms: scene + GPU 0 ms, damage only, 29 quads, 104 glyphs cached, atlas 102 entries, 85325 texels uploaded
input: key-down 32
redraw 54 at 28736 ms: scene + GPU 0 ms, damage only, 11 quads, 104 glyphs cached, atlas 102 entries, 85325 texels uploaded
input: key-up 32 -> 1 activation(s)
redraw 55 at 29038 ms: scene + GPU 0 ms, damage only, 29 quads, 104 glyphs cached, atlas 102 entries, 85325 texels uploaded
input: key-down 32
redraw 56 at 29342 ms: scene + GPU 0 ms, damage only, 11 quads, 104 glyphs cached, atlas 102 entries, 85325 texels uploaded
input: key-up 32 -> 1 activation(s)
redraw 57 at 29650 ms: scene + GPU 0 ms, damage only, 29 quads, 104 glyphs cached, atlas 102 entries, 85325 texels uploaded
input: key-down 32
redraw 58 at 29954 ms: scene + GPU 0 ms, damage only, 11 quads, 104 glyphs cached, atlas 102 entries, 85325 texels uploaded
input: key-up 32 -> 1 activation(s)
redraw 59 at 30259 ms: scene + GPU 1 ms, damage only, 29 quads, 104 glyphs cached, atlas 102 entries, 85325 texels uploaded
input: key-down 32
redraw 60 at 30559 ms: scene + GPU 0 ms, damage only, 11 quads, 104 glyphs cached, atlas 102 entries, 85325 texels uploaded
input: key-up 32 -> 1 activation(s)
redraw 61 at 30861 ms: scene + GPU 0 ms, damage only, 29 quads, 104 glyphs cached, atlas 102 entries, 85325 texels uploaded
input: key-down 32
redraw 62 at 31162 ms: scene + GPU 0 ms, damage only, 11 quads, 104 glyphs cached, atlas 102 entries, 85325 texels uploaded
input: key-up 32 -> 1 activation(s)
redraw 63 at 31463 ms: scene + GPU 1 ms, damage only, 29 quads, 104 glyphs cached, atlas 102 entries, 85325 texels uploaded
input: resize 1100x700 moved
redraw 64 at 32489 ms: scene + GPU 1 ms, whole, 222 quads, 104 glyphs cached, atlas 102 entries, 85325 texels uploaded
input: expose
redraw 65 at 32490 ms: scene + GPU 1 ms, damage only, 0 quads, 104 glyphs cached, atlas 102 entries, 85325 texels uploaded
input: resize 640x760 expose moved
redraw 66 at 33993 ms: scene + GPU 0 ms, whole, 222 quads, 104 glyphs cached, atlas 102 entries, 85325 texels uploaded
input: resize 1280x480 moved
redraw 67 at 35506 ms: scene + GPU 1 ms, whole, 222 quads, 104 glyphs cached, atlas 102 entries, 85325 texels uploaded
input: expose
redraw 68 at 35506 ms: scene + GPU 0 ms, damage only, 0 quads, 104 glyphs cached, atlas 102 entries, 85325 texels uploaded
input: resize 760x560 expose moved
redraw 69 at 37017 ms: scene + GPU 1 ms, whole, 222 quads, 104 glyphs cached, atlas 102 entries, 85325 texels uploaded
input: resize 900x560 moved
redraw 70 at 38525 ms: scene + GPU 1 ms, whole, 222 quads, 104 glyphs cached, atlas 102 entries, 85325 texels uploaded
input: expose
redraw 71 at 38526 ms: scene + GPU 1 ms, damage only, 0 quads, 104 glyphs cached, atlas 102 entries, 85325 texels uploaded
input: close
frames presented: 71, redraws: 71, clicks: 30
teardown: 0 native objects left; driver messages: 0 warnings, 0 errors
window objects left: 0
exit=0
