instance 87656979116801 87656989647247 0 pid 3370218
device 87656990344332 87657092954173 0
swapchain 87657093345632 87657148948021 0 5ec42dcc7e30 900x560 mode 2 images 4
acquire 87657157335180 87657157350405 0 5ec42dcc7e30 3
present 87657157524799 87657157723357 0 5ec42dcc7e30 3
acquire 87657157941332 87657157950411 0 5ec42dcc7e30 2
present 87657157995738 87657158075497 0 5ec42dcc7e30 2
acquire 87669500619645 87669500635708 0 5ec42dcc7e30 1
present 87669500742216 87669500869536 0 5ec42dcc7e30 1
acquire 87670181556386 87670181576151 0 5ec42dcc7e30 0
present 87670181705986 87670181842944 0 5ec42dcc7e30 0
acquire 87670484947080 87670485021810 0 5ec42dcc7e30 3
present 87670485150947 87670485264509 0 5ec42dcc7e30 3
acquire 87670787085313 87670787128056 0 5ec42dcc7e30 2
present 87670787271510 87670787366424 0 5ec42dcc7e30 2
acquire 87671094192746 87671094222079 0 5ec42dcc7e30 3
present 87671094338854 87671094457095 0 5ec42dcc7e30 3
acquire 87671398948138 87671398979636 0 5ec42dcc7e30 2
present 87671399175750 87671399301185 0 5ec42dcc7e30 2
acquire 87671700926573 87671700958561 0 5ec42dcc7e30 3
present 87671701102713 87671701209151 0 5ec42dcc7e30 3
acquire 87672001997004 87672002046521 0 5ec42dcc7e30 2
present 87672002202616 87672002324210 0 5ec42dcc7e30 2
acquire 87672308013447 87672308047740 0 5ec42dcc7e30 3
present 87672308167447 87672308281358 0 5ec42dcc7e30 3
acquire 87672612032154 87672612064630 0 5ec42dcc7e30 2
present 87672612190414 87672612316058 0 5ec42dcc7e30 2
acquire 87672919664723 87672919696710 0 5ec42dcc7e30 3
present 87672919808246 87672919917618 0 5ec42dcc7e30 3
acquire 87673223539905 87673223585721 0 5ec42dcc7e30 2
present 87673223745588 87673223869905 0 5ec42dcc7e30 2
acquire 87673530874183 87673530912246 0 5ec42dcc7e30 3
present 87673531050881 87673531167935 0 5ec42dcc7e30 3
acquire 87673836461173 87673836492671 0 5ec42dcc7e30 2
present 87673836638081 87673836764423 0 5ec42dcc7e30 2
acquire 87674143843990 87674143875488 0 5ec42dcc7e30 3
present 87674143991494 87674144124053 0 5ec42dcc7e30 3
acquire 87674447978423 87674448026822 0 5ec42dcc7e30 2
present 87674448191578 87674448324975 0 5ec42dcc7e30 2
acquire 87674754017425 87674754046758 0 5ec42dcc7e30 3
present 87674754158434 87674754283240 0 5ec42dcc7e30 3
acquire 87675055473448 87675055504947 0 5ec42dcc7e30 2
present 87675055635410 87675055757632 0 5ec42dcc7e30 2
acquire 87675357578226 87675357615801 0 5ec42dcc7e30 3
present 87675357768962 87675357897331 0 5ec42dcc7e30 3
acquire 87675663556117 87675663584682 0 5ec42dcc7e30 2
present 87675663714447 87675663825914 0 5ec42dcc7e30 2
acquire 87675969509564 87675969544904 0 5ec42dcc7e30 3
present 87675969691710 87675969822383 0 5ec42dcc7e30 3
acquire 87676274525672 87676274566809 0 5ec42dcc7e30 2
present 87676274752307 87676274884027 0 5ec42dcc7e30 2
acquire 87676580476185 87676580505309 0 5ec42dcc7e30 3
present 87676580619919 87676580728591 0 5ec42dcc7e30 3
acquire 87676886308807 87676886344845 0 5ec42dcc7e30 2
present 87676886530133 87676886665905 0 5ec42dcc7e30 2
acquire 87677188229553 87677188263845 0 5ec42dcc7e30 3
present 87677188407439 87677188533781 0 5ec42dcc7e30 3
acquire 87677490407874 87677490444610 0 5ec42dcc7e30 2
present 87677490613277 87677491000057 0 5ec42dcc7e30 2
acquire 87677798965908 87677799012143 0 5ec42dcc7e30 3
present 87677799168028 87677799306523 0 5ec42dcc7e30 3
acquire 87678106836355 87678106877282 0 5ec42dcc7e30 2
present 87678107115022 87678107242342 0 5ec42dcc7e30 2
acquire 87678413763737 87678413796213 0 5ec42dcc7e30 3
present 87678413944416 87678414072714 0 5ec42dcc7e30 3
acquire 87678722221409 87678722260869 0 5ec42dcc7e30 2
present 87678722431631 87678722554202 0 5ec42dcc7e30 2
acquire 87679026911359 87679026952425 0 5ec42dcc7e30 3
present 87679027159155 87679027293250 0 5ec42dcc7e30 3
acquire 87679327464125 87679327496043 0 5ec42dcc7e30 2
present 87679327642919 87679327764023 0 5ec42dcc7e30 2
acquire 87679630789098 87679630831911 0 5ec42dcc7e30 3
present 87679631069092 87679631215409 0 5ec42dcc7e30 3
acquire 87679935465568 87679935513689 0 5ec42dcc7e30 2
present 87679935694508 87679935838171 0 5ec42dcc7e30 2
acquire 87680238212186 87680238260307 0 5ec42dcc7e30 3
present 87680238462846 87680238604415 0 5ec42dcc7e30 3
acquire 87680542040575 87680542074448 0 5ec42dcc7e30 2
present 87680542219298 87680542340822 0 5ec42dcc7e30 2
acquire 87680849651143 87680849688368 0 5ec42dcc7e30 3
present 87680849857593 87680849981073 0 5ec42dcc7e30 3
acquire 87681155623725 87681155661789 0 5ec42dcc7e30 2
present 87681155826893 87681155958055 0 5ec42dcc7e30 2
acquire 87681460749693 87681460795369 0 5ec42dcc7e30 3
present 87681460948601 87681461090309 0 5ec42dcc7e30 3
acquire 87681761042022 87681761074428 0 5ec42dcc7e30 2
present 87681761231222 87681761348625 0 5ec42dcc7e30 2
acquire 87682067251156 87682067283563 0 5ec42dcc7e30 3
present 87682067429461 87682067547213 0 5ec42dcc7e30 3
acquire 87682370305774 87682370333431 0 5ec42dcc7e30 2
present 87682370457120 87682370560764 0 5ec42dcc7e30 2
acquire 87682674214340 87682674252403 0 5ec42dcc7e30 3
present 87682674422816 87682674549508 0 5ec42dcc7e30 3
acquire 87682977506976 87682977540360 0 5ec42dcc7e30 2
present 87682977653573 87682977753795 0 5ec42dcc7e30 2
acquire 87683282744410 87683282779331 0 5ec42dcc7e30 3
present 87683282920270 87683283048079 0 5ec42dcc7e30 3
acquire 87683586977458 87683587030747 0 5ec42dcc7e30 2
present 87683587233565 87683587355648 0 5ec42dcc7e30 2
acquire 87683888209360 87683888239880 0 5ec42dcc7e30 3
present 87683888368667 87683888483766 0 5ec42dcc7e30 3
acquire 87684192533830 87684192571823 0 5ec42dcc7e30 2
present 87684192737417 87684192858032 0 5ec42dcc7e30 2
acquire 87684499093846 87684499132049 0 5ec42dcc7e30 3
present 87684499285071 87684499403732 0 5ec42dcc7e30 3
acquire 87684804116658 87684804148645 0 5ec42dcc7e30 2
present 87684804289515 87684804404334 0 5ec42dcc7e30 2
acquire 87685108494347 87685108526823 0 5ec42dcc7e30 3
present 87685108660639 87685108774620 0 5ec42dcc7e30 3
acquire 87685416243479 87685416274908 0 5ec42dcc7e30 2
present 87685416421854 87685416533041 0 5ec42dcc7e30 2
acquire 87685718657094 87685718694180 0 5ec42dcc7e30 3
present 87685718859284 87685718987443 0 5ec42dcc7e30 3
acquire 87686022217431 87686022247463 0 5ec42dcc7e30 2
present 87686022417317 87686022530460 0 5ec42dcc7e30 2
acquire 87686330381770 87686330420252 0 5ec42dcc7e30 3
present 87686330577604 87686330697452 0 5ec42dcc7e30 3
acquire 87686634419332 87686634452227 0 5ec42dcc7e30 2
present 87686634592398 87686634713503 0 5ec42dcc7e30 2
acquire 87686938997604 87686939044328 0 5ec42dcc7e30 3
present 87686939198747 87686939319153 0 5ec42dcc7e30 3
acquire 87687239249913 87687239288186 0 5ec42dcc7e30 2
present 87687239464256 87687239586757 0 5ec42dcc7e30 2
acquire 87687541483687 87687541524683 0 5ec42dcc7e30 3
present 87687541707667 87687541840226 0 5ec42dcc7e30 3
acquire 87687842605309 87687842647353 0 5ec42dcc7e30 2
present 87687842848147 87687842983639 0 5ec42dcc7e30 2
acquire 87688143201237 87688143238741 0 5ec42dcc7e30 3
present 87688143396303 87688143521738 0 5ec42dcc7e30 3
swapchain 87689162334303 87689167845262 0 5ec42de5e460 1100x700 mode 2 images 4
acquire 87689169352016 87689169364936 0 5ec42de5e460 3
present 87689169495190 87689169620136 0 5ec42de5e460 3
acquire 87689169843348 87689169853475 0 5ec42de5e460 2
present 87689169913120 87689170036389 0 5ec42de5e460 2
swapchain 87690668688527 87690672416300 0 5ec42dcc7e30 640x760 mode 2 images 4
acquire 87690673521747 87690673532782 0 5ec42dcc7e30 3
present 87690673649626 87690673772896 0 5ec42dcc7e30 3
swapchain 87692179824287 87692184800542 0 5ec42de5e460 1280x480 mode 2 images 4
acquire 87692185950477 87692185961792 0 5ec42de5e460 3
present 87692186097283 87692186210426 0 5ec42de5e460 3
acquire 87692186363029 87692186371480 0 5ec42de5e460 2
present 87692186419880 87692186498102 0 5ec42de5e460 2
swapchain 87693691055869 87693695247947 0 5ec42dcc7e30 760x560 mode 2 images 4
acquire 87693696769368 87693696781241 0 5ec42dcc7e30 3
present 87693696938383 87693697114802 0 5ec42dcc7e30 3
swapchain 87695197826833 87695203500452 0 5ec42de70b00 900x560 mode 2 images 4
acquire 87695204625245 87695204636070 0 5ec42de70b00 3
present 87695205437777 87695205555529 0 5ec42de70b00 3
acquire 87695205725942 87695205734043 0 5ec42de70b00 2
present 87695205787891 87695206038551 0 5ec42de70b00 2
