instance 74601557302394 74601575128368 0 pid 1435690
device 74601575856182 74601698549054 0
swapchain 74601698972570 74601751745307 0 622a5a03fd30 900x560 mode 2 images 4
acquire 74601850668094 74601850680875 0 622a5a03fd30 3
present 74601850860088 74601851655648 0 622a5a03fd30 3
acquire 74601852937512 74601852948757 0 622a5a03fd30 2
present 74601853114420 74601853205423 1000001003 622a5a03fd30 2
swapchain 74601853749555 74601856924604 0 622a5a2e4550 900x560 mode 2 images 4
acquire 74601858232519 74601858242995 0 622a5a2e4550 3
present 74601858416341 74601858501826 0 622a5a2e4550 3
acquire 74614185050248 74614185065473 0 622a5a2e4550 2
present 74614185251320 74614185367745 0 622a5a2e4550 2
acquire 74614865868985 74614865882813 0 622a5a2e4550 1
present 74614866072781 74614866177613 0 622a5a2e4550 1
acquire 74615266264144 74615266277833 0 622a5a2e4550 0
present 74615266444893 74615266554404 0 622a5a2e4550 0
acquire 74615466356927 74615466386749 0 622a5a2e4550 3
present 74615466572108 74615466671841 0 622a5a2e4550 3
acquire 74615869627935 74615869653707 0 622a5a2e4550 2
present 74615869840811 74615869970995 0 622a5a2e4550 2
acquire 74616066703720 74616066735847 0 622a5a2e4550 3
present 74616066957733 74616067081002 0 622a5a2e4550 3
acquire 74616476560958 74616476594342 0 622a5a2e4550 2
present 74616476813084 74616476938100 0 622a5a2e4550 2
acquire 74616667016781 74616667047511 0 622a5a2e4550 3
present 74616667268558 74616667386939 0 622a5a2e4550 3
acquire 74617081123433 74617081174486 0 622a5a2e4550 2
present 74617081401121 74617081517406 0 622a5a2e4550 2
acquire 74617267281161 74617267311752 0 622a5a2e4550 3
present 74617267568418 74617267758037 0 622a5a2e4550 3
acquire 74617669416622 74617669444908 0 622a5a2e4550 2
present 74617669628311 74617669744876 0 622a5a2e4550 2
acquire 74617867549593 74617867578228 0 622a5a2e4550 3
present 74617867776227 74617867884132 0 622a5a2e4550 3
acquire 74618268635411 74618268671659 0 622a5a2e4550 2
present 74618268899970 74618269042236 0 622a5a2e4550 2
acquire 74618467832202 74618467859440 0 622a5a2e4550 3
present 74618469353412 74618469459501 0 622a5a2e4550 3
acquire 74618868612955 74618868641031 0 622a5a2e4550 2
present 74618868825760 74618868936948 0 622a5a2e4550 2
acquire 74619068214265 74619068244297 0 622a5a2e4550 3
present 74619068471351 74619068578697 0 622a5a2e4550 3
acquire 74619473283124 74619473315600 0 622a5a2e4550 2
present 74619473544679 74619473673257 0 622a5a2e4550 2
acquire 74619668712265 74619668738665 0 622a5a2e4550 3
present 74619668921369 74619669036677 0 622a5a2e4550 3
acquire 74620070141911 74620070172013 0 622a5a2e4550 2
present 74620070358349 74620070466184 0 622a5a2e4550 2
acquire 74620269085388 74620269111160 0 622a5a2e4550 3
present 74620269308461 74620269410289 0 622a5a2e4550 3
acquire 74620674715980 74620674745592 0 622a5a2e4550 2
present 74620674964125 74620675094379 0 622a5a2e4550 2
acquire 74620869330633 74620869359268 0 622a5a2e4550 3
present 74620869547839 74620869653997 0 622a5a2e4550 3
acquire 74621270296534 74621270324680 0 622a5a2e4550 2
present 74621270538534 74621270645181 0 622a5a2e4550 2
acquire 74621469809217 74621469838759 0 622a5a2e4550 3
present 74621470079153 74621470195927 0 622a5a2e4550 3
acquire 74621871893903 74621871924494 0 622a5a2e4550 2
present 74621872160696 74621872267972 0 622a5a2e4550 2
acquire 74622070225781 74622070254347 0 622a5a2e4550 3
present 74622070469876 74622070575057 0 622a5a2e4550 3
acquire 74622475786252 74622475820544 0 622a5a2e4550 2
present 74622476081191 74622476208721 0 622a5a2e4550 2
acquire 74622670387217 74622670419413 0 622a5a2e4550 3
present 74622670658200 74622670770435 0 622a5a2e4550 3
acquire 74623073132461 74623073163400 0 622a5a2e4550 2
present 74623073385775 74623073494028 0 622a5a2e4550 2
acquire 74623270833115 74623270858397 0 622a5a2e4550 3
present 74623271111502 74623271233654 0 622a5a2e4550 3
acquire 74623671842946 74623671872489 0 622a5a2e4550 2
present 74623672101009 74623672209193 0 622a5a2e4550 2
acquire 74623871440765 74623871469400 0 622a5a2e4550 3
present 74623871669285 74623871778168 0 622a5a2e4550 3
acquire 74624276174317 74624276204348 0 622a5a2e4550 2
present 74624276420297 74624276529459 0 622a5a2e4550 2
acquire 74624472016987 74624472042828 0 622a5a2e4550 3
present 74624472241177 74624472339932 0 622a5a2e4550 3
acquire 74624873426938 74624873454944 0 622a5a2e4550 2
present 74624873674944 74624873782430 0 622a5a2e4550 2
acquire 74625072118708 74625072146854 0 622a5a2e4550 3
present 74625072347787 74625072450383 0 622a5a2e4550 3
acquire 74625472082459 74625472111093 0 622a5a2e4550 2
present 74625472322992 74625472431664 0 622a5a2e4550 2
acquire 74625672509920 74625672535622 0 622a5a2e4550 3
present 74625672746961 74625672846974 0 622a5a2e4550 3
acquire 74626072229507 74626072259608 0 622a5a2e4550 2
present 74626072479119 74626072587652 0 622a5a2e4550 2
acquire 74626272698943 74626272726600 0 622a5a2e4550 3
present 74626272916219 74626273028104 0 622a5a2e4550 3
acquire 74626675891729 74626675923158 0 622a5a2e4550 2
present 74626676152726 74626676264192 0 622a5a2e4550 2
acquire 74626872886569 74626872913178 0 622a5a2e4550 3
present 74626873129546 74626873228301 0 622a5a2e4550 3
acquire 74627276196758 74627276230142 0 622a5a2e4550 2
present 74627276447488 74627276555183 0 622a5a2e4550 2
acquire 74627473285115 74627473311026 0 622a5a2e4550 3
present 74627473540873 74627473641165 0 622a5a2e4550 3
acquire 74627873901112 74627873931144 0 622a5a2e4550 2
present 74627874166229 74627874275810 0 622a5a2e4550 2
acquire 74628073798969 74628073831864 0 622a5a2e4550 3
present 74628074085178 74628074193222 0 622a5a2e4550 3
acquire 74628475447078 74628475475923 0 622a5a2e4550 2
present 74628475687332 74628475793351 0 622a5a2e4550 2
acquire 74628673995953 74628674032829 0 622a5a2e4550 3
present 74628674245007 74628674349559 0 622a5a2e4550 3
acquire 74629075752875 74629075783885 0 622a5a2e4550 2
present 74629076024208 74629076139097 0 622a5a2e4550 2
acquire 74629274301541 74629274330245 0 622a5a2e4550 3
present 74629274530270 74629274631959 0 622a5a2e4550 3
acquire 74629677820974 74629677850587 0 622a5a2e4550 2
present 74629678088535 74629678197418 0 622a5a2e4550 2
acquire 74629874704137 74629874734169 0 622a5a2e4550 3
present 74629874949420 74629875072899 0 622a5a2e4550 3
acquire 74630275210764 74630275240795 0 622a5a2e4550 2
present 74630275461493 74630275569398 0 622a5a2e4550 2
acquire 74630474888341 74630474915579 0 622a5a2e4550 3
present 74630475142912 74630475242575 0 622a5a2e4550 3
acquire 74630881347039 74630881378468 0 622a5a2e4550 2
present 74630881607756 74630881716569 0 622a5a2e4550 2
acquire 74631075186106 74631075214671 0 622a5a2e4550 3
present 74631075425522 74631075529934 0 622a5a2e4550 3
acquire 74631476170935 74631476199500 0 622a5a2e4550 2
present 74631476402807 74631476519163 0 622a5a2e4550 2
acquire 74631675642621 74631675670418 0 622a5a2e4550 3
present 74631675876658 74631675985541 0 622a5a2e4550 3
acquire 74632080251017 74632080281957 0 622a5a2e4550 2
present 74632080514318 74632080628369 0 622a5a2e4550 2
acquire 74632276180291 74632276208506 0 622a5a2e4550 3
present 74632276396868 74632276497090 0 622a5a2e4550 3
acquire 74632679200360 74632679229484 0 622a5a2e4550 2
present 74632679438518 74632679550543 0 622a5a2e4550 2
swapchain 74633583739210 74633587628314 0 622a5a03fd30 1100x700 mode 2 images 4
acquire 74633689754366 74633689768613 0 622a5a03fd30 3
present 74633689957953 74633690084365 0 622a5a03fd30 3
swapchain 74635089800770 74635093491176 0 622a5a2e4550 640x760 mode 2 images 4
acquire 74635198185286 74635198200372 0 622a5a2e4550 3
present 74635198390759 74635198508511 0 622a5a2e4550 3
swapchain 74636600260157 74636603544087 0 622a5a03fd30 1280x480 mode 2 images 4
acquire 74636705461663 74636705477377 0 622a5a03fd30 3
present 74636705695351 74636705815618 0 622a5a03fd30 3
swapchain 74638104915815 74638109341299 0 622a5a2e4550 760x560 mode 2 images 4
acquire 74638211195808 74638211213966 0 622a5a2e4550 3
present 74638211437947 74638211579166 0 622a5a2e4550 3
swapchain 74639611504536 74639615044155 0 622a5a03fd30 900x560 mode 2 images 4
acquire 74639717186409 74639717203031 0 622a5a03fd30 3
present 74639717402428 74639717518294 0 622a5a03fd30 3
