instance 73932832930705 73932847284944 0 pid 1327221
device 73932847974486 73932965749482 0
swapchain 73932966151767 73933018660011 0 5ca56e568ec0 900x560 mode 2 images 4
acquire 73933027369131 73933027381633 0 5ca56e568ec0 3
present 73933028824062 73933029023039 0 5ca56e568ec0 3
acquire 73933031605625 73933031618964 0 5ca56e568ec0 2
present 73933033000212 73933033121806 1000001003 5ca56e568ec0 2
swapchain 73933033412764 73933036554637 0 5ca56e6ddf90 900x560 mode 2 images 4
acquire 73933039228855 73933039241077 0 5ca56e6ddf90 3
present 73933040674706 73933040772414 0 5ca56e6ddf90 3
acquire 73945358515702 73945358528622 0 5ca56e6ddf90 2
present 73945359778569 73945359885426 0 5ca56e6ddf90 2
acquire 73946039611858 73946039626874 0 5ca56e6ddf90 1
present 73946040970757 73946041089976 0 5ca56e6ddf90 1
acquire 73946350895975 73946350915741 0 5ca56e6ddf90 0
present 73946352632366 73946352736988 0 5ca56e6ddf90 0
acquire 73946639851322 73946639887081 0 5ca56e6ddf90 3
present 73946641325040 73946641438113 0 5ca56e6ddf90 3
acquire 73946948176550 73946948218106 0 5ca56e6ddf90 2
present 73946949608364 73946949736103 0 5ca56e6ddf90 2
acquire 73947240570945 73947240628424 0 5ca56e6ddf90 3
present 73947242014002 73947242139996 0 5ca56e6ddf90 3
acquire 73947549175677 73947549202566 0 5ca56e6ddf90 2
present 73947550454259 73947550555179 0 5ca56e6ddf90 2
acquire 73947840909654 73947840941152 0 5ca56e6ddf90 3
present 73947842266807 73947842383581 0 5ca56e6ddf90 3
acquire 73948149795916 73948149830277 0 5ca56e6ddf90 2
present 73948151263068 73948151371182 0 5ca56e6ddf90 2
acquire 73948441730686 73948441759809 0 5ca56e6ddf90 3
present 73948443087350 73948443195883 0 5ca56e6ddf90 3
acquire 73948749708664 73948749739603 0 5ca56e6ddf90 2
present 73948751207175 73948751332610 0 5ca56e6ddf90 2
acquire 73949042359724 73949042387661 0 5ca56e6ddf90 3
present 73949043784833 73949043897067 0 5ca56e6ddf90 3
acquire 73949350277639 73949350312909 0 5ca56e6ddf90 2
present 73949351757573 73949351872322 0 5ca56e6ddf90 2
acquire 73949642527742 73949642552535 0 5ca56e6ddf90 3
present 73949645211178 73949645321178 0 5ca56e6ddf90 3
acquire 73949953445752 73949953485841 0 5ca56e6ddf90 2
present 73949955132206 73949955239901 0 5ca56e6ddf90 2
acquire 73950243783605 73950243811611 0 5ca56e6ddf90 3
present 73950245336732 73950245446732 0 5ca56e6ddf90 3
acquire 73950552688514 73950552721689 0 5ca56e6ddf90 2
present 73950554232772 73950554357857 0 5ca56e6ddf90 2
acquire 73950844020905 73950844050029 0 5ca56e6ddf90 3
present 73950845494762 73950845609930 0 5ca56e6ddf90 3
acquire 73951152242768 73951152286419 0 5ca56e6ddf90 2
present 73951153650416 73951153800086 0 5ca56e6ddf90 2
acquire 73951444450478 73951444479951 0 5ca56e6ddf90 3
present 73951446038456 73951446154112 0 5ca56e6ddf90 3
acquire 73951752275993 73951752303231 0 5ca56e6ddf90 2
present 73951753657660 73951753758231 0 5ca56e6ddf90 2
acquire 73952044912736 73952044937460 0 5ca56e6ddf90 3
present 73952046363546 73952046479692 0 5ca56e6ddf90 3
acquire 73952353300821 73952353330434 0 5ca56e6ddf90 2
present 73952354885377 73952355026875 0 5ca56e6ddf90 2
acquire 73952645258150 73952645288182 0 5ca56e6ddf90 3
present 73952646733544 73952646843893 0 5ca56e6ddf90 3
acquire 73952952975831 73952953014313 0 5ca56e6ddf90 2
present 73952954443333 73952954551447 0 5ca56e6ddf90 2
acquire 73953245189966 73953245217972 0 5ca56e6ddf90 3
present 73953246631696 73953246733874 0 5ca56e6ddf90 3
acquire 73953553482369 73953553514286 0 5ca56e6ddf90 2
present 73953555114905 73953555237896 0 5ca56e6ddf90 2
acquire 73953845626872 73953845651666 0 5ca56e6ddf90 3
present 73953847072514 73953847194736 0 5ca56e6ddf90 3
acquire 73954153473689 73954153499949 0 5ca56e6ddf90 2
present 73954154890696 73954154993013 0 5ca56e6ddf90 2
acquire 73954445931360 73954445961880 0 5ca56e6ddf90 3
present 73954447378189 73954447486373 0 5ca56e6ddf90 3
acquire 73954754364213 73954754393337 0 5ca56e6ddf90 2
present 73954755900928 73954756037398 0 5ca56e6ddf90 2
acquire 73955046326222 73955046355276 0 5ca56e6ddf90 3
present 73955047822778 73955047929844 0 5ca56e6ddf90 3
acquire 73955354880320 73955354909374 0 5ca56e6ddf90 2
present 73955356415707 73955356526266 0 5ca56e6ddf90 2
acquire 73955646597745 73955646625332 0 5ca56e6ddf90 3
present 73955648130548 73955648236986 0 5ca56e6ddf90 3
acquire 73955953946524 73955953974670 0 5ca56e6ddf90 2
present 73955955517531 73955955622572 0 5ca56e6ddf90 2
acquire 73956246733566 73956246758849 0 5ca56e6ddf90 3
present 73956248182491 73956248281805 0 5ca56e6ddf90 3
acquire 73956554801849 73956554831392 0 5ca56e6ddf90 2
present 73956556292678 73956556404284 0 5ca56e6ddf90 2
acquire 73956847160486 73956847191495 0 5ca56e6ddf90 3
present 73956848705372 73956848807480 0 5ca56e6ddf90 3
acquire 73957155187563 73957155213753 0 5ca56e6ddf90 2
present 73957156633135 73957156733496 0 5ca56e6ddf90 2
acquire 73957447407076 73957447446117 0 5ca56e6ddf90 3
present 73957448816959 73957448916762 0 5ca56e6ddf90 3
acquire 73957755171969 73957755198159 0 5ca56e6ddf90 2
present 73957756619566 73957756756315 0 5ca56e6ddf90 2
acquire 73958047553653 73958047579285 0 5ca56e6ddf90 3
present 73958048980787 73958049094349 0 5ca56e6ddf90 3
acquire 73958355543854 73958355571092 0 5ca56e6ddf90 2
present 73958357016734 73958357122822 0 5ca56e6ddf90 2
acquire 73958648131290 73958648165582 0 5ca56e6ddf90 3
present 73958649543129 73958649645725 0 5ca56e6ddf90 3
acquire 73958955975243 73958956014215 0 5ca56e6ddf90 2
present 73958957540593 73958957647240 0 5ca56e6ddf90 2
acquire 73959248416642 73959248443740 0 5ca56e6ddf90 3
present 73959249987648 73959250101978 0 5ca56e6ddf90 3
acquire 73959556642068 73959556669515 0 5ca56e6ddf90 2
present 73959558224109 73959558329430 0 5ca56e6ddf90 2
acquire 73959848898736 73959848926184 0 5ca56e6ddf90 3
present 73959850350734 73959850452213 0 5ca56e6ddf90 3
acquire 73960157069337 73960157096994 0 5ca56e6ddf90 2
present 73960158670655 73960158777931 0 5ca56e6ddf90 2
acquire 73960449094901 73960449124514 0 5ca56e6ddf90 3
present 73960450718917 73960450827939 0 5ca56e6ddf90 3
acquire 73960757534181 73960757563724 0 5ca56e6ddf90 2
present 73960759144089 73960759253390 0 5ca56e6ddf90 2
acquire 73961049603047 73961049630983 0 5ca56e6ddf90 3
present 73961051126282 73961051235164 0 5ca56e6ddf90 3
acquire 73961358069145 73961358099177 0 5ca56e6ddf90 2
present 73961359674374 73961359784374 0 5ca56e6ddf90 2
acquire 73961649854386 73961649882043 0 5ca56e6ddf90 3
present 73961651343679 73961651447742 0 5ca56e6ddf90 3
acquire 73961958597684 73961958629183 0 5ca56e6ddf90 2
present 73961960318779 73961960449033 0 5ca56e6ddf90 2
acquire 73962250149446 73962250178570 0 5ca56e6ddf90 3
present 73962251664371 73962251773253 0 5ca56e6ddf90 3
acquire 73962559396718 73962559426261 0 5ca56e6ddf90 2
present 73962561019896 73962561130524 0 5ca56e6ddf90 2
acquire 73962850323402 73962850350850 0 5ca56e6ddf90 3
present 73962851782803 73962851883863 0 5ca56e6ddf90 3
acquire 73963159598890 73963159627525 0 5ca56e6ddf90 2
present 73963161184493 73963161292747 0 5ca56e6ddf90 2
acquire 73963450776792 73963450805916 0 5ca56e6ddf90 3
present 73963452380973 73963452487132 0 5ca56e6ddf90 3
acquire 73963759092872 73963759122415 0 5ca56e6ddf90 2
present 73963760681269 73963760789593 0 5ca56e6ddf90 2
