launch_mono_ns 305265015858614
assets ready in 20 ms: font, PNG (Ocula), SVG (Splina + Dithra), text, layout
GPU 0: NVIDIA GeForce RTX 3050 Laptop GPU (discrete, vendor 4318, device 9698, Vulkan 1.4.341, 4096 MiB device-local, max image 32768)
queue family 0, swapchain 900x560, format 44, 4 images, retained canvas, 2 frames in flight, validation layer off (not installed)
window and GPU ready in 274 ms
redraw 1 at 299 ms: scene + GPU 5 ms, whole, 235 quads, 93 glyphs cached, atlas 91 entries, 84131 texels uploaded
input: mapped expose
redraw 2 at 299 ms: scene + GPU 0 ms, damage only, 0 quads, 93 glyphs cached, atlas 91 entries, 84131 texels uploaded
input: moved
input: focus-in
input: enter move
input: move
input: move
input: move
input: move
input: move
input: move
input: move
input: move
input: move
input: move
input: move
input: move
input: move
input: move
input: move
input: move
input: move
input: move
input: move
input: move
input: move
input: move
input: move
input: move
input: move
input: move
input: move
input: move
input: move
input: move
input: move
input: move
input: move
input: move
input: move
input: move
input: move
input: move
input: move
input: move
input: move
input: move
input: move
input: move
input: move
input: move
input: move
input: move
input: move
input: move
input: move
input: move
input: move
input: move
input: move
input: move
input: move
input: move
input: move
input: move
input: move
input: move
input: move
input: move
input: move
input: move
input: move
input: move
input: move
input: move
input: move
input: move
input: move
input: move
input: move
input: move
input: move
input: move
input: move
input: move
input: move
input: move
input: move
input: move
input: move
input: move
input: move
input: move
input: move
input: move
input: move
input: move
input: move
input: move
input: move
input: move
input: move
input: move
input: move
input: move
input: move
input: move
input: move
input: move
input: move
input: move
input: move
input: move
input: move
input: move
input: move
input: move
input: move
input: move
input: move
input: move
input: move
input: move
input: move
input: move
input: move
input: move
input: move
input: move
input: move
input: move
input: move
input: move
input: move
input: move
input: move
input: move
input: move
input: move
input: move
input: move
input: move
input: move
input: move
input: move
input: move
input: move
input: move
input: move
input: move
input: move
input: move
input: move
input: move
input: move
input: move
input: move
input: move
input: move
input: move
input: move
input: move
input: move
input: move
input: move
input: move
input: move
input: move
input: move
input: move
input: move
input: move
input: move
input: move
input: move
input: move
input: move
input: move
input: move
input: move
input: move
input: move
input: move
input: move
input: move
input: move
input: move
input: move
input: move
input: move
input: move
input: move
input: move
input: move
input: move
input: move
input: move
input: move
input: move
input: move
input: move
input: move
input: move
input: move
input: move
input: move
input: move
input: move
input: move
input: move
input: move
input: move
input: move
input: move
input: move
input: move
input: move
input: move
input: move
input: move
input: move
input: move
input: move
input: move
input: move
input: move
input: move
input: move
input: move
input: move
input: move
input: move
input: move
input: move
input: move
input: move
input: move
input: move
input: move
input: move
input: move
input: move
input: move
input: move
input: move
input: move
input: move
input: move
input: move
input: move
input: move
input: move
input: move
input: move
input: move
input: move
input: move
input: move
input: move
input: move
input: move
input: move
input: move
input: move
input: move
input: move
input: move
input: move
input: move
input: move
input: move
input: move
input: move
input: move
input: move
input: move
input: move
input: move
input: move
input: move
input: move
input: move
input: move
input: move
input: move
input: move
input: move
input: move
input: move
input: move
input: move
input: move
input: move
input: move
input: move
input: move
input: move
input: move
input: move
input: move
input: move
input: move
input: move
input: move
input: move
input: move
input: move
input: move
input: move
input: move
input: move
input: move
input: move
input: move
input: move
input: move
input: move
input: move
input: move
input: move
input: move
input: move
input: move
input: move
input: move
input: move
input: move
input: move
input: move
input: move
input: move
input: move
input: move
input: move
input: move
input: move
input: move
input: move
input: move
input: move
input: move
input: move
input: move
input: move
input: move
input: move
input: move
input: move
input: move
input: move
input: move
input: move
input: move
input: move
input: move
input: move
input: move
input: move
input: move
input: move
input: move
input: move
input: move
input: move
input: move
input: move
input: move
input: move
input: move
input: move
input: move
input: move
input: move
input: move
input: move
input: move
input: move
input: move
input: move
input: move
input: move
input: move
input: move
input: move
input: move
input: move
input: move
input: move
input: move
input: move
input: move
input: move
input: move
input: move
input: move
input: move
input: move
redraw 3 at 12540 ms: scene + GPU 1 ms, damage only, 10 quads, 93 glyphs cached, atlas 91 entries, 84131 texels uploaded
input: move
input: move
input: move
input: move
input: move
input: move
input: move
input: move
input: move
input: move
input: move
input: move
input: move
input: move
input: move
input: move
input: move
input: move
input: move
input: move
input: move
input: move
input: move
input: move
input: move
input: move
input: move
input: move
input: move
input: move
input: move
input: move
input: move
input: move
input: move
input: move
input: move
input: move
input: move
input: move
input: move
input: move
input: move
input: move
input: move
input: move
input: move
input: key-down 9
redraw 4 at 12654 ms: scene + GPU 0 ms, damage only, 11 quads, 93 glyphs cached, atlas 91 entries, 84131 texels uploaded
input: move
input: key-up 9
input: move
input: move
input: move
input: move
input: move
input: move
input: move
input: move
input: move
input: move
input: move
input: move
input: move
input: move
input: move
input: move
input: move
input: move
input: move
input: move
input: move
input: move
input: move
input: move
input: move
input: move
input: move
input: key-down 32
redraw 5 at 13331 ms: scene + GPU 1 ms, damage only, 11 quads, 93 glyphs cached, atlas 91 entries, 84131 texels uploaded
input: move
input: move
input: move
input: move
input: move
input: move
input: move
input: move
input: move
input: move
input: move
input: move
input: move
input: move
input: move
input: move
input: move
input: move
input: move
input: move
input: move
input: move
input: move
input: move
input: move
input: move
input: move
input: move
redraw 6 at 13483 ms: scene + GPU 0 ms, damage only, 0 quads, 93 glyphs cached, atlas 91 entries, 84131 texels uploaded
input: move
input: move
input: move
input: move
input: move
input: move
input: move
input: move
input: move
input: move
input: move
input: move
input: move
input: move
input: move
input: move
input: move
input: move
input: move
input: move
input: move
input: move
input: move
input: move
input: move
input: move
input: move
input: move
input: move
input: move
input: move
input: move
input: move
input: move
input: move
input: move
input: move
input: move
input: move
input: move
input: move
input: move
input: move
input: move
input: move
input: move
input: move
input: move
input: move
input: move
input: move
input: move
input: move
input: move
input: move
input: move
input: move
input: move
input: move
input: move
input: move
input: move
input: move
input: key-up 32 -> 1 activation(s)
redraw 7 at 13632 ms: scene + GPU 1 ms, damage only, 26 quads, 95 glyphs cached, atlas 93 entries, 84299 texels uploaded
input: move
input: move
input: move
input: move
input: move
input: move
input: move
input: move
input: move
input: move
input: move
input: move
input: move
input: move
input: move
input: move
input: move
input: move
input: move
input: move
input: move
input: move
input: move
input: move
input: move
input: move
input: move
input: move
input: move
input: move
input: move
input: move
input: move
input: move
input: move
input: move
input: move
input: move
input: move
input: move
input: move
input: move
input: move
input: move
input: move
input: move
input: move
input: move
input: move
input: move
input: move
input: move
input: move
input: move
input: move
input: move
input: move
input: move
input: move
input: move
input: move
input: move
input: move
input: move
input: move
input: move
input: move
input: move
input: move
input: move
input: move
input: move
input: move
input: key-down 32
redraw 8 at 13936 ms: scene + GPU 0 ms, damage only, 11 quads, 95 glyphs cached, atlas 93 entries, 84299 texels uploaded
input: move
input: move
input: move
input: move
input: move
input: move
input: move
input: move
input: move
input: move
input: move
redraw 9 at 13966 ms: scene + GPU 1 ms, damage only, 0 quads, 95 glyphs cached, atlas 93 entries, 84299 texels uploaded
input: move
input: move
input: move
input: move
input: move
input: move
input: move
input: move
input: move
input: move
input: move
input: move
input: move
input: move
input: move
input: move
input: move
input: move
input: move
input: move
input: move
input: move
input: move
input: move
input: move
input: move
input: move
input: move
input: move
input: move
input: move
input: move
input: move
input: move
input: move
input: move
input: move
input: move
input: move
input: move
input: move
input: move
input: move
input: move
input: move
input: move
input: move
input: move
input: move
input: move
input: move
input: move
input: move
input: move
input: move
input: move
input: move
input: move
input: move
input: move
input: move
input: move
input: move
redraw 10 at 14132 ms: scene + GPU 1 ms, damage only, 0 quads, 95 glyphs cached, atlas 93 entries, 84299 texels uploaded
input: move
input: move
input: move
input: move
input: move
input: move
input: move
input: move
input: move
input: move
input: move
input: move
input: move
input: move
input: move
input: move
input: move
input: move
input: move
input: move
input: move
input: move
input: move
input: move
input: move
input: move
input: move
input: move
input: move
input: move
input: leave
input: focus-out
redraw 11 at 14164 ms: scene + GPU 0 ms, damage only, 10 quads, 95 glyphs cached, atlas 93 entries, 84299 texels uploaded
input: key-up 32
input: key-down 32
input: key-up 32
input: key-down 32
input: key-up 32
input: key-down 32
input: key-up 32
input: focus-in
input: enter move
input: move
input: move
input: move
input: move
input: move
input: move
input: move
input: move
input: move
input: move
input: move
input: move
input: move
input: move
input: move
input: move
input: move
input: move
input: move
input: move
input: move
input: move
input: move
input: move
input: move
input: move
input: move
input: move
input: move
input: move
input: move
input: move
input: move
input: move
input: move
input: move
input: move
input: move
input: move
input: move
input: move
input: move
input: move
input: move
input: move
input: move
input: move
input: move
input: move
input: move
input: move
input: move
input: move
input: move
input: move
input: move
input: move
input: move
input: move
input: move
input: move
input: move
input: move
input: move
input: move
input: move
input: move
input: move
input: move
input: move
input: move
input: move
input: move
input: move
input: move
input: move
input: move
input: move
input: move
input: move
input: move
input: move
input: move
input: move
input: move
input: move
input: move
input: move
input: move
input: move
input: move
input: move
input: move
input: move
input: move
input: move
input: move
input: move
input: move
input: move
input: move
input: move
input: move
input: move
input: move
input: move
input: move
input: move
input: move
input: move
input: move
input: move
input: move
input: move
input: move
input: move
input: move
input: move
input: move
input: move
input: move
input: move
input: move
input: move
input: move
input: move
input: move
input: move
input: move
input: move
input: move
input: move
input: move
input: move
input: move
input: move
input: move
input: move
input: move
input: move
input: move
input: move
input: move
input: move
input: move
input: move
input: move
input: move
input: move
input: move
input: move
input: move
input: move
input: move
input: move
input: move
input: move
input: move
input: move
input: move
input: move
input: move
input: move
input: move
input: move
input: move
input: move
input: move
input: move
input: move
input: move
input: move
input: move
input: key-down 32
input: move
input: move
input: move
input: move
input: move
input: move
input: move
input: move
input: move
input: move
input: move
input: move
input: move
input: move
input: move
input: move
input: move
input: move
input: move
input: move
input: move
input: move
input: move
input: move
input: move
input: move
input: move
input: move
input: move
input: move
input: move
input: move
input: move
input: move
input: move
input: move
input: move
input: move
input: move
input: move
input: move
input: move
input: move
input: move
input: move
input: move
input: move
input: move
input: move
input: move
input: move
input: move
input: move
input: move
input: move
input: move
input: move
input: move
input: move
input: move
input: move
input: move
input: move
input: move
input: key-up 32
input: move
input: move
input: move
input: move
input: move
input: move
input: move
input: move
input: move
input: move
input: move
input: move
input: move
input: move
input: move
input: move
input: move
input: move
input: move
input: move
input: move
input: move
input: move
input: move
input: move
input: move
input: move
input: move
input: move
input: move
input: move
input: move
input: move
input: move
input: move
input: move
input: move
input: move
input: move
input: move
input: move
input: move
input: move
input: move
input: move
input: move
input: move
input: move
input: move
input: move
input: move
input: move
input: move
input: move
input: move
input: move
input: move
input: move
input: move
input: move
input: move
input: move
input: move
input: move
input: move
input: move
input: move
input: move
input: move
input: move
input: move
input: move
input: move
input: move
input: move
input: move
input: move
input: move
input: move
input: move
input: move
input: move
input: move
input: move
input: move
input: move
input: move
input: move
input: move
input: move
input: key-down 32
input: move
input: move
input: move
input: move
input: move
input: move
input: move
input: move
input: move
input: move
input: move
input: move
input: move
input: move
input: move
input: move
input: move
input: move
input: move
input: move
input: move
input: move
input: move
input: move
input: move
input: move
input: move
input: move
input: move
input: move
input: move
input: move
input: move
input: move
input: move
input: move
input: move
input: move
input: move
input: move
input: move
input: move
input: move
input: move
input: move
input: move
input: move
input: move
input: move
input: move
input: move
input: move
input: move
input: move
input: move
input: move
input: move
input: move
input: move
input: move
input: move
input: move
input: move
input: move
input: move
input: move
input: move
input: move
input: move
input: move
input: move
input: move
input: move
input: move
input: move
input: move
input: move
input: move
input: move
input: key-up 32
input: move
input: move
input: move
input: move
input: move
input: move
input: move
input: move
input: move
input: move
input: move
input: move
input: move
input: move
input: move
input: move
input: move
input: move
input: move
input: move
input: move
input: move
input: move
input: move
input: move
input: move
input: move
input: move
input: move
input: move
input: move
input: move
input: move
input: move
input: move
input: move
input: move
input: move
input: move
input: move
input: move
input: move
input: move
input: move
input: move
input: move
input: move
input: move
input: move
input: move
input: move
input: move
input: move
input: move
input: move
input: move
input: move
input: move
input: move
input: move
input: move
input: move
input: move
input: move
input: move
input: move
input: move
input: move
input: move
input: move
input: move
input: move
input: move
input: move
input: move
input: move
input: move
input: move
input: move
input: move
input: move
input: move
input: move
input: move
input: move
input: move
input: move
input: move
input: move
input: move
input: move
input: move
input: move
input: move
input: move
input: move
input: move
input: move
input: move
input: move
input: move
input: move
input: move
input: move
input: move
input: move
input: move
input: move
input: move
input: move
input: move
input: move
input: move
input: move
input: move
input: move
input: move
input: move
input: move
input: move
input: move
input: move
input: move
input: move
input: move
input: move
input: move
input: move
input: move
input: move
input: move
input: move
input: move
input: move
input: move
input: move
input: move
input: move
input: move
input: key-down 32
input: move
input: move
input: move
input: move
input: move
input: move
input: move
input: move
input: move
input: move
input: move
input: move
input: move
input: move
input: move
input: move
input: move
input: move
input: move
input: move
input: move
input: move
input: move
input: move
input: move
input: move
input: move
input: move
input: move
input: move
input: move
input: move
input: move
input: move
input: move
input: move
input: move
input: move
input: move
input: move
input: move
input: move
input: move
input: move
input: move
input: move
input: move
input: move
input: move
input: move
input: move
input: move
input: move
input: move
input: move
input: move
input: move
input: move
input: move
input: move
input: move
input: move
input: move
input: move
input: move
input: move
input: move
input: move
input: move
input: move
input: move
input: move
input: move
input: move
input: move
redraw 12 at 17671 ms: scene + GPU 1 ms, damage only, 10 quads, 95 glyphs cached, atlas 93 entries, 84299 texels uploaded
input: move
redraw 13 at 17672 ms: scene + GPU 1 ms, damage only, 10 quads, 95 glyphs cached, atlas 93 entries, 84299 texels uploaded
input: move
input: move
input: move
input: move
input: move
input: move
input: move
input: move
input: focus-out
input: leave
input: key-up 32
input: focus-in
input: enter move
input: move
input: move
input: move
input: move
input: move
input: move
input: move
input: move
input: move
input: move
input: move
input: move
input: move
input: move
input: move
input: move
input: move
input: move
input: move
input: move
input: move
input: key-down 114
input: move
input: move
input: move
input: move
input: move
input: move
input: move
input: move
input: move
input: move
input: move
input: move
input: move
input: move
input: move
input: move
input: move
input: move
input: move
input: move
input: move
input: move
input: move
input: move
input: move
input: move
input: move
input: leave
input: focus-out
input: key-down 32
input: key-up 32
input: key-down 32
input: key-up 32
input: key-down 32
input: key-up 32
input: key-down 32
input: key-up 32
input: key-down 32
input: focus-in
input: enter move
input: move
input: move
input: move
input: move
input: move
input: move
input: move
input: move
input: move
input: move
input: move
input: move
input: move
input: move
input: move
input: move
input: move
input: move
input: move
input: move
input: move
input: move
input: move
input: move
input: move
input: move
input: move
input: move
input: move
input: move
input: move
input: move
input: move
input: move
input: move
input: move
input: move
input: move
input: move
input: move
input: move
input: move
input: move
input: move
input: move
input: move
input: move
input: move
input: move
input: move
input: key-down 65591
input: move
input: move
input: move
input: move
input: move
input: move
input: move
input: move
input: move
input: move
input: move
input: move
input: move
input: move
input: move
input: move
input: move
input: move
input: move
input: move
input: move
input: move
input: move
input: move
input: move
input: move
input: move
input: move
input: move
input: move
input: move
input: move
input: move
input: move
input: move
input: move
input: move
input: move
input: move
input: move
input: move
input: move
input: move
input: move
input: move
input: move
input: move
input: move
input: move
input: move
input: move
input: move
input: move
input: move
input: move
input: move
input: move
input: move
input: move
input: move
input: move
input: move
input: move
input: move
input: move
input: move
input: move
input: move
input: move
input: move
input: move
input: move
input: move
input: move
input: move
input: move
input: move
input: move
input: move
input: move
input: move
input: move
input: move
input: move
input: move
input: move
input: move
input: move
input: move
input: move
input: move
input: move
input: move
input: moved
input: move
input: moved
input: move
input: moved
input: move
input: moved
input: move
input: move
input: moved moved
input: moved
input: move
input: moved
input: move
input: moved
input: move
input: moved
input: move
input: moved
input: move
input: moved
input: move
input: moved
input: move
input: move moved
input: moved
input: move
input: moved
input: move
input: moved
input: move
input: moved
input: move
input: moved
input: move
input: moved
input: move
input: moved
input: move
input: moved moved
input: move
input: moved
input: move
input: moved
input: move
input: moved
input: move
input: moved
input: move
input: moved
input: move
input: moved
input: move
input: moved moved
input: move
input: moved
input: move
input: moved
input: move
input: moved
input: move
input: moved
input: move
input: moved
input: move
input: moved
input: move
input: moved
input: move
input: moved
input: move
input: moved
input: move
input: moved
input: move
input: moved
input: move
input: moved
input: move
input: moved
input: move
input: moved
input: move
input: moved
input: move
input: moved
input: move moved
input: move
input: moved
input: move
input: moved
input: move
input: moved
input: move
input: moved
input: move
input: moved
input: move
input: moved
input: move
input: moved moved
input: move
input: moved
input: move
input: moved
input: move
input: moved
input: move
input: moved
input: move
input: moved
input: move
input: moved
input: move
input: moved
input: move
input: moved
input: move
input: moved
input: move
input: moved
input: move
input: moved
input: move
input: moved
input: move
input: moved
input: move
input: moved
input: move
input: moved
input: move
input: moved
input: move
input: moved
input: move
input: moved
input: move
input: moved
input: move
input: moved
input: move
input: moved
input: move
input: moved
input: move
input: moved
input: move
input: move
input: moved
input: moved moved
input: moved
input: move
input: moved
input: move
input: moved
input: move
input: moved
input: move
input: moved
input: move
input: moved
input: move
input: moved
input: move
input: moved
input: move
input: moved
input: move
input: moved
input: move
input: moved
input: move
input: moved
input: move
input: moved
input: move
input: key-up 32
input: moved
input: move
input: moved
input: move
input: move moved
input: moved
input: move
input: moved
input: move
input: moved
input: move
input: moved
input: move
input: moved
input: move
input: moved
input: move
input: moved
input: move
input: move moved
input: moved
input: move
input: moved
input: move
input: moved
input: move
input: moved
input: move
input: moved
input: move
input: moved
input: move
input: moved
input: move
input: moved
input: move
input: moved
input: move
input: moved
input: move
input: moved
input: move
input: moved
input: move
input: moved
input: move
input: moved
input: move
input: moved
input: move
input: moved
input: move
input: moved
input: move
input: moved
input: move
input: moved
input: move
input: moved
input: move
input: moved
input: move
input: moved
input: move
input: moved
input: move
input: moved
input: move
input: moved moved
input: move
input: moved
input: move
input: moved
input: leave enter move
input: moved
input: move
input: moved
input: move
input: moved
input: move
input: moved
input: move
input: moved
input: move
input: moved
input: move
input: moved
input: move
input: moved
input: move
input: moved
input: move
input: moved
input: move
input: moved
input: move
input: moved
input: move
input: moved
input: move
input: moved
input: move
input: moved
input: move
input: moved
input: move
input: moved
input: move
input: moved
input: move
input: moved
input: move
input: moved
input: move
input: moved
input: move
input: moved moved
input: move
input: moved
input: move
input: moved
input: move
input: moved
input: move
input: moved
input: move
input: moved
input: move
input: moved
input: move
input: moved
input: move
input: moved
input: move
input: moved
input: move
input: moved
input: move
input: moved
input: move
input: moved
input: move
input: moved
input: move
input: moved
input: move
input: moved
input: move
input: moved
input: move
input: moved
input: move
input: moved
input: move
input: moved
input: move
input: moved
input: move
input: moved
input: move
input: moved
input: move
input: moved
input: move
input: moved
input: moved
input: move
input: moved
input: move
input: moved
input: move
input: moved
input: move
input: moved
input: move
input: moved
input: move
input: moved
input: move
input: moved
input: move
input: moved
input: move
input: moved
input: move
input: moved
input: move
input: moved
input: move
input: moved
input: move
input: moved
input: move
input: moved
input: move
input: moved
input: move
input: moved move
input: moved
input: move
input: moved
input: move
input: moved
input: move
input: moved
input: move
input: moved
input: move
input: move moved
input: moved
input: move
input: moved
input: move
input: moved
input: move
input: moved
input: move
input: moved
input: move
input: moved
input: move
input: moved
input: move
input: move moved
input: moved
input: move
input: moved
input: move
input: moved
input: move
input: moved
input: move
input: moved
input: move
input: moved
input: move
input: moved
input: move
input: moved
input: move
input: moved
input: move
input: moved
input: move
input: moved
input: move
input: moved
input: move
input: moved
input: move
input: moved
input: move
input: moved
input: move
input: move moved
input: moved
input: move
input: moved
input: move
input: moved
input: move
input: moved
input: move
input: moved
input: move
input: moved
input: move
input: moved
input: move
input: moved
input: move
input: moved
input: move
input: moved
input: move
input: moved
input: move
input: moved
input: move
input: moved
input: move
input: moved
input: move moved
input: move
input: moved
input: move
input: moved
input: move
input: moved
input: move
input: moved
input: move
input: moved
input: move
input: moved
input: move
input: move
input: moved
input: moved
input: move
input: moved
input: move
input: moved
input: move
input: moved
input: move
input: moved
input: move
input: moved
input: move
input: move
input: moved
input: moved
input: move
input: moved
input: move
input: moved
input: move
input: moved
input: move
input: moved
input: move
input: moved
input: move
input: moved
input: move
input: moved move
input: moved
input: move
input: moved
input: move
input: moved
input: move
input: moved
input: move
input: moved
input: move
input: moved
input: move
input: moved
input: move
input: moved moved
input: move
input: moved
input: move
input: moved
input: move
input: moved
input: move
input: moved
input: move
input: moved
input: move
input: moved
input: move
input: moved
input: move
input: move moved
input: moved
input: move
input: moved
input: move
input: moved
input: move
input: moved
input: move
input: moved
input: move
input: moved
input: move
input: moved
input: move
input: moved
input: move
input: move moved
input: moved
input: move
input: moved
input: move
input: moved
input: move
input: moved
input: move
input: moved
input: move
input: moved
input: move
input: moved moved
input: move
input: moved
input: move
input: moved
input: move
input: moved
input: move
input: moved
input: move
input: moved
input: move
input: moved
input: move
input: moved
input: move
input: moved
input: move moved
input: moved
input: move
input: moved
input: move
input: moved
input: move
input: moved
input: move
input: moved
input: move
input: moved
input: move
input: moved moved
input: move
input: moved
input: move
input: moved
input: move
input: moved
input: move
input: moved
input: move
input: moved
input: move
input: moved
input: move
input: moved moved
input: move
input: moved
input: move
input: moved
input: move
input: moved
input: move
input: moved
input: move
input: moved
input: move
input: moved
input: move
input: moved
input: move
input: move moved
input: moved
input: move
input: moved
input: move
input: moved
input: move
input: moved
input: move
input: moved
input: move
input: moved
input: move
input: moved
input: move
input: moved
input: move
input: moved
input: move
input: moved
input: move
input: moved
input: move
input: moved
input: move
input: moved
input: move
input: moved
input: move
input: moved
input: move
input: moved moved
input: move
input: moved
input: move
input: moved
input: move
input: moved
input: move
input: moved
input: move
input: moved
input: move
input: moved
input: move
input: moved
input: move
input: move moved
input: moved
input: move
input: moved
input: move
input: moved
input: move
input: moved
input: move
input: moved
input: move
input: moved
input: move
input: moved
input: move
input: moved
input: move moved
input: moved
input: move
input: moved
input: move
input: moved
input: move
input: moved
input: move
input: moved
input: move
input: moved
input: move
input: moved
input: move
input: move moved
input: moved
input: move
input: moved
input: move
input: moved
input: move
input: moved
input: move
input: moved
input: move
input: moved
input: move
input: moved
input: move
input: move moved
input: moved
input: move
input: moved
input: move
input: moved
input: move
input: moved
input: move
input: moved
input: move
input: moved
input: move
input: moved
input: move
input: moved
input: move
input: move moved
input: moved
input: move
input: moved
input: move
input: moved
input: move
input: moved
input: move
input: key-down 32
input: moved
input: move
input: moved
input: move
input: moved
input: move
input: move moved
input: moved
input: move
input: moved
input: move
input: moved
input: move
input: moved
input: move
input: moved
input: move
input: moved
input: move
input: moved
input: move
input: move moved
input: moved moved
input: moved
input: move
input: moved
input: move
input: moved
input: move
input: moved
input: move
input: moved
input: move
input: moved
input: move
input: moved
input: move
input: moved
input: move
input: moved
input: move
input: moved
input: move
input: moved
input: move
input: moved
input: move
input: moved
input: move
input: moved
input: move
input: moved
input: move
input: move moved
input: moved
input: move
input: moved
input: move
input: moved
input: move
input: moved
input: move
input: moved
input: move
input: moved
input: move
input: moved
input: move
input: move moved
input: moved
input: move
input: moved
input: move
input: moved
input: move
input: moved
input: move
input: moved
input: move
input: moved
input: move
input: moved
input: move
input: moved
input: move
input: move moved
input: moved
input: move
input: moved
input: move
input: moved
input: move
input: moved
input: move
input: moved
input: move
input: moved move
input: moved
input: move
input: move moved
input: moved
input: move
input: moved
input: move
input: moved
input: move
input: moved
input: move
input: moved
input: move
input: moved
input: move
input: moved
input: move
input: move moved
input: moved
input: move
input: moved
input: move
input: moved
input: move
input: moved
input: move
input: moved
input: move
input: moved
input: move
input: moved
input: move
input: moved move
input: move moved
input: moved
input: move
input: moved
input: move
input: moved
input: move
input: moved
input: move
input: moved
input: move
input: moved
input: move
input: moved
input: move
input: move moved
input: moved
input: move
input: moved
input: move
input: moved
input: move
input: moved
input: move
input: moved
input: move
input: moved
input: move
input: moved move
input: move moved
input: moved
input: move
input: moved
input: move
input: moved
input: move
input: moved
input: move
input: moved
input: move
input: moved
input: move
input: moved
input: move
input: moved
input: move
input: move moved
input: moved
input: move
input: moved
input: move
input: moved
input: move
input: moved
input: move
input: moved
input: move
input: moved
input: move
input: moved
input: move
input: move moved
input: moved
input: move
input: moved
input: move
input: moved
input: move
input: moved
input: move
input: moved
input: move
input: moved
input: move
input: moved
input: move
input: moved
input: move
input: moved
input: move
input: moved
input: move
input: moved
input: move
input: moved
input: move
input: moved
input: move
input: moved
input: move
input: moved
input: move
input: moved
input: move moved
input: moved
input: move
input: moved
input: move
input: moved
input: move
input: moved
input: move
input: moved
input: move
input: move moved
input: moved
input: move
input: moved
input: move
input: moved
input: move
input: moved
input: move
input: moved
input: move
input: moved
input: move
input: move moved
input: moved
input: move
input: moved
input: move
input: moved
input: move
input: moved
input: move
input: moved
input: move
input: moved
input: move
input: moved
input: move
input: moved
input: move
input: moved
input: move
input: moved
input: move
input: moved
input: move
input: move
input: key-up 65591
input: move
input: move
input: move
input: move
input: move
input: move
input: move
input: move
input: move
input: move
input: move
input: move
input: move
input: move
input: move
input: key-up 32
input: move
input: move
input: move
input: move
input: move
input: move
input: move
input: move
input: move
input: move
input: move
input: move
input: move
input: move
input: move
input: move
input: move
input: move
input: move
input: move
input: move
input: move
input: move
input: move
input: move
input: move
input: move
input: move
input: move
input: move
input: move
input: move
input: move
input: move
input: move
input: move
input: move
input: move
input: move
input: move
input: move
input: move
input: move
input: move
input: move
input: move
input: move
input: move
input: move
input: move
input: move
input: move
input: move
input: move
input: move
input: move
input: move
input: move
input: move
input: move
input: move
input: move
input: move
input: move
input: move
input: move
input: move
input: move
input: move
input: move
input: move
input: move
input: move
input: move
input: move
input: move
input: move
input: move
input: move
input: move
input: move
input: move
input: move
input: move
input: move
input: move
input: move
input: move
input: move
input: move
input: move
input: move
input: move
input: move
input: move
input: focus-out
input: leave
input: key-down 32
input: key-up 32
input: key-down 32
input: key-up 32
input: key-down 32
input: key-up 32
input: key-down 32
input: key-up 32
input: key-down 32
input: key-up 32
input: key-down 32
input: key-up 32
input: key-down 32
input: key-up 32
input: key-down 32
input: key-up 32
input: key-down 32
input: key-up 32
input: key-down 32
input: key-up 32
input: key-down 32
input: key-up 32
input: key-down 32
input: key-up 32
input: key-down 32
input: key-up 32
input: key-down 32
input: key-up 32
input: key-down 32
input: key-up 32
input: key-down 32
input: key-up 32
input: resize 1100x700 expose moved
redraw 14 at 32313 ms: scene + GPU 1 ms, whole, 218 quads, 95 glyphs cached, atlas 93 entries, 84299 texels uploaded
input: resize 640x760 expose moved
redraw 15 at 33819 ms: scene + GPU 1 ms, whole, 218 quads, 95 glyphs cached, atlas 93 entries, 84299 texels uploaded
input: resize 1280x480 moved
redraw 16 at 35329 ms: scene + GPU 1 ms, whole, 218 quads, 95 glyphs cached, atlas 93 entries, 84299 texels uploaded
input: expose
redraw 17 at 35329 ms: scene + GPU 0 ms, damage only, 0 quads, 95 glyphs cached, atlas 93 entries, 84299 texels uploaded
input: resize 760x560 moved
redraw 18 at 36840 ms: scene + GPU 0 ms, whole, 218 quads, 95 glyphs cached, atlas 93 entries, 84299 texels uploaded
input: expose
redraw 19 at 36841 ms: scene + GPU 1 ms, damage only, 0 quads, 95 glyphs cached, atlas 93 entries, 84299 texels uploaded
input: resize 900x560 moved
redraw 20 at 38349 ms: scene + GPU 0 ms, whole, 218 quads, 95 glyphs cached, atlas 93 entries, 84299 texels uploaded
input: expose
redraw 21 at 38350 ms: scene + GPU 1 ms, damage only, 0 quads, 95 glyphs cached, atlas 93 entries, 84299 texels uploaded
input: close
frames presented: 21, redraws: 21, clicks: 1
teardown: 0 native objects left; driver messages: 0 warnings, 0 errors
window objects left: 0
exit=0
