instance 305265110114299 305265126660999 0 pid 394580
device 305265127673277 305265252390676 0
swapchain 305265252871044 305265303642500 0 33a1bea0 900x560 mode 2 images 4
acquire 305265312521547 305265312534538 0 33a1bea0 3
present 305265315982527 305265316188139 0 33a1bea0 3
acquire 305265316378386 305265316388723 0 33a1bea0 2
present 305265316450253 305265316530989 0 33a1bea0 2
acquire 305277557093319 305277557110430 0 33a1bea0 1
present 305277557236214 305277557369471 0 33a1bea0 1
acquire 305277671280277 305277671295502 0 33a1bea0 0
present 305277671409204 305277671520950 0 33a1bea0 0
acquire 305278347853324 305278347889642 0 33a1bea0 3
present 305278348053280 305278348170543 0 33a1bea0 3
acquire 305278500167623 305278500200518 0 33a1bea0 2
present 305278500326582 305278500443007 0 33a1bea0 2
acquire 305278649099584 305278649140092 0 33a1bea0 3
present 305278649301984 305278649428187 0 33a1bea0 3
acquire 305278953310812 305278953343777 0 33a1bea0 2
present 305278953481922 305278953601630 0 33a1bea0 2
acquire 305278983130895 305278983165257 0 33a1bea0 3
present 305278983287758 305278983415149 0 33a1bea0 3
acquire 305279149034749 305279149067155 0 33a1bea0 2
present 305279149183860 305279149300425 0 33a1bea0 2
acquire 305279181325185 305279181353331 0 33a1bea0 3
present 305279181498530 305279181632137 0 33a1bea0 3
acquire 305282688053943 305282688086140 0 33a1bea0 2
present 305282688228406 305282688355517 0 33a1bea0 2
acquire 305282688986392 305282689016005 0 33a1bea0 1
present 305282689094017 305282689174824 0 33a1bea0 1
swapchain 305297324136775 305297328457849 0 33bade60 1100x700 mode 2 images 4
acquire 305297329753821 305297329764367 0 33bade60 3
present 305297329878977 305297329994005 0 33bade60 3
swapchain 305298831157700 305298834980596 0 33a1bea0 640x760 mode 2 images 4
acquire 305298835963471 305298835974576 0 33a1bea0 3
present 305298836106995 305298836222582 0 33a1bea0 3
swapchain 305300340862552 305300344948539 0 33ba7520 1280x480 mode 2 images 4
acquire 305300346252194 305300346265045 0 33ba7520 3
present 305300346402004 305300346526531 0 33ba7520 3
acquire 305300346651546 305300346660556 0 33ba7520 2
present 305300346709165 305300346788505 0 33ba7520 2
swapchain 305301852954993 305301856468283 0 33a1bea0 760x560 mode 2 images 4
acquire 305301857521418 305301857534408 0 33a1bea0 3
present 305301857665640 305301857784370 0 33a1bea0 3
acquire 305301857897932 305301857906941 0 33a1bea0 2
present 305301857958484 305301858077354 0 33a1bea0 2
swapchain 305303361580449 305303365707643 0 33ba7010 900x560 mode 2 images 4
acquire 305303366609013 305303366620118 0 33ba7010 3
present 305303366739337 305303366884746 0 33ba7010 3
acquire 305303367056555 305303367064796 0 33ba7010 2
present 305303367117596 305303367230599 0 33ba7010 2
