launch_mono_ns 75067229860653
assets ready in 6940 ms: font, 5000 labels, 28 glyphs
GPU 0: NVIDIA GeForce RTX 3050 Laptop GPU (discrete, vendor 4318, device 9698, Vulkan 1.4.341, 4096 MiB device-local, max image 32768)
queue family 0, swapchain 900x560, format 44, 4 images, 2 frames in flight, validation layer off (not installed)
window and GPU ready in 368 ms
redraw 1 at 7334 ms: scene + GPU 26 ms, 28 glyphs cached, atlas 27 entries, 1870 texels uploaded
input: mapped expose
redraw 2 at 7357 ms: scene + GPU 23 ms, 28 glyphs cached, atlas 27 entries, 1870 texels uploaded
input: moved
redraw 3 at 7376 ms: scene + GPU 19 ms, 28 glyphs cached, atlas 27 entries, 1870 texels uploaded
input: focus-in
input: key-down 9
redraw 4 at 19681 ms: scene + GPU 21 ms, 28 glyphs cached, atlas 27 entries, 1870 texels uploaded
input: key-up 9
input: key-down 32
redraw 5 at 20362 ms: scene + GPU 21 ms, 28 glyphs cached, atlas 27 entries, 1870 texels uploaded
input: key-up 32 -> 1 activation(s)
redraw 6 at 20667 ms: scene + GPU 21 ms, 29 glyphs cached, atlas 28 entries, 1966 texels uploaded
input: key-down 32
redraw 7 at 20961 ms: scene + GPU 19 ms, 29 glyphs cached, atlas 28 entries, 1966 texels uploaded
input: key-up 32 -> 1 activation(s)
redraw 8 at 21267 ms: scene + GPU 21 ms, 30 glyphs cached, atlas 29 entries, 2074 texels uploaded
input: key-down 32
redraw 9 at 21563 ms: scene + GPU 21 ms, 30 glyphs cached, atlas 29 entries, 2074 texels uploaded
input: key-up 32 -> 1 activation(s)
redraw 10 at 21872 ms: scene + GPU 25 ms, 31 glyphs cached, atlas 30 entries, 2191 texels uploaded
input: key-down 32
redraw 11 at 22165 ms: scene + GPU 23 ms, 31 glyphs cached, atlas 30 entries, 2191 texels uploaded
input: key-up 32 -> 1 activation(s)
redraw 12 at 22472 ms: scene + GPU 25 ms, 32 glyphs cached, atlas 31 entries, 2299 texels uploaded
input: key-down 32
redraw 13 at 22767 ms: scene + GPU 24 ms, 32 glyphs cached, atlas 31 entries, 2299 texels uploaded
input: key-up 32 -> 1 activation(s)
redraw 14 at 23074 ms: scene + GPU 27 ms, 33 glyphs cached, atlas 32 entries, 2416 texels uploaded
input: key-down 32
redraw 15 at 23369 ms: scene + GPU 26 ms, 33 glyphs cached, atlas 32 entries, 2416 texels uploaded
input: key-up 32 -> 1 activation(s)
redraw 16 at 23681 ms: scene + GPU 34 ms, 34 glyphs cached, atlas 33 entries, 2533 texels uploaded
input: key-down 32
redraw 17 at 23976 ms: scene + GPU 33 ms, 34 glyphs cached, atlas 33 entries, 2533 texels uploaded
input: key-up 32 -> 1 activation(s)
redraw 18 at 24284 ms: scene + GPU 36 ms, 35 glyphs cached, atlas 34 entries, 2641 texels uploaded
input: key-down 32
redraw 19 at 24579 ms: scene + GPU 35 ms, 35 glyphs cached, atlas 34 entries, 2641 texels uploaded
input: key-up 32 -> 1 activation(s)
redraw 20 at 24881 ms: scene + GPU 33 ms, 36 glyphs cached, atlas 35 entries, 2758 texels uploaded
input: key-down 32
redraw 21 at 25175 ms: scene + GPU 31 ms, 36 glyphs cached, atlas 35 entries, 2758 texels uploaded
input: key-up 32 -> 1 activation(s)
redraw 22 at 25482 ms: scene + GPU 33 ms, 37 glyphs cached, atlas 36 entries, 2875 texels uploaded
input: key-down 32
redraw 23 at 25781 ms: scene + GPU 37 ms, 37 glyphs cached, atlas 36 entries, 2875 texels uploaded
input: key-up 32 -> 1 activation(s)
redraw 24 at 26084 ms: scene + GPU 35 ms, 37 glyphs cached, atlas 36 entries, 2875 texels uploaded
input: key-down 32
redraw 25 at 26378 ms: scene + GPU 34 ms, 37 glyphs cached, atlas 36 entries, 2875 texels uploaded
input: key-up 32 -> 1 activation(s)
redraw 26 at 26681 ms: scene + GPU 32 ms, 37 glyphs cached, atlas 36 entries, 2875 texels uploaded
input: key-down 32
redraw 27 at 26977 ms: scene + GPU 32 ms, 37 glyphs cached, atlas 36 entries, 2875 texels uploaded
input: key-up 32 -> 1 activation(s)
redraw 28 at 27283 ms: scene + GPU 34 ms, 37 glyphs cached, atlas 36 entries, 2875 texels uploaded
input: key-down 32
redraw 29 at 27580 ms: scene + GPU 35 ms, 37 glyphs cached, atlas 36 entries, 2875 texels uploaded
input: key-up 32 -> 1 activation(s)
redraw 30 at 27884 ms: scene + GPU 34 ms, 37 glyphs cached, atlas 36 entries, 2875 texels uploaded
input: key-down 32
redraw 31 at 28182 ms: scene + GPU 37 ms, 37 glyphs cached, atlas 36 entries, 2875 texels uploaded
input: key-up 32 -> 1 activation(s)
redraw 32 at 28483 ms: scene + GPU 33 ms, 37 glyphs cached, atlas 36 entries, 2875 texels uploaded
input: key-down 32
redraw 33 at 28780 ms: scene + GPU 34 ms, 37 glyphs cached, atlas 36 entries, 2875 texels uploaded
input: key-up 32 -> 1 activation(s)
redraw 34 at 29085 ms: scene + GPU 34 ms, 37 glyphs cached, atlas 36 entries, 2875 texels uploaded
input: key-down 32
redraw 35 at 29380 ms: scene + GPU 34 ms, 37 glyphs cached, atlas 36 entries, 2875 texels uploaded
input: key-up 32 -> 1 activation(s)
redraw 36 at 29687 ms: scene + GPU 37 ms, 37 glyphs cached, atlas 36 entries, 2875 texels uploaded
input: key-down 32
redraw 37 at 29981 ms: scene + GPU 35 ms, 37 glyphs cached, atlas 36 entries, 2875 texels uploaded
input: key-up 32 -> 1 activation(s)
redraw 38 at 30287 ms: scene + GPU 36 ms, 37 glyphs cached, atlas 36 entries, 2875 texels uploaded
input: key-down 32
redraw 39 at 30580 ms: scene + GPU 34 ms, 37 glyphs cached, atlas 36 entries, 2875 texels uploaded
input: key-up 32 -> 1 activation(s)
redraw 40 at 30885 ms: scene + GPU 34 ms, 37 glyphs cached, atlas 36 entries, 2875 texels uploaded
input: key-down 32
redraw 41 at 31181 ms: scene + GPU 34 ms, 37 glyphs cached, atlas 36 entries, 2875 texels uploaded
input: key-up 32 -> 1 activation(s)
redraw 42 at 31488 ms: scene + GPU 36 ms, 37 glyphs cached, atlas 36 entries, 2875 texels uploaded
input: key-down 32
redraw 43 at 31781 ms: scene + GPU 34 ms, 37 glyphs cached, atlas 36 entries, 2875 texels uploaded
input: key-up 32 -> 1 activation(s)
redraw 44 at 32085 ms: scene + GPU 34 ms, 37 glyphs cached, atlas 36 entries, 2875 texels uploaded
input: key-down 32
redraw 45 at 32381 ms: scene + GPU 34 ms, 37 glyphs cached, atlas 36 entries, 2875 texels uploaded
input: key-up 32 -> 1 activation(s)
redraw 46 at 32687 ms: scene + GPU 35 ms, 37 glyphs cached, atlas 36 entries, 2875 texels uploaded
input: key-down 32
redraw 47 at 32982 ms: scene + GPU 34 ms, 37 glyphs cached, atlas 36 entries, 2875 texels uploaded
input: key-up 32 -> 1 activation(s)
redraw 48 at 33287 ms: scene + GPU 35 ms, 37 glyphs cached, atlas 36 entries, 2875 texels uploaded
input: key-down 32
redraw 49 at 33582 ms: scene + GPU 34 ms, 37 glyphs cached, atlas 36 entries, 2875 texels uploaded
input: key-up 32 -> 1 activation(s)
redraw 50 at 33887 ms: scene + GPU 35 ms, 37 glyphs cached, atlas 36 entries, 2875 texels uploaded
input: key-down 32
redraw 51 at 34183 ms: scene + GPU 35 ms, 37 glyphs cached, atlas 36 entries, 2875 texels uploaded
input: key-up 32 -> 1 activation(s)
redraw 52 at 34488 ms: scene + GPU 35 ms, 37 glyphs cached, atlas 36 entries, 2875 texels uploaded
input: key-down 32
redraw 53 at 34785 ms: scene + GPU 37 ms, 37 glyphs cached, atlas 36 entries, 2875 texels uploaded
input: key-up 32 -> 1 activation(s)
redraw 54 at 35088 ms: scene + GPU 35 ms, 37 glyphs cached, atlas 36 entries, 2875 texels uploaded
input: key-down 32
redraw 55 at 35383 ms: scene + GPU 34 ms, 37 glyphs cached, atlas 36 entries, 2875 texels uploaded
input: key-up 32 -> 1 activation(s)
redraw 56 at 35687 ms: scene + GPU 34 ms, 37 glyphs cached, atlas 36 entries, 2875 texels uploaded
input: key-down 32
redraw 57 at 35987 ms: scene + GPU 38 ms, 37 glyphs cached, atlas 36 entries, 2875 texels uploaded
input: key-up 32 -> 1 activation(s)
redraw 58 at 36294 ms: scene + GPU 39 ms, 37 glyphs cached, atlas 36 entries, 2875 texels uploaded
input: key-down 32
redraw 59 at 36590 ms: scene + GPU 41 ms, 37 glyphs cached, atlas 36 entries, 2875 texels uploaded
input: key-up 32 -> 1 activation(s)
redraw 60 at 36895 ms: scene + GPU 41 ms, 37 glyphs cached, atlas 36 entries, 2875 texels uploaded
input: key-down 32
redraw 61 at 37189 ms: scene + GPU 39 ms, 37 glyphs cached, atlas 36 entries, 2875 texels uploaded
input: key-up 32 -> 1 activation(s)
redraw 62 at 37491 ms: scene + GPU 37 ms, 37 glyphs cached, atlas 36 entries, 2875 texels uploaded
input: key-down 32
redraw 63 at 37788 ms: scene + GPU 38 ms, 37 glyphs cached, atlas 36 entries, 2875 texels uploaded
input: key-up 32 -> 1 activation(s)
redraw 64 at 38096 ms: scene + GPU 41 ms, 37 glyphs cached, atlas 36 entries, 2875 texels uploaded
input: close
frames presented: 64, redraws: 64, clicks: 30
teardown: 0 native objects left; driver messages: 0 warnings, 0 errors
window objects left: 0
exit=0
