instance 75074298900926 75074315693810 0 pid 1506497
device 75074316435942 75074478806129 0
swapchain 75074479215678 75074534451015 0 5e70986dcea0 900x560 mode 2 images 4
acquire 75074553047337 75074553060048 0 5e70986dcea0 3
present 75074564209768 75074564435914 0 5e70986dcea0 3
acquire 75074575936446 75074575951671 0 5e70986dcea0 2
present 75074583718286 75074583847282 1000001003 5e70986dcea0 2
swapchain 75074584355865 75074587654393 0 5e7098851f70 900x560 mode 2 images 4
acquire 75074599266671 75074599281896 0 5e7098851f70 3
present 75074606134919 75074606253579 0 5e7098851f70 3
acquire 75086901782860 75086901799692 0 5e7098851f70 2
present 75086911379871 75086911517808 0 5e7098851f70 2
acquire 75087582696804 75087582713426 0 5e7098851f70 1
present 75087591987911 75087592175016 0 5e7098851f70 1
acquire 75087890137527 75087890157153 0 5e7098851f70 0
present 75087896974067 75087897133724 0 5e7098851f70 0
acquire 75088184625232 75088184662876 0 5e7098851f70 3
present 75088191366648 75088191494458 0 5e7098851f70 3
acquire 75088490987258 75088491039150 0 5e7098851f70 2
present 75088497538777 75088497688935 0 5e7098851f70 2
acquire 75088786469850 75088786504631 0 5e7098851f70 3
present 75088793367012 75088793492307 0 5e7098851f70 3
acquire 75089094999885 75089095040044 0 5e7098851f70 2
present 75089102462063 75089102583586 0 5e7098851f70 2
acquire 75089388261319 75089388293097 0 5e7098851f70 3
present 75089395380367 75089395515440 0 5e7098851f70 3
acquire 75089695501459 75089695531839 0 5e7098851f70 2
present 75089702480335 75089702604792 0 5e7098851f70 2
acquire 75089989676345 75089989709938 0 5e7098851f70 3
present 75089996908675 75089997064560 0 5e7098851f70 3
acquire 75090296730078 75090296758643 0 5e7098851f70 2
present 75090304249455 75090304366090 0 5e7098851f70 2
acquire 75090591554906 75090591583052 0 5e7098851f70 3
present 75090599140073 75090599262505 0 5e7098851f70 3
acquire 75090903909582 75090903942966 0 5e7098851f70 2
present 75090911705530 75090911826006 0 5e7098851f70 2
acquire 75091194824004 75091194856690 0 5e7098851f70 3
present 75091206824180 75091206971125 0 5e7098851f70 3
acquire 75091505814753 75091505843108 0 5e7098851f70 2
present 75091514735213 75091514878457 0 5e7098851f70 2
acquire 75091800510584 75091800544946 0 5e7098851f70 3
present 75091809255743 75091809382505 0 5e7098851f70 3
acquire 75092103030719 75092103060751 0 5e7098851f70 2
present 75092110894413 75092111027321 0 5e7098851f70 2
acquire 75092397178158 75092397206234 0 5e7098851f70 3
present 75092405048137 75092405170639 0 5e7098851f70 3
acquire 75092704125313 75092704153669 0 5e7098851f70 2
present 75092712024905 75092712142658 0 5e7098851f70 2
acquire 75093002419081 75093002464617 0 5e7098851f70 3
present 75093011075961 75093011206773 0 5e7098851f70 3
acquire 75093305834998 75093305868802 0 5e7098851f70 2
present 75093314327402 75093314453326 0 5e7098851f70 2
acquire 75093599463517 75093599495994 0 5e7098851f70 3
present 75093607940556 75093608077026 0 5e7098851f70 3
acquire 75093903573376 75093903606341 0 5e7098851f70 2
present 75093911789419 75093911925260 0 5e7098851f70 2
acquire 75094199170857 75094199205149 0 5e7098851f70 3
present 75094207271382 75094207401636 0 5e7098851f70 3
acquire 75094504716231 75094504745355 0 5e7098851f70 2
present 75094512879963 75094512997645 0 5e7098851f70 2
acquire 75094801687766 75094801724433 0 5e7098851f70 3
present 75094810808880 75094810925166 0 5e7098851f70 3
acquire 75095105763683 75095105792317 0 5e7098851f70 2
present 75095114720321 75095114843800 0 5e7098851f70 2
acquire 75095403258887 75095403289687 0 5e7098851f70 3
present 75095412071233 75095412205328 0 5e7098851f70 3
acquire 75095704960064 75095704994845 0 5e7098851f70 2
present 75095713468462 75095713596551 0 5e7098851f70 2
acquire 75096001221944 75096001264407 0 5e7098851f70 3
present 75096009977649 75096010123477 0 5e7098851f70 3
acquire 75096306410569 75096306442975 0 5e7098851f70 2
present 75096314949627 75096315091474 0 5e7098851f70 2
acquire 75096601895117 75096601921866 0 5e7098851f70 3
present 75096609950455 75096610089299 0 5e7098851f70 3
acquire 75096906776301 75096906813946 0 5e7098851f70 2
present 75096916898658 75096917044486 0 5e7098851f70 2
acquire 75097202244296 75097202272442 0 5e7098851f70 3
present 75097211515988 75097211626127 0 5e7098851f70 3
acquire 75097508175124 75097508205155 0 5e7098851f70 2
present 75097517482294 75097517595717 0 5e7098851f70 2
acquire 75097801620240 75097801649364 0 5e7098851f70 3
present 75097810532529 75097810656008 0 5e7098851f70 3
acquire 75098106456377 75098106486479 0 5e7098851f70 2
present 75098115082806 75098115200558 0 5e7098851f70 2
acquire 75098402259470 75098402294460 0 5e7098851f70 3
present 75098411378419 75098411498127 0 5e7098851f70 3
acquire 75098709323260 75098709353990 0 5e7098851f70 2
present 75098718493403 75098718623726 0 5e7098851f70 2
acquire 75099002111241 75099002142670 0 5e7098851f70 3
present 75099011203860 75099011321193 0 5e7098851f70 3
acquire 75099306258256 75099306288357 0 5e7098851f70 2
present 75099315178786 75099315296957 0 5e7098851f70 2
acquire 75099602369139 75099602397704 0 5e7098851f70 3
present 75099611450303 75099611570011 0 5e7098851f70 3
acquire 75099907251371 75099907282380 0 5e7098851f70 2
present 75099917504051 75099917622781 0 5e7098851f70 2
acquire 75100202611252 75100202642262 0 5e7098851f70 3
present 75100211863318 75100211991966 0 5e7098851f70 3
acquire 75100507866227 75100507895700 0 5e7098851f70 2
present 75100517097899 75100517219423 0 5e7098851f70 2
acquire 75100802808248 75100802846800 0 5e7098851f70 3
present 75100812190638 75100812317539 0 5e7098851f70 3
acquire 75101108189076 75101108218130 0 5e7098851f70 2
present 75101117355657 75101117475225 0 5e7098851f70 2
acquire 75101403995522 75101404033096 0 5e7098851f70 3
present 75101413043163 75101413159099 0 5e7098851f70 3
acquire 75101708988522 75101709031125 0 5e7098851f70 2
present 75101718344512 75101718479724 0 5e7098851f70 2
acquire 75102005263462 75102005295868 0 5e7098851f70 3
present 75102014882892 75102014995406 0 5e7098851f70 3
acquire 75102308483754 75102308512808 0 5e7098851f70 2
present 75102318132658 75102318264658 0 5e7098851f70 2
acquire 75102603730004 75102603758708 0 5e7098851f70 3
present 75102613029422 75102613144800 0 5e7098851f70 3
acquire 75102908480516 75102908510338 0 5e7098851f70 2
present 75102917732931 75102917850893 0 5e7098851f70 2
acquire 75103205960076 75103205993460 0 5e7098851f70 3
present 75103217175725 75103217298786 0 5e7098851f70 3
acquire 75103514359019 75103514388841 0 5e7098851f70 2
present 75103524754175 75103524880448 0 5e7098851f70 2
acquire 75103809959503 75103809988627 0 5e7098851f70 3
present 75103820292431 75103820414443 0 5e7098851f70 3
acquire 75104112929834 75104112968526 0 5e7098851f70 2
present 75104125298421 75104125414358 0 5e7098851f70 2
acquire 75104408829168 75104408870793 0 5e7098851f70 3
present 75104419625352 75104419741917 0 5e7098851f70 3
acquire 75104710782123 75104710815787 0 5e7098851f70 2
present 75104721277711 75104721410409 0 5e7098851f70 2
acquire 75105008601111 75105008630444 0 5e7098851f70 3
present 75105018754407 75105018868737 0 5e7098851f70 3
acquire 75105317039166 75105317069616 0 5e7098851f70 2
present 75105326717682 75105326857224 0 5e7098851f70 2
