instance 76957357268520 76957372180306 0 pid 1797324
device 76957372929003 76957490398686 0
swapchain 76957490790565 76957542185974 0 615088874eb0 900x560 mode 2 images 4
acquire 76957550326240 76957550341465 0 615088874eb0 3
present 76957551983431 76957552185342 0 615088874eb0 3
acquire 76957554715407 76957554727211 0 615088874eb0 2
present 76957556111532 76957556209799 1000001003 615088874eb0 2
swapchain 76957556546293 76957559523412 0 6150889e9e80 900x560 mode 2 images 4
acquire 76957562569604 76957562581058 0 6150889e9e80 3
present 76957563962726 76957564065183 0 6150889e9e80 3
acquire 76969885910865 76969885941315 0 6150889e9e80 2
present 76969887883877 76969888140613 0 6150889e9e80 2
acquire 76970565925574 76970565942755 0 6150889e9e80 1
present 76970567472905 76970567606302 0 6150889e9e80 1
acquire 76970873401896 76970873423756 0 6150889e9e80 0
present 76970875406896 76970875599937 0 6150889e9e80 0
acquire 76971172416613 76971172477654 0 6150889e9e80 3
present 76971174140292 76971174288286 0 6150889e9e80 3
acquire 76971479560002 76971479599462 0 6150889e9e80 2
present 76971481402132 76971481699236 0 6150889e9e80 2
acquire 76971784705375 76971784776822 0 6150889e9e80 3
present 76971786989879 76971787223777 0 6150889e9e80 3
acquire 76972086089313 76972086125560 0 6150889e9e80 2
present 76972087662415 76972087798046 0 6150889e9e80 2
acquire 76972388127732 76972388173478 0 6150889e9e80 3
present 76972390106681 76972390304541 0 6150889e9e80 3
acquire 76972695299057 76972695359400 0 6150889e9e80 2
present 76972697398832 76972697585378 0 6150889e9e80 2
acquire 76973000334291 76973000393935 0 6150889e9e80 3
present 76973002411926 76973002576611 0 6150889e9e80 3
acquire 76973311235833 76973311275363 0 6150889e9e80 2
present 76973313073773 76973313239087 0 6150889e9e80 2
acquire 76973610624199 76973610674205 0 6150889e9e80 3
present 76973612794792 76973613122487 0 6150889e9e80 3
acquire 76973917376547 76973917408954 0 6150889e9e80 2
present 76973919231389 76973919392443 0 6150889e9e80 2
acquire 76974223227596 76974223275716 0 6150889e9e80 3
present 76974225449592 76974225653598 0 6150889e9e80 3
acquire 76974531551929 76974531585313 0 6150889e9e80 2
present 76974533341189 76974533488135 0 6150889e9e80 2
acquire 76974835877855 76974835919411 0 6150889e9e80 3
present 76974837704551 76974837940544 0 6150889e9e80 3
acquire 76975138936095 76975138976603 0 6150889e9e80 2
present 76975140716207 76975140878238 0 6150889e9e80 2
acquire 76975442497052 76975442526664 0 6150889e9e80 3
present 76975444257328 76975444415379 0 6150889e9e80 3
acquire 76975752355097 76975752401471 0 6150889e9e80 2
present 76975754890750 76975755124159 0 6150889e9e80 2
acquire 76976051679209 76976051719717 0 6150889e9e80 3
present 76976053656901 76976053855529 0 6150889e9e80 3
acquire 76976357851038 76976357891476 0 6150889e9e80 2
present 76976359897314 76976360083720 0 6150889e9e80 2
acquire 76976662760138 76976662792614 0 6150889e9e80 3
present 76976664482142 76976664624687 0 6150889e9e80 3
acquire 76976971536343 76976971569029 0 6150889e9e80 2
present 76976973871622 76976974075977 0 6150889e9e80 2
acquire 76977275293134 76977275324074 0 6150889e9e80 3
present 76977277054458 76977277219004 0 6150889e9e80 3
acquire 76977577231331 76977577263877 0 6150889e9e80 2
present 76977578852135 76977578969468 0 6150889e9e80 2
acquire 76977879517338 76977879558334 0 6150889e9e80 3
present 76977881232916 76977881358420 0 6150889e9e80 3
acquire 76978188359962 76978188401098 0 6150889e9e80 2
present 76978190406797 76978190650752 0 6150889e9e80 2
acquire 76978494776863 76978494807872 0 6150889e9e80 3
present 76978496467089 76978496658803 0 6150889e9e80 3
acquire 76978803080313 76978803123685 0 6150889e9e80 2
present 76978804872437 76978804999758 0 6150889e9e80 2
acquire 76979110367645 76979110406267 0 6150889e9e80 3
present 76979112111648 76979112259921 0 6150889e9e80 3
acquire 76979416600514 76979416638089 0 6150889e9e80 2
present 76979418603768 76979418772504 0 6150889e9e80 2
acquire 76979717273539 76979717309716 0 6150889e9e80 3
present 76979719209536 76979719340278 0 6150889e9e80 3
acquire 76980021358653 76980021418297 0 6150889e9e80 2
present 76980023668929 76980023859106 0 6150889e9e80 2
acquire 76980324950409 76980324988892 0 6150889e9e80 3
present 76980326829136 76980326963511 0 6150889e9e80 3
acquire 76980629998843 76980630058976 0 6150889e9e80 2
present 76980632298852 76980632525486 0 6150889e9e80 2
acquire 76980931318107 76980931360012 0 6150889e9e80 3
present 76980933267863 76980933464885 0 6150889e9e80 3
acquire 76981242370017 76981242424353 0 6150889e9e80 2
present 76981244692026 76981244887371 0 6150889e9e80 2
acquire 76981544648480 76981544683261 0 6150889e9e80 3
present 76981546378515 76981546509537 0 6150889e9e80 3
acquire 76981849588171 76981849626723 0 6150889e9e80 2
present 76981851407952 76981851556783 0 6150889e9e80 2
acquire 76982150252605 76982150288363 0 6150889e9e80 3
present 76982152203338 76982152379757 0 6150889e9e80 3
acquire 76982457184514 76982457252819 0 6150889e9e80 2
present 76982459170587 76982459350498 0 6150889e9e80 2
acquire 76982759191854 76982759229848 0 6150889e9e80 3
present 76982760991381 76982761163749 0 6150889e9e80 3
acquire 76983063618841 76983063650549 0 6150889e9e80 2
present 76983065514539 76983065641371 0 6150889e9e80 2
acquire 76983369236898 76983369291794 0 6150889e9e80 3
present 76983371288762 76983371428654 0 6150889e9e80 3
acquire 76983672352338 76983672389563 0 6150889e9e80 2
present 76983674213186 76983674431369 0 6150889e9e80 2
acquire 76983976280449 76983976309503 0 6150889e9e80 3
present 76983977950910 76983978086891 0 6150889e9e80 3
acquire 76984278043275 76984278078615 0 6150889e9e80 2
present 76984279870250 76984280064688 0 6150889e9e80 2
acquire 76984582119799 76984582156186 0 6150889e9e80 3
present 76984584165516 76984584335370 0 6150889e9e80 3
acquire 76984890733064 76984890807794 0 6150889e9e80 2
present 76984893836735 76984894139427 0 6150889e9e80 2
acquire 76985195894221 76985195949954 0 6150889e9e80 3
present 76985198231106 76985198416814 0 6150889e9e80 3
acquire 76985498688182 76985498732810 0 6150889e9e80 2
present 76985501095467 76985501554114 0 6150889e9e80 2
acquire 76985805809500 76985805858250 0 6150889e9e80 3
present 76985808106995 76985808315052 0 6150889e9e80 3
acquire 76986110444963 76986110501255 0 6150889e9e80 2
present 76986113019587 76986113366418 0 6150889e9e80 2
acquire 76986412896492 76986412934556 0 6150889e9e80 3
present 76986414872368 76986415056470 0 6150889e9e80 3
acquire 76986719567615 76986719603374 0 6150889e9e80 2
present 76986721554596 76986721744983 0 6150889e9e80 2
acquire 76987024215369 76987024250709 0 6150889e9e80 3
present 76987026044998 76987026192363 0 6150889e9e80 3
acquire 76987328420680 76987328466426 0 6150889e9e80 2
present 76987330283134 76987330430639 0 6150889e9e80 2
acquire 76987631459783 76987631501688 0 6150889e9e80 3
present 76987633924268 76987634110464 0 6150889e9e80 3
acquire 76987933367669 76987933410970 0 6150889e9e80 2
present 76987935501875 76987935686884 0 6150889e9e80 2
acquire 76988232378194 76988232424289 0 6150889e9e80 3
present 76988234572045 76988234724368 0 6150889e9e80 3
acquire 76988533621891 76988533663027 0 6150889e9e80 2
present 76988535520732 76988535659995 0 6150889e9e80 2
