instance 91654991393078 91655004046968 0 pid 3996217
device 91655004768986 91655121428160 0
swapchain 91655121831213 91655175506167 0 59d766acfee0 900x560 mode 2 images 4
acquire 91655180065188 91655180076921 0 59d766acfee0 3
present 91655180324229 91655180506863 0 59d766acfee0 3
acquire 91655180588857 91655180597936 0 59d766acfee0 2
present 91655180644311 91655180703745 0 59d766acfee0 2
acquire 91667516827354 91667516846421 0 59d766acfee0 1
present 91667516998046 91667517172719 0 59d766acfee0 1
acquire 91668198195153 91668198215057 0 59d766acfee0 0
present 91668198361235 91668198510136 0 59d766acfee0 0
acquire 91668499446317 91668499488640 0 59d766acfee0 3
present 91668499691738 91668499818919 0 59d766acfee0 3
acquire 91668803669152 91668803704422 0 59d766acfee0 2
present 91668803864288 91668803976453 0 59d766acfee0 2
acquire 91669108356012 91669108394215 0 59d766acfee0 3
present 91669108574475 91669108691808 0 59d766acfee0 3
acquire 91669415602829 91669415646201 0 59d766acfee0 2
present 91669415842803 91669415989609 0 59d766acfee0 2
acquire 91669716877250 91669716917688 0 59d766acfee0 3
present 91669717154380 91669717304189 0 59d766acfee0 3
acquire 91670018590693 91670018625055 0 59d766acfee0 2
present 91670018781569 91670018905537 0 59d766acfee0 2
acquire 91670323960320 91670323991818 0 59d766acfee0 3
present 91670324164046 91670324278516 0 59d766acfee0 3
acquire 91670628837357 91670628871439 0 59d766acfee0 2
present 91670629068461 91670629237337 0 59d766acfee0 2
acquire 91670935552125 91670935597940 0 59d766acfee0 3
present 91670935803972 91670935939114 0 59d766acfee0 3
acquire 91671240159086 91671240199734 0 59d766acfee0 2
present 91671240340673 91671240466946 0 59d766acfee0 2
acquire 91671546936920 91671546988044 0 59d766acfee0 3
present 91671547302260 91671547491459 0 59d766acfee0 3
acquire 91671853128857 91671853175022 0 59d766acfee0 2
present 91671853413250 91671853603498 0 59d766acfee0 2
acquire 91672159804304 91672159845930 0 59d766acfee0 3
present 91672160112793 91672160276780 0 59d766acfee0 3
acquire 91672464658085 91672464706205 0 59d766acfee0 2
present 91672464922922 91672465085582 0 59d766acfee0 2
acquire 91672767213672 91672767259767 0 59d766acfee0 3
present 91672767502465 91672767674274 0 59d766acfee0 3
acquire 91673072119973 91673072154614 0 59d766acfee0 2
present 91673072326213 91673072466664 0 59d766acfee0 2
acquire 91673374145186 91673374207624 0 59d766acfee0 3
present 91673374485033 91673374650976 0 59d766acfee0 3
acquire 91673680505230 91673680548322 0 59d766acfee0 2
present 91673680777471 91673680963319 0 59d766acfee0 2
acquire 91673985830508 91673985890921 0 59d766acfee0 3
present 91673986210095 91673986409142 0 59d766acfee0 3
acquire 91674293758417 91674293801788 0 59d766acfee0 2
present 91674294105597 91674294295705 0 59d766acfee0 2
acquire 91674599813744 91674599860887 0 59d766acfee0 3
present 91674600149471 91674600348029 0 59d766acfee0 3
acquire 91674905537815 91674905578672 0 59d766acfee0 2
present 91674905778348 91674905920405 0 59d766acfee0 2
acquire 91675207653403 91675207705156 0 59d766acfee0 3
present 91675207991365 91675208210386 0 59d766acfee0 3
acquire 91675509831778 91675509874731 0 59d766acfee0 2
present 91675510091308 91675510244121 0 59d766acfee0 2
acquire 91675818286219 91675818328334 0 59d766acfee0 3
present 91675818558600 91675818724822 0 59d766acfee0 3
acquire 91676126134299 91676126172503 0 59d766acfee0 2
present 91676126364356 91676126505226 0 59d766acfee0 2
acquire 91676433197016 91676433246673 0 59d766acfee0 3
present 91676433436571 91676433594971 0 59d766acfee0 3
acquire 91676741568625 91676741606270 0 59d766acfee0 2
present 91676741786600 91676741928656 0 59d766acfee0 2
acquire 91677046159104 91677046202476 0 59d766acfee0 3
present 91677046434977 91677046608393 0 59d766acfee0 3
acquire 91677346916561 91677346963215 0 59d766acfee0 2
present 91677347215831 91677347371227 0 59d766acfee0 2
acquire 91677649997494 91677650042471 0 59d766acfee0 3
present 91677650193887 91677650317366 0 59d766acfee0 3
acquire 91677954684493 91677954724931 0 59d766acfee0 2
present 91677954905331 91677955062753 0 59d766acfee0 2
acquire 91678257380601 91678257423413 0 59d766acfee0 3
present 91678257640340 91678257822765 0 59d766acfee0 3
acquire 91678561364090 91678561407602 0 59d766acfee0 2
present 91678561639684 91678561792496 0 59d766acfee0 2
acquire 91678869133599 91678869176133 0 59d766acfee0 3
present 91678869418412 91678869623605 0 59d766acfee0 3
acquire 91679175622640 91679175670342 0 59d766acfee0 2
present 91679175929453 91679176115649 0 59d766acfee0 2
acquire 91679480516160 91679480578598 0 59d766acfee0 3
present 91679480886318 91679481079010 0 59d766acfee0 3
acquire 91679780630939 91679780692958 0 59d766acfee0 2
present 91679780970576 91679781144760 0 59d766acfee0 2
acquire 91680086944958 91680086987701 0 59d766acfee0 3
present 91680087207700 91680087379929 0 59d766acfee0 3
acquire 91680389952837 91680389993903 0 59d766acfee0 2
present 91680390176538 91680390325509 0 59d766acfee0 2
acquire 91680693739235 91680693773527 0 59d766acfee0 3
present 91680693974110 91680694143964 0 59d766acfee0 3
acquire 91680997274973 91680997313106 0 59d766acfee0 2
present 91680997543512 91680997700305 0 59d766acfee0 2
acquire 91681302400854 91681302443178 0 59d766acfee0 3
present 91681302688949 91681302850980 0 59d766acfee0 3
acquire 91681606594147 91681606634585 0 59d766acfee0 2
present 91681606839848 91681607017035 0 59d766acfee0 2
acquire 91681907869336 91681907908447 0 59d766acfee0 3
present 91681908091989 91681908232999 0 59d766acfee0 3
acquire 91682212118362 91682212146997 0 59d766acfee0 2
present 91682212269079 91682212379498 0 59d766acfee0 2
acquire 91682518611454 91682518645536 0 59d766acfee0 3
present 91682518794298 91682518913167 0 59d766acfee0 3
acquire 91682823794954 91682823835741 0 59d766acfee0 2
present 91682824050642 91682824192979 0 59d766acfee0 2
acquire 91683128100551 91683128133935 0 59d766acfee0 3
present 91683128289052 91683128408760 0 59d766acfee0 3
acquire 91683435876415 91683435909800 0 59d766acfee0 2
present 91683436067082 91683436188675 0 59d766acfee0 2
acquire 91683738449533 91683738489482 0 59d766acfee0 3
present 91683738652701 91683738766751 0 59d766acfee0 3
acquire 91684042020401 91684042058115 0 59d766acfee0 2
present 91684042253042 91684042412140 0 59d766acfee0 2
acquire 91684349970519 91684350014170 0 59d766acfee0 3
present 91684350231446 91684350371896 0 59d766acfee0 3
acquire 91684654084682 91684654121628 0 59d766acfee0 2
present 91684654275138 91684654404484 0 59d766acfee0 2
acquire 91684958685008 91684958721326 0 59d766acfee0 3
present 91684958908640 91684959068995 0 59d766acfee0 3
acquire 91685258926479 91685258960561 0 59d766acfee0 2
present 91685259119939 91685259249704 0 59d766acfee0 2
acquire 91685561073426 91685561126714 0 59d766acfee0 3
present 91685561355374 91685561537520 0 59d766acfee0 3
acquire 91685862274653 91685862318723 0 59d766acfee0 2
present 91685862512881 91685862644462 0 59d766acfee0 2
acquire 91686162839139 91686162876015 0 59d766acfee0 3
present 91686163076739 91686163209437 0 59d766acfee0 3
