instance 313363672418895 313363684455254 0 pid 1828065
device 313363685206815 313363796292778 0
swapchain 313363796674879 313363849302446 0 5f2343a28e70 900x560 mode 2 images 4
acquire 313363854394147 313363854410909 0 5f2343a28e70 3
present 313363856754360 313363856968493 0 5f2343a28e70 3
acquire 313363857309737 313363857321331 0 5f2343a28e70 2
present 313363857383839 313363857480150 0 5f2343a28e70 2
acquire 313376182532026 313376182549277 0 5f2343a28e70 1
present 313376182693638 313376182823194 0 5f2343a28e70 1
acquire 313376863357842 313376863375931 0 5f2343a28e70 0
present 313376863513937 313376863649709 0 5f2343a28e70 0
acquire 313377164675123 313377164712768 0 5f2343a28e70 3
present 313377164899593 313377165025237 0 5f2343a28e70 3
acquire 313377468926712 313377468960515 0 5f2343a28e70 2
present 313377469129391 313377469240159 0 5f2343a28e70 2
acquire 313377773446770 313377773480363 0 5f2343a28e70 3
present 313377773644350 313377773759030 0 5f2343a28e70 3
acquire 313378080800424 313378080833738 0 5f2343a28e70 2
present 313378081069313 313378081203478 0 5f2343a28e70 2
acquire 313378381869559 313378381900080 0 5f2343a28e70 3
present 313378382083413 313378382191108 0 5f2343a28e70 3
acquire 313378683773716 313378683805633 0 5f2343a28e70 2
present 313378683953976 313378684081366 0 5f2343a28e70 2
acquire 313378989078509 313378989112801 0 5f2343a28e70 3
present 313378989283563 313378989404248 0 5f2343a28e70 3
acquire 313379293790630 313379293829113 0 5f2343a28e70 2
present 313379293992401 313379294127474 0 5f2343a28e70 2
acquire 313379600637727 313379600672019 0 5f2343a28e70 3
present 313379600839358 313379600965561 0 5f2343a28e70 3
acquire 313379905232584 313379905270997 0 5f2343a28e70 2
present 313379905443784 313379905565657 0 5f2343a28e70 2
acquire 313380211676278 313380211708754 0 5f2343a28e70 3
present 313380211872462 313380211997338 0 5f2343a28e70 3
acquire 313380518098251 313380518131216 0 5f2343a28e70 2
present 313380518276206 313380518392143 0 5f2343a28e70 2
acquire 313380824697970 313380824735055 0 5f2343a28e70 3
present 313380824945417 313380825077557 0 5f2343a28e70 3
acquire 313381129618357 313381129649856 0 5f2343a28e70 2
present 313381129795754 313381129919163 0 5f2343a28e70 2
acquire 313381431903358 313381431933878 0 5f2343a28e70 3
present 313381432085992 313381432188869 0 5f2343a28e70 3
acquire 313381737089351 313381737127554 0 5f2343a28e70 2
present 313381737299224 313381737434367 0 5f2343a28e70 2
acquire 313382038408518 313382038440016 0 5f2343a28e70 3
present 313382038599324 313382038718264 0 5f2343a28e70 3
acquire 313382345164402 313382345198764 0 5f2343a28e70 2
present 313382345358071 313382345480852 0 5f2343a28e70 2
acquire 313382649224625 313382649257381 0 5f2343a28e70 3
present 313382649422765 313382649545965 0 5f2343a28e70 3
acquire 313382956281245 313382956314839 0 5f2343a28e70 2
present 313382956452496 313382956557816 0 5f2343a28e70 2
acquire 313383263198602 313383263252589 0 5f2343a28e70 3
present 313383263508766 313383263675757 0 5f2343a28e70 3
acquire 313383568310773 313383568345973 0 5f2343a28e70 2
present 313383568547255 313383568683306 0 5f2343a28e70 2
acquire 313383870266752 313383870306701 0 5f2343a28e70 3
present 313383870474180 313383870599126 0 5f2343a28e70 3
acquire 313384173569129 313384173709509 0 5f2343a28e70 2
present 313384174475877 313384175934370 0 5f2343a28e70 2
acquire 313384482522425 313384482556298 0 5f2343a28e70 3
present 313384482706597 313384482827492 0 5f2343a28e70 3
acquire 313384792757098 313384792795721 0 5f2343a28e70 2
present 313384792987016 313384793144787 0 5f2343a28e70 2
acquire 313385099564176 313385099602309 0 5f2343a28e70 3
present 313385099762664 313385099878950 0 5f2343a28e70 3
acquire 313385409696392 313385409734036 0 5f2343a28e70 2
present 313385409944328 313385410105382 0 5f2343a28e70 2
acquire 313385714116158 313385714154919 0 5f2343a28e70 3
present 313385714323446 313385714438195 0 5f2343a28e70 3
acquire 313386015360594 313386015399286 0 5f2343a28e70 2
present 313386015614397 313386015767000 0 5f2343a28e70 2
acquire 313386318228489 313386318261384 0 5f2343a28e70 3
present 313386318421321 313386318543473 0 5f2343a28e70 3
acquire 313386623999403 313386624046964 0 5f2343a28e70 2
present 313386624208018 313386624331288 0 5f2343a28e70 2
acquire 313386926668529 313386926696606 0 5f2343a28e70 3
present 313386926898447 313386927026256 0 5f2343a28e70 3
acquire 313387230659052 313387230693483 0 5f2343a28e70 2
present 313387230870880 313387231142911 0 5f2343a28e70 2
acquire 313387538299683 313387538350807 0 5f2343a28e70 3
present 313387539155308 313387540445973 0 5f2343a28e70 3
acquire 313387844208673 313387844238774 0 5f2343a28e70 2
present 313387844384673 313387844501028 0 5f2343a28e70 2
acquire 313388149253936 313388149287879 0 5f2343a28e70 3
present 313388149442158 313388149559282 0 5f2343a28e70 3
acquire 313388449538196 313388449571161 0 5f2343a28e70 2
present 313388449721460 313388449841167 0 5f2343a28e70 2
acquire 313388755743941 313388755778303 0 5f2343a28e70 3
present 313388755929579 313388756069401 0 5f2343a28e70 3
acquire 313389059017055 313389059053232 0 5f2343a28e70 2
present 313389059210724 313389059334273 0 5f2343a28e70 2
acquire 313389362582104 313389362612206 0 5f2343a28e70 3
present 313389362766275 313389362879278 0 5f2343a28e70 3
acquire 313389666058386 313389666091700 0 5f2343a28e70 2
present 313389666241928 313389666361077 0 5f2343a28e70 2
acquire 313389971297458 313389971340271 0 5f2343a28e70 3
present 313389971541833 313389971692760 0 5f2343a28e70 3
acquire 313390275566088 313390275605688 0 5f2343a28e70 2
present 313390275806970 313390275962297 0 5f2343a28e70 2
acquire 313390576758982 313390576798093 0 5f2343a28e70 3
present 313390577024937 313390577144645 0 5f2343a28e70 3
acquire 313390880993459 313390881036900 0 5f2343a28e70 2
present 313390881185034 313390881308792 0 5f2343a28e70 2
acquire 313391187494353 313391187526340 0 5f2343a28e70 3
present 313391187664137 313391187776721 0 5f2343a28e70 3
acquire 313391492666378 313391492700740 0 5f2343a28e70 2
present 313391492849711 313391492968022 0 5f2343a28e70 2
acquire 313391797026919 313391797058906 0 5f2343a28e70 3
present 313391797205293 313391797319414 0 5f2343a28e70 3
acquire 313392104782439 313392104817709 0 5f2343a28e70 2
present 313392104975550 313392105115582 0 5f2343a28e70 2
acquire 313392407264392 313392407300220 0 5f2343a28e70 3
present 313392407491725 313392407621769 0 5f2343a28e70 3
acquire 313392710824762 313392710864152 0 5f2343a28e70 2
present 313392711047835 313392711161536 0 5f2343a28e70 2
acquire 313393018776746 313393018814041 0 5f2343a28e70 3
present 313393018972371 313393019114079 0 5f2343a28e70 3
acquire 313393322939217 313393322976512 0 5f2343a28e70 2
present 313393323154467 313393323266143 0 5f2343a28e70 2
acquire 313393627454735 313393627488189 0 5f2343a28e70 3
present 313393627649941 313393627770278 0 5f2343a28e70 3
acquire 313393927734036 313393927775103 0 5f2343a28e70 2
present 313393927952569 313393928113204 0 5f2343a28e70 2
acquire 313394229911900 313394229962954 0 5f2343a28e70 3
present 313394230166611 313394230304128 0 5f2343a28e70 3
acquire 313394531182178 313394531222127 0 5f2343a28e70 2
present 313394531429765 313394531568400 0 5f2343a28e70 2
acquire 313394831717168 313394831753346 0 5f2343a28e70 3
present 313394831917542 313394832048984 0 5f2343a28e70 3
swapchain 313395847731423 313395851112854 0 5f2343bbfc10 1100x700 mode 2 images 4
acquire 313395852163754 313395852174929 0 5f2343bbfc10 3
present 313395852319081 313395852437741 0 5f2343bbfc10 3
acquire 313395852592300 313395852599913 0 5f2343bbfc10 2
present 313395852648592 313395852722344 0 5f2343bbfc10 2
swapchain 313397356022931 313397359752660 0 5f2343a28e70 640x760 mode 2 images 4
acquire 313397360672747 313397360683223 0 5f2343a28e70 3
present 313397360808169 313397360917191 0 5f2343a28e70 3
acquire 313397361085439 313397361094448 0 5f2343a28e70 2
present 313397361145502 313397361222886 0 5f2343a28e70 2
swapchain 313398863603315 313398867065482 0 5f2343bbfc10 1280x480 mode 2 images 4
acquire 313398867974954 313398867984942 0 5f2343bbfc10 3
present 313398868115684 313398868224986 0 5f2343bbfc10 3
swapchain 313400371846981 313400375806348 0 5f2343a28e70 760x560 mode 2 images 4
acquire 313400376673217 313400376684112 0 5f2343a28e70 3
present 313400376804309 313400376939312 0 5f2343a28e70 3
swapchain 313401880140235 313401886115986 0 5f2343bd2430 900x560 mode 2 images 4
acquire 313401886922372 313401886933338 0 5f2343bd2430 3
present 313401887077560 313401887187071 0 5f2343bd2430 3
acquire 313401887366702 313401887376200 0 5f2343bd2430 2
present 313401888592974 313401888713170 0 5f2343bd2430 2
