instance 74745485487815 74745514338075 0 pid 1456881
device 74745515097248 74745656493299 0
swapchain 74745656880569 74745708680838 0 5a85ae456d30 900x560 mode 2 images 4
acquire 74745739598046 74745739612224 0 5a85ae456d30 3
present 74745740043493 74745740291149 0 5a85ae456d30 3
acquire 74745740957294 74745740967910 0 5a85ae456d30 2
present 74745741281287 74745741369008 0 5a85ae456d30 2
acquire 74758064517243 74758064531630 0 5a85ae456d30 1
present 74758064928328 74758065049432 0 5a85ae456d30 1
acquire 74758745054945 74758745069402 0 5a85ae456d30 0
present 74758745442773 74758745558430 0 5a85ae456d30 0
acquire 74759050589979 74759050624830 0 5a85ae456d30 3
present 74759051067623 74759051176365 0 5a85ae456d30 3
acquire 74759345578302 74759345609521 0 5a85ae456d30 2
present 74759346017532 74759346106231 0 5a85ae456d30 2
acquire 74759651920559 74759651946331 0 5a85ae456d30 3
present 74759652319981 74759652418736 0 5a85ae456d30 3
acquire 74759946082103 74759946110737 0 5a85ae456d30 2
present 74759946526781 74759946637060 0 5a85ae456d30 2
acquire 74760253864764 74760253890885 0 5a85ae456d30 3
present 74760254279830 74760254381239 0 5a85ae456d30 3
acquire 74760546251015 74760546278882 0 5a85ae456d30 2
present 74760546689338 74760546795567 0 5a85ae456d30 2
acquire 74760853157380 74760853189856 0 5a85ae456d30 3
present 74760853622522 74760853744185 0 5a85ae456d30 3
acquire 74761146551020 74761146577839 0 5a85ae456d30 2
present 74761146987806 74761147113450 0 5a85ae456d30 2
acquire 74761452127679 74761452160644 0 5a85ae456d30 3
present 74761452629907 74761452749195 0 5a85ae456d30 3
acquire 74761747449214 74761747489442 0 5a85ae456d30 2
present 74761748018210 74761748157333 0 5a85ae456d30 2
acquire 74762052260065 74762052295404 0 5a85ae456d30 3
present 74762052678693 74762052784083 0 5a85ae456d30 3
acquire 74762347531384 74762347555479 0 5a85ae456d30 2
present 74762347939047 74762348057637 0 5a85ae456d30 2
acquire 74762653594487 74762653624099 0 5a85ae456d30 3
present 74762655641181 74762655768502 0 5a85ae456d30 3
acquire 74762947888030 74762947927001 0 5a85ae456d30 2
present 74762948430416 74762948567654 0 5a85ae456d30 2
acquire 74763252571560 74763252601592 0 5a85ae456d30 3
present 74763252969515 74763253096207 0 5a85ae456d30 3
acquire 74763548028727 74763548057292 0 5a85ae456d30 2
present 74763548467259 74763548588364 0 5a85ae456d30 2
acquire 74763853250942 74763853281951 0 5a85ae456d30 3
present 74763853733265 74763853853322 0 5a85ae456d30 3
acquire 74764148462477 74764148490204 0 5a85ae456d30 2
present 74764148916444 74764149048444 0 5a85ae456d30 2
acquire 74764453130782 74764453171639 0 5a85ae456d30 3
present 74764453587753 74764453694191 0 5a85ae456d30 3
acquire 74764748596330 74764748622799 0 5a85ae456d30 2
present 74764748997776 74764749116786 0 5a85ae456d30 2
acquire 74765053239981 74765053268336 0 5a85ae456d30 3
present 74765053667898 74765053768050 0 5a85ae456d30 3
acquire 74765348847096 74765348873356 0 5a85ae456d30 2
present 74765349286327 74765349394022 0 5a85ae456d30 2
acquire 74765653578259 74765653607173 0 5a85ae456d30 3
present 74765653994721 74765654109051 0 5a85ae456d30 3
acquire 74765949586472 74765949618389 0 5a85ae456d30 2
present 74765950122991 74765950243188 0 5a85ae456d30 2
acquire 74766253697724 74766253726359 0 5a85ae456d30 3
present 74766254131298 74766254239482 0 5a85ae456d30 3
acquire 74766549577429 74766549608718 0 5a85ae456d30 2
present 74766550029581 74766550135250 0 5a85ae456d30 2
acquire 74766853849526 74766853876205 0 5a85ae456d30 3
present 74766854274649 74766854372217 0 5a85ae456d30 3
acquire 74767149803123 74767149831199 0 5a85ae456d30 2
present 74767150225313 74767150323020 0 5a85ae456d30 2
acquire 74767454182495 74767454212038 0 5a85ae456d30 3
present 74767454599098 74767454702463 0 5a85ae456d30 3
acquire 74767750189172 74767750213546 0 5a85ae456d30 2
present 74767750599768 74767750705088 0 5a85ae456d30 2
acquire 74768054673795 74768054703757 0 5a85ae456d30 3
present 74768055110651 74768055214785 0 5a85ae456d30 3
acquire 74768350166930 74768350192142 0 5a85ae456d30 2
present 74768350580738 74768350678097 0 5a85ae456d30 2
acquire 74768656259925 74768656286185 0 5a85ae456d30 3
present 74768656686095 74768656786736 0 5a85ae456d30 3
acquire 74768950630921 74768950658229 0 5a85ae456d30 2
present 74768951081397 74768951180013 0 5a85ae456d30 2
acquire 74769255228478 74769255255157 0 5a85ae456d30 3
present 74769255645639 74769255750959 0 5a85ae456d30 3
acquire 74769550853542 74769550880641 0 5a85ae456d30 2
present 74769551363732 74769551493846 0 5a85ae456d30 2
acquire 74769855491676 74769855524083 0 5a85ae456d30 3
present 74769855991669 74769856119967 0 5a85ae456d30 3
acquire 74770151334575 74770151365375 0 5a85ae456d30 2
present 74770151755438 74770151854682 0 5a85ae456d30 2
acquire 74770455710735 74770455741535 0 5a85ae456d30 3
present 74770456153807 74770456254868 0 5a85ae456d30 3
acquire 74770751604967 74770751636396 0 5a85ae456d30 2
present 74770752054605 74770752158528 0 5a85ae456d30 2
acquire 74771056193444 74771056219286 0 5a85ae456d30 3
present 74771056615704 74771056718650 0 5a85ae456d30 3
acquire 74771351825214 74771351851893 0 5a85ae456d30 2
present 74771352256832 74771352359010 0 5a85ae456d30 2
acquire 74771657237677 74771657271130 0 5a85ae456d30 3
present 74771657687593 74771657796057 0 5a85ae456d30 3
acquire 74771952081777 74771952109155 0 5a85ae456d30 2
present 74771952513954 74771952616342 0 5a85ae456d30 2
acquire 74772256807003 74772256841784 0 5a85ae456d30 3
present 74772257588246 74772257705999 0 5a85ae456d30 3
acquire 74772552358595 74772552400150 0 5a85ae456d30 2
present 74772552812283 74772552927172 0 5a85ae456d30 2
acquire 74772856823663 74772856851110 0 5a85ae456d30 3
present 74772857267573 74772857368982 0 5a85ae456d30 3
acquire 74773152804847 74773152839139 0 5a85ae456d30 2
present 74773153302954 74773153408624 0 5a85ae456d30 2
acquire 74773457051941 74773457081134 0 5a85ae456d30 3
present 74773457485934 74773457585178 0 5a85ae456d30 3
acquire 74773752834357 74773752864389 0 5a85ae456d30 2
present 74773753288395 74773753393506 0 5a85ae456d30 2
acquire 74774057402511 74774057439666 0 5a85ae456d30 3
present 74774057866256 74774057971297 0 5a85ae456d30 3
acquire 74774353285219 74774353316718 0 5a85ae456d30 2
present 74774353757834 74774353862247 0 5a85ae456d30 2
acquire 74774657684217 74774657714808 0 5a85ae456d30 3
present 74774658177226 74774658359721 0 5a85ae456d30 3
acquire 74774953593884 74774953623427 0 5a85ae456d30 2
present 74774954080468 74774954187814 0 5a85ae456d30 2
acquire 74775258761065 74775258786278 0 5a85ae456d30 3
present 74775259225858 74775259342213 0 5a85ae456d30 3
acquire 74775553822372 74775553848423 0 5a85ae456d30 2
present 74775554255736 74775554357285 0 5a85ae456d30 2
acquire 74775858851826 74775858881369 0 5a85ae456d30 3
present 74775859305584 74775859412441 0 5a85ae456d30 3
acquire 74776154446230 74776154480313 0 5a85ae456d30 2
present 74776154992249 74776155164267 0 5a85ae456d30 2
acquire 74776460768793 74776460795123 0 5a85ae456d30 3
present 74776461214031 74776461327103 0 5a85ae456d30 3
