instance 74202793312437 74202808016162 0 pid 1364400
device 74202808731894 74202929013216 0
swapchain 74202929396853 74202978458020 0 5ed6b7072ec0 900x560 mode 2 images 4
acquire 74202997028011 74202997040792 0 5ed6b7072ec0 3
present 74203008870205 74203009095583 0 5ed6b7072ec0 3
acquire 74203020561333 74203020578584 0 5ed6b7072ec0 2
present 74203028339541 74203028471261 1000001003 5ed6b7072ec0 2
swapchain 74203028972162 74203031972258 0 5ed6b71e7f90 900x560 mode 2 images 4
acquire 74203043475583 74203043487666 0 5ed6b71e7f90 3
present 74203050375818 74203050493640 0 5ed6b71e7f90 3
acquire 74215385267959 74215385283813 0 5ed6b71e7f90 2
present 74215395442556 74215395575045 0 5ed6b71e7f90 2
acquire 74216065805699 74216065822810 0 5ed6b71e7f90 1
present 74216075227339 74216075350119 0 5ed6b71e7f90 1
acquire 74216376741883 74216376756201 0 5ed6b71e7f90 0
present 74216383203865 74216383369668 0 5ed6b71e7f90 0
acquire 74216666987699 74216667031979 0 5ed6b71e7f90 3
present 74216673900645 74216674049616 0 5ed6b71e7f90 3
acquire 74216976921035 74216976956374 0 5ed6b71e7f90 2
present 74216983641359 74216983783346 0 5ed6b71e7f90 2
acquire 74217269430123 74217269458758 0 5ed6b71e7f90 3
present 74217276299977 74217276421431 0 5ed6b71e7f90 3
acquire 74217581021696 74217581054661 0 5ed6b71e7f90 2
present 74217587786998 74217587906776 0 5ed6b71e7f90 2
acquire 74217872690805 74217872721326 0 5ed6b71e7f90 3
present 74217880234696 74217880384924 0 5ed6b71e7f90 3
acquire 74218181558435 74218181590352 0 5ed6b71e7f90 2
present 74218188374092 74218188503368 0 5ed6b71e7f90 2
acquire 74218472343843 74218472378974 0 5ed6b71e7f90 3
present 74218479439494 74218479560598 0 5ed6b71e7f90 3
acquire 74218783485570 74218783519443 0 5ed6b71e7f90 2
present 74218790606014 74218790738154 0 5ed6b71e7f90 2
acquire 74219074556001 74219074585544 0 5ed6b71e7f90 3
present 74219081943657 74219082078241 0 5ed6b71e7f90 3
acquire 74219384256835 74219384290219 0 5ed6b71e7f90 2
present 74219391642606 74219391766574 0 5ed6b71e7f90 2
acquire 74219676628895 74219676670031 0 5ed6b71e7f90 3
present 74219686191893 74219686330947 0 5ed6b71e7f90 3
acquire 74219987414362 74219987449004 0 5ed6b71e7f90 2
present 74219995565033 74219995677338 0 5ed6b71e7f90 2
acquire 74220278706608 74220278736221 0 5ed6b71e7f90 3
present 74220286277947 74220286403801 0 5ed6b71e7f90 3
acquire 74220588126123 74220588158529 0 5ed6b71e7f90 2
present 74220595695296 74220595823524 0 5ed6b71e7f90 2
acquire 74220881032607 74220881065083 0 5ed6b71e7f90 3
present 74220889129849 74220889254725 0 5ed6b71e7f90 3
acquire 74221189801202 74221189836402 0 5ed6b71e7f90 2
present 74221197191303 74221197328401 0 5ed6b71e7f90 2
acquire 74221481489377 74221481523739 0 5ed6b71e7f90 3
present 74221489471382 74221489591369 0 5ed6b71e7f90 3
acquire 74221789685834 74221789723059 0 5ed6b71e7f90 2
present 74221797627679 74221797767431 0 5ed6b71e7f90 2
acquire 74222083192323 74222083235555 0 5ed6b71e7f90 3
present 74222092732483 74222092867137 0 5ed6b71e7f90 3
acquire 74222389857093 74222389888941 0 5ed6b71e7f90 2
present 74222398153453 74222398289643 0 5ed6b71e7f90 2
acquire 74222683264339 74222683294440 0 5ed6b71e7f90 3
present 74222691673282 74222691819110 0 5ed6b71e7f90 3
acquire 74222992411822 74222992442831 0 5ed6b71e7f90 2
present 74223000884670 74223001019673 0 5ed6b71e7f90 2
acquire 74223282612870 74223282645276 0 5ed6b71e7f90 3
present 74223290903852 74223291035083 0 5ed6b71e7f90 3
acquire 74223591854150 74223591885648 0 5ed6b71e7f90 2
present 74223600044071 74223600160008 0 5ed6b71e7f90 2
acquire 74223882184893 74223882219534 0 5ed6b71e7f90 3
present 74223890727373 74223890845264 0 5ed6b71e7f90 3
acquire 74224192739536 74224192771523 0 5ed6b71e7f90 2
present 74224201366942 74224201491469 0 5ed6b71e7f90 2
acquire 74224482860336 74224482888971 0 5ed6b71e7f90 3
present 74224491012893 74224491145870 0 5ed6b71e7f90 3
acquire 74224792147432 74224792177953 0 5ed6b71e7f90 2
present 74224800836927 74224800960616 0 5ed6b71e7f90 2
acquire 74225083196980 74225083230294 0 5ed6b71e7f90 3
present 74225091301765 74225091425384 0 5ed6b71e7f90 3
acquire 74225391222465 74225391250402 0 5ed6b71e7f90 2
present 74225399454431 74225399597885 0 5ed6b71e7f90 2
acquire 74225683255237 74225683283872 0 5ed6b71e7f90 3
present 74225692206497 74225692334097 0 5ed6b71e7f90 3
acquire 74225992456428 74225992490301 0 5ed6b71e7f90 2
present 74226001581732 74226001701859 0 5ed6b71e7f90 2
acquire 74226283369507 74226283398561 0 5ed6b71e7f90 3
present 74226292281865 74226292403878 0 5ed6b71e7f90 3
acquire 74226592143690 74226592172534 0 5ed6b71e7f90 2
present 74226600748607 74226600872366 0 5ed6b71e7f90 2
acquire 74226883997040 74226884039433 0 5ed6b71e7f90 3
present 74226892867703 74226892994744 0 5ed6b71e7f90 3
acquire 74227192390797 74227192419921 0 5ed6b71e7f90 2
present 74227201204540 74227201334305 0 5ed6b71e7f90 2
acquire 74227485354831 74227485385352 0 5ed6b71e7f90 3
present 74227493908276 74227494059551 0 5ed6b71e7f90 3
acquire 74227793030482 74227793060514 0 5ed6b71e7f90 2
present 74227802063665 74227802178065 0 5ed6b71e7f90 2
acquire 74228084730182 74228084763007 0 5ed6b71e7f90 3
present 74228093700787 74228093819657 0 5ed6b71e7f90 3
acquire 74228393143565 74228393174155 0 5ed6b71e7f90 2
present 74228402113263 74228402241631 0 5ed6b71e7f90 2
acquire 74228686682391 74228686711026 0 5ed6b71e7f90 3
present 74228695846806 74228695973498 0 5ed6b71e7f90 3
acquire 74228993688824 74228993719764 0 5ed6b71e7f90 2
present 74229002715652 74229002853170 0 5ed6b71e7f90 2
acquire 74229289031997 74229289064473 0 5ed6b71e7f90 3
present 74229297997644 74229298148780 0 5ed6b71e7f90 3
acquire 74229594015900 74229594044116 0 5ed6b71e7f90 2
present 74229603298347 74229603419312 0 5ed6b71e7f90 2
acquire 74229885405086 74229885437074 0 5ed6b71e7f90 3
present 74229894414244 74229894539958 0 5ed6b71e7f90 3
acquire 74230195070651 74230195100194 0 5ed6b71e7f90 2
present 74230203720966 74230203853594 0 5ed6b71e7f90 2
acquire 74230488160260 74230488195180 0 5ed6b71e7f90 3
present 74230496934472 74230497060396 0 5ed6b71e7f90 3
acquire 74230794313514 74230794345501 0 5ed6b71e7f90 2
present 74230803537992 74230803648969 0 5ed6b71e7f90 2
acquire 74231086237892 74231086270019 0 5ed6b71e7f90 3
present 74231095553164 74231095663373 0 5ed6b71e7f90 3
acquire 74231397739441 74231397771149 0 5ed6b71e7f90 2
present 74231406566244 74231406693634 0 5ed6b71e7f90 2
acquire 74231689697204 74231689731356 0 5ed6b71e7f90 3
present 74231699024349 74231699165358 0 5ed6b71e7f90 3
acquire 74231997185890 74231997214944 0 5ed6b71e7f90 2
present 74232007225764 74232007348964 0 5ed6b71e7f90 2
acquire 74232288395166 74232288429528 0 5ed6b71e7f90 3
present 74232298111884 74232298230614 0 5ed6b71e7f90 3
acquire 74232597390535 74232597421964 0 5ed6b71e7f90 2
present 74232607099432 74232607224517 0 5ed6b71e7f90 2
acquire 74232889513333 74232889547206 0 5ed6b71e7f90 3
present 74232899334394 74232899462692 0 5ed6b71e7f90 3
acquire 74233196879238 74233196910248 0 5ed6b71e7f90 2
present 74233206208269 74233206330281 0 5ed6b71e7f90 2
acquire 74233489332594 74233489362067 0 5ed6b71e7f90 3
present 74233498511745 74233498630545 0 5ed6b71e7f90 3
acquire 74233798600344 74233798631842 0 5ed6b71e7f90 2
present 74233807797794 74233807911076 0 5ed6b71e7f90 2
