instance 76199144644953 76199161567120 0 pid 1684551
device 76199284202627 76199384356122 0
swapchain 76199387804529 76199438343695 0 5ab919848220 64x64 mode 2 images 3
swapchain 76199439763636 76199442050795 0 5ab919403e90 900x560 mode 2 images 3
acquire 76199472263526 76199472278681 0 5ab919403e90 2
present 76199472602605 76199472792014 0 5ab919403e90 2
acquire 76199480618346 76199480634828 0 5ab919403e90 1
present 76199481378008 76199481487868 1000001003 5ab919403e90 1
acquire 76199505487459 76199505503732 0 5ab919403e90 0
present 76199505970760 76199506092144 0 5ab919403e90 0
acquire 76211520576985 76211520612953 0 5ab919403e90 2
present 76211520954755 76211521071739 0 5ab919403e90 2
acquire 76211820676738 76211820708725 0 5ab919403e90 1
present 76211821086426 76211821193702 0 5ab919403e90 1
acquire 76212504430517 76212504462016 0 5ab919403e90 2
present 76212504797393 76212504901247 0 5ab919403e90 2
acquire 76212804801044 76212804828283 0 5ab919403e90 1
present 76212805147107 76212805264580 0 5ab919403e90 1
acquire 76213104765725 76213104795686 0 5ab919403e90 2
present 76213105135045 76213105236384 0 5ab919403e90 2
acquire 76213405141350 76213405170055 0 5ab919403e90 1
present 76213405487762 76213405601254 0 5ab919403e90 1
acquire 76213705101281 76213705132290 0 5ab919403e90 2
present 76213705457401 76213705565864 0 5ab919403e90 2
acquire 76214005861312 76214005903636 0 5ab919403e90 1
present 76214006534930 76214006687463 0 5ab919403e90 1
acquire 76214305450386 76214305482792 0 5ab919403e90 2
present 76214305848062 76214305969166 0 5ab919403e90 2
acquire 76214605733821 76214605765319 0 5ab919403e90 1
present 76214606081560 76214606181782 0 5ab919403e90 1
acquire 76214905763314 76214905793834 0 5ab919403e90 2
present 76214906122926 76214906234741 0 5ab919403e90 2
acquire 76215206110583 76215206142990 0 5ab919403e90 1
present 76215206454761 76215206573910 0 5ab919403e90 1
acquire 76215506136653 76215506168641 0 5ab919403e90 2
present 76215506519243 76215506630849 0 5ab919403e90 2
acquire 76215806401231 76215806432729 0 5ab919403e90 1
present 76215806751345 76215806865884 0 5ab919403e90 1
acquire 76216106465993 76216106498469 0 5ab919403e90 2
present 76216106862621 76216106968919 0 5ab919403e90 2
acquire 76216406750336 76216406783231 0 5ab919403e90 1
present 76216407140818 76216407263878 0 5ab919403e90 1
acquire 76216706834653 76216706877955 0 5ab919403e90 2
present 76216707259567 76216707386748 0 5ab919403e90 2
acquire 76217007131637 76217007167396 0 5ab919403e90 1
present 76217007490830 76217007598316 0 5ab919403e90 1
acquire 76217307098621 76217307125301 0 5ab919403e90 2
present 76217307450551 76217307551332 0 5ab919403e90 2
acquire 76217607539338 76217607569859 0 5ab919403e90 1
present 76217607859630 76217607962785 0 5ab919403e90 1
acquire 76217907449611 76217907480132 0 5ab919403e90 2
present 76217907795674 76217907905954 0 5ab919403e90 2
acquire 76218207808614 76218207841998 0 5ab919403e90 1
present 76218208131141 76218208233039 0 5ab919403e90 1
acquire 76218507812893 76218507842925 0 5ab919403e90 2
present 76218508184029 76218508292353 0 5ab919403e90 2
acquire 76218808131947 76218808161978 0 5ab919403e90 1
present 76218808451889 76218808559584 0 5ab919403e90 1
acquire 76219108104239 76219108130499 0 5ab919403e90 2
present 76219108403438 76219108507991 0 5ab919403e90 2
acquire 76219408335222 76219408366232 0 5ab919403e90 1
present 76219408671577 76219408774244 0 5ab919403e90 1
acquire 76219708470663 76219708499647 0 5ab919403e90 2
present 76219708815329 76219708913456 0 5ab919403e90 2
acquire 76220008631806 76220008658974 0 5ab919403e90 1
present 76220008943786 76220009056719 0 5ab919403e90 1
acquire 76220308739729 76220308767805 0 5ab919403e90 2
present 76220309123506 76220309239792 0 5ab919403e90 2
acquire 76220608999417 76220609043068 0 5ab919403e90 1
present 76220609354839 76220609453454 0 5ab919403e90 1
acquire 76220909150502 76220909183467 0 5ab919403e90 2
present 76220909507879 76220909619905 0 5ab919403e90 2
acquire 76221209439593 76221209472977 0 5ab919403e90 1
present 76221209850958 76221209967942 0 5ab919403e90 1
acquire 76221509456164 76221509488012 0 5ab919403e90 2
present 76221509807884 76221509918233 0 5ab919403e90 2
acquire 76221809710474 76221809745046 0 5ab919403e90 1
present 76221810062334 76221810168563 0 5ab919403e90 1
acquire 76222109809248 76222109838302 0 5ab919403e90 2
present 76222110167603 76222110275997 0 5ab919403e90 2
acquire 76222410048124 76222410083184 0 5ab919403e90 1
present 76222410398237 76222410508377 0 5ab919403e90 1
acquire 76222710099685 76222710127412 0 5ab919403e90 2
present 76222710407195 76222710506091 0 5ab919403e90 2
acquire 76223010348827 76223010377042 0 5ab919403e90 1
present 76223010692515 76223010797347 0 5ab919403e90 1
acquire 76223310493975 76223310527359 0 5ab919403e90 2
present 76223310847511 76223310952831 0 5ab919403e90 2
acquire 76223610706939 76223610742418 0 5ab919403e90 1
present 76223611104824 76223611210075 0 5ab919403e90 1
acquire 76223910878836 76223910909147 0 5ab919403e90 2
present 76223911259750 76223911366118 0 5ab919403e90 2
acquire 76224211035019 76224211066727 0 5ab919403e90 1
present 76224211388485 76224211492479 0 5ab919403e90 1
acquire 76224511203355 76224511235970 0 5ab919403e90 2
present 76224511612205 76224511736173 0 5ab919403e90 2
acquire 76224811416039 76224811447468 0 5ab919403e90 1
present 76224811783613 76224811895708 0 5ab919403e90 1
acquire 76225111508946 76225111544286 0 5ab919403e90 2
present 76225111908088 76225112039180 0 5ab919403e90 2
acquire 76225411723656 76225411756341 0 5ab919403e90 1
present 76225412145985 76225412261223 0 5ab919403e90 1
acquire 76225711804969 76225711836886 0 5ab919403e90 2
present 76225712187070 76225712286314 0 5ab919403e90 2
acquire 76226012055018 76226012088193 0 5ab919403e90 1
present 76226012422383 76226012536433 0 5ab919403e90 1
acquire 76226312128719 76226312154979 0 5ab919403e90 2
present 76226312466610 76226312575562 0 5ab919403e90 2
acquire 76226612412501 76226612445187 0 5ab919403e90 1
present 76226612781891 76226612901110 0 5ab919403e90 1
acquire 76226912448487 76226912476633 0 5ab919403e90 2
present 76226912790011 76226912902175 0 5ab919403e90 2
acquire 76227212712994 76227212746587 0 5ab919403e90 1
present 76227213099774 76227213212428 0 5ab919403e90 1
acquire 76227512842776 76227512875671 0 5ab919403e90 2
present 76227513253931 76227513376433 0 5ab919403e90 2
acquire 76227813050571 76227813080394 0 5ab919403e90 1
present 76227813401733 76227813508939 0 5ab919403e90 1
acquire 76228113136284 76228113164430 0 5ab919403e90 2
present 76228113468938 76228113569579 0 5ab919403e90 2
acquire 76228413397508 76228413433546 0 5ab919403e90 1
present 76228413783031 76228413915590 0 5ab919403e90 1
acquire 76228713507805 76228713540630 0 5ab919403e90 2
present 76228713856103 76228713983702 0 5ab919403e90 2
acquire 76229013751149 76229013786698 0 5ab919403e90 1
present 76229014142539 76229014266856 0 5ab919403e90 1
acquire 76229313823731 76229313853833 0 5ab919403e90 2
present 76229314205064 76229314309896 0 5ab919403e90 2
acquire 76229614152840 76229614181056 0 5ab919403e90 1
present 76229614468942 76229614569583 0 5ab919403e90 1
acquire 76229914196299 76229914234921 0 5ab919403e90 2
present 76229914551930 76229914662559 0 5ab919403e90 2
acquire 76230214443973 76230214477357 0 5ab919403e90 1
present 76230214827541 76230214941382 0 5ab919403e90 1
swapchain 76231232309728 76231235552872 0 5ab919b91750 1100x700 mode 2 images 3
acquire 76231240158688 76231240170561 0 5ab919b91750 2
present 76231241612502 76231241726343 0 5ab919b91750 2
swapchain 76232736427928 76232739167029 0 5ab919403e90 640x760 mode 2 images 3
acquire 76232740876392 76232740886379 0 5ab919403e90 2
present 76232741116925 76232741222664 0 5ab919403e90 2
swapchain 76234246910754 76234249470013 0 5ab919e0e4a0 1280x480 mode 2 images 3
acquire 76234252150238 76234252160155 0 5ab919e0e4a0 2
present 76234253238154 76234253342427 0 5ab919e0e4a0 2
swapchain 76235759939428 76235763327842 0 5ab919eed950 760x560 mode 2 images 3
acquire 76235765261255 76235765275363 0 5ab919eed950 2
present 76235765536988 76235765671013 0 5ab919eed950 2
swapchain 76237268421721 76237271138682 0 5ab919ef24d0 900x560 mode 2 images 3
acquire 76237273017898 76237273028305 0 5ab919ef24d0 2
present 76237273281199 76237273395669 0 5ab919ef24d0 2
