launch_mono_ns 304990388261654
assets ready in 24 ms: font, PNG (Ocula), SVG (Splina + Dithra), text, layout
GPU 0: NVIDIA GeForce RTX 3050 Laptop GPU (discrete, vendor 4318, device 9698, Vulkan 1.4.341, 4096 MiB device-local, max image 32768)
queue family 0, swapchain 900x560, format 44, 4 images, retained canvas, 2 frames in flight, validation layer off (not installed)
window and GPU ready in 352 ms
redraw 1 at 389 ms: scene + GPU 13 ms, whole, 235 quads, 93 glyphs cached, atlas 91 entries, 84131 texels uploaded
input: mapped expose
redraw 2 at 389 ms: scene + GPU 0 ms, damage only, 0 quads, 93 glyphs cached, atlas 91 entries, 84131 texels uploaded
input: moved
input: focus-in
input: key-down 9
redraw 3 at 12723 ms: scene + GPU 0 ms, damage only, 11 quads, 93 glyphs cached, atlas 91 entries, 84131 texels uploaded
input: key-up 9
input: key-down 32
redraw 4 at 13404 ms: scene + GPU 2 ms, damage only, 11 quads, 93 glyphs cached, atlas 91 entries, 84131 texels uploaded
input: key-up 32 -> 1 activation(s)
redraw 5 at 13704 ms: scene + GPU 0 ms, damage only, 26 quads, 95 glyphs cached, atlas 93 entries, 84299 texels uploaded
input: key-down 32
redraw 6 at 14008 ms: scene + GPU 0 ms, damage only, 11 quads, 95 glyphs cached, atlas 93 entries, 84299 texels uploaded
input: key-up 32 -> 1 activation(s)
redraw 7 at 14313 ms: scene + GPU 1 ms, damage only, 28 quads, 96 glyphs cached, atlas 94 entries, 84407 texels uploaded
input: key-down 32
redraw 8 at 14620 ms: scene + GPU 0 ms, damage only, 11 quads, 96 glyphs cached, atlas 94 entries, 84407 texels uploaded
input: key-up 32 -> 1 activation(s)
redraw 9 at 14921 ms: scene + GPU 0 ms, damage only, 28 quads, 97 glyphs cached, atlas 95 entries, 84524 texels uploaded
input: key-down 32
redraw 10 at 15223 ms: scene + GPU 0 ms, damage only, 11 quads, 97 glyphs cached, atlas 95 entries, 84524 texels uploaded
input: key-up 32 -> 1 activation(s)
redraw 11 at 15528 ms: scene + GPU 0 ms, damage only, 28 quads, 98 glyphs cached, atlas 96 entries, 84632 texels uploaded
input: key-down 32
redraw 12 at 15833 ms: scene + GPU 0 ms, damage only, 11 quads, 98 glyphs cached, atlas 96 entries, 84632 texels uploaded
input: key-up 32 -> 1 activation(s)
redraw 13 at 16140 ms: scene + GPU 1 ms, damage only, 28 quads, 99 glyphs cached, atlas 97 entries, 84749 texels uploaded
input: key-down 32
redraw 14 at 16445 ms: scene + GPU 1 ms, damage only, 11 quads, 99 glyphs cached, atlas 97 entries, 84749 texels uploaded
input: key-up 32 -> 1 activation(s)
redraw 15 at 16751 ms: scene + GPU 1 ms, damage only, 28 quads, 100 glyphs cached, atlas 98 entries, 84866 texels uploaded
input: key-down 32
redraw 16 at 17057 ms: scene + GPU 0 ms, damage only, 11 quads, 100 glyphs cached, atlas 98 entries, 84866 texels uploaded
input: key-up 32 -> 1 activation(s)
redraw 17 at 17364 ms: scene + GPU 1 ms, damage only, 28 quads, 101 glyphs cached, atlas 99 entries, 84974 texels uploaded
input: key-down 32
redraw 18 at 17669 ms: scene + GPU 1 ms, damage only, 11 quads, 101 glyphs cached, atlas 99 entries, 84974 texels uploaded
input: key-up 32 -> 1 activation(s)
redraw 19 at 17971 ms: scene + GPU 0 ms, damage only, 28 quads, 102 glyphs cached, atlas 100 entries, 85091 texels uploaded
input: key-down 32
redraw 20 at 18276 ms: scene + GPU 0 ms, damage only, 11 quads, 102 glyphs cached, atlas 100 entries, 85091 texels uploaded
input: key-up 32 -> 1 activation(s)
redraw 21 at 18578 ms: scene + GPU 1 ms, damage only, 28 quads, 103 glyphs cached, atlas 101 entries, 85208 texels uploaded
input: key-down 32
redraw 22 at 18884 ms: scene + GPU 0 ms, damage only, 11 quads, 103 glyphs cached, atlas 101 entries, 85208 texels uploaded
input: key-up 32 -> 1 activation(s)
redraw 23 at 19189 ms: scene + GPU 1 ms, damage only, 29 quads, 104 glyphs cached, atlas 102 entries, 85325 texels uploaded
input: key-down 32
redraw 24 at 19495 ms: scene + GPU 0 ms, damage only, 11 quads, 104 glyphs cached, atlas 102 entries, 85325 texels uploaded
input: key-up 32 -> 1 activation(s)
redraw 25 at 19801 ms: scene + GPU 0 ms, damage only, 29 quads, 104 glyphs cached, atlas 102 entries, 85325 texels uploaded
input: key-down 32
redraw 26 at 20107 ms: scene + GPU 0 ms, damage only, 11 quads, 104 glyphs cached, atlas 102 entries, 85325 texels uploaded
input: key-up 32 -> 1 activation(s)
redraw 27 at 20409 ms: scene + GPU 0 ms, damage only, 29 quads, 104 glyphs cached, atlas 102 entries, 85325 texels uploaded
input: key-down 32
redraw 28 at 20711 ms: scene + GPU 0 ms, damage only, 11 quads, 104 glyphs cached, atlas 102 entries, 85325 texels uploaded
input: key-up 32 -> 1 activation(s)
redraw 29 at 21020 ms: scene + GPU 1 ms, damage only, 29 quads, 104 glyphs cached, atlas 102 entries, 85325 texels uploaded
input: key-down 32
redraw 30 at 21328 ms: scene + GPU 1 ms, damage only, 11 quads, 104 glyphs cached, atlas 102 entries, 85325 texels uploaded
input: key-up 32 -> 1 activation(s)
redraw 31 at 21635 ms: scene + GPU 1 ms, damage only, 29 quads, 104 glyphs cached, atlas 102 entries, 85325 texels uploaded
input: key-down 32
redraw 32 at 21943 ms: scene + GPU 0 ms, damage only, 11 quads, 104 glyphs cached, atlas 102 entries, 85325 texels uploaded
input: key-up 32 -> 1 activation(s)
redraw 33 at 22248 ms: scene + GPU 1 ms, damage only, 29 quads, 104 glyphs cached, atlas 102 entries, 85325 texels uploaded
input: key-down 32
redraw 34 at 22548 ms: scene + GPU 0 ms, damage only, 11 quads, 104 glyphs cached, atlas 102 entries, 85325 texels uploaded
input: key-up 32 -> 1 activation(s)
redraw 35 at 22852 ms: scene + GPU 1 ms, damage only, 29 quads, 104 glyphs cached, atlas 102 entries, 85325 texels uploaded
input: key-down 32
redraw 36 at 23157 ms: scene + GPU 1 ms, damage only, 11 quads, 104 glyphs cached, atlas 102 entries, 85325 texels uploaded
input: key-up 32 -> 1 activation(s)
redraw 37 at 23459 ms: scene + GPU 0 ms, damage only, 29 quads, 104 glyphs cached, atlas 102 entries, 85325 texels uploaded
input: key-down 32
redraw 38 at 23763 ms: scene + GPU 0 ms, damage only, 11 quads, 104 glyphs cached, atlas 102 entries, 85325 texels uploaded
input: key-up 32 -> 1 activation(s)
redraw 39 at 24071 ms: scene + GPU 1 ms, damage only, 29 quads, 104 glyphs cached, atlas 102 entries, 85325 texels uploaded
input: key-down 32
redraw 40 at 24377 ms: scene + GPU 1 ms, damage only, 11 quads, 104 glyphs cached, atlas 102 entries, 85325 texels uploaded
input: key-up 32 -> 1 activation(s)
redraw 41 at 24682 ms: scene + GPU 1 ms, damage only, 29 quads, 104 glyphs cached, atlas 102 entries, 85325 texels uploaded
input: key-down 32
redraw 42 at 24982 ms: scene + GPU 0 ms, damage only, 11 quads, 104 glyphs cached, atlas 102 entries, 85325 texels uploaded
input: key-up 32 -> 1 activation(s)
redraw 43 at 25288 ms: scene + GPU 0 ms, damage only, 29 quads, 104 glyphs cached, atlas 102 entries, 85325 texels uploaded
input: key-down 32
redraw 44 at 25591 ms: scene + GPU 0 ms, damage only, 11 quads, 104 glyphs cached, atlas 102 entries, 85325 texels uploaded
input: key-up 32 -> 1 activation(s)
redraw 45 at 25895 ms: scene + GPU 1 ms, damage only, 29 quads, 104 glyphs cached, atlas 102 entries, 85325 texels uploaded
input: key-down 32
redraw 46 at 26198 ms: scene + GPU 0 ms, damage only, 11 quads, 104 glyphs cached, atlas 102 entries, 85325 texels uploaded
input: key-up 32 -> 1 activation(s)
redraw 47 at 26503 ms: scene + GPU 0 ms, damage only, 29 quads, 104 glyphs cached, atlas 102 entries, 85325 texels uploaded
input: key-down 32
redraw 48 at 26808 ms: scene + GPU 1 ms, damage only, 11 quads, 104 glyphs cached, atlas 102 entries, 85325 texels uploaded
input: key-up 32 -> 1 activation(s)
redraw 49 at 27109 ms: scene + GPU 1 ms, damage only, 29 quads, 104 glyphs cached, atlas 102 entries, 85325 texels uploaded
input: key-down 32
redraw 50 at 27413 ms: scene + GPU 0 ms, damage only, 11 quads, 104 glyphs cached, atlas 102 entries, 85325 texels uploaded
input: key-up 32 -> 1 activation(s)
redraw 51 at 27720 ms: scene + GPU 1 ms, damage only, 29 quads, 104 glyphs cached, atlas 102 entries, 85325 texels uploaded
input: key-down 32
redraw 52 at 28025 ms: scene + GPU 1 ms, damage only, 11 quads, 104 glyphs cached, atlas 102 entries, 85325 texels uploaded
input: key-up 32 -> 1 activation(s)
redraw 53 at 28329 ms: scene + GPU 0 ms, damage only, 29 quads, 104 glyphs cached, atlas 102 entries, 85325 texels uploaded
input: key-down 32
redraw 54 at 28637 ms: scene + GPU 0 ms, damage only, 11 quads, 104 glyphs cached, atlas 102 entries, 85325 texels uploaded
input: key-up 32 -> 1 activation(s)
redraw 55 at 28940 ms: scene + GPU 1 ms, damage only, 29 quads, 104 glyphs cached, atlas 102 entries, 85325 texels uploaded
input: key-down 32
redraw 56 at 29243 ms: scene + GPU 0 ms, damage only, 11 quads, 104 glyphs cached, atlas 102 entries, 85325 texels uploaded
input: key-up 32 -> 1 activation(s)
redraw 57 at 29551 ms: scene + GPU 0 ms, damage only, 29 quads, 104 glyphs cached, atlas 102 entries, 85325 texels uploaded
input: key-down 32
redraw 58 at 29855 ms: scene + GPU 0 ms, damage only, 11 quads, 104 glyphs cached, atlas 102 entries, 85325 texels uploaded
input: key-up 32 -> 1 activation(s)
redraw 59 at 30160 ms: scene + GPU 1 ms, damage only, 29 quads, 104 glyphs cached, atlas 102 entries, 85325 texels uploaded
input: key-down 32
redraw 60 at 30460 ms: scene + GPU 0 ms, damage only, 11 quads, 104 glyphs cached, atlas 102 entries, 85325 texels uploaded
input: key-up 32 -> 1 activation(s)
redraw 61 at 30762 ms: scene + GPU 0 ms, damage only, 29 quads, 104 glyphs cached, atlas 102 entries, 85325 texels uploaded
input: key-down 32
redraw 62 at 31063 ms: scene + GPU 0 ms, damage only, 11 quads, 104 glyphs cached, atlas 102 entries, 85325 texels uploaded
input: key-up 32 -> 1 activation(s)
redraw 63 at 31364 ms: scene + GPU 1 ms, damage only, 29 quads, 104 glyphs cached, atlas 102 entries, 85325 texels uploaded
input: resize 1100x700 expose moved
redraw 64 at 32384 ms: scene + GPU 0 ms, whole, 222 quads, 104 glyphs cached, atlas 102 entries, 85325 texels uploaded
input: resize 640x760 moved
redraw 65 at 33891 ms: scene + GPU 1 ms, whole, 222 quads, 104 glyphs cached, atlas 102 entries, 85325 texels uploaded
input: expose
redraw 66 at 33891 ms: scene + GPU 0 ms, damage only, 0 quads, 104 glyphs cached, atlas 102 entries, 85325 texels uploaded
input: resize 1280x480 expose moved
redraw 67 at 35401 ms: scene + GPU 0 ms, whole, 222 quads, 104 glyphs cached, atlas 102 entries, 85325 texels uploaded
input: resize 760x560 expose moved
redraw 68 at 36908 ms: scene + GPU 0 ms, whole, 222 quads, 104 glyphs cached, atlas 102 entries, 85325 texels uploaded
input: resize 900x560 moved
redraw 69 at 38417 ms: scene + GPU 1 ms, whole, 222 quads, 104 glyphs cached, atlas 102 entries, 85325 texels uploaded
input: expose
redraw 70 at 38417 ms: scene + GPU 0 ms, damage only, 0 quads, 104 glyphs cached, atlas 102 entries, 85325 texels uploaded
input: close
frames presented: 70, redraws: 70, clicks: 30
teardown: 0 native objects left; driver messages: 0 warnings, 0 errors
window objects left: 0
exit=0
