instance 304990515387875 304990547984564 0 pid 347633
device 304990549975736 304990692740303 0
swapchain 304990693259782 304990751161742 0 2f3f3ea0 900x560 mode 2 images 4
acquire 304990769166585 304990769185582 0 2f3f3ea0 3
present 304990773640191 304990781312034 0 2f3f3ea0 3
acquire 304990781654465 304990781671786 0 2f3f3ea0 2
present 304990781798618 304990781918884 0 2f3f3ea0 2
acquire 305003115497064 305003115518575 0 2f3f3ea0 1
present 305003115672366 305003115819172 0 2f3f3ea0 1
acquire 305003795080405 305003795099471 0 2f3f3ea0 0
present 305003795832524 305003795989737 0 2f3f3ea0 0
acquire 305004096461528 305004096500220 0 2f3f3ea0 3
present 305004096726366 305004096873172 0 2f3f3ea0 3
acquire 305004400473009 305004400506882 0 2f3f3ea0 2
present 305004400653060 305004400763548 0 2f3f3ea0 2
acquire 305004704976661 305004705017727 0 2f3f3ea0 3
present 305004705171727 305004705283752 0 2f3f3ea0 3
acquire 305005012215782 305005012244207 0 2f3f3ea0 2
present 305005012380467 305005012487534 0 2f3f3ea0 2
acquire 305005313414410 305005313448562 0 2f3f3ea0 3
present 305005313592365 305005313712143 0 2f3f3ea0 3
acquire 305005615219329 305005615253621 0 2f3f3ea0 2
present 305005615456021 305005615575100 0 2f3f3ea0 2
acquire 305005920553532 305005920584961 0 2f3f3ea0 3
present 305005920747691 305005920867328 0 2f3f3ea0 3
acquire 305006225247012 305006225277533 0 2f3f3ea0 2
present 305006225414002 305006225533221 0 2f3f3ea0 2
acquire 305006532181695 305006532215080 0 2f3f3ea0 3
present 305006532371454 305006532492070 0 2f3f3ea0 3
acquire 305006836734795 305006836769366 0 2f3f3ea0 2
present 305006836950534 305006837113334 0 2f3f3ea0 2
acquire 305007143102857 305007143133866 0 2f3f3ea0 3
present 305007143273758 305007143389136 0 2f3f3ea0 3
acquire 305007449548652 305007449579661 0 2f3f3ea0 2
present 305007449714944 305007449832486 0 2f3f3ea0 2
acquire 305007756115831 305007756147748 0 2f3f3ea0 3
present 305007756313132 305007756430046 0 2f3f3ea0 3
acquire 305008061060460 305008061089933 0 2f3f3ea0 2
present 305008061206428 305008061311329 0 2f3f3ea0 2
acquire 305008363387442 305008363420826 0 2f3f3ea0 3
present 305008363576641 305008363696349 0 2f3f3ea0 3
acquire 305008668555353 305008668583988 0 2f3f3ea0 2
present 305008668724927 305008668834648 0 2f3f3ea0 2
acquire 305008969752165 305008969778845 0 2f3f3ea0 3
present 305008969914406 305008970036419 0 2f3f3ea0 3
acquire 305009276623153 305009276652137 0 2f3f3ea0 2
present 305009276777572 305009276881845 0 2f3f3ea0 2
acquire 305009580704196 305009580737371 0 2f3f3ea0 3
present 305009580905618 305009581089929 0 2f3f3ea0 3
acquire 305009887529648 305009887559959 0 2f3f3ea0 2
present 305009887684975 305009887797559 0 2f3f3ea0 2
acquire 305010193546688 305010193577209 0 2f3f3ea0 3
present 305010193719266 305010193829615 0 2f3f3ea0 3
acquire 305010499314186 305010499341773 0 2f3f3ea0 2
present 305010499463716 305010499575042 0 2f3f3ea0 2
acquire 305010801368717 305010801405454 0 2f3f3ea0 3
present 305010801588717 305010801719390 0 2f3f3ea0 3
acquire 305011103435401 305011103463617 0 2f3f3ea0 2
present 305011103583325 305011103694861 0 2f3f3ea0 2
acquire 305011411882914 305011411911060 0 2f3f3ea0 3
present 305011412047320 305011412152571 0 2f3f3ea0 3
acquire 305011719748370 305011719776447 0 2f3f3ea0 2
present 305011719898459 305011719998751 0 2f3f3ea0 2
acquire 305012026860590 305012026890133 0 2f3f3ea0 3
present 305012027033237 305012027146799 0 2f3f3ea0 3
acquire 305012335386255 305012335419220 0 2f3f3ea0 2
present 305012335554782 305012335668204 0 2f3f3ea0 2
acquire 305012639908904 305012639941380 0 2f3f3ea0 3
present 305012640086719 305012640201259 0 2f3f3ea0 3
acquire 305012940658802 305012940690999 0 2f3f3ea0 2
present 305012940841227 305012940956675 0 2f3f3ea0 2
acquire 305013243924659 305013243974805 0 2f3f3ea0 3
present 305013244134183 305013244261573 0 2f3f3ea0 3
acquire 305013548707117 305013548759987 0 2f3f3ea0 2
present 305013548940875 305013549085935 0 2f3f3ea0 2
acquire 305013851301311 305013851340422 0 2f3f3ea0 3
present 305013851553508 305013851697450 0 2f3f3ea0 3
acquire 305014155270469 305014155305180 0 2f3f3ea0 2
present 305014155471262 305014155589154 0 2f3f3ea0 2
acquire 305014462744884 305014462780783 0 2f3f3ea0 3
present 305014462942744 305014463085709 0 2f3f3ea0 3
acquire 305014768767512 305014768805575 0 2f3f3ea0 2
present 305014768950077 305014769102680 0 2f3f3ea0 2
acquire 305015073788547 305015073821233 0 2f3f3ea0 3
present 305015073970902 305015074111353 0 2f3f3ea0 3
acquire 305015374263132 305015374298960 0 2f3f3ea0 2
present 305015374457849 305015374594319 0 2f3f3ea0 2
acquire 305015680408959 305015680447651 0 2f3f3ea0 3
present 305015680642997 305015680798114 0 2f3f3ea0 3
acquire 305015983345934 305015983375058 0 2f3f3ea0 2
present 305015983486315 305015983609095 0 2f3f3ea0 2
acquire 305016287195453 305016287231701 0 2f3f3ea0 3
present 305016287406793 305016287539351 0 2f3f3ea0 3
acquire 305016590532758 305016590566072 0 2f3f3ea0 2
present 305016590689691 305016590809678 0 2f3f3ea0 2
acquire 305016895687190 305016895716732 0 2f3f3ea0 3
present 305016895851666 305016895972700 0 2f3f3ea0 3
acquire 305017200036911 305017200070296 0 2f3f3ea0 2
present 305017200222410 305017200348822 0 2f3f3ea0 2
acquire 305017501184765 305017501216263 0 2f3f3ea0 3
present 305017501378504 305017501500168 0 2f3f3ea0 3
acquire 305017805472259 305017805507947 0 2f3f3ea0 2
present 305017805656569 305017805783261 0 2f3f3ea0 2
acquire 305018112067584 305018112099990 0 2f3f3ea0 3
present 305018112232688 305018112353374 0 2f3f3ea0 3
acquire 305018417203927 305018417240244 0 2f3f3ea0 2
present 305018417400041 305018417535951 0 2f3f3ea0 2
acquire 305018721425909 305018721457687 0 2f3f3ea0 3
present 305018721603864 305018721725597 0 2f3f3ea0 3
acquire 305019029298280 305019029334388 0 2f3f3ea0 2
present 305019029498025 305019029624927 0 2f3f3ea0 2
acquire 305019331709141 305019331748182 0 2f3f3ea0 3
present 305019331934798 305019332090334 0 2f3f3ea0 3
acquire 305019635353467 305019635388737 0 2f3f3ea0 2
present 305019635519899 305019635632902 0 2f3f3ea0 2
acquire 305019943268232 305019943303501 0 2f3f3ea0 3
present 305019943442834 305019943559958 0 2f3f3ea0 3
acquire 305020247373090 305020247484976 0 2f3f3ea0 2
present 305020247638626 305020247775236 0 2f3f3ea0 2
acquire 305020551962926 305020551997218 0 2f3f3ea0 3
present 305020552156596 305020552274488 0 2f3f3ea0 3
acquire 305020852205429 305020852237625 0 2f3f3ea0 2
present 305020852377448 305020852495758 0 2f3f3ea0 2
acquire 305021154300049 305021154335249 0 2f3f3ea0 3
present 305021154511808 305021154647788 0 2f3f3ea0 3
acquire 305021455473255 305021455508595 0 2f3f3ea0 2
present 305021455666506 305021455796061 0 2f3f3ea0 2
acquire 305021756150659 305021756187674 0 2f3f3ea0 3
present 305021756346004 305021756474861 0 2f3f3ea0 3
swapchain 305022771552406 305022775307206 0 2f58a510 1100x700 mode 2 images 4
acquire 305022776651789 305022776663312 0 2f58a510 3
present 305022776785744 305022776910201 0 2f58a510 3
swapchain 305024278917157 305024282274701 0 2f3f3ea0 640x760 mode 2 images 4
acquire 305024283211970 305024283221538 0 2f3f3ea0 3
present 305024283336915 305024283448172 0 2f3f3ea0 3
acquire 305024283616420 305024283627455 0 2f3f3ea0 2
present 305024283685004 305024283768953 0 2f3f3ea0 2
swapchain 305025788395791 305025792339233 0 2f58a510 1280x480 mode 2 images 4
acquire 305025793605034 305025793618513 0 2f58a510 3
present 305025793747789 305025793871618 0 2f58a510 3
swapchain 305027295789596 305027299653279 0 2f3f3ea0 760x560 mode 2 images 4
acquire 305027300754674 305027300765081 0 2f3f3ea0 3
present 305027300877804 305027300990738 0 2f3f3ea0 3
swapchain 305028804773126 305028808269864 0 2f59ccc0 900x560 mode 2 images 4
acquire 305028809217469 305028809227665 0 2f59ccc0 3
present 305028809339621 305028809477068 0 2f59ccc0 3
acquire 305028809588674 305028809596287 0 2f59ccc0 2
present 305028809640776 305028809741208 0 2f59ccc0 2
