launch_mono_ns 73512162686061
assets ready in 449 ms: font, PNG (Ocula), SVG (Splina + Dithra), text, layout
GPU 0: NVIDIA GeForce RTX 3050 Laptop GPU (discrete, vendor 4318, device 9698, Vulkan 1.4.341, 4096 MiB device-local, max image 32768)
queue family 0, swapchain 900x560, format 44, 4 images, 2 frames in flight, validation layer off (not installed)
window and GPU ready in 283 ms
redraw 1 at 738 ms: scene + GPU 6 ms, 93 glyphs cached, atlas 91 entries, 84131 texels uploaded
input: mapped expose
redraw 2 at 743 ms: scene + GPU 5 ms, 93 glyphs cached, atlas 91 entries, 84131 texels uploaded
redraw 3 at 744 ms: scene + GPU 1 ms, 93 glyphs cached, atlas 91 entries, 84131 texels uploaded
input: moved
input: focus-in
input: key-down 9
redraw 4 at 13092 ms: scene + GPU 1 ms, 93 glyphs cached, atlas 91 entries, 84131 texels uploaded
input: key-up 9
input: key-down 32
redraw 5 at 13773 ms: scene + GPU 1 ms, 93 glyphs cached, atlas 91 entries, 84131 texels uploaded
input: key-up 32 -> 1 activation(s)
redraw 6 at 14237 ms: scene + GPU 2 ms, 95 glyphs cached, atlas 93 entries, 84299 texels uploaded
input: key-down 32
redraw 7 at 14374 ms: scene + GPU 2 ms, 95 glyphs cached, atlas 93 entries, 84299 texels uploaded
input: key-up 32 -> 1 activation(s)
redraw 8 at 14838 ms: scene + GPU 2 ms, 96 glyphs cached, atlas 94 entries, 84407 texels uploaded
input: key-down 32
redraw 9 at 14974 ms: scene + GPU 2 ms, 96 glyphs cached, atlas 94 entries, 84407 texels uploaded
input: key-up 32 -> 1 activation(s)
redraw 10 at 15445 ms: scene + GPU 2 ms, 97 glyphs cached, atlas 95 entries, 84524 texels uploaded
input: key-down 32
redraw 11 at 15574 ms: scene + GPU 1 ms, 97 glyphs cached, atlas 95 entries, 84524 texels uploaded
input: key-up 32 -> 1 activation(s)
redraw 12 at 16042 ms: scene + GPU 4 ms, 98 glyphs cached, atlas 96 entries, 84632 texels uploaded
input: key-down 32
redraw 13 at 16175 ms: scene + GPU 2 ms, 98 glyphs cached, atlas 96 entries, 84632 texels uploaded
input: key-up 32 -> 1 activation(s)
redraw 14 at 16647 ms: scene + GPU 8 ms, 99 glyphs cached, atlas 97 entries, 84749 texels uploaded
input: key-down 32
redraw 15 at 16775 ms: scene + GPU 1 ms, 99 glyphs cached, atlas 97 entries, 84749 texels uploaded
input: key-up 32 -> 1 activation(s)
redraw 16 at 17241 ms: scene + GPU 2 ms, 100 glyphs cached, atlas 98 entries, 84866 texels uploaded
input: key-down 32
redraw 17 at 17376 ms: scene + GPU 2 ms, 100 glyphs cached, atlas 98 entries, 84866 texels uploaded
input: key-up 32 -> 1 activation(s)
redraw 18 at 17841 ms: scene + GPU 2 ms, 101 glyphs cached, atlas 99 entries, 84974 texels uploaded
input: key-down 32
redraw 19 at 17976 ms: scene + GPU 2 ms, 101 glyphs cached, atlas 99 entries, 84974 texels uploaded
input: key-up 32 -> 1 activation(s)
redraw 20 at 18440 ms: scene + GPU 2 ms, 102 glyphs cached, atlas 100 entries, 85091 texels uploaded
input: key-down 32
redraw 21 at 18576 ms: scene + GPU 1 ms, 102 glyphs cached, atlas 100 entries, 85091 texels uploaded
input: key-up 32 -> 1 activation(s)
redraw 22 at 19042 ms: scene + GPU 2 ms, 103 glyphs cached, atlas 101 entries, 85208 texels uploaded
input: key-down 32
redraw 23 at 19177 ms: scene + GPU 2 ms, 103 glyphs cached, atlas 101 entries, 85208 texels uploaded
input: key-up 32 -> 1 activation(s)
redraw 24 at 19643 ms: scene + GPU 2 ms, 104 glyphs cached, atlas 102 entries, 85325 texels uploaded
input: key-down 32
redraw 25 at 19777 ms: scene + GPU 2 ms, 104 glyphs cached, atlas 102 entries, 85325 texels uploaded
input: key-up 32 -> 1 activation(s)
redraw 26 at 20242 ms: scene + GPU 2 ms, 104 glyphs cached, atlas 102 entries, 85325 texels uploaded
input: key-down 32
redraw 27 at 20377 ms: scene + GPU 2 ms, 104 glyphs cached, atlas 102 entries, 85325 texels uploaded
input: key-up 32 -> 1 activation(s)
redraw 28 at 20843 ms: scene + GPU 1 ms, 104 glyphs cached, atlas 102 entries, 85325 texels uploaded
input: key-down 32
redraw 29 at 20977 ms: scene + GPU 1 ms, 104 glyphs cached, atlas 102 entries, 85325 texels uploaded
input: key-up 32 -> 1 activation(s)
redraw 30 at 21447 ms: scene + GPU 2 ms, 104 glyphs cached, atlas 102 entries, 85325 texels uploaded
input: key-down 32
redraw 31 at 21578 ms: scene + GPU 2 ms, 104 glyphs cached, atlas 102 entries, 85325 texels uploaded
input: key-up 32 -> 1 activation(s)
redraw 32 at 22046 ms: scene + GPU 1 ms, 104 glyphs cached, atlas 102 entries, 85325 texels uploaded
input: key-down 32
redraw 33 at 22178 ms: scene + GPU 2 ms, 104 glyphs cached, atlas 102 entries, 85325 texels uploaded
input: key-up 32 -> 1 activation(s)
redraw 34 at 22644 ms: scene + GPU 1 ms, 104 glyphs cached, atlas 102 entries, 85325 texels uploaded
input: key-down 32
redraw 35 at 22778 ms: scene + GPU 1 ms, 104 glyphs cached, atlas 102 entries, 85325 texels uploaded
input: key-up 32 -> 1 activation(s)
redraw 36 at 23245 ms: scene + GPU 2 ms, 104 glyphs cached, atlas 102 entries, 85325 texels uploaded
input: key-down 32
redraw 37 at 23378 ms: scene + GPU 1 ms, 104 glyphs cached, atlas 102 entries, 85325 texels uploaded
input: key-up 32 -> 1 activation(s)
redraw 38 at 23844 ms: scene + GPU 2 ms, 104 glyphs cached, atlas 102 entries, 85325 texels uploaded
input: key-down 32
redraw 39 at 23979 ms: scene + GPU 2 ms, 104 glyphs cached, atlas 102 entries, 85325 texels uploaded
input: key-up 32 -> 1 activation(s)
redraw 40 at 24447 ms: scene + GPU 1 ms, 104 glyphs cached, atlas 102 entries, 85325 texels uploaded
input: key-down 32
redraw 41 at 24579 ms: scene + GPU 1 ms, 104 glyphs cached, atlas 102 entries, 85325 texels uploaded
input: key-up 32 -> 1 activation(s)
redraw 42 at 25047 ms: scene + GPU 1 ms, 104 glyphs cached, atlas 102 entries, 85325 texels uploaded
input: key-down 32
redraw 43 at 25180 ms: scene + GPU 2 ms, 104 glyphs cached, atlas 102 entries, 85325 texels uploaded
input: key-up 32 -> 1 activation(s)
redraw 44 at 25641 ms: scene + GPU 1 ms, 104 glyphs cached, atlas 102 entries, 85325 texels uploaded
input: key-down 32
redraw 45 at 25780 ms: scene + GPU 2 ms, 104 glyphs cached, atlas 102 entries, 85325 texels uploaded
input: key-up 32 -> 1 activation(s)
redraw 46 at 26245 ms: scene + GPU 1 ms, 104 glyphs cached, atlas 102 entries, 85325 texels uploaded
input: key-down 32
redraw 47 at 26380 ms: scene + GPU 2 ms, 104 glyphs cached, atlas 102 entries, 85325 texels uploaded
input: key-up 32 -> 1 activation(s)
redraw 48 at 26856 ms: scene + GPU 2 ms, 104 glyphs cached, atlas 102 entries, 85325 texels uploaded
input: key-down 32
redraw 49 at 26980 ms: scene + GPU 1 ms, 104 glyphs cached, atlas 102 entries, 85325 texels uploaded
input: key-up 32 -> 1 activation(s)
redraw 50 at 27447 ms: scene + GPU 2 ms, 104 glyphs cached, atlas 102 entries, 85325 texels uploaded
input: key-down 32
redraw 51 at 27581 ms: scene + GPU 2 ms, 104 glyphs cached, atlas 102 entries, 85325 texels uploaded
input: key-up 32 -> 1 activation(s)
redraw 52 at 28049 ms: scene + GPU 2 ms, 104 glyphs cached, atlas 102 entries, 85325 texels uploaded
input: key-down 32
redraw 53 at 28181 ms: scene + GPU 2 ms, 104 glyphs cached, atlas 102 entries, 85325 texels uploaded
input: key-up 32 -> 1 activation(s)
redraw 54 at 28646 ms: scene + GPU 2 ms, 104 glyphs cached, atlas 102 entries, 85325 texels uploaded
input: key-down 32
redraw 55 at 28781 ms: scene + GPU 1 ms, 104 glyphs cached, atlas 102 entries, 85325 texels uploaded
input: key-up 32 -> 1 activation(s)
redraw 56 at 29245 ms: scene + GPU 2 ms, 104 glyphs cached, atlas 102 entries, 85325 texels uploaded
input: key-down 32
redraw 57 at 29382 ms: scene + GPU 2 ms, 104 glyphs cached, atlas 102 entries, 85325 texels uploaded
input: key-up 32 -> 1 activation(s)
redraw 58 at 29845 ms: scene + GPU 1 ms, 104 glyphs cached, atlas 102 entries, 85325 texels uploaded
input: key-down 32
redraw 59 at 29982 ms: scene + GPU 2 ms, 104 glyphs cached, atlas 102 entries, 85325 texels uploaded
input: key-up 32 -> 1 activation(s)
redraw 60 at 30457 ms: scene + GPU 3 ms, 104 glyphs cached, atlas 102 entries, 85325 texels uploaded
input: key-down 32
redraw 61 at 30583 ms: scene + GPU 2 ms, 104 glyphs cached, atlas 102 entries, 85325 texels uploaded
input: key-up 32 -> 1 activation(s)
redraw 62 at 31050 ms: scene + GPU 2 ms, 104 glyphs cached, atlas 102 entries, 85325 texels uploaded
input: key-down 32
redraw 63 at 31183 ms: scene + GPU 2 ms, 104 glyphs cached, atlas 102 entries, 85325 texels uploaded
input: key-up 32 -> 1 activation(s)
redraw 64 at 31648 ms: scene + GPU 2 ms, 104 glyphs cached, atlas 102 entries, 85325 texels uploaded
input: resize 1100x700 expose moved
redraw 65 at 32664 ms: scene + GPU 2 ms, 104 glyphs cached, atlas 102 entries, 85325 texels uploaded
input: resize 640x760 moved
redraw 66 at 34181 ms: scene + GPU 2 ms, 104 glyphs cached, atlas 102 entries, 85325 texels uploaded
input: expose
redraw 67 at 34182 ms: scene + GPU 1 ms, 104 glyphs cached, atlas 102 entries, 85325 texels uploaded
input: resize 1280x480 moved
redraw 68 at 35679 ms: scene + GPU 2 ms, 104 glyphs cached, atlas 102 entries, 85325 texels uploaded
input: expose
redraw 69 at 35681 ms: scene + GPU 2 ms, 104 glyphs cached, atlas 102 entries, 85325 texels uploaded
input: resize 760x560 moved
redraw 70 at 37190 ms: scene + GPU 1 ms, 104 glyphs cached, atlas 102 entries, 85325 texels uploaded
input: expose
redraw 71 at 37192 ms: scene + GPU 2 ms, 104 glyphs cached, atlas 102 entries, 85325 texels uploaded
input: resize 900x560 moved
redraw 72 at 38694 ms: scene + GPU 2 ms, 104 glyphs cached, atlas 102 entries, 85325 texels uploaded
input: expose
redraw 73 at 38695 ms: scene + GPU 1 ms, 104 glyphs cached, atlas 102 entries, 85325 texels uploaded
input: close
frames presented: 73, redraws: 73, clicks: 30
teardown: 0 native objects left; driver messages: 0 warnings, 0 errors
window objects left: 0
exit=0
