instance 73512712236008 73512725473000 0 pid 1269358
device 73512726214853 73512842640253 0
swapchain 73512843062932 73512891970871 0 63166bf3dec0 900x560 mode 2 images 4
acquire 73512900749204 73512900762055 0 63166bf3dec0 3
present 73512900927648 73512901123134 0 63166bf3dec0 3
acquire 73512902311271 73512902320490 0 63166bf3dec0 2
present 73512902455423 73512902544191 1000001003 63166bf3dec0 2
swapchain 73512903185194 73512906072566 0 63166c0b4280 900x560 mode 2 images 4
acquire 73512907353313 73512907364208 0 63166c0b4280 3
present 73512907536087 73512907628557 0 63166c0b4280 3
acquire 73525255316907 73525255331783 0 63166c0b4280 2
present 73525255523427 73525255629795 0 63166c0b4280 2
acquire 73525936263472 73525936278768 0 63166c0b4280 1
present 73525936470551 73525936586418 0 63166c0b4280 1
acquire 73526400296987 73526400311793 0 63166c0b4280 0
present 73526400464885 73526400593952 0 63166c0b4280 0
acquire 73526536690530 73526536722517 0 63166c0b4280 3
present 73526536926034 73526537040993 0 63166c0b4280 3
acquire 73527001550824 73527001581344 0 63166c0b4280 2
present 73527001773617 73527001911344 0 63166c0b4280 2
acquire 73527137156209 73527137184285 0 63166c0b4280 3
present 73527137385637 73527137494450 0 63166c0b4280 3
acquire 73527608614815 73527608644428 0 63166c0b4280 2
present 73527608819031 73527608927285 0 63166c0b4280 2
acquire 73527737563990 73527737593114 0 63166c0b4280 3
present 73527737795863 73527737921158 0 63166c0b4280 3
acquire 73528204682738 73528204710185 0 63166c0b4280 2
present 73528204897080 73528205020280 0 63166c0b4280 2
acquire 73528338334806 73528338363510 0 63166c0b4280 3
present 73528338569472 73528338679332 0 63166c0b4280 3
acquire 73528809605260 73528809643393 0 63166c0b4280 2
present 73528809868072 73528809995463 0 63166c0b4280 2
acquire 73528938495210 73528938523844 0 63166c0b4280 3
present 73528938719958 73528938829120 0 63166c0b4280 3
acquire 73529404398442 73529404427985 0 63166c0b4280 2
present 73529404600772 73529404711330 0 63166c0b4280 2
acquire 73529538705829 73529538734394 0 63166c0b4280 3
present 73529539332374 73529539438812 0 63166c0b4280 3
acquire 73530004356376 73530004383894 0 63166c0b4280 2
present 73530004552141 73530004661722 0 63166c0b4280 2
acquire 73530139236601 73530139262791 0 63166c0b4280 3
present 73530139458975 73530139564435 0 63166c0b4280 3
acquire 73530603289252 73530603316071 0 63166c0b4280 2
present 73530603497518 73530603611918 0 63166c0b4280 2
acquire 73530739456300 73530739484376 0 63166c0b4280 3
present 73530739686915 73530739792934 0 63166c0b4280 3
acquire 73531205491881 73531205520516 0 63166c0b4280 2
present 73531205693233 73531205800928 0 63166c0b4280 2
acquire 73531339852697 73531339879795 0 63166c0b4280 3
present 73531340086455 73531340188354 0 63166c0b4280 3
acquire 73531806273173 73531806299922 0 63166c0b4280 2
present 73531806468798 73531806572861 0 63166c0b4280 2
acquire 73531939873698 73531939900936 0 63166c0b4280 3
present 73531940117583 73531940243088 0 63166c0b4280 3
acquire 73532405151922 73532405181884 0 63166c0b4280 2
present 73532405372271 73532405479267 0 63166c0b4280 2
acquire 73532540445257 73532540473892 0 63166c0b4280 3
present 73532540700037 73532540812132 0 63166c0b4280 3
acquire 73533006417143 73533006451505 0 63166c0b4280 2
present 73533006663752 73533006772983 0 63166c0b4280 2
acquire 73533140469820 73533140497966 0 63166c0b4280 3
present 73533140688004 73533140791787 0 63166c0b4280 3
acquire 73533609919376 73533609952341 0 63166c0b4280 2
present 73533610191896 73533610304829 0 63166c0b4280 2
acquire 73533740744693 73533740774446 0 63166c0b4280 3
present 73533740974890 73533741102280 0 63166c0b4280 3
acquire 73534209436054 73534209469927 0 63166c0b4280 2
present 73534209699146 73534209814593 0 63166c0b4280 2
acquire 73534341325681 73534341355014 0 63166c0b4280 3
present 73534341560277 73534341660779 0 63166c0b4280 3
acquire 73534807482855 73534807512328 0 63166c0b4280 2
present 73534807707534 73534807811528 0 63166c0b4280 2
acquire 73534941630796 73534941656986 0 63166c0b4280 3
present 73534941839900 73534941935303 0 63166c0b4280 3
acquire 73535407768345 73535407796421 0 63166c0b4280 2
present 73535408021170 73535408129843 0 63166c0b4280 2
acquire 73535541597600 73535541625746 0 63166c0b4280 3
present 73535541823746 73535541974393 0 63166c0b4280 3
acquire 73536006694866 73536006723431 0 63166c0b4280 2
present 73536006935538 73536007057620 0 63166c0b4280 2
acquire 73536142044283 73536142070404 0 63166c0b4280 3
present 73536142263514 73536142365413 0 63166c0b4280 3
acquire 73536610611676 73536610642196 0 63166c0b4280 2
present 73536610847809 73536610958996 0 63166c0b4280 2
acquire 73536742462122 73536742497950 0 63166c0b4280 3
present 73536742721721 73536742844223 0 63166c0b4280 3
acquire 73537210372938 73537210401992 0 63166c0b4280 2
present 73537210597617 73537210704334 0 63166c0b4280 2
acquire 73537342732805 73537342765700 0 63166c0b4280 3
present 73537342979763 73537343103242 0 63166c0b4280 3
acquire 73537804338781 73537804369791 0 63166c0b4280 2
present 73537804578267 73537804688895 0 63166c0b4280 2
acquire 73537943169291 73537943197856 0 63166c0b4280 3
present 73537943411640 73537943514097 0 63166c0b4280 3
acquire 73538408574835 73538408605845 0 63166c0b4280 2
present 73538408801260 73538408907838 0 63166c0b4280 2
acquire 73538543433689 73538543462603 0 63166c0b4280 3
present 73538543644749 73538543745529 0 63166c0b4280 3
acquire 73539019038136 73539019069634 0 63166c0b4280 2
present 73539019280554 73539019389716 0 63166c0b4280 2
acquire 73539143527814 73539143558683 0 63166c0b4280 3
present 73539143777845 73539143884423 0 63166c0b4280 3
acquire 73539609824391 73539609855401 0 63166c0b4280 2
present 73539610079381 73539610186168 0 63166c0b4280 2
acquire 73539743977151 73539744017170 0 63166c0b4280 3
present 73539744234515 73539744338928 0 63166c0b4280 3
acquire 73540211967306 73540211999294 0 63166c0b4280 2
present 73540212228303 73540212339350 0 63166c0b4280 2
acquire 73540344331504 73540344358253 0 63166c0b4280 3
present 73540344551014 73540344651097 0 63166c0b4280 3
acquire 73540808800409 73540808831208 0 63166c0b4280 2
present 73540809061405 73540809173430 0 63166c0b4280 2
acquire 73540944584587 73540944614619 0 63166c0b4280 3
present 73540944837692 73540944941126 0 63166c0b4280 3
acquire 73541407816954 73541407847266 0 63166c0b4280 2
present 73541408091640 73541408215398 0 63166c0b4280 2
acquire 73541544764337 73541544792414 0 63166c0b4280 3
present 73541544994324 73541545110889 0 63166c0b4280 3
acquire 73542008375593 73542008405625 0 63166c0b4280 2
present 73542008615497 73542008723402 0 63166c0b4280 2
acquire 73542145170233 73542145198170 0 63166c0b4280 3
present 73542145401338 73542145506588 0 63166c0b4280 3
acquire 73542619739914 73542619786009 0 63166c0b4280 2
present 73542620150161 73542620344319 0 63166c0b4280 2
acquire 73542745775107 73542745802065 0 63166c0b4280 3
present 73542746039805 73542746146941 0 63166c0b4280 3
acquire 73543212713455 73543212744325 0 63166c0b4280 2
present 73543212954965 73543213083473 0 63166c0b4280 2
acquire 73543346073657 73543346102222 0 63166c0b4280 3
present 73543346304272 73543346410221 0 63166c0b4280 3
acquire 73543810789031 73543810819412 0 63166c0b4280 2
present 73543811035780 73543811146618 0 63166c0b4280 2
swapchain 73544653498377 73544656724480 0 63166c0d3c60 1100x700 mode 2 images 4
acquire 73544826787321 73544826805550 0 63166c0d3c60 3
present 73544827015423 73544827142184 0 63166c0d3c60 3
swapchain 73546160911405 73546165176953 0 63166c0b4280 640x760 mode 2 images 4
acquire 73546343981671 73546343997385 0 63166c0b4280 3
present 73546344196153 73546344315442 0 63166c0b4280 3
acquire 73546345679300 73546345688449 0 63166c0b4280 2
present 73546345828899 73546345908169 0 63166c0b4280 2
swapchain 73547669535268 73547673342239 0 63166c0d3c60 1280x480 mode 2 images 4
acquire 73547842153876 73547842170149 0 63166c0d3c60 3
present 73547842365774 73547842480314 0 63166c0d3c60 3
acquire 73547843799893 73547843808274 0 63166c0d3c60 2
present 73547843939156 73547844025479 0 63166c0d3c60 2
swapchain 73549175854303 73549181102377 0 63166c0b4d90 760x560 mode 2 images 4
acquire 73549353460478 73549353476611 0 63166c0b4d90 3
present 73549353684668 73549353825118 0 63166c0b4d90 3
acquire 73549355179338 73549355187929 0 63166c0b4d90 2
present 73549355325376 73549355424062 0 63166c0b4d90 2
swapchain 73550682114952 73550685783637 0 63166c0b6ef0 900x560 mode 2 images 4
acquire 73550856890604 73550856906738 0 63166c0b6ef0 3
present 73550857110604 73550857226610 0 63166c0b6ef0 3
acquire 73550858560436 73550858569516 0 63166c0b6ef0 2
present 73550858702214 73550858815217 0 63166c0b6ef0 2
