launch_mono_ns 77536940623716
redraw 1 at 380 ms
redraw 2 at 447 ms
redraw 3 at 464 ms
input: focus-in
redraw 4 at 12471 ms
redraw 5 at 12766 ms
input: key-down tab
redraw 6 at 12771 ms
input: key-up tab
input: key-down space
redraw 7 at 13455 ms
input: -> 1 activation(s)
input: key-up space
redraw 8 at 13755 ms
input: key-down space
redraw 9 at 14055 ms
input: -> 1 activation(s)
input: key-up space
redraw 10 at 14363 ms
input: key-down space
redraw 11 at 14672 ms
input: -> 1 activation(s)
input: key-up space
redraw 12 at 14972 ms
input: key-down space
redraw 13 at 15272 ms
input: -> 1 activation(s)
input: key-up space
redraw 14 at 15581 ms
input: key-down space
redraw 15 at 15881 ms
input: -> 1 activation(s)
input: key-up space
redraw 16 at 16190 ms
input: key-down space
redraw 17 at 16498 ms
input: -> 1 activation(s)
input: key-up space
redraw 18 at 16798 ms
input: key-down space
redraw 19 at 17107 ms
input: -> 1 activation(s)
input: key-up space
redraw 20 at 17415 ms
input: key-down space
redraw 21 at 17724 ms
input: -> 1 activation(s)
input: key-up space
redraw 22 at 18024 ms
input: key-down space
redraw 23 at 18324 ms
input: -> 1 activation(s)
input: key-up space
redraw 24 at 18633 ms
input: key-down space
redraw 25 at 18933 ms
input: -> 1 activation(s)
input: key-up space
redraw 26 at 19241 ms
input: key-down space
redraw 27 at 19550 ms
input: -> 1 activation(s)
input: key-up space
redraw 28 at 19850 ms
input: key-down space
redraw 29 at 20158 ms
input: -> 1 activation(s)
input: key-up space
redraw 30 at 20459 ms
input: key-down space
redraw 31 at 20759 ms
input: -> 1 activation(s)
input: key-up space
redraw 32 at 21067 ms
input: key-down space
redraw 33 at 21376 ms
input: -> 1 activation(s)
input: key-up space
redraw 34 at 21684 ms
input: key-down space
redraw 35 at 21993 ms
input: -> 1 activation(s)
input: key-up space
redraw 36 at 22301 ms
input: key-down space
redraw 37 at 22601 ms
input: -> 1 activation(s)
input: key-up space
redraw 38 at 22902 ms
input: key-down space
redraw 39 at 23210 ms
input: -> 1 activation(s)
input: key-up space
redraw 40 at 23510 ms
input: key-down space
redraw 41 at 23810 ms
input: -> 1 activation(s)
input: key-up space
redraw 42 at 24119 ms
input: key-down space
redraw 43 at 24428 ms
input: -> 1 activation(s)
input: key-up space
redraw 44 at 24736 ms
input: key-down space
redraw 45 at 25036 ms
input: -> 1 activation(s)
input: key-up space
redraw 46 at 25336 ms
input: key-down space
redraw 47 at 25645 ms
input: -> 1 activation(s)
input: key-up space
redraw 48 at 25945 ms
input: key-down space
redraw 49 at 26253 ms
input: -> 1 activation(s)
input: key-up space
redraw 50 at 26554 ms
input: key-down space
redraw 51 at 26862 ms
input: -> 1 activation(s)
input: key-up space
redraw 52 at 27162 ms
input: key-down space
redraw 53 at 27463 ms
input: -> 1 activation(s)
input: key-up space
redraw 54 at 27771 ms
input: key-down space
redraw 55 at 28079 ms
input: -> 1 activation(s)
input: key-up space
redraw 56 at 28380 ms
input: key-down space
redraw 57 at 28688 ms
input: -> 1 activation(s)
input: key-up space
redraw 58 at 28988 ms
input: key-down space
redraw 59 at 29297 ms
input: -> 1 activation(s)
input: key-up space
redraw 60 at 29605 ms
input: key-down space
redraw 61 at 29906 ms
input: -> 1 activation(s)
input: key-up space
redraw 62 at 30214 ms
input: key-down space
redraw 63 at 30514 ms
input: -> 1 activation(s)
input: key-up space
redraw 64 at 30814 ms
input: key-down space
redraw 65 at 31115 ms
input: -> 1 activation(s)
input: key-up space
redraw 66 at 31415 ms
exit=0
