instance 77537019876106 77537030186616 0 pid 1874772
device 77537143775222 77537244621449 0
swapchain 77537248089900 77537301111908 0 5b518d925070 64x64 mode 2 images 3
swapchain 77537302513410 77537304734289 0 5b518d4e1680 900x560 mode 2 images 3
acquire 77537348900229 77537348915594 0 5b518d4e1680 2
present 77537381952066 77537382169482 0 5b518d4e1680 2
acquire 77537401178847 77537401195330 0 5b518d4e1680 1
present 77537401591539 77537401723189 1000001003 5b518d4e1680 1
acquire 77537414249130 77537414267359 0 5b518d4e1680 0
present 77537414629974 77537414741231 0 5b518d4e1680 0
acquire 77549419552181 77549419589965 0 5b518d4e1680 2
present 77549420201285 77549420303742 0 5b518d4e1680 2
acquire 77549718837591 77549718873350 0 5b518d4e1680 1
present 77549719465813 77549719566803 0 5b518d4e1680 1
acquire 77550403239838 77550403275527 0 5b518d4e1680 2
present 77550403898021 77550403996357 0 5b518d4e1680 2
acquire 77550703500999 77550703536687 0 5b518d4e1680 1
present 77550704129429 77550704256540 0 5b518d4e1680 1
acquire 77551003640636 77551003675975 0 5b518d4e1680 2
present 77551004265435 77551004372292 0 5b518d4e1680 2
acquire 77551311919701 77551311953085 0 5b518d4e1680 1
present 77551312520544 77551312628309 0 5b518d4e1680 1
acquire 77551620530721 77551620567876 0 5b518d4e1680 2
present 77551621150212 77551621251830 0 5b518d4e1680 2
acquire 77551921713296 77551921749962 0 5b518d4e1680 1
present 77551922383002 77551922501593 0 5b518d4e1680 1
acquire 77552220784852 77552220817188 0 5b518d4e1680 2
present 77552221411886 77552221522444 0 5b518d4e1680 2
acquire 77552529605395 77552529637383 0 5b518d4e1680 1
present 77552530215318 77552530321197 0 5b518d4e1680 1
acquire 77552829698868 77552829735045 0 5b518d4e1680 2
present 77552830322968 77552830433247 0 5b518d4e1680 2
acquire 77553138102739 77553138138078 0 5b518d4e1680 1
present 77553138690312 77553138796680 0 5b518d4e1680 1
acquire 77553446478045 77553446515689 0 5b518d4e1680 2
present 77553447143980 77553447257891 0 5b518d4e1680 2
acquire 77553746845643 77553746878538 0 5b518d4e1680 1
present 77553747452912 77553747559629 0 5b518d4e1680 1
acquire 77554055170384 77554055206143 0 5b518d4e1680 2
present 77554055779120 77554055886186 0 5b518d4e1680 2
acquire 77554364335873 77554364386508 0 5b518d4e1680 1
present 77554364964723 77554365081637 0 5b518d4e1680 1
acquire 77554672291224 77554672326215 0 5b518d4e1680 2
present 77554672921680 77554673049560 0 5b518d4e1680 2
acquire 77554972456493 77554972490785 0 5b518d4e1680 1
present 77554973077521 77554973183051 0 5b518d4e1680 1
acquire 77555272523495 77555272558765 0 5b518d4e1680 2
present 77555273157444 77555273264370 0 5b518d4e1680 2
acquire 77555581234179 77555581269309 0 5b518d4e1680 1
present 77555581820425 77555581925746 0 5b518d4e1680 1
acquire 77555881299016 77555881333867 0 5b518d4e1680 2
present 77555881915713 77555882029135 0 5b518d4e1680 2
acquire 77556189935737 77556189971566 0 5b518d4e1680 1
present 77556190568498 77556190670676 0 5b518d4e1680 1
acquire 77556498251469 77556498287716 0 5b518d4e1680 2
present 77556498872985 77556498977957 0 5b518d4e1680 2
acquire 77556798595671 77556798629544 0 5b518d4e1680 1
present 77556799207689 77556799313498 0 5b518d4e1680 1
acquire 77557107063097 77557107101230 0 5b518d4e1680 2
present 77557107686849 77557107796988 0 5b518d4e1680 2
acquire 77557407147280 77557407183039 0 5b518d4e1680 1
present 77557407750079 77557407850232 0 5b518d4e1680 1
acquire 77557707388606 77557707424295 0 5b518d4e1680 2
present 77557708019551 77557708123126 0 5b518d4e1680 2
acquire 77558016593765 77558016625263 0 5b518d4e1680 1
present 77558017218145 77558017325840 0 5b518d4e1680 1
acquire 77558324453783 77558324489472 0 5b518d4e1680 2
present 77558325076556 77558325177197 0 5b518d4e1680 2
acquire 77558632897533 77558632932314 0 5b518d4e1680 1
present 77558633527291 77558633639106 0 5b518d4e1680 1
acquire 77558941674426 77558941706273 0 5b518d4e1680 2
present 77558942289726 77558942398399 0 5b518d4e1680 2
acquire 77559250219655 77559250254506 0 5b518d4e1680 1
present 77559250828111 77559250933711 0 5b518d4e1680 1
acquire 77559550313756 77559550350492 0 5b518d4e1680 2
present 77559550927799 77559551044713 0 5b518d4e1680 2
acquire 77559850626459 77559850660751 0 5b518d4e1680 1
present 77559851258592 77559851367195 0 5b518d4e1680 1
acquire 77560159115467 77560159150317 0 5b518d4e1680 2
present 77560159730278 77560159834481 0 5b518d4e1680 2
acquire 77560459863699 77560459896176 0 5b518d4e1680 1
present 77560460498695 77560460611489 0 5b518d4e1680 1
acquire 77560758937351 77560758972551 0 5b518d4e1680 2
present 77560759591064 77560759699039 0 5b518d4e1680 2
acquire 77561068244408 77561068276116 0 5b518d4e1680 1
present 77561068848883 77561068959372 0 5b518d4e1680 1
acquire 77561376957326 77561376994412 0 5b518d4e1680 2
present 77561377593858 77561377698410 0 5b518d4e1680 2
acquire 77561685517012 77561685553330 0 5b518d4e1680 1
present 77561686128192 77561686236726 0 5b518d4e1680 1
acquire 77561984874010 77561984911235 0 5b518d4e1680 2
present 77561985497272 77561985614256 0 5b518d4e1680 2
acquire 77562285275900 77562285314452 0 5b518d4e1680 1
present 77562285887848 77562285992331 0 5b518d4e1680 1
acquire 77562593666362 77562593701631 0 5b518d4e1680 2
present 77562594290462 77562594396202 0 5b518d4e1680 2
acquire 77562894014405 77562894047300 0 5b518d4e1680 1
present 77562894655477 77562894761845 0 5b518d4e1680 1
acquire 77563202738218 77563202772510 0 5b518d4e1680 2
present 77563203359944 77563203462820 0 5b518d4e1680 2
acquire 77563502421233 77563502455525 0 5b518d4e1680 1
present 77563502886096 77563502989740 0 5b518d4e1680 1
acquire 77563813879328 77563813945048 0 5b518d4e1680 2
present 77563814611752 77563814791593 0 5b518d4e1680 2
acquire 77564113316084 77564113353379 0 5b518d4e1680 1
present 77564113787511 77564113893810 0 5b518d4e1680 1
acquire 77564411354270 77564411388562 0 5b518d4e1680 2
present 77564411802790 77564411905666 0 5b518d4e1680 2
acquire 77564720123969 77564720157074 0 5b518d4e1680 1
present 77564720577029 77564720684305 0 5b518d4e1680 1
acquire 77565028165504 77565028198958 0 5b518d4e1680 2
present 77565028614932 77565028722278 0 5b518d4e1680 2
acquire 77565328536106 77565328571864 0 5b518d4e1680 1
present 77565329179692 77565329284873 0 5b518d4e1680 1
acquire 77565637250351 77565637285481 0 5b518d4e1680 2
present 77565637909721 77565638064769 0 5b518d4e1680 2
acquire 77565936778808 77565936823995 0 5b518d4e1680 1
present 77565937429099 77565937532184 0 5b518d4e1680 1
acquire 77566245653338 77566245687630 0 5b518d4e1680 2
present 77566246329610 77566246434931 0 5b518d4e1680 2
acquire 77566553935197 77566553969000 0 5b518d4e1680 1
present 77566554569704 77566554692973 0 5b518d4e1680 1
acquire 77566853949748 77566853985996 0 5b518d4e1680 2
present 77566854581741 77566854683220 0 5b518d4e1680 2
acquire 77567162539886 77567162574666 0 5b518d4e1680 1
present 77567163183123 77567163284811 0 5b518d4e1680 1
acquire 77567463117427 77567463156328 0 5b518d4e1680 2
present 77567463782314 77567463905025 0 5b518d4e1680 2
acquire 77567762786474 77567762820836 0 5b518d4e1680 1
present 77567763401006 77567763503882 0 5b518d4e1680 1
acquire 77568063612999 77568063644497 0 5b518d4e1680 2
present 77568064247366 77568064367074 0 5b518d4e1680 2
acquire 77568364271486 77568364306825 0 5b518d4e1680 1
present 77568364914723 77568365038481 0 5b518d4e1680 1
