instance 305496942180581 305496954169863 0 pid 433179
device 305496954910529 305497079387310 0
swapchain 305497079794205 305497134068817 0 34aa0ee0 900x560 mode 2 images 4
acquire 305497142540759 305497142557801 0 34aa0ee0 3
present 305497143921519 305497144148293 0 34aa0ee0 3
acquire 305497144251938 305497144262973 0 34aa0ee0 2
present 305497144315842 305497144377372 0 34aa0ee0 2
acquire 305509496975295 305509496990032 0 34aa0ee0 1
present 305509497108692 305509497228819 0 34aa0ee0 1
acquire 305510177920178 305510177938266 0 34aa0ee0 0
present 305510178077949 305510178201428 0 34aa0ee0 0
acquire 305510479219131 305510479259569 0 34aa0ee0 3
present 305510479453309 305510479572178 0 34aa0ee0 3
acquire 305510783506448 305510783546537 0 34aa0ee0 2
present 305510783726099 305510783843223 0 34aa0ee0 2
acquire 305511088072292 305511088103651 0 34aa0ee0 3
present 305511088252622 305511088378616 0 34aa0ee0 3
acquire 305511395352583 305511395394906 0 34aa0ee0 2
present 305511395604989 305511395757382 0 34aa0ee0 2
acquire 305511696420851 305511696450953 0 34aa0ee0 3
present 305511696580648 305511696687365 0 34aa0ee0 3
acquire 305511998274623 305511998309893 0 34aa0ee0 2
present 305511998469759 305511998597149 0 34aa0ee0 2
acquire 305512303567723 305512303605227 0 34aa0ee0 3
present 305512303786395 305512303934598 0 34aa0ee0 3
acquire 305512608319204 305512608361179 0 34aa0ee0 2
present 305512608556385 305512608715693 0 34aa0ee0 2
acquire 305512915143153 305512915178492 0 34aa0ee0 3
present 305512915341432 305512915478739 0 34aa0ee0 3
acquire 305513219734209 305513219762844 0 34aa0ee0 2
present 305513219893028 305513220028590 0 34aa0ee0 2
acquire 305513526160971 305513526193168 0 34aa0ee0 3
present 305513526340952 305513526463174 0 34aa0ee0 3
acquire 305513832630126 305513832664628 0 34aa0ee0 2
present 305513832817720 305513832940081 0 34aa0ee0 2
acquire 305514139146424 305514139175688 0 34aa0ee0 3
present 305514139328779 305514139435497 0 34aa0ee0 3
acquire 305514444142490 305514444173010 0 34aa0ee0 2
present 305514444318839 305514444439873 0 34aa0ee0 2
acquire 305514746354477 305514746381017 0 34aa0ee0 3
present 305514746512248 305514746616521 0 34aa0ee0 3
acquire 305515051584999 305515051619291 0 34aa0ee0 2
present 305515051759672 305515051888948 0 34aa0ee0 2
acquire 305515353320740 305515353367045 0 34aa0ee0 3
present 305515353625317 305515353803831 0 34aa0ee0 3
acquire 305515659780118 305515659855406 0 34aa0ee0 2
present 305515660088606 305515660341082 0 34aa0ee0 2
acquire 305515963813213 305515963858051 0 34aa0ee0 3
present 305515964117302 305515964298749 0 34aa0ee0 3
acquire 305516270748558 305516270791511 0 34aa0ee0 2
present 305516270992933 305516271189256 0 34aa0ee0 2
acquire 305516576860197 305516576898819 0 34aa0ee0 3
present 305516577115885 305516577280431 0 34aa0ee0 3
acquire 305516882616065 305516882654198 0 34aa0ee0 2
present 305516882815321 305516882995791 0 34aa0ee0 2
acquire 305517184710719 305517184746547 0 34aa0ee0 3
present 305517184889512 305517185039880 0 34aa0ee0 3
acquire 305517486878357 305517486911253 0 34aa0ee0 2
present 305517487072516 305517487185100 0 34aa0ee0 2
acquire 305517795254107 305517795282742 0 34aa0ee0 3
present 305517795409783 305517795514195 0 34aa0ee0 3
acquire 305518103168066 305518103203895 0 34aa0ee0 2
present 305518103355939 305518103478370 0 34aa0ee0 2
acquire 305518410202097 305518410240300 0 34aa0ee0 3
present 305518410406592 305518410551792 0 34aa0ee0 3
acquire 305518718606132 305518718637141 0 34aa0ee0 2
present 305518718768024 305518718875579 0 34aa0ee0 2
acquire 305519023134332 305519023167506 0 34aa0ee0 3
present 305519023296852 305519023414465 0 34aa0ee0 3
acquire 305519323869668 305519323904030 0 34aa0ee0 2
present 305519324096791 305519324229699 0 34aa0ee0 2
acquire 305519626955159 305519626987565 0 34aa0ee0 3
present 305519627143521 305519627276847 0 34aa0ee0 3
acquire 305519931676749 305519931703917 0 34aa0ee0 2
present 305519931830190 305519931946336 0 34aa0ee0 2
acquire 305520234294793 305520234325803 0 34aa0ee0 3
present 305520234449631 305520234564659 0 34aa0ee0 3
acquire 305520538260213 305520538291153 0 34aa0ee0 2
present 305520538433419 305520538553267 0 34aa0ee0 2
acquire 305520845784110 305520845811627 0 34aa0ee0 3
present 305520845931335 305520846047341 0 34aa0ee0 3
acquire 305521151972714 305521152018809 0 34aa0ee0 2
present 305521152168059 305521152299640 0 34aa0ee0 2
acquire 305521456870443 305521456906202 0 34aa0ee0 3
present 305521457070817 305521457192900 0 34aa0ee0 3
acquire 305521757175348 305521757207755 0 34aa0ee0 2
present 305521757340453 305521757443538 0 34aa0ee0 2
acquire 305522063343000 305522063376803 0 34aa0ee0 3
present 305522063516555 305522063633190 0 34aa0ee0 3
acquire 305522366493164 305522366530389 0 34aa0ee0 2
present 305522366677684 305522366798020 0 34aa0ee0 2
acquire 305522670277416 305522670317086 0 34aa0ee0 3
present 305522670508171 305522670632139 0 34aa0ee0 3
acquire 305522973765611 305522973804722 0 34aa0ee0 2
present 305522973966963 305522974129065 0 34aa0ee0 2
acquire 305523278820623 305523278850445 0 34aa0ee0 3
present 305523278984890 305523279140985 0 34aa0ee0 3
acquire 305523583110944 305523583142443 0 34aa0ee0 2
present 305523583307128 305523583438150 0 34aa0ee0 2
acquire 305523884337613 305523884373861 0 34aa0ee0 3
present 305523884554819 305523884725511 0 34aa0ee0 3
acquire 305524188594969 305524188625979 0 34aa0ee0 3
present 305524188768245 305524188932302 0 34aa0ee0 3
acquire 305524495139414 305524495180341 0 34aa0ee0 3
present 305524495371007 305524495900124 0 34aa0ee0 3
acquire 305524620680435 305524620720454 0 34aa0ee0 2
present 305524620912308 305524621091101 0 34aa0ee0 2
