instance 91750469112255 91750480689614 0 pid 4011873
device 91750481401156 91750598093435 0
swapchain 91750598489784 91750649891338 0 56440c83bee0 900x560 mode 2 images 4
acquire 91750656525828 91750656538679 0 56440c83bee0 3
present 91750657567579 91750657752868 0 56440c83bee0 3
acquire 91750657842613 91750657851623 0 56440c83bee0 2
present 91750657898905 91750657957851 0 56440c83bee0 2
acquire 91762978980643 91762978997405 0 56440c83bee0 1
present 91762979138833 91762979272370 0 56440c83bee0 1
acquire 91763659923809 91763659938825 0 56440c83bee0 0
present 91763660062793 91763660169720 0 56440c83bee0 0
acquire 91763961288815 91763961327996 0 56440c83bee0 3
present 91763961511119 91763961635576 0 56440c83bee0 3
acquire 91764265461155 91764265496355 0 56440c83bee0 2
present 91764265664812 91764265772717 0 56440c83bee0 2
acquire 91764570153044 91764570184263 0 56440c83bee0 3
present 91764570332397 91764570463907 0 56440c83bee0 3
acquire 91764877334980 91764877365012 0 56440c83bee0 2
present 91764877506231 91764877614624 0 56440c83bee0 2
acquire 91765178603745 91765178638526 0 56440c83bee0 3
present 91765178792805 91765178902455 0 56440c83bee0 3
acquire 91765480453867 91765480485575 0 56440c83bee0 2
present 91765480620159 91765480741473 0 56440c83bee0 2
acquire 91765785780682 91765785812600 0 56440c83bee0 3
present 91765785991812 91765786135755 0 56440c83bee0 3
acquire 91766090456089 91766090491847 0 56440c83bee0 2
present 91766090632647 91766090739923 0 56440c83bee0 2
acquire 91766397424381 91766397457276 0 56440c83bee0 3
present 91766397691942 91766397817796 0 56440c83bee0 3
acquire 91766701962689 91766702016048 0 56440c83bee0 2
present 91766702180593 91766702289476 0 56440c83bee0 2
acquire 91767008379026 91767008406753 0 56440c83bee0 3
present 91767008549927 91767008660975 0 56440c83bee0 3
acquire 91767314795712 91767314831401 0 56440c83bee0 2
present 91767314987426 91767315109788 0 56440c83bee0 2
acquire 91767621427440 91767621458379 0 56440c83bee0 3
present 91767621608817 91767621741934 0 56440c83bee0 3
acquire 91767926335906 91767926369779 0 56440c83bee0 2
present 91767926516585 91767926639575 0 56440c83bee0 2
acquire 91768228815437 91768228848262 0 56440c83bee0 3
present 91768229023354 91768229147881 0 56440c83bee0 3
acquire 91768533777472 91768533805688 0 56440c83bee0 2
present 91768533950189 91768534083865 0 56440c83bee0 2
acquire 91768835277131 91768835316102 0 56440c83bee0 3
present 91768835536591 91768835842705 0 56440c83bee0 3
acquire 91769141845652 91769141878966 0 56440c83bee0 2
present 91769142102109 91769142206661 0 56440c83bee0 2
acquire 91769445888368 91769445920355 0 56440c83bee0 3
present 91769446158583 91769446279618 0 56440c83bee0 3
acquire 91769752763352 91769752790799 0 56440c83bee0 2
present 91769752903872 91769753015758 0 56440c83bee0 2
acquire 91770058805061 91770058838934 0 56440c83bee0 3
present 91770058983575 91770059119975 0 56440c83bee0 3
acquire 91770364578789 91770364612174 0 56440c83bee0 2
present 91770364758770 91770364881900 0 56440c83bee0 2
acquire 91770666490232 91770666521172 0 56440c83bee0 3
present 91770666669026 91770666783426 0 56440c83bee0 3
acquire 91770968695567 91770968726506 0 56440c83bee0 2
present 91770968864303 91770968977166 0 56440c83bee0 2
acquire 91771277166212 91771277214332 0 56440c83bee0 3
present 91771277362465 91771277482941 0 56440c83bee0 3
acquire 91771585046000 91771585076521 0 56440c83bee0 2
present 91771585213480 91771585324597 0 56440c83bee0 2
acquire 91771892084832 91771892112559 0 56440c83bee0 3
present 91771892256641 91771892371530 0 56440c83bee0 3
acquire 91772200472086 91772200502607 0 56440c83bee0 2
present 91772200637261 91772200754524 0 56440c83bee0 2
acquire 91772504987068 91772505049995 0 56440c83bee0 3
present 91772505184579 91772505288851 0 56440c83bee0 3
acquire 91772805727135 91772805757655 0 56440c83bee0 2
present 91772805903484 91772806041909 0 56440c83bee0 2
acquire 91773108737319 91773108765255 0 56440c83bee0 3
present 91773108900258 91773109027160 0 56440c83bee0 3
acquire 91773413569449 91773413603811 0 56440c83bee0 2
present 91773413761303 91773413882896 0 56440c83bee0 2
acquire 91773716220440 91773716254313 0 56440c83bee0 3
present 91773716407824 91773716533049 0 56440c83bee0 3
acquire 91774020139956 91774020172362 0 56440c83bee0 2
present 91774020322870 91774020441390 0 56440c83bee0 2
acquire 91774327703504 91774327728716 0 56440c83bee0 3
present 91774327840951 91774327960868 0 56440c83bee0 3
acquire 91774633737810 91774633765537 0 56440c83bee0 2
present 91774633929663 91774634068438 0 56440c83bee0 2
acquire 91774938850352 91774938883666 0 56440c83bee0 3
present 91774939047933 91774939172320 0 56440c83bee0 3
acquire 91775239088192 91775239117315 0 56440c83bee0 2
present 91775239257417 91775239360432 0 56440c83bee0 2
acquire 91775545258967 91775545287672 0 56440c83bee0 3
present 91775545416808 91775545517310 0 56440c83bee0 3
acquire 91775848485449 91775848521138 0 56440c83bee0 2
present 91775848674719 91775848791912 0 56440c83bee0 2
acquire 91776152231969 91776152264305 0 56440c83bee0 3
present 91776152421448 91776152554844 0 56440c83bee0 3
acquire 91776455613568 91776455641225 0 56440c83bee0 2
present 91776455754018 91776455853682 0 56440c83bee0 2
acquire 91776760929488 91776760961405 0 56440c83bee0 3
present 91776761115056 91776761232249 0 56440c83bee0 3
acquire 91777064997835 91777065034991 0 56440c83bee0 2
present 91777065172368 91777065272590 0 56440c83bee0 2
acquire 91777366222390 91777366255635 0 56440c83bee0 3
present 91777366415152 91777366537374 0 56440c83bee0 3
acquire 91777670551385 91777670584769 0 56440c83bee0 2
present 91777670738350 91777670858476 0 56440c83bee0 2
acquire 91777977069341 91777977100350 0 56440c83bee0 3
present 91777977243175 91777977356528 0 56440c83bee0 3
acquire 91778282189915 91778282221832 0 56440c83bee0 2
present 91778282374575 91778282496168 0 56440c83bee0 2
acquire 91778586512554 91778586545030 0 56440c83bee0 3
present 91778586686179 91778586806306 0 56440c83bee0 3
acquire 91778894292819 91778894325505 0 56440c83bee0 2
present 91778894464698 91778894580774 0 56440c83bee0 2
acquire 91779196999753 91779197079092 0 56440c83bee0 3
present 91779197255721 91779197377943 0 56440c83bee0 3
acquire 91779500596882 91779500629288 0 56440c83bee0 2
present 91779500790063 91779500900062 0 56440c83bee0 2
acquire 91779808553705 91779808584715 0 56440c83bee0 3
present 91779808727470 91779808842359 0 56440c83bee0 3
acquire 91780112744205 91780112777100 0 56440c83bee0 2
present 91780112930821 91780113072528 0 56440c83bee0 2
acquire 91780417553777 91780417587859 0 56440c83bee0 3
present 91780417786767 91780417915833 0 56440c83bee0 3
acquire 91780717594873 91780717625883 0 56440c83bee0 2
present 91780717965311 91780718093120 0 56440c83bee0 2
acquire 91781019689999 91781019722894 0 56440c83bee0 3
present 91781019857827 91781019977395 0 56440c83bee0 3
acquire 91781320833887 91781320866363 0 56440c83bee0 2
present 91781321029512 91781321147334 0 56440c83bee0 2
acquire 91781621432596 91781621460742 0 56440c83bee0 3
present 91781621593300 91781621695199 0 56440c83bee0 3
