instance 75761519904584 75761539015007 0 pid 1617812
device 75761540744274 75761659032896 0
swapchain 75761659439023 75761711047439 0 601c07f7aeb0 900x560 mode 2 images 4
acquire 75761725779451 75761725793769 0 601c07f7aeb0 3
present 75761726200035 75761726410536 0 601c07f7aeb0 3
acquire 75761727078287 75761727088274 0 601c07f7aeb0 2
present 75761727408356 75761727500267 0 601c07f7aeb0 2
acquire 75774072997236 75774073035789 0 601c07f7aeb0 1
present 75774073452671 75774073617077 0 601c07f7aeb0 1
acquire 75774738124225 75774738140009 0 601c07f7aeb0 0
present 75774738544040 75774738655297 0 601c07f7aeb0 0
acquire 75775041398437 75775041427980 0 601c07f7aeb0 3
present 75775041810011 75775041913446 0 601c07f7aeb0 3
acquire 75775338297131 75775338325207 0 601c07f7aeb0 2
present 75775338688172 75775338779244 0 601c07f7aeb0 2
acquire 75775640706012 75775640737021 0 601c07f7aeb0 3
present 75775641202513 75775641331160 0 601c07f7aeb0 3
acquire 75775939083592 75775939116487 0 601c07f7aeb0 2
present 75775939583026 75775939708042 0 601c07f7aeb0 2
acquire 75776239631485 75776239662425 0 601c07f7aeb0 3
present 75776240093066 75776240216335 0 601c07f7aeb0 3
acquire 75776539111019 75776539139235 0 601c07f7aeb0 2
present 75776539588872 75776539705297 0 601c07f7aeb0 2
acquire 75776839822411 75776839848112 0 601c07f7aeb0 3
present 75776840197318 75776840306410 0 601c07f7aeb0 3
acquire 75777139499665 75777139531163 0 601c07f7aeb0 2
present 75777139994559 75777140126070 0 601c07f7aeb0 2
acquire 75777440221742 75777440249609 0 601c07f7aeb0 3
present 75777440610967 75777440714821 0 601c07f7aeb0 3
acquire 75777739770977 75777739799612 0 601c07f7aeb0 2
present 75777740199662 75777740307846 0 601c07f7aeb0 2
acquire 75778040749861 75778040776051 0 601c07f7aeb0 3
present 75778041137549 75778041252507 0 601c07f7aeb0 3
acquire 75778340157807 75778340186931 0 601c07f7aeb0 2
present 75778340564213 75778340680987 0 601c07f7aeb0 2
acquire 75778641014189 75778641041776 0 601c07f7aeb0 3
present 75778642458085 75778642565431 0 601c07f7aeb0 3
acquire 75778940452656 75778940478986 0 601c07f7aeb0 2
present 75778940846979 75778940955862 0 601c07f7aeb0 2
acquire 75779241822301 75779241856593 0 601c07f7aeb0 3
present 75779242261671 75779242377538 0 601c07f7aeb0 3
acquire 75779540769854 75779540798559 0 601c07f7aeb0 2
present 75779541203568 75779541315104 0 601c07f7aeb0 2
acquire 75779841636363 75779841661716 0 601c07f7aeb0 3
present 75779841990318 75779842106045 0 601c07f7aeb0 3
acquire 75780141088729 75780141118271 0 601c07f7aeb0 2
present 75780141510709 75780141627204 0 601c07f7aeb0 2
acquire 75780441492959 75780441544362 0 601c07f7aeb0 3
present 75780441956146 75780442085422 0 601c07f7aeb0 3
acquire 75780741309756 75780741337762 0 601c07f7aeb0 2
present 75780741695418 75780741801647 0 601c07f7aeb0 2
acquire 75781041654831 75781041681021 0 601c07f7aeb0 3
present 75781042061935 75781042162157 0 601c07f7aeb0 3
acquire 75781341388376 75781341412751 0 601c07f7aeb0 2
present 75781341772363 75781341878871 0 601c07f7aeb0 2
acquire 75781641760201 75781641787997 0 601c07f7aeb0 3
present 75781642207114 75781642316625 0 601c07f7aeb0 3
acquire 75781941658083 75781941682946 0 601c07f7aeb0 2
present 75781942042418 75781942144387 0 601c07f7aeb0 2
acquire 75782242219176 75782242247741 0 601c07f7aeb0 3
present 75782242767639 75782242884902 0 601c07f7aeb0 3
acquire 75782542240398 75782542266239 0 601c07f7aeb0 2
present 75782542630950 75782542732568 0 601c07f7aeb0 2
acquire 75782842241365 75782842267556 0 601c07f7aeb0 3
present 75782842650844 75782842751136 0 601c07f7aeb0 3
acquire 75783142470295 75783142497044 0 601c07f7aeb0 2
present 75783142861615 75783142962814 0 601c07f7aeb0 2
acquire 75783442533491 75783442559472 0 601c07f7aeb0 3
present 75783442920061 75783443027477 0 601c07f7aeb0 3
acquire 75783742698795 75783742724775 0 601c07f7aeb0 2
present 75783743117981 75783743220997 0 601c07f7aeb0 2
acquire 75784043017050 75784043044219 0 601c07f7aeb0 3
present 75784043464802 75784043582065 0 601c07f7aeb0 3
acquire 75784343026958 75784343053986 0 601c07f7aeb0 2
present 75784343421281 75784343524716 0 601c07f7aeb0 2
acquire 75784643318534 75784643344865 0 601c07f7aeb0 3
present 75784643730038 75784643829492 0 601c07f7aeb0 3
acquire 75784943230105 75784943259159 0 601c07f7aeb0 2
present 75784943629667 75784943730587 0 601c07f7aeb0 2
acquire 75785243425022 75785243451282 0 601c07f7aeb0 3
present 75785243833802 75785243940450 0 601c07f7aeb0 3
acquire 75785543819265 75785543851252 0 601c07f7aeb0 2
present 75785544325334 75785544429467 0 601c07f7aeb0 2
acquire 75785844013274 75785844041908 0 601c07f7aeb0 3
present 75785844390346 75785844490778 0 601c07f7aeb0 3
acquire 75786144043854 75786144073676 0 601c07f7aeb0 2
present 75786144449002 75786144549224 0 601c07f7aeb0 2
acquire 75786444249037 75786444275786 0 601c07f7aeb0 3
present 75786444641824 75786444750008 0 601c07f7aeb0 3
acquire 75786744096494 75786744121078 0 601c07f7aeb0 2
present 75786744500036 75786744600607 0 601c07f7aeb0 2
acquire 75787044477886 75787044505962 0 601c07f7aeb0 3
present 75787044887784 75787044991638 0 601c07f7aeb0 3
acquire 75787344535565 75787344561266 0 601c07f7aeb0 2
present 75787344949932 75787345064123 0 601c07f7aeb0 2
acquire 75787644763307 75787644791523 0 601c07f7aeb0 3
present 75787645204004 75787645308836 0 601c07f7aeb0 3
acquire 75787944754566 75787944779709 0 601c07f7aeb0 2
present 75787945144140 75787945243804 0 601c07f7aeb0 2
acquire 75788244934886 75788244960797 0 601c07f7aeb0 3
present 75788245370555 75788245482511 0 601c07f7aeb0 3
acquire 75788545055003 75788545083149 0 601c07f7aeb0 2
present 75788545464412 75788545565961 0 601c07f7aeb0 2
acquire 75788845514897 75788845545208 0 601c07f7aeb0 3
present 75788845954477 75788846087873 0 601c07f7aeb0 3
acquire 75789145164074 75789145189566 0 601c07f7aeb0 2
present 75789145566150 75789145669794 0 601c07f7aeb0 2
acquire 75789446271326 75789446310088 0 601c07f7aeb0 3
present 75789446801699 75789446928461 0 601c07f7aeb0 3
acquire 75789745579539 75789745607685 0 601c07f7aeb0 2
present 75789746010180 75789746144833 0 601c07f7aeb0 2
acquire 75790046100753 75790046129318 0 601c07f7aeb0 3
present 75790046491724 75790046595299 0 601c07f7aeb0 3
acquire 75790345939829 75790345966997 0 601c07f7aeb0 2
present 75790346376825 75790346479143 0 601c07f7aeb0 2
acquire 75790646071330 75790646100384 0 601c07f7aeb0 3
present 75790646480320 75790646587247 0 601c07f7aeb0 3
acquire 75790946013910 75790946040101 0 601c07f7aeb0 2
present 75790946422900 75790946527033 0 601c07f7aeb0 2
acquire 75791246831112 75791246859746 0 601c07f7aeb0 3
present 75791247264685 75791247385720 0 601c07f7aeb0 3
acquire 75791546717470 75791546751413 0 601c07f7aeb0 2
present 75791547204402 75791547310631 0 601c07f7aeb0 2
acquire 75791846833256 75791846860914 0 601c07f7aeb0 3
present 75791847265783 75791847368798 0 601c07f7aeb0 3
acquire 75792146892192 75792146920757 0 601c07f7aeb0 2
present 75792147312706 75792147416280 0 601c07f7aeb0 2
acquire 75792446999109 75792447037172 0 601c07f7aeb0 3
present 75792447417038 75792447517819 0 601c07f7aeb0 3
