instance 91713778605506 91713795899293 0 pid 4006294
device 91713796658956 91714000649466 0
swapchain 91714001472265 91714093553429 0 5c7d361d8ee0 900x560 mode 2 images 4
acquire 91714108332236 91714108346973 0 5c7d361d8ee0 3
present 91714108705048 91714109063473 0 5c7d361d8ee0 3
acquire 91714109250857 91714109265943 0 5c7d361d8ee0 2
present 91714109345771 91714109435377 0 5c7d361d8ee0 2
acquire 91726461295054 91726461311467 0 5c7d361d8ee0 1
present 91726461432921 91726461561079 0 5c7d361d8ee0 1
acquire 91727142352829 91727142369451 0 5c7d361d8ee0 0
present 91727142486435 91727142605724 0 5c7d361d8ee0 0
acquire 91727443699117 91727443741860 0 5c7d361d8ee0 3
present 91727443934482 91727444064875 0 5c7d361d8ee0 3
acquire 91727747887591 91727747924257 0 5c7d361d8ee0 2
present 91727748115692 91727748230651 0 5c7d361d8ee0 2
acquire 91728052572216 91728052604203 0 5c7d361d8ee0 3
present 91728052771194 91728052890901 0 5c7d361d8ee0 3
acquire 91728359704984 91728359737809 0 5c7d361d8ee0 2
present 91728359894951 91728360022900 0 5c7d361d8ee0 2
acquire 91728661118249 91728661152122 0 5c7d361d8ee0 3
present 91728661333220 91728661458585 0 5c7d361d8ee0 3
acquire 91728962799426 91728962831343 0 5c7d361d8ee0 2
present 91728962974727 91728963189488 0 5c7d361d8ee0 2
acquire 91729268149218 91729268182323 0 5c7d361d8ee0 3
present 91729268356507 91729268480195 0 5c7d361d8ee0 3
acquire 91729572788377 91729572819875 0 5c7d361d8ee0 2
present 91729572959278 91729573100776 0 5c7d361d8ee0 2
acquire 91729879723633 91729879759322 0 5c7d361d8ee0 3
present 91729879919468 91729880051957 0 5c7d361d8ee0 3
acquire 91730184259986 91730184292183 0 5c7d361d8ee0 2
present 91730184452538 91730184581325 0 5c7d361d8ee0 2
acquire 91730490809789 91730490844081 0 5c7d361d8ee0 3
present 91730491018056 91730491190913 0 5c7d361d8ee0 3
acquire 91730797241352 91730797273967 0 5c7d361d8ee0 2
present 91730797425174 91730797545789 0 5c7d361d8ee0 2
acquire 91731103771809 91731103804704 0 5c7d361d8ee0 3
present 91731103968412 91731104096221 0 5c7d361d8ee0 3
acquire 91731408692707 91731408726580 0 5c7d361d8ee0 2
present 91731408865494 91731408980173 0 5c7d361d8ee0 2
acquire 91731711071527 91731711104492 0 5c7d361d8ee0 3
present 91731711270504 91731711386301 0 5c7d361d8ee0 3
acquire 91732016177294 91732016212494 0 5c7d361d8ee0 2
present 91732016380462 91732016559325 0 5c7d361d8ee0 2
acquire 91732317495436 91732317529309 0 5c7d361d8ee0 3
present 91732317670668 91732317787931 0 5c7d361d8ee0 3
acquire 91732624241144 91732624271734 0 5c7d361d8ee0 2
present 91732624406528 91732624523861 0 5c7d361d8ee0 2
acquire 91732928305231 91732928338126 0 5c7d361d8ee0 3
present 91732928502183 91732928623636 0 5c7d361d8ee0 3
acquire 91733235196208 91733235224703 0 5c7d361d8ee0 2
present 91733235361313 91733235464747 0 5c7d361d8ee0 2
acquire 91733541221923 91733541256215 0 5c7d361d8ee0 3
present 91733541403231 91733541524196 0 5c7d361d8ee0 3
acquire 91733846985734 91733847031829 0 5c7d361d8ee0 2
present 91733847178705 91733847302673 0 5c7d361d8ee0 2
acquire 91734148984618 91734149037348 0 5c7d361d8ee0 3
present 91734149197983 91734149316713 0 5c7d361d8ee0 3
acquire 91734451236536 91734451268943 0 5c7d361d8ee0 2
present 91734451405133 91734451530498 0 5c7d361d8ee0 2
acquire 91734759631683 91734759662203 0 5c7d361d8ee0 3
present 91734759798114 91734759914120 0 5c7d361d8ee0 3
acquire 91735067577890 91735067608900 0 5c7d361d8ee0 2
present 91735067746347 91735067867521 0 5c7d361d8ee0 2
acquire 91735374587667 91735374621051 0 5c7d361d8ee0 3
present 91735374775540 91735374897622 0 5c7d361d8ee0 3
acquire 91735683091975 91735683130458 0 5c7d361d8ee0 2
present 91735683288299 91735683409962 0 5c7d361d8ee0 2
acquire 91735987608074 91735987640550 0 5c7d361d8ee0 3
present 91735987791477 91735987909299 0 5c7d361d8ee0 3
acquire 91736288328027 91736288354357 0 5c7d361d8ee0 2
present 91736288489849 91736288598591 0 5c7d361d8ee0 2
acquire 91736591437664 91736591470140 0 5c7d361d8ee0 3
present 91736591599416 91736591733511 0 5c7d361d8ee0 3
acquire 91736896208543 91736896238156 0 5c7d361d8ee0 2
present 91736896382308 91736896496708 0 5c7d361d8ee0 2
acquire 91737198891521 91737198924836 0 5c7d361d8ee0 3
present 91737199078835 91737199198543 0 5c7d361d8ee0 3
acquire 91737502822351 91737502849869 0 5c7d361d8ee0 2
present 91737502979843 91737503104859 0 5c7d361d8ee0 2
acquire 91737810402731 91737810434648 0 5c7d361d8ee0 3
present 91737810560921 91737810675181 0 5c7d361d8ee0 3
acquire 91738116387170 91738116418179 0 5c7d361d8ee0 2
present 91738116545849 91738116672192 0 5c7d361d8ee0 2
acquire 91738421444537 91738421477991 0 5c7d361d8ee0 3
present 91738421609712 91738421728442 0 5c7d361d8ee0 3
acquire 91738721805786 91738721839659 0 5c7d361d8ee0 2
present 91738721998338 91738722137042 0 5c7d361d8ee0 2
acquire 91739027920060 91739027953025 0 5c7d361d8ee0 3
present 91739028109259 91739028226523 0 5c7d361d8ee0 3
acquire 91739331124542 91739331156040 0 5c7d361d8ee0 2
present 91739331292929 91739331414173 0 5c7d361d8ee0 2
acquire 91739634817073 91739634844312 0 5c7d361d8ee0 3
present 91739634985041 91739635111943 0 5c7d361d8ee0 3
acquire 91739938295961 91739938328856 0 5c7d361d8ee0 2
present 91739938471332 91739938585942 0 5c7d361d8ee0 2
acquire 91740243402218 91740243431202 0 5c7d361d8ee0 3
present 91740243564179 91740243669709 0 5c7d361d8ee0 3
acquire 91740547668425 91740547698526 0 5c7d361d8ee0 2
present 91740547827034 91740547930329 0 5c7d361d8ee0 2
acquire 91740848843951 91740848878802 0 5c7d361d8ee0 3
present 91740849059202 91740849179398 0 5c7d361d8ee0 3
acquire 91741153262971 91741153294958 0 5c7d361d8ee0 2
present 91741153441974 91741153566850 0 5c7d361d8ee0 2
acquire 91741459716743 91741459749079 0 5c7d361d8ee0 3
present 91741459890438 91741460017060 0 5c7d361d8ee0 3
acquire 91741764852332 91741764884040 0 5c7d361d8ee0 2
present 91741765021348 91741765134700 0 5c7d361d8ee0 2
acquire 91742069199485 91742069232869 0 5c7d361d8ee0 3
present 91742069389104 91742069510069 0 5c7d361d8ee0 3
acquire 91742376991204 91742377031782 0 5c7d361d8ee0 2
present 91742377195978 91742377308493 0 5c7d361d8ee0 2
acquire 91742679331053 91742679363738 0 5c7d361d8ee0 3
present 91742679514875 91742679627249 0 5c7d361d8ee0 3
acquire 91742982955699 91742982992226 0 5c7d361d8ee0 2
present 91742983180657 91742983305603 0 5c7d361d8ee0 2
acquire 91743291398477 91743291441569 0 5c7d361d8ee0 3
present 91743291608070 91743291726870 0 5c7d361d8ee0 3
acquire 91743595419542 91743595448875 0 5c7d361d8ee0 2
present 91743595596240 91743595708335 0 5c7d361d8ee0 2
acquire 91743899945977 91743899974053 0 5c7d361d8ee0 3
present 91743900097742 91743900208440 0 5c7d361d8ee0 3
acquire 91744200270070 91744200300590 0 5c7d361d8ee0 2
present 91744200469885 91744200606844 0 5c7d361d8ee0 2
acquire 91744502363798 91744502394807 0 5c7d361d8ee0 3
present 91744502542521 91744502664324 0 5c7d361d8ee0 3
acquire 91744803604277 91744803641432 0 5c7d361d8ee0 2
present 91744803794245 91744803906200 0 5c7d361d8ee0 2
acquire 91745104237556 91745104265144 0 5c7d361d8ee0 3
present 91745104400705 91745104524254 0 5c7d361d8ee0 3
