instance 76898416869883 76898433527348 0 pid 1789446
device 76898566060163 76898668929553 0
swapchain 76898672508913 76898721301342 0 594b88f4fc20 64x64 mode 2 images 3
swapchain 76898722737416 76898725055933 0 594b88b0bbc0 900x560 mode 2 images 3
acquire 76898755641820 76898755657465 0 594b88b0bbc0 2
present 76898756500238 76898756687971 0 594b88b0bbc0 2
acquire 76898766051854 76898766067219 0 594b88b0bbc0 1
present 76898766592355 76898766703612 1000001003 594b88b0bbc0 1
acquire 76898773506769 76898773520249 0 594b88b0bbc0 0
present 76898773914292 76898774037771 1000001003 594b88b0bbc0 0
acquire 76910788522448 76910788552969 0 594b88b0bbc0 2
present 76910788849654 76910788954695 0 594b88b0bbc0 2
acquire 76911088572422 76911088602943 0 594b88b0bbc0 1
present 76911088886079 76911088978339 0 594b88b0bbc0 1
acquire 76911772337536 76911772364705 0 594b88b0bbc0 2
present 76911772630380 76911772723339 0 594b88b0bbc0 2
acquire 76912072540532 76912072568469 0 594b88b0bbc0 1
present 76912072841548 76912072948894 0 594b88b0bbc0 1
acquire 76912381121883 76912381150099 0 594b88b0bbc0 2
present 76912381419406 76912381520257 0 594b88b0bbc0 2
acquire 76912681992211 76912682038097 0 594b88b0bbc0 1
present 76912682342255 76912682475931 0 594b88b0bbc0 1
acquire 76912989961194 76912989992623 0 594b88b0bbc0 2
present 76912990323251 76912990432412 0 594b88b0bbc0 2
acquire 76913290158952 76913290195269 0 594b88b0bbc0 1
present 76913290498729 76913290608380 0 594b88b0bbc0 1
acquire 76913590012881 76913590046894 0 594b88b0bbc0 2
present 76913590363135 76913590470830 0 594b88b0bbc0 2
acquire 76913898595210 76913898624334 0 594b88b0bbc0 1
present 76913898882397 76913898984574 0 594b88b0bbc0 1
acquire 76914198775088 76914198804421 0 594b88b0bbc0 2
present 76914199113049 76914199216135 0 594b88b0bbc0 2
acquire 76914507434032 76914507462178 0 594b88b0bbc0 1
present 76914507737981 76914507842393 0 594b88b0bbc0 1
acquire 76914815692716 76914815724145 0 594b88b0bbc0 2
present 76914816071255 76914816185795 0 594b88b0bbc0 2
acquire 76915115981966 76915116020239 0 594b88b0bbc0 1
present 76915116279280 76915116383622 0 594b88b0bbc0 1
acquire 76915424412669 76915424442701 0 594b88b0bbc0 2
present 76915424749443 76915424873970 0 594b88b0bbc0 2
acquire 76915733094730 76915733121829 0 594b88b0bbc0 1
present 76915733403358 76915733511961 0 594b88b0bbc0 1
acquire 76916041449097 76916041477243 0 594b88b0bbc0 2
present 76916041777420 76916041887350 0 594b88b0bbc0 2
acquire 76916341632118 76916341660264 0 594b88b0bbc0 1
present 76916341942562 76916342067159 0 594b88b0bbc0 1
acquire 76916642047780 76916642078301 0 594b88b0bbc0 2
present 76916642364999 76916642470040 0 594b88b0bbc0 2
acquire 76916942456109 76916942485721 0 594b88b0bbc0 1
present 76916942783524 76916942896318 0 594b88b0bbc0 1
acquire 76917250450374 76917250479009 0 594b88b0bbc0 2
present 76917250753206 76917250852869 0 594b88b0bbc0 2
acquire 76917559232518 76917559261991 0 594b88b0bbc0 1
present 76917559522219 76917559624536 0 594b88b0bbc0 1
acquire 76917867633539 76917867663151 0 594b88b0bbc0 2
present 76917867994198 76917868114884 0 594b88b0bbc0 2
acquire 76918167675830 76918167702998 0 594b88b0bbc0 1
present 76918167969162 76918168092362 0 594b88b0bbc0 1
acquire 76918476190063 76918476225263 0 594b88b0bbc0 2
present 76918476542062 76918476648709 0 594b88b0bbc0 2
acquire 76918776341725 76918776370290 0 594b88b0bbc0 1
present 76918776682759 76918776785845 0 594b88b0bbc0 1
acquire 76919076462517 76919076488429 0 594b88b0bbc0 2
present 76919076783577 76919076887431 0 594b88b0bbc0 2
acquire 76919385101696 76919385131239 0 594b88b0bbc0 1
present 76919385448458 76919385555803 0 594b88b0bbc0 1
acquire 76919693358006 76919693386641 0 594b88b0bbc0 2
present 76919693677878 76919693776145 0 594b88b0bbc0 2
acquire 76920003020008 76920003059538 0 594b88b0bbc0 1
present 76920003461265 76920003601506 0 594b88b0bbc0 1
acquire 76920310644605 76920310670725 0 594b88b0bbc0 2
present 76920310984382 76920311093544 0 594b88b0bbc0 2
acquire 76920619096819 76920619121612 0 594b88b0bbc0 1
present 76920619405516 76920619508881 0 594b88b0bbc0 1
acquire 76920919256513 76920919287522 0 594b88b0bbc0 2
present 76920919635471 76920919737648 0 594b88b0bbc0 2
acquire 76921219852993 76921219887076 0 594b88b0bbc0 1
present 76921220235164 76921220349075 0 594b88b0bbc0 1
acquire 76921527885392 76921527912560 0 594b88b0bbc0 2
present 76921528248426 76921528356680 0 594b88b0bbc0 2
acquire 76921828200133 76921828228209 0 594b88b0bbc0 1
present 76921828494933 76921828595504 0 594b88b0bbc0 1
acquire 76922128114126 76922128142272 0 594b88b0bbc0 2
present 76922128448944 76922128547281 0 594b88b0bbc0 2
acquire 76922436757076 76922436784244 0 594b88b0bbc0 1
present 76922437088402 76922437186948 0 594b88b0bbc0 1
acquire 76922745565829 76922745597746 0 594b88b0bbc0 2
present 76922745917898 76922746066869 0 594b88b0bbc0 2
acquire 76923053663040 76923053691186 0 594b88b0bbc0 1
present 76923054015598 76923054136633 0 594b88b0bbc0 1
acquire 76923353828531 76923353858563 0 594b88b0bbc0 2
present 76923354169076 76923354281800 0 594b88b0bbc0 2
acquire 76923654235323 76923654264866 0 594b88b0bbc0 1
present 76923654553729 76923654651017 0 594b88b0bbc0 1
acquire 76923962540032 76923962566642 0 594b88b0bbc0 2
present 76923962853340 76923962957263 0 594b88b0bbc0 2
acquire 76924262953878 76924262982513 0 594b88b0bbc0 1
present 76924263284017 76924263385985 0 594b88b0bbc0 1
acquire 76924562759128 76924562789230 0 594b88b0bbc0 2
present 76924563091991 76924563188023 0 594b88b0bbc0 2
acquire 76924871517246 76924871546579 0 594b88b0bbc0 1
present 76924871898160 76924872026039 0 594b88b0bbc0 1
acquire 76925180634906 76925180665218 0 594b88b0bbc0 2
present 76925181013236 76925181119674 0 594b88b0bbc0 2
acquire 76925480333928 76925480361585 0 594b88b0bbc0 1
present 76925480644931 76925480741731 0 594b88b0bbc0 1
acquire 76925780163692 76925780192327 0 594b88b0bbc0 2
present 76925780564092 76925780693787 0 594b88b0bbc0 2
acquire 76926088750420 76926088779125 0 594b88b0bbc0 1
present 76926089092921 76926089195657 0 594b88b0bbc0 1
acquire 76926397375002 76926397404545 0 594b88b0bbc0 2
present 76926397703884 76926397800544 0 594b88b0bbc0 2
acquire 76926697903666 76926697931393 0 594b88b0bbc0 1
present 76926698232339 76926698331583 0 594b88b0bbc0 1
acquire 76927005825646 76927005861824 0 594b88b0bbc0 2
present 76927006198598 76927006312928 0 594b88b0bbc0 2
acquire 76927305969486 76927305998610 0 594b88b0bbc0 1
present 76927306276577 76927306373377 0 594b88b0bbc0 1
acquire 76927614649940 76927614695686 0 594b88b0bbc0 2
present 76927615097972 76927615214676 0 594b88b0bbc0 2
acquire 76927923129811 76927923158865 0 594b88b0bbc0 1
present 76927923444585 76927923543830 0 594b88b0bbc0 1
acquire 76928223134528 76928223166515 0 594b88b0bbc0 2
present 76928223495956 76928223618247 0 594b88b0bbc0 2
acquire 76928532087991 76928532119978 0 594b88b0bbc0 1
present 76928532487133 76928532592943 0 594b88b0bbc0 1
acquire 76928832071615 76928832101088 0 594b88b0bbc0 2
present 76928832405386 76928832515596 0 594b88b0bbc0 2
acquire 76929132146662 76929132173341 0 594b88b0bbc0 1
present 76929132437201 76929132551810 0 594b88b0bbc0 1
acquire 76929432295879 76929432336387 0 594b88b0bbc0 2
present 76929432719536 76929432852164 0 594b88b0bbc0 2
acquire 76929732538893 76929732571579 0 594b88b0bbc0 1
present 76929732879928 76929732986924 0 594b88b0bbc0 1
