instance 88267683522570 88267694431042 0 pid 3464010
device 88267695135669 88267805922279 0
swapchain 88267806355084 88267858139562 0 5b3109540e30 900x560 mode 2 images 4
acquire 88267865157330 88267865172485 0 5b3109540e30 3
present 88267865370275 88267865574909 0 5b3109540e30 3
acquire 88267865687493 88267865696642 0 5b3109540e30 2
present 88267865739106 88267865799099 0 5b3109540e30 2
acquire 88270096372112 88270096387197 0 5b3109540e30 1
present 88270096490841 88270096614809 0 5b3109540e30 1
acquire 88270121366405 88270121380094 0 5b3109540e30 0
present 88270121482970 88270121583331 0 5b3109540e30 0
acquire 88271668371762 88271668399908 0 5b3109540e30 3
present 88271668530371 88271668630803 0 5b3109540e30 3
acquire 88271674608218 88271674632243 0 5b3109540e30 2
present 88271674762986 88271674859157 0 5b3109540e30 2
acquire 88272265423632 88272265458273 0 5b3109540e30 3
present 88272265623727 88272265759987 0 5b3109540e30 3
acquire 88272280362352 88272280391895 0 5b3109540e30 2
present 88272280523405 88272280644999 0 5b3109540e30 2
acquire 88280203624782 88280203654814 0 5b3109540e30 3
present 88280203796521 88280203920000 0 5b3109540e30 3
acquire 88280642681070 88280642714524 0 5b3109540e30 2
present 88280642888009 88280643035723 0 5b3109540e30 2
acquire 88282542378590 88282542408412 0 5b3109540e30 3
present 88282542542996 88282542946328 0 5b3109540e30 3
acquire 88282554300386 88282554321478 0 5b3109540e30 2
present 88282554406196 88282554500202 0 5b3109540e30 2
