instance 313602584890973 313602601565743 0 pid 1868424
device 313602602358928 313602740715595 0
swapchain 313602741089454 313602790596870 0 56e847ae1e70 900x560 mode 2 images 4
acquire 313602799447482 313602799459844 0 56e847ae1e70 3
present 313602802892743 313602803104222 0 56e847ae1e70 3
acquire 313602803276031 313602803285599 0 56e847ae1e70 2
present 313602803331764 313602803391409 0 56e847ae1e70 2
acquire 313615138827544 313615138842560 0 56e847ae1e70 1
present 313615138956820 313615139082744 0 56e847ae1e70 1
acquire 313615819612182 313615819630410 0 56e847ae1e70 0
present 313615819762200 313615819887076 0 56e847ae1e70 0
acquire 313616120922438 313616120964622 0 56e847ae1e70 3
present 313616121185948 313616121306354 0 56e847ae1e70 3
acquire 313616425140528 313616425172516 0 56e847ae1e70 2
present 313616425321836 313616425428902 0 56e847ae1e70 2
acquire 313616729814681 313616729854700 0 56e847ae1e70 3
present 313616730109481 313616730229118 0 56e847ae1e70 3
acquire 313617036966866 313617037014777 0 56e847ae1e70 2
present 313617037197691 313617037306922 0 56e847ae1e70 2
acquire 313617338150292 313617338183257 0 56e847ae1e70 3
present 313617338345428 313617338461224 0 56e847ae1e70 3
acquire 313617639946504 313617639975627 0 56e847ae1e70 2
present 313617640124389 313617640229430 0 56e847ae1e70 2
acquire 313617945327659 313617945358668 0 56e847ae1e70 3
present 313617945524680 313617945643550 0 56e847ae1e70 3
acquire 313618249977717 313618250024581 0 56e847ae1e70 2
present 313618250160282 313618250277685 0 56e847ae1e70 2
acquire 313618556879942 313618556913326 0 56e847ae1e70 3
present 313618557085065 313618557190106 0 56e847ae1e70 3
acquire 313618861463163 313618861494662 0 56e847ae1e70 2
present 313618861642864 313618861757404 0 56e847ae1e70 2
acquire 313619167974138 313619168021141 0 56e847ae1e70 3
present 313619168189389 313619168308538 0 56e847ae1e70 3
acquire 313619474409406 313619474439927 0 56e847ae1e70 2
present 313619474576466 313619474693310 0 56e847ae1e70 2
acquire 313619780927366 313619780958864 0 56e847ae1e70 3
present 313619781141918 313619781260648 0 56e847ae1e70 3
acquire 313620085934733 313620085970212 0 56e847ae1e70 2
present 313620086165348 313620086295113 0 56e847ae1e70 2
acquire 313620388354278 313620388391434 0 56e847ae1e70 3
present 313620388554443 313620388668982 0 56e847ae1e70 3
acquire 313620693397474 313620693430160 0 56e847ae1e70 2
present 313620693588489 313620693716578 0 56e847ae1e70 2
acquire 313620994607302 313620994637753 0 56e847ae1e70 3
present 313620994782812 313620994887993 0 56e847ae1e70 3
acquire 313621301460360 313621301493814 0 56e847ae1e70 2
present 313621301630772 313621301752366 0 56e847ae1e70 2
acquire 313621605618600 313621605651984 0 56e847ae1e70 3
present 313621605833362 313621605955863 0 56e847ae1e70 3
acquire 313621912371856 313621912398535 0 56e847ae1e70 2
present 313621912543176 313621912643398 0 56e847ae1e70 2
acquire 313622218335698 313622218365241 0 56e847ae1e70 3
present 313622218493120 313622218593062 0 56e847ae1e70 3
acquire 313622524154131 313622524185141 0 56e847ae1e70 2
present 313622524325870 313622524437477 0 56e847ae1e70 2
acquire 313622826117336 313622826146320 0 56e847ae1e70 3
present 313622826296269 313622826410180 0 56e847ae1e70 3
acquire 313623128371569 313623128405023 0 56e847ae1e70 2
present 313623128555670 313623128684457 0 56e847ae1e70 2
acquire 313623436755266 313623436788231 0 56e847ae1e70 3
present 313623436922745 313623437049158 0 56e847ae1e70 3
acquire 313623744668933 313623744699942 0 56e847ae1e70 2
present 313623744845421 313623744962196 0 56e847ae1e70 2
acquire 313624051637231 313624051669637 0 56e847ae1e70 3
present 313624051819097 313624051941738 0 56e847ae1e70 3
acquire 313624360129392 313624360163195 0 56e847ae1e70 2
present 313624360315798 313624360436693 0 56e847ae1e70 2
acquire 313624664635303 313624664667779 0 56e847ae1e70 3
present 313624664808509 313624664921651 0 56e847ae1e70 3
acquire 313624965377477 313624965407928 0 56e847ae1e70 2
present 313624965556969 313624965672765 0 56e847ae1e70 2
acquire 313625268391932 313625268420567 0 56e847ae1e70 3
present 313625268558573 313625268663963 0 56e847ae1e70 3
acquire 313625573165963 313625573192852 0 56e847ae1e70 2
present 313625573324083 313625573428077 0 56e847ae1e70 2
acquire 313625875829048 313625875859079 0 56e847ae1e70 3
present 313625875998901 313625876118120 0 56e847ae1e70 3
acquire 313626179782027 313626179816459 0 56e847ae1e70 2
present 313626179981144 313626180127531 0 56e847ae1e70 2
acquire 313626487378408 313626487408230 0 56e847ae1e70 3
present 313626487578712 313626487709036 0 56e847ae1e70 3
acquire 313626793353358 313626793383599 0 56e847ae1e70 2
present 313626793518462 313626793629370 0 56e847ae1e70 2
acquire 313627098412551 313627098442583 0 56e847ae1e70 3
present 313627098577306 313627098682068 0 56e847ae1e70 3
acquire 313627398686862 313627398713960 0 56e847ae1e70 2
present 313627398824798 313627398924112 0 56e847ae1e70 2
acquire 313627704842701 313627704872802 0 56e847ae1e70 3
present 313627705014929 313627705121157 0 56e847ae1e70 3
acquire 313628008019258 313628008052363 0 56e847ae1e70 2
present 313628008194350 313628008307143 0 56e847ae1e70 2
acquire 313628311760621 313628311790234 0 56e847ae1e70 3
present 313628311927611 313628312044036 0 56e847ae1e70 3
acquire 313628615212073 313628615239032 0 56e847ae1e70 2
present 313628615372429 313628615483336 0 56e847ae1e70 2
acquire 313628920286493 313628920315547 0 56e847ae1e70 3
present 313628920442518 313628920542671 0 56e847ae1e70 3
acquire 313629224653773 313629224696585 0 56e847ae1e70 2
present 313629224845626 313629224969105 0 56e847ae1e70 2
acquire 313629525871568 313629525907815 0 56e847ae1e70 3
present 313629526108818 313629526213440 0 56e847ae1e70 3
acquire 313629830173127 313629830206022 0 56e847ae1e70 2
present 313629830356250 313629830478053 0 56e847ae1e70 2
acquire 313630136752134 313630136785937 0 56e847ae1e70 3
present 313630136938820 313630137096102 0 56e847ae1e70 3
acquire 313630441863082 313630441902962 0 56e847ae1e70 2
present 313630442098796 313630442210123 0 56e847ae1e70 2
acquire 313630746240769 313630746270032 0 56e847ae1e70 3
present 313630746409365 313630746529143 0 56e847ae1e70 3
acquire 313631053913977 313631053943031 0 56e847ae1e70 2
present 313631054128459 313631054261018 0 56e847ae1e70 2
acquire 313631356317885 313631356347637 0 56e847ae1e70 3
present 313631356485853 313631356586843 0 56e847ae1e70 3
acquire 313631659865161 313631659895682 0 56e847ae1e70 2
present 313631660047447 313631660207034 0 56e847ae1e70 2
acquire 313631967976903 313631968022020 0 56e847ae1e70 3
present 313631968174902 313631968285880 0 56e847ae1e70 3
acquire 313632272027385 313632272073061 0 56e847ae1e70 2
present 313632272234463 313632272363111 0 56e847ae1e70 2
acquire 313632576541332 313632576573040 0 56e847ae1e70 3
present 313632576710348 313632576832290 0 56e847ae1e70 3
acquire 313632876861532 313632876896313 0 56e847ae1e70 2
present 313632877055690 313632877179239 0 56e847ae1e70 2
acquire 313633178883829 313633178914419 0 56e847ae1e70 3
present 313633179066603 313633179188615 0 56e847ae1e70 3
acquire 313633480075436 313633480105957 0 56e847ae1e70 2
present 313633480245779 313633480356896 0 56e847ae1e70 2
acquire 313633780771381 313633780802810 0 56e847ae1e70 3
present 313633780929990 313633781062758 0 56e847ae1e70 3
swapchain 313634795644974 313634799447961 0 56e847c78540 1100x700 mode 2 images 4
acquire 313634800629882 313634800639869 0 56e847c78540 3
present 313634800750777 313634800846599 0 56e847c78540 3
swapchain 313636302964918 313636306780477 0 56e847ae1e70 640x760 mode 2 images 4
acquire 313636307774455 313636307784443 0 56e847ae1e70 3
present 313636307900868 313636308031122 0 56e847ae1e70 3
swapchain 313637810229972 313637813517463 0 56e847c78540 1280x480 mode 2 images 4
acquire 313637815085605 313637815095592 0 56e847c78540 3
present 313637815206919 313637815316290 0 56e847c78540 3
swapchain 313639318313219 313639321855700 0 56e847ae1e70 760x560 mode 2 images 4
acquire 313639322915957 313639322925595 0 56e847ae1e70 3
present 313639323054662 313639323160750 0 56e847ae1e70 3
swapchain 313640826052504 313640829405994 0 56e847c8acf0 900x560 mode 2 images 4
acquire 313640830445928 313640830456194 0 56e847c8acf0 3
present 313640830571642 313640830684575 0 56e847c8acf0 3
acquire 313640830878244 313640830888930 0 56e847c8acf0 2
present 313640830956606 313640831073380 0 56e847c8acf0 2
