instance 74701241870461 74701256345108 0 pid 1450209
device 74701257095690 74701382079352 0
swapchain 74701382495745 74701435796621 0 581dbf974e80 900x560 mode 2 images 4
acquire 74701444632643 74701444646402 0 581dbf974e80 3
present 74701444815836 74701445034718 0 581dbf974e80 3
acquire 74701446413243 74701446422881 0 581dbf974e80 2
present 74701446598601 74701446702106 1000001003 581dbf974e80 2
swapchain 74701447415463 74701450293407 0 581dbfaeb240 900x560 mode 2 images 4
acquire 74701451560675 74701451569754 0 581dbfaeb240 3
present 74701451723265 74701451802535 0 581dbfaeb240 3
acquire 74713775998220 74713776026296 0 581dbfaeb240 2
present 74713776215635 74713776328638 0 581dbfaeb240 2
acquire 74714457159811 74714457173640 0 581dbfaeb240 1
present 74714457373665 74714457479404 0 581dbfaeb240 1
acquire 74714856904053 74714856917253 0 581dbfaeb240 0
present 74714857089342 74714857210516 0 581dbfaeb240 0
acquire 74715057249732 74715057277459 0 581dbfaeb240 3
present 74715057468475 74715057571700 0 581dbfaeb240 3
acquire 74715458879965 74715458906644 0 581dbfaeb240 2
present 74715459104364 74715459235736 0 581dbfaeb240 2
acquire 74715657690954 74715657717145 0 581dbfaeb240 3
present 74715657914656 74715658023887 0 581dbfaeb240 3
acquire 74716058961505 74716058990140 0 581dbfaeb240 2
present 74716059188698 74716059295066 0 581dbfaeb240 2
acquire 74716258222970 74716258255586 0 581dbfaeb240 3
present 74716258467414 74716258578112 0 581dbfaeb240 3
acquire 74716660027107 74716660053507 0 581dbfaeb240 2
present 74716660233278 74716660341951 0 581dbfaeb240 2
acquire 74716858478973 74716858510472 0 581dbfaeb240 3
present 74716858723697 74716858832299 0 581dbfaeb240 3
acquire 74717259035328 74717259061868 0 581dbfaeb240 2
present 74717259266363 74717259373778 0 581dbfaeb240 2
acquire 74717458776741 74717458804818 0 581dbfaeb240 3
present 74717459030544 74717459142430 0 581dbfaeb240 3
acquire 74717859341408 74717859372277 0 581dbfaeb240 2
present 74717859559521 74717859675039 0 581dbfaeb240 2
acquire 74718058782085 74718058806879 0 581dbfaeb240 3
present 74718060316635 74718060421955 0 581dbfaeb240 3
acquire 74718461494296 74718461529985 0 581dbfaeb240 2
present 74718461703610 74718461817172 0 581dbfaeb240 2
acquire 74718659436392 74718659461745 0 581dbfaeb240 3
present 74718659683630 74718659787973 0 581dbfaeb240 3
acquire 74719061282015 74719061311977 0 581dbfaeb240 2
present 74719061510954 74719061627868 0 581dbfaeb240 2
acquire 74719259662224 74719259688973 0 581dbfaeb240 3
present 74719259873913 74719259978046 0 581dbfaeb240 3
acquire 74719662426886 74719662453705 0 581dbfaeb240 2
present 74719662629356 74719662735375 0 581dbfaeb240 2
acquire 74719859856139 74719859885682 0 581dbfaeb240 3
present 74719860109173 74719860218894 0 581dbfaeb240 3
acquire 74720265450904 74720265481704 0 581dbfaeb240 2
present 74720265705405 74720265828535 0 581dbfaeb240 2
acquire 74720460710402 74720460737151 0 581dbfaeb240 3
present 74720460916852 74720461043753 0 581dbfaeb240 3
acquire 74720863337896 74720863367439 0 581dbfaeb240 2
present 74720863570816 74720863680327 0 581dbfaeb240 2
acquire 74721060900964 74721060930297 0 581dbfaeb240 3
present 74721061148202 74721061251776 0 581dbfaeb240 3
acquire 74721461644703 74721461674036 0 581dbfaeb240 2
present 74721461873013 74721461981058 0 581dbfaeb240 2
acquire 74721661211234 74721661239310 0 581dbfaeb240 3
present 74721661429907 74721661537462 0 581dbfaeb240 3
acquire 74722067173294 74722067204303 0 581dbfaeb240 2
present 74722067419972 74722067532417 0 581dbfaeb240 2
acquire 74722261537567 74722261566971 0 581dbfaeb240 3
present 74722261768951 74722261874970 0 581dbfaeb240 3
acquire 74722663974465 74722664016579 0 581dbfaeb240 2
present 74722664242236 74722664353703 0 581dbfaeb240 2
acquire 74722861961399 74722861988986 0 581dbfaeb240 3
present 74722862214923 74722862322338 0 581dbfaeb240 3
acquire 74723265592511 74723265621565 0 581dbfaeb240 2
present 74723265844009 74723265947793 0 581dbfaeb240 2
acquire 74723462048108 74723462074368 0 581dbfaeb240 3
present 74723462282914 74723462385021 0 581dbfaeb240 3
acquire 74723865610216 74723865640527 0 581dbfaeb240 2
present 74723865865974 74723865973250 0 581dbfaeb240 2
acquire 74724062859558 74724062893012 0 581dbfaeb240 3
present 74724063213583 74724063325538 0 581dbfaeb240 3
acquire 74724463648554 74724463676700 0 581dbfaeb240 2
present 74724463897188 74724464017874 0 581dbfaeb240 2
acquire 74724662701822 74724662730457 0 581dbfaeb240 3
present 74724662929505 74724663041809 0 581dbfaeb240 3
acquire 74725070219524 74725070251022 0 581dbfaeb240 2
present 74725070463898 74725070572780 0 581dbfaeb240 2
acquire 74725263283076 74725263324911 0 581dbfaeb240 3
present 74725263622923 74725263761209 0 581dbfaeb240 3
acquire 74725667017553 74725667054708 0 581dbfaeb240 2
present 74725667309489 74725667425634 0 581dbfaeb240 2
acquire 74725863231499 74725863260134 0 581dbfaeb240 3
present 74725863472661 74725863577492 0 581dbfaeb240 3
acquire 74726265110646 74726265141376 0 581dbfaeb240 2
present 74726265344963 74726265455312 0 581dbfaeb240 2
acquire 74726463511039 74726463536252 0 581dbfaeb240 3
present 74726463750595 74726463851725 0 581dbfaeb240 3
acquire 74726865011298 74726865044193 0 581dbfaeb240 2
present 74726865255043 74726865363716 0 581dbfaeb240 2
acquire 74727063678554 74727063707050 0 581dbfaeb240 3
present 74727063902325 74727064013373 0 581dbfaeb240 3
acquire 74727465395180 74727465426609 0 581dbfaeb240 2
present 74727465643745 74727465761567 0 581dbfaeb240 2
acquire 74727664198138 74727664233408 0 581dbfaeb240 3
present 74727664469960 74727664586665 0 581dbfaeb240 3
acquire 74728066504783 74728066533417 0 581dbfaeb240 2
present 74728066751811 74728066861042 0 581dbfaeb240 2
acquire 74728264256422 74728264284009 0 581dbfaeb240 3
present 74728264486898 74728264586072 0 581dbfaeb240 3
acquire 74728667485947 74728667513394 0 581dbfaeb240 2
present 74728667735838 74728667842835 0 581dbfaeb240 2
acquire 74728864490146 74728864520178 0 581dbfaeb240 3
present 74728864741784 74728864846965 0 581dbfaeb240 3
acquire 74729267212694 74729267252783 0 581dbfaeb240 2
present 74729267451691 74729267556732 0 581dbfaeb240 2
acquire 74729464969223 74729464997368 0 581dbfaeb240 3
present 74729465239647 74729465347762 0 581dbfaeb240 3
acquire 74729867361282 74729867393479 0 581dbfaeb240 2
present 74729867633034 74729867745129 0 581dbfaeb240 2
acquire 74730065184788 74730065211398 0 581dbfaeb240 3
present 74730065408769 74730065509200 0 581dbfaeb240 3
acquire 74730465102027 74730465131640 0 581dbfaeb240 2
present 74730465325589 74730465434261 0 581dbfaeb240 2
acquire 74730665472360 74730665501205 0 581dbfaeb240 3
present 74730665697737 74730665804175 0 581dbfaeb240 3
acquire 74731067714331 74731067743944 0 581dbfaeb240 2
present 74731067953258 74731068072267 0 581dbfaeb240 2
acquire 74731265792408 74731265820275 0 581dbfaeb240 3
present 74731266059551 74731266164103 0 581dbfaeb240 3
acquire 74731667905313 74731667935415 0 581dbfaeb240 2
present 74731668148779 74731668253401 0 581dbfaeb240 2
acquire 74731865992609 74731866036888 0 581dbfaeb240 3
present 74731866263523 74731866377434 0 581dbfaeb240 3
acquire 74732267463743 74732267494683 0 581dbfaeb240 2
present 74732267711260 74732267816651 0 581dbfaeb240 2
swapchain 74733176016020 74733179355195 0 581dbfb0ac20 1100x700 mode 2 images 4
acquire 74733283506012 74733283523193 0 581dbfb0ac20 3
present 74733283725942 74733283855008 0 581dbfb0ac20 3
swapchain 74734680968651 74734684324937 0 581dbfaeb240 640x760 mode 2 images 4
acquire 74734786563293 74734786580893 0 581dbfaeb240 3
present 74734786788042 74734786921020 0 581dbfaeb240 3
swapchain 74736188113665 74736191278237 0 581dbfb0ac20 1280x480 mode 2 images 4
acquire 74736293815164 74736293830739 0 581dbfb0ac20 3
present 74736294039843 74736294159970 0 581dbfb0ac20 3
swapchain 74737695402621 74737700490828 0 581dbfaeb240 760x560 mode 2 images 4
acquire 74737802359585 74737802373763 0 581dbfaeb240 3
present 74737802569597 74737802686442 0 581dbfaeb240 3
swapchain 74739202538067 74739205458125 0 581dbfb0ac20 900x560 mode 2 images 4
acquire 74739307374654 74739307390368 0 581dbfb0ac20 3
present 74739307596958 74739307725326 0 581dbfb0ac20 3
