instance 74645923927981 74645939661444 0 pid 1442399
device 74645940603951 74646064193094 0
swapchain 74646064613188 74646114198934 0 5aed6422be80 900x560 mode 2 images 4
acquire 74646122482233 74646122494595 0 5aed6422be80 3
present 74646122652576 74646122834582 0 5aed6422be80 3
acquire 74646124037875 74646124046954 0 5aed6422be80 2
present 74646124177278 74646124280852 1000001003 5aed6422be80 2
swapchain 74646124841817 74646127667799 0 5aed643a2240 900x560 mode 2 images 4
acquire 74646128884571 74646128893231 0 5aed643a2240 3
present 74646129052958 74646129127199 0 5aed643a2240 3
acquire 74658460589119 74658460602319 0 5aed643a2240 2
present 74658460787258 74658460896280 0 5aed643a2240 2
acquire 74659141418334 74659141432442 0 5aed643a2240 1
present 74659141615077 74659141718232 0 5aed643a2240 1
acquire 74659543854602 74659543869967 0 5aed643a2240 0
present 74659544044989 74659544156665 0 5aed643a2240 0
acquire 74659741662672 74659741696964 0 5aed643a2240 3
present 74659741913541 74659742028779 0 5aed643a2240 3
acquire 74660145475928 74660145509242 0 5aed643a2240 2
present 74660145716251 74660145855165 0 5aed643a2240 2
acquire 74660342041314 74660342067784 0 5aed643a2240 3
present 74660342286876 74660342398692 0 5aed643a2240 3
acquire 74660744881683 74660744918280 0 5aed643a2240 2
present 74660745205956 74660745323778 0 5aed643a2240 2
acquire 74660942464166 74660942495176 0 5aed643a2240 3
present 74660942728725 74660942850807 0 5aed643a2240 3
acquire 74661347222163 74661347250728 0 5aed643a2240 2
present 74661347442093 74661347557541 0 5aed643a2240 2
acquire 74661542811380 74661542839457 0 5aed643a2240 3
present 74661543038923 74661543144243 0 5aed643a2240 3
acquire 74661947381155 74661947416076 0 5aed643a2240 2
present 74661947664501 74661947788609 0 5aed643a2240 2
acquire 74662142912195 74662142946906 0 5aed643a2240 3
present 74662143203153 74662143326213 0 5aed643a2240 3
acquire 74662552318888 74662552356044 0 5aed643a2240 2
present 74662552640856 74662552788500 0 5aed643a2240 2
acquire 74662743428285 74662743456431 0 5aed643a2240 3
present 74662745018568 74662745129196 0 5aed643a2240 3
acquire 74663157326392 74663157398608 0 5aed643a2240 2
present 74663157642354 74663157765344 0 5aed643a2240 2
acquire 74663343657328 74663343692597 0 5aed643a2240 3
present 74663343925518 74663344055981 0 5aed643a2240 3
acquire 74663761366527 74663761398724 0 5aed643a2240 2
present 74663761611599 74663761744298 0 5aed643a2240 2
acquire 74663944048891 74663944083532 0 5aed643a2240 3
present 74663944328744 74663944453062 0 5aed643a2240 3
acquire 74664361353710 74664361381297 0 5aed643a2240 2
present 74664361564141 74664361674770 0 5aed643a2240 2
acquire 74664544169261 74664544199362 0 5aed643a2240 3
present 74664544429699 74664544554225 0 5aed643a2240 3
acquire 74664964019091 74664964047167 0 5aed643a2240 2
present 74664964257180 74664964371649 0 5aed643a2240 2
acquire 74665144741433 74665144770348 0 5aed643a2240 3
present 74665144964785 74665145107610 0 5aed643a2240 3
acquire 74665547106533 74665547135727 0 5aed643a2240 2
present 74665547340012 74665547447707 0 5aed643a2240 2
acquire 74665745602050 74665745637040 0 5aed643a2240 3
present 74665745935192 74665746096455 0 5aed643a2240 3
acquire 74666150187260 74666150227977 0 5aed643a2240 2
present 74666150436313 74666150542262 0 5aed643a2240 2
acquire 74666345276484 74666345305119 0 5aed643a2240 3
present 74666345505493 74666345625690 0 5aed643a2240 3
acquire 74666747319616 74666747353908 0 5aed643a2240 2
present 74666747600867 74666747715685 0 5aed643a2240 2
acquire 74666945654009 74666945684111 0 5aed643a2240 3
present 74666945902085 74666946022072 0 5aed643a2240 3
acquire 74667351852620 74667351884537 0 5aed643a2240 2
present 74667352120740 74667352236118 0 5aed643a2240 2
acquire 74667545869573 74667545899535 0 5aed643a2240 3
present 74667546105846 74667546209630 0 5aed643a2240 3
acquire 74667948789212 74667948824481 0 5aed643a2240 2
present 74667949082544 74667949212728 0 5aed643a2240 2
acquire 74668146360939 74668146387828 0 5aed643a2240 3
present 74668146583314 74668146685282 0 5aed643a2240 3
acquire 74668550577458 74668550608258 0 5aed643a2240 2
present 74668550823020 74668550931483 0 5aed643a2240 2
acquire 74668746580484 74668746609538 0 5aed643a2240 3
present 74668746813684 74668746913347 0 5aed643a2240 3
acquire 74669150427823 74669150457435 0 5aed643a2240 2
present 74669150682114 74669150788342 0 5aed643a2240 2
acquire 74669347496275 74669347533989 0 5aed643a2240 3
present 74669347831582 74669347972801 0 5aed643a2240 3
acquire 74669750575361 74669750607767 0 5aed643a2240 2
present 74669750836986 74669750967100 0 5aed643a2240 2
acquire 74669947230144 74669947259757 0 5aed643a2240 3
present 74669947512233 74669947628169 0 5aed643a2240 3
acquire 74670351433952 74670351470270 0 5aed643a2240 2
present 74670351711780 74670351827717 0 5aed643a2240 2
acquire 74670547646292 74670547675905 0 5aed643a2240 3
present 74670547932082 74670548074069 0 5aed643a2240 3
acquire 74670952075547 74670952106067 0 5aed643a2240 2
present 74670952331305 74670952442702 0 5aed643a2240 2
acquire 74671148285931 74671148315963 0 5aed643a2240 3
present 74671148533029 74671148637162 0 5aed643a2240 3
acquire 74671561620211 74671561652059 0 5aed643a2240 2
present 74671562058674 74671562174680 0 5aed643a2240 2
acquire 74671747927401 74671747956594 0 5aed643a2240 3
present 74671748187419 74671748294765 0 5aed643a2240 3
acquire 74672152281088 74672152311049 0 5aed643a2240 2
present 74672152563944 74672152677157 0 5aed643a2240 2
acquire 74672348352558 74672348383497 0 5aed643a2240 3
present 74672348601821 74672348709725 0 5aed643a2240 3
acquire 74672751942602 74672751974589 0 5aed643a2240 2
present 74672752208836 74672752317928 0 5aed643a2240 2
acquire 74672948735531 74672948766051 0 5aed643a2240 3
present 74672948983188 74672949112045 0 5aed643a2240 3
acquire 74673353657445 74673353688944 0 5aed643a2240 2
present 74673353950638 74673354084524 0 5aed643a2240 2
acquire 74673549035323 74673549069615 0 5aed643a2240 3
present 74673549305050 74673549421964 0 5aed643a2240 3
acquire 74673956225538 74673956264440 0 5aed643a2240 2
present 74673956508185 74673956632852 0 5aed643a2240 2
acquire 74674149230703 74674149260176 0 5aed643a2240 3
present 74674149468791 74674149573413 0 5aed643a2240 3
acquire 74674551478749 74674551524635 0 5aed643a2240 2
present 74674551783187 74674551905339 0 5aed643a2240 2
acquire 74674749617378 74674749646501 0 5aed643a2240 3
present 74674749845199 74674749955479 0 5aed643a2240 3
acquire 74675151877786 74675151908586 0 5aed643a2240 2
present 74675152126281 74675152231601 0 5aed643a2240 2
acquire 74675349787056 74675349825818 0 5aed643a2240 3
present 74675350054827 74675350162382 0 5aed643a2240 3
acquire 74675752783241 74675752817044 0 5aed643a2240 2
present 74675753080065 74675753191322 0 5aed643a2240 2
acquire 74675949960925 74675949991236 0 5aed643a2240 3
present 74675950218010 74675950324378 0 5aed643a2240 3
acquire 74676352942373 74676352987700 0 5aed643a2240 2
present 74676353227674 74676353337813 0 5aed643a2240 2
acquire 74676550539383 74676550575561 0 5aed643a2240 3
present 74676550814348 74676550923091 0 5aed643a2240 3
acquire 74676952718287 74676952749785 0 5aed643a2240 2
present 74676953023213 74676953139499 0 5aed643a2240 2
swapchain 74677858493467 74677862061861 0 5aed643c1c20 1100x700 mode 2 images 4
acquire 74677966672372 74677966695140 0 5aed643c1c20 3
present 74677966965914 74677967140517 0 5aed643c1c20 3
swapchain 74679366655294 74679370243802 0 5aed643a2240 640x760 mode 2 images 4
acquire 74679475996844 74679476024012 0 5aed643a2240 3
present 74679476232069 74679476368329 0 5aed643a2240 3
swapchain 74680874087071 74680877748004 0 5aed643c1c20 1280x480 mode 2 images 4
acquire 74680980495153 74680980510937 0 5aed643c1c20 3
present 74680980711870 74680980830391 0 5aed643c1c20 3
swapchain 74682384078596 74682389716732 0 5aed643a2240 760x560 mode 2 images 4
acquire 74682494981724 74682494999045 0 5aed643a2240 3
present 74682495216530 74682495349228 0 5aed643a2240 3
acquire 74682496683963 74682496692623 0 5aed643a2240 2
present 74682496827137 74682496932108 0 5aed643a2240 2
swapchain 74683888916055 74683892672531 0 5aed643c1c20 900x560 mode 2 images 4
acquire 74683996410725 74683996428605 0 5aed643c1c20 3
present 74683996642947 74683996799601 0 5aed643c1c20 3
