launch_mono_ns 74008031723634
assets ready in 2565 ms: font, 1000 labels, 28 glyphs
GPU 0: NVIDIA GeForce RTX 3050 Laptop GPU (discrete, vendor 4318, device 9698, Vulkan 1.4.341, 4096 MiB device-local, max image 32768)
queue family 0, swapchain 900x560, format 44, 4 images, 2 frames in flight, validation layer off (not installed)
window and GPU ready in 266 ms
redraw 1 at 2837 ms: scene + GPU 6 ms, 28 glyphs cached, atlas 27 entries, 1870 texels uploaded
input: mapped expose
redraw 2 at 2845 ms: scene + GPU 8 ms, 28 glyphs cached, atlas 27 entries, 1870 texels uploaded
redraw 3 at 2849 ms: scene + GPU 4 ms, 28 glyphs cached, atlas 27 entries, 1870 texels uploaded
input: moved
input: focus-in
input: key-down 9
redraw 4 at 15159 ms: scene + GPU 4 ms, 28 glyphs cached, atlas 27 entries, 1870 texels uploaded
input: key-up 9
input: key-down 32
redraw 5 at 15839 ms: scene + GPU 4 ms, 28 glyphs cached, atlas 27 entries, 1870 texels uploaded
input: key-up 32 -> 1 activation(s)
redraw 6 at 16148 ms: scene + GPU 5 ms, 29 glyphs cached, atlas 28 entries, 1966 texels uploaded
input: key-down 32
redraw 7 at 16440 ms: scene + GPU 4 ms, 29 glyphs cached, atlas 28 entries, 1966 texels uploaded
input: key-up 32 -> 1 activation(s)
redraw 8 at 16749 ms: scene + GPU 5 ms, 30 glyphs cached, atlas 29 entries, 2074 texels uploaded
input: key-down 32
redraw 9 at 17041 ms: scene + GPU 5 ms, 30 glyphs cached, atlas 29 entries, 2074 texels uploaded
input: key-up 32 -> 1 activation(s)
redraw 10 at 17352 ms: scene + GPU 8 ms, 31 glyphs cached, atlas 30 entries, 2191 texels uploaded
input: key-down 32
redraw 11 at 17641 ms: scene + GPU 5 ms, 31 glyphs cached, atlas 30 entries, 2191 texels uploaded
input: key-up 32 -> 1 activation(s)
redraw 12 at 17951 ms: scene + GPU 7 ms, 32 glyphs cached, atlas 31 entries, 2299 texels uploaded
input: key-down 32
redraw 13 at 18242 ms: scene + GPU 6 ms, 32 glyphs cached, atlas 31 entries, 2299 texels uploaded
input: key-up 32 -> 1 activation(s)
redraw 14 at 18551 ms: scene + GPU 6 ms, 33 glyphs cached, atlas 32 entries, 2416 texels uploaded
input: key-down 32
redraw 15 at 18842 ms: scene + GPU 5 ms, 33 glyphs cached, atlas 32 entries, 2416 texels uploaded
input: key-up 32 -> 1 activation(s)
redraw 16 at 19155 ms: scene + GPU 11 ms, 34 glyphs cached, atlas 33 entries, 2533 texels uploaded
input: key-down 32
redraw 17 at 19445 ms: scene + GPU 8 ms, 34 glyphs cached, atlas 33 entries, 2533 texels uploaded
input: key-up 32 -> 1 activation(s)
redraw 18 at 19752 ms: scene + GPU 7 ms, 35 glyphs cached, atlas 34 entries, 2641 texels uploaded
input: key-down 32
redraw 19 at 20043 ms: scene + GPU 6 ms, 35 glyphs cached, atlas 34 entries, 2641 texels uploaded
input: key-up 32 -> 1 activation(s)
redraw 20 at 20353 ms: scene + GPU 8 ms, 36 glyphs cached, atlas 35 entries, 2758 texels uploaded
input: key-down 32
redraw 21 at 20644 ms: scene + GPU 6 ms, 36 glyphs cached, atlas 35 entries, 2758 texels uploaded
input: key-up 32 -> 1 activation(s)
redraw 22 at 20953 ms: scene + GPU 8 ms, 37 glyphs cached, atlas 36 entries, 2875 texels uploaded
input: key-down 32
redraw 23 at 21245 ms: scene + GPU 7 ms, 37 glyphs cached, atlas 36 entries, 2875 texels uploaded
input: key-up 32 -> 1 activation(s)
redraw 24 at 21553 ms: scene + GPU 7 ms, 37 glyphs cached, atlas 36 entries, 2875 texels uploaded
input: key-down 32
redraw 25 at 21845 ms: scene + GPU 7 ms, 37 glyphs cached, atlas 36 entries, 2875 texels uploaded
input: key-up 32 -> 1 activation(s)
redraw 26 at 22158 ms: scene + GPU 7 ms, 37 glyphs cached, atlas 36 entries, 2875 texels uploaded
input: key-down 32
redraw 27 at 22447 ms: scene + GPU 8 ms, 37 glyphs cached, atlas 36 entries, 2875 texels uploaded
input: key-up 32 -> 1 activation(s)
redraw 28 at 22754 ms: scene + GPU 6 ms, 37 glyphs cached, atlas 36 entries, 2875 texels uploaded
input: key-down 32
redraw 29 at 23046 ms: scene + GPU 7 ms, 37 glyphs cached, atlas 36 entries, 2875 texels uploaded
input: key-up 32 -> 1 activation(s)
redraw 30 at 23353 ms: scene + GPU 6 ms, 37 glyphs cached, atlas 36 entries, 2875 texels uploaded
input: key-down 32
redraw 31 at 23646 ms: scene + GPU 7 ms, 37 glyphs cached, atlas 36 entries, 2875 texels uploaded
input: key-up 32 -> 1 activation(s)
redraw 32 at 23954 ms: scene + GPU 7 ms, 37 glyphs cached, atlas 36 entries, 2875 texels uploaded
input: key-down 32
redraw 33 at 24246 ms: scene + GPU 7 ms, 37 glyphs cached, atlas 36 entries, 2875 texels uploaded
input: key-up 32 -> 1 activation(s)
redraw 34 at 24554 ms: scene + GPU 7 ms, 37 glyphs cached, atlas 36 entries, 2875 texels uploaded
input: key-down 32
redraw 35 at 24846 ms: scene + GPU 6 ms, 37 glyphs cached, atlas 36 entries, 2875 texels uploaded
input: key-up 32 -> 1 activation(s)
redraw 36 at 25155 ms: scene + GPU 7 ms, 37 glyphs cached, atlas 36 entries, 2875 texels uploaded
input: key-down 32
redraw 37 at 25446 ms: scene + GPU 6 ms, 37 glyphs cached, atlas 36 entries, 2875 texels uploaded
input: key-up 32 -> 1 activation(s)
redraw 38 at 25755 ms: scene + GPU 7 ms, 37 glyphs cached, atlas 36 entries, 2875 texels uploaded
input: key-down 32
redraw 39 at 26047 ms: scene + GPU 7 ms, 37 glyphs cached, atlas 36 entries, 2875 texels uploaded
input: key-up 32 -> 1 activation(s)
redraw 40 at 26359 ms: scene + GPU 7 ms, 37 glyphs cached, atlas 36 entries, 2875 texels uploaded
input: key-down 32
redraw 41 at 26647 ms: scene + GPU 6 ms, 37 glyphs cached, atlas 36 entries, 2875 texels uploaded
input: key-up 32 -> 1 activation(s)
redraw 42 at 26955 ms: scene + GPU 6 ms, 37 glyphs cached, atlas 36 entries, 2875 texels uploaded
input: key-down 32
redraw 43 at 27248 ms: scene + GPU 7 ms, 37 glyphs cached, atlas 36 entries, 2875 texels uploaded
input: key-up 32 -> 1 activation(s)
redraw 44 at 27556 ms: scene + GPU 7 ms, 37 glyphs cached, atlas 36 entries, 2875 texels uploaded
input: key-down 32
redraw 45 at 27848 ms: scene + GPU 7 ms, 37 glyphs cached, atlas 36 entries, 2875 texels uploaded
input: key-up 32 -> 1 activation(s)
redraw 46 at 28156 ms: scene + GPU 7 ms, 37 glyphs cached, atlas 36 entries, 2875 texels uploaded
input: key-down 32
redraw 47 at 28448 ms: scene + GPU 7 ms, 37 glyphs cached, atlas 36 entries, 2875 texels uploaded
input: key-up 32 -> 1 activation(s)
redraw 48 at 28756 ms: scene + GPU 7 ms, 37 glyphs cached, atlas 36 entries, 2875 texels uploaded
input: key-down 32
redraw 49 at 29048 ms: scene + GPU 6 ms, 37 glyphs cached, atlas 36 entries, 2875 texels uploaded
input: key-up 32 -> 1 activation(s)
redraw 50 at 29357 ms: scene + GPU 7 ms, 37 glyphs cached, atlas 36 entries, 2875 texels uploaded
input: key-down 32
redraw 51 at 29649 ms: scene + GPU 7 ms, 37 glyphs cached, atlas 36 entries, 2875 texels uploaded
input: key-up 32 -> 1 activation(s)
redraw 52 at 29957 ms: scene + GPU 7 ms, 37 glyphs cached, atlas 36 entries, 2875 texels uploaded
input: key-down 32
redraw 53 at 30249 ms: scene + GPU 7 ms, 37 glyphs cached, atlas 36 entries, 2875 texels uploaded
input: key-up 32 -> 1 activation(s)
redraw 54 at 30559 ms: scene + GPU 7 ms, 37 glyphs cached, atlas 36 entries, 2875 texels uploaded
input: key-down 32
redraw 55 at 30851 ms: scene + GPU 8 ms, 37 glyphs cached, atlas 36 entries, 2875 texels uploaded
input: key-up 32 -> 1 activation(s)
redraw 56 at 31158 ms: scene + GPU 7 ms, 37 glyphs cached, atlas 36 entries, 2875 texels uploaded
input: enter move
input: move
input: move
input: move
input: move
input: move
input: move
input: move
input: move
input: move
input: move
input: move
input: move
input: move
input: move
input: move
input: move
input: move
input: move
input: move
input: move
input: move
input: move
input: move
input: move
input: move
input: move
input: move
input: move
input: move
input: move
input: move
input: move
input: move
input: move
input: move
input: move
input: move
input: move
input: move
input: move
input: move
input: move
input: move
input: move
input: move
input: move
input: move
input: move
input: move
input: move
input: move
input: move
input: move
input: move
input: move
input: move
input: move
input: move
input: move
input: move
input: move
input: move
input: move
input: move
input: move
input: move
input: move
input: move
input: move
input: move
input: move
input: move
input: move
input: move
input: move
input: move
input: move
input: move
input: move
input: move
input: move
input: move
input: move
input: move
input: move
input: move
input: move
input: move
input: move
input: move
input: move
input: move
input: move
input: move
input: move
input: move
input: move
input: move
input: move
input: move
input: move
input: move
input: move
input: move
input: move
input: move
input: move
input: move
input: move
input: move
input: move
input: move
input: move
input: move
input: move
input: move
input: move
input: move
input: move
input: move
input: move
input: move
input: move
input: move
input: move
input: move
input: move
input: move
input: move
input: move
input: move
input: move
input: move
input: move
input: move
input: move
input: move
input: move
input: move
input: move
input: move
input: move
input: move
input: move
input: move
input: move
input: move
input: move
input: move
input: move
input: move
input: move
input: move
input: move
input: move
input: move
input: move
input: move
input: move
input: move
input: move
input: move
input: move
input: move
input: move
input: move
input: key-down 32
redraw 57 at 31450 ms: scene + GPU 7 ms, 37 glyphs cached, atlas 36 entries, 2875 texels uploaded
input: move
input: move
input: move
input: move
input: move
input: move
input: move
input: move
input: move
input: move
input: move
input: move
input: move
input: move
input: move
input: move
input: move
input: move
input: move
input: move
input: move
input: move
input: move
input: move
input: move
input: move
input: move
input: move
input: move
input: move
input: move
input: move
input: move
input: move
input: move
input: move
input: move
input: move
input: move
input: move
input: move
input: move
input: move
input: move
input: move
input: move
input: move
input: move
input: move
input: move
input: move
input: move
input: move
input: move
input: move
input: move
input: move
input: move
input: move
input: move
input: move
input: move
input: move
input: move
input: move
input: move
input: move
input: move
input: move
input: move
input: move
input: move
input: move
input: move
input: move
input: move
input: move
input: move
input: move
input: move
input: move
input: move
input: move
input: move
input: move
input: move
input: move
input: move
input: move
input: move
input: move
input: move
input: move
input: move
input: move
input: move
input: move
input: move
input: move
input: move
input: move
input: move
input: move
input: move
input: move
input: move
input: move
input: move
input: move
input: move
input: move
input: move
input: move
input: move
input: move
input: move
input: move
input: move
input: move
input: move
input: move
input: move
input: move
input: move
input: move
input: move
input: move
input: move
input: move
input: move
input: move
input: move
input: move
input: move
input: move
input: move
input: move
input: move
input: move
input: move
input: move
input: move
input: move
input: move
input: move
input: move
input: move
input: move
input: move
input: move
input: move
input: move
input: move
input: move
input: move
input: move
input: move
input: move
input: move
input: move
input: move
input: move
input: key-up 32 -> 1 activation(s)
redraw 58 at 31757 ms: scene + GPU 7 ms, 37 glyphs cached, atlas 36 entries, 2875 texels uploaded
input: move
input: move
input: move
input: move
input: move
input: move
input: move
input: move
input: move
input: move
input: move
input: move
input: move
input: move
input: leave
input: key-down 32
redraw 59 at 32050 ms: scene + GPU 7 ms, 37 glyphs cached, atlas 36 entries, 2875 texels uploaded
input: focus-out
redraw 60 at 32138 ms: scene + GPU 7 ms, 37 glyphs cached, atlas 36 entries, 2875 texels uploaded
input: key-up 32
input: key-down 32
input: key-up 32
input: key-down 32
input: key-up 32
input: close
frames presented: 60, redraws: 60, clicks: 27
teardown: 0 native objects left; driver messages: 0 warnings, 0 errors
window objects left: 0
exit=0
