instance 74010670282408 74010685164577 0 pid 1339140
device 74010685890157 74010809143634 0
swapchain 74010809547874 74010859722936 0 61b5622bbec0 900x560 mode 2 images 4
acquire 74010867677772 74010867691670 0 61b5622bbec0 3
present 74010869187458 74010869399915 0 61b5622bbec0 3
acquire 74010871945205 74010871958964 0 61b5622bbec0 2
present 74010873293628 74010873405793 1000001003 61b5622bbec0 2
swapchain 74010873696821 74010876932770 0 61b562430e90 900x560 mode 2 images 4
acquire 74010879551883 74010879562848 0 61b562430e90 3
present 74010880976363 74010881075398 0 61b562430e90 3
acquire 74023189544344 74023189562433 0 61b562430e90 2
present 74023190908481 74023191054519 0 61b562430e90 2
acquire 74023870355420 74023870372531 0 61b562430e90 1
present 74023871752034 74023871894510 0 61b562430e90 1
acquire 74024179178621 74024179193287 0 61b562430e90 0
present 74024180704929 74024180927722 0 61b562430e90 0
acquire 74024470904012 74024470943123 0 61b562430e90 3
present 74024472318295 74024472449527 0 61b562430e90 3
acquire 74024779579708 74024779608552 0 61b562430e90 2
present 74024781131369 74024781276778 0 61b562430e90 2
acquire 74025071858101 74025071893371 0 61b562430e90 3
present 74025073522136 74025073672853 0 61b562430e90 3
acquire 74025382563171 74025382592435 0 61b562430e90 2
present 74025384206463 74025384308920 0 61b562430e90 2
acquire 74025672337341 74025672365906 0 61b562430e90 3
present 74025673777954 74025673893401 0 61b562430e90 3
acquire 74025982332476 74025982358107 0 61b562430e90 2
present 74025983824352 74025983932117 0 61b562430e90 2
acquire 74026272626543 74026272653711 0 61b562430e90 3
present 74026274019943 74026274129384 0 61b562430e90 3
acquire 74026582339380 74026582370389 0 61b562430e90 2
present 74026583830139 74026583939929 0 61b562430e90 2
acquire 74026873036639 74026873063878 0 61b562430e90 3
present 74026874403291 74026874514408 0 61b562430e90 3
acquire 74027185225485 74027185258869 0 61b562430e90 2
present 74027186875621 74027186990440 0 61b562430e90 2
acquire 74027473997434 74027474035497 0 61b562430e90 3
present 74027476870768 74027476988869 0 61b562430e90 3
acquire 74027782605035 74027782636533 0 61b562430e90 2
present 74027784154251 74027784270886 0 61b562430e90 2
acquire 74028074310661 74028074341042 0 61b562430e90 3
present 74028075780817 74028075897382 0 61b562430e90 3
acquire 74028383397722 74028383426426 0 61b562430e90 2
present 74028384948405 74028385072303 0 61b562430e90 2
acquire 74028674942923 74028674972047 0 61b562430e90 3
present 74028676421111 74028676531530 0 61b562430e90 3
acquire 74028983475515 74028983505896 0 61b562430e90 2
present 74028985025150 74028985143391 0 61b562430e90 2
acquire 74029275856784 74029275884511 0 61b562430e90 3
present 74029277389169 74029277498959 0 61b562430e90 3
acquire 74029584052183 74029584083612 0 61b562430e90 2
present 74029585804008 74029585933214 0 61b562430e90 2
acquire 74029875817663 74029875844692 0 61b562430e90 3
present 74029877317153 74029877425756 0 61b562430e90 3
acquire 74030188755974 74030188781745 0 61b562430e90 2
present 74030190376917 74030190489990 0 61b562430e90 2
acquire 74030477833967 74030477868748 0 61b562430e90 3
present 74030479538929 74030479672186 0 61b562430e90 3
acquire 74030785011990 74030785038530 0 61b562430e90 2
present 74030786541022 74030786649136 0 61b562430e90 2
acquire 74031076373020 74031076404030 0 61b562430e90 3
present 74031077891576 74031078012332 0 61b562430e90 3
acquire 74031384165855 74031384207271 0 61b562430e90 2
present 74031385655287 74031385762354 0 61b562430e90 2
acquire 74031676798902 74031676832286 0 61b562430e90 3
present 74031678263331 74031678364042 0 61b562430e90 3
acquire 74031984740847 74031984768435 0 61b562430e90 2
present 74031986130477 74031986234051 0 61b562430e90 2
acquire 74032277024200 74032277053813 0 61b562430e90 3
present 74032278691937 74032278819955 0 61b562430e90 3
acquire 74032584957206 74032584984933 0 61b562430e90 2
present 74032586418701 74032586521857 0 61b562430e90 2
acquire 74032877237555 74032877264444 0 61b562430e90 3
present 74032878703521 74032878821273 0 61b562430e90 3
acquire 74033185307030 74033185333989 0 61b562430e90 2
present 74033186938380 74033187078341 0 61b562430e90 2
acquire 74033477311717 74033477339723 0 61b562430e90 3
present 74033478765670 74033478871200 0 61b562430e90 3
acquire 74033785297592 74033785327624 0 61b562430e90 2
present 74033786882847 74033787024554 0 61b562430e90 2
acquire 74034077781459 74034077815751 0 61b562430e90 3
present 74034079321875 74034079434319 0 61b562430e90 3
acquire 74034389664889 74034389693524 0 61b562430e90 2
present 74034391234709 74034391348410 0 61b562430e90 2
acquire 74034677848986 74034677885653 0 61b562430e90 3
present 74034679414964 74034679528386 0 61b562430e90 3
acquire 74034986226670 74034986253769 0 61b562430e90 2
present 74034987758217 74034987858998 0 61b562430e90 2
acquire 74035278392969 74035278426284 0 61b562430e90 3
present 74035279898954 74035280026414 0 61b562430e90 3
acquire 74035586507213 74035586537245 0 61b562430e90 2
present 74035588043858 74035588163077 0 61b562430e90 2
acquire 74035878767798 74035878793429 0 61b562430e90 3
present 74035880280347 74035880397680 0 61b562430e90 3
acquire 74036186721896 74036186750880 0 61b562430e90 2
present 74036188375105 74036188479518 0 61b562430e90 2
acquire 74036479274207 74036479300467 0 61b562430e90 3
present 74036480866026 74036480970927 0 61b562430e90 3
acquire 74036786869810 74036786901797 0 61b562430e90 2
present 74036788487680 74036788604943 0 61b562430e90 2
acquire 74037079151836 74037079185639 0 61b562430e90 3
present 74037080634563 74037080745890 0 61b562430e90 3
acquire 74037387322022 74037387351146 0 61b562430e90 2
present 74037388969435 74037389115962 0 61b562430e90 2
acquire 74037679697635 74037679731508 0 61b562430e90 3
present 74037681304470 74037681421315 0 61b562430e90 3
acquire 74037987451080 74037987484464 0 61b562430e90 2
present 74037988980531 74037989106036 0 61b562430e90 2
acquire 74038279825366 74038279857283 0 61b562430e90 3
present 74038281530467 74038281635020 0 61b562430e90 3
acquire 74038589353474 74038589381550 0 61b562430e90 2
present 74038590968411 74038591087909 0 61b562430e90 2
acquire 74038882076616 74038882108115 0 61b562430e90 3
present 74038883732340 74038883858613 0 61b562430e90 3
acquire 74039188457892 74039188484990 0 61b562430e90 2
present 74039190065635 74039190180454 0 61b562430e90 2
acquire 74039480404541 74039480431220 0 61b562430e90 3
present 74039482131642 74039482245903 0 61b562430e90 3
acquire 74039787525504 74039787552114 0 61b562430e90 2
present 74039789075558 74039789176130 0 61b562430e90 2
acquire 74040080801858 74040080829515 0 61b562430e90 3
present 74040082313081 74040082422522 0 61b562430e90 3
acquire 74040168798412 74040168828024 0 61b562430e90 2
present 74040170306491 74040170414815 0 61b562430e90 2
