instance 76243234270898 76243247571450 0 pid 1690664
device 76243372711739 76243481530984 0
swapchain 76243485049372 76243534661396 0 604bf383c1d0 64x64 mode 2 images 3
swapchain 76243536117165 76243538411308 0 604bf33f81f0 900x560 mode 2 images 3
acquire 76243570461280 76243570475598 0 604bf33f81f0 2
present 76243570871038 76243571118625 0 604bf33f81f0 2
acquire 76243578781668 76243578799198 0 604bf33f81f0 1
present 76243579550480 76243579664530 1000001003 604bf33f81f0 1
acquire 76243595344222 76243595360425 0 604bf33f81f0 0
present 76243595863840 76243595978869 0 604bf33f81f0 0
acquire 76255610432674 76255610468433 0 604bf33f81f0 2
present 76255610828674 76255610939721 0 604bf33f81f0 2
acquire 76255910512307 76255910544993 0 604bf33f81f0 1
present 76255910895177 76255911022567 0 604bf33f81f0 1
acquire 76256594353235 76256594394791 0 604bf33f81f0 2
present 76256594828644 76256594940041 0 604bf33f81f0 2
acquire 76256894579325 76256894606563 0 604bf33f81f0 1
present 76256894896125 76256895013179 0 604bf33f81f0 1
acquire 76257194639123 76257194674672 0 604bf33f81f0 2
present 76257195058031 76257195182278 0 604bf33f81f0 2
acquire 76257494961594 76257494993022 0 604bf33f81f0 1
present 76257495285447 76257495389930 0 604bf33f81f0 1
acquire 76257794987938 76257795069233 0 604bf33f81f0 2
present 76257795396020 76257795509791 0 604bf33f81f0 2
acquire 76258095250066 76258095283939 0 604bf33f81f0 1
present 76258095588167 76258095705011 0 604bf33f81f0 1
acquire 76258395323482 76258395354003 0 604bf33f81f0 2
present 76258395682326 76258395783526 0 604bf33f81f0 2
acquire 76258695619762 76258695650772 0 604bf33f81f0 1
present 76258695932232 76258696048308 0 604bf33f81f0 1
acquire 76258995585344 76258995614957 0 604bf33f81f0 2
present 76258995907172 76258996019128 0 604bf33f81f0 2
acquire 76259295949440 76259295983313 0 604bf33f81f0 1
present 76259296315617 76259296434347 0 604bf33f81f0 1
acquire 76259595940654 76259595971943 0 604bf33f81f0 2
present 76259596305993 76259596414596 0 604bf33f81f0 2
acquire 76259896226597 76259896255651 0 604bf33f81f0 1
present 76259896521047 76259896625949 0 604bf33f81f0 1
acquire 76260196331791 76260196361614 0 604bf33f81f0 2
present 76260196687423 76260196806711 0 604bf33f81f0 2
acquire 76260496595316 76260496625836 0 604bf33f81f0 1
present 76260496900591 76260497013105 0 604bf33f81f0 1
acquire 76260796636535 76260796667754 0 604bf33f81f0 2
present 76260796990421 76260797121582 0 604bf33f81f0 2
acquire 76261096942733 76261096976536 0 604bf33f81f0 1
present 76261097297107 76261097414091 0 604bf33f81f0 1
acquire 76261397017057 76261397046181 0 604bf33f81f0 2
present 76261397381558 76261397499170 0 604bf33f81f0 2
acquire 76261697272200 76261697302721 0 604bf33f81f0 1
present 76261697591793 76261697702841 0 604bf33f81f0 1
acquire 76261997342264 76261997374670 0 604bf33f81f0 2
present 76261997717940 76261997818092 0 604bf33f81f0 2
acquire 76262297654398 76262297687293 0 604bf33f81f0 1
present 76262297989426 76262298118702 0 604bf33f81f0 1
acquire 76262597637719 76262597668519 0 604bf33f81f0 2
present 76262597983013 76262598109426 0 604bf33f81f0 2
acquire 76262889650137 76262889680658 0 604bf33f81f0 1
present 76262889977972 76262890096213 0 604bf33f81f0 1
acquire 76263189689960 76263189724322 0 604bf33f81f0 2
present 76263190101953 76263190227877 0 604bf33f81f0 2
acquire 76263489904804 76263489936722 0 604bf33f81f0 1
present 76263490302690 76263490411013 0 604bf33f81f0 1
acquire 76263790000221 76263790046455 0 604bf33f81f0 2
present 76263790367515 76263790472137 0 604bf33f81f0 2
acquire 76264090227218 76264090257598 0 604bf33f81f0 1
present 76264090560220 76264090664074 0 604bf33f81f0 1
acquire 76264390284919 76264390314462 0 604bf33f81f0 2
present 76264390634335 76264390738677 0 604bf33f81f0 2
acquire 76264690533218 76264690563249 0 604bf33f81f0 1
present 76264690878512 76264690972938 0 604bf33f81f0 1
acquire 76264990644627 76264990678011 0 604bf33f81f0 2
present 76264991055782 76264991176188 0 604bf33f81f0 2
acquire 76265290857865 76265290887478 0 604bf33f81f0 1
present 76265291240036 76265291365750 0 604bf33f81f0 1
acquire 76265590996094 76265591050011 0 604bf33f81f0 2
present 76265591481490 76265591594144 0 604bf33f81f0 2
acquire 76265891240551 76265891269744 0 604bf33f81f0 1
present 76265891563985 76265891658550 0 604bf33f81f0 1
acquire 76266191389395 76266191423757 0 604bf33f81f0 2
present 76266191762906 76266191858309 0 604bf33f81f0 2
acquire 76266491555839 76266491589712 0 604bf33f81f0 1
present 76266491946880 76266492079369 0 604bf33f81f0 1
acquire 76266791685547 76266791721655 0 604bf33f81f0 2
present 76266792041528 76266792140004 0 604bf33f81f0 2
acquire 76267091854506 76267091884537 0 604bf33f81f0 1
present 76267092216562 76267092325445 0 604bf33f81f0 1
acquire 76267392017597 76267392047629 0 604bf33f81f0 2
present 76267392352626 76267392458575 0 604bf33f81f0 2
acquire 76267692217915 76267692246480 0 604bf33f81f0 1
present 76267692551825 76267692649952 0 604bf33f81f0 1
acquire 76267992310327 76267992339451 0 604bf33f81f0 2
present 76267992658834 76267992764644 0 604bf33f81f0 2
acquire 76268292565749 76268292595292 0 604bf33f81f0 1
present 76268292925291 76268293030961 0 604bf33f81f0 1
acquire 76268592666891 76268592698390 0 604bf33f81f0 2
present 76268593037888 76268593143906 0 604bf33f81f0 2
acquire 76268892830961 76268892861551 0 604bf33f81f0 1
present 76268893212643 76268893330115 0 604bf33f81f0 1
acquire 76269192942021 76269192969259 0 604bf33f81f0 2
present 76269193268528 76269193370706 0 604bf33f81f0 2
acquire 76269493196394 76269493228871 0 604bf33f81f0 1
present 76269493547416 76269493656368 0 604bf33f81f0 1
acquire 76269793348102 76269793378203 0 604bf33f81f0 2
present 76269793669581 76269793767568 0 604bf33f81f0 2
acquire 76270093532285 76270093561828 0 604bf33f81f0 1
present 76270093870386 76270093976615 0 604bf33f81f0 1
acquire 76270393650818 76270393683294 0 604bf33f81f0 2
present 76270394037040 76270394145433 0 604bf33f81f0 2
acquire 76270693854836 76270693886824 0 604bf33f81f0 1
present 76270694214379 76270694315160 0 604bf33f81f0 1
acquire 76270994021210 76270994053128 0 604bf33f81f0 2
present 76270994391438 76270994511565 0 604bf33f81f0 2
acquire 76271294251978 76271294283406 0 604bf33f81f0 1
present 76271294605304 76271294701126 0 604bf33f81f0 1
acquire 76271594304999 76271594330771 0 604bf33f81f0 2
present 76271594617259 76271594712662 0 604bf33f81f0 2
acquire 76271894548897 76271894579347 0 604bf33f81f0 1
present 76271894855988 76271894952509 0 604bf33f81f0 1
acquire 76272194651925 76272194681467 0 604bf33f81f0 2
present 76272194997289 76272195123702 0 604bf33f81f0 2
acquire 76272494899873 76272494928927 0 604bf33f81f0 1
present 76272495270799 76272495388202 0 604bf33f81f0 1
acquire 76272795075256 76272795125961 0 604bf33f81f0 2
present 76272795441224 76272795543192 0 604bf33f81f0 2
acquire 76273095216207 76273095244353 0 604bf33f81f0 1
present 76273095525743 76273095623731 0 604bf33f81f0 1
acquire 76273395381813 76273395414708 0 604bf33f81f0 2
present 76273395721311 76273395817272 0 604bf33f81f0 2
acquire 76273695553354 76273695591069 0 604bf33f81f0 1
present 76273695918763 76273696036935 0 604bf33f81f0 1
acquire 76273995734185 76273995763798 0 604bf33f81f0 2
present 76273996106299 76273996212946 0 604bf33f81f0 2
acquire 76274295878349 76274295909847 0 604bf33f81f0 1
present 76274296228393 76274296326869 0 604bf33f81f0 1
swapchain 76275311490101 76275314217678 0 604bf3d5f4c0 1100x700 mode 2 images 3
acquire 76275316480043 76275316490938 0 604bf3d5f4c0 2
present 76275317639476 76275317753666 0 604bf3d5f4c0 2
swapchain 76276832739613 76276835980174 0 604bf33f81f0 640x760 mode 2 images 3
acquire 76276842818392 76276842829287 0 604bf33f81f0 2
present 76276843081903 76276843193300 0 604bf33f81f0 2
swapchain 76278334765972 76278337433486 0 604bf3f095f0 1280x480 mode 2 images 3
acquire 76278339456295 76278339465794 0 604bf3f095f0 2
present 76278340663500 76278340795290 0 604bf3f095f0 2
swapchain 76279847466924 76279850086945 0 604bf398bdd0 760x560 mode 2 images 3
acquire 76279852826046 76279852837011 0 604bf398bdd0 2
present 76279853075659 76279853188452 0 604bf398bdd0 2
swapchain 76281356304122 76281359009489 0 604bf398b110 900x560 mode 2 images 3
acquire 76281361452463 76281361463009 0 604bf398b110 2
present 76281361721980 76281361837009 0 604bf398b110 2
