instance 76566761962650 76566782396846 0 pid 1742529
device 76566941638675 76567046514189 0
swapchain 76567049925231 76567098620304 0 5df1121bf6b0 64x64 mode 2 images 3
swapchain 76567099947915 76567102221175 0 5df111d79880 900x560 mode 2 images 3
acquire 76567133042568 76567133060238 0 5df111d79880 2
present 76567133964053 76567134177906 0 5df111d79880 2
acquire 76567143527193 76567143544514 0 5df111d79880 1
present 76567144104361 76567144220297 1000001003 5df111d79880 1
acquire 76567151705244 76567151732343 0 5df111d79880 0
present 76567152128482 76567152225282 0 5df111d79880 0
acquire 76579165877624 76579165908564 0 5df111d79880 2
present 76579166218868 76579166312874 0 5df111d79880 2
acquire 76579465729195 76579465762160 0 5df111d79880 1
present 76579466065550 76579466161512 0 5df111d79880 1
acquire 76580149860734 76580149889299 0 5df111d79880 2
present 76580150234174 76580150326644 0 5df111d79880 2
acquire 76580449963175 76580449997955 0 5df111d79880 1
present 76580450355333 76580450462609 0 5df111d79880 1
acquire 76580758301704 76580758329850 0 5df111d79880 2
present 76580758652377 76580758756999 0 5df111d79880 2
acquire 76581058633294 76581058661929 0 5df111d79880 1
present 76581058980125 76581059091033 0 5df111d79880 1
acquire 76581367146775 76581367175131 0 5df111d79880 2
present 76581367508832 76581367608006 0 5df111d79880 2
acquire 76581667525019 76581667552187 0 5df111d79880 1
present 76581667843425 76581667944834 0 5df111d79880 1
acquire 76581975951897 76581975979136 0 5df111d79880 2
present 76581976298240 76581976398811 0 5df111d79880 2
acquire 76582276016554 76582276046586 0 5df111d79880 1
present 76582276347462 76582276455157 0 5df111d79880 1
acquire 76582584308011 76582584335179 0 5df111d79880 2
present 76582584649604 76582584752689 0 5df111d79880 2
acquire 76582893116082 76582893144228 0 5df111d79880 1
present 76582893446082 76582893548958 0 5df111d79880 1
acquire 76583193171310 76583193204694 0 5df111d79880 2
present 76583193512973 76583193611938 0 5df111d79880 2
acquire 76583501686189 76583501715312 0 5df111d79880 1
present 76583502033997 76583502148118 0 5df111d79880 1
acquire 76583810345009 76583810379301 0 5df111d79880 2
present 76583810706437 76583810805821 0 5df111d79880 2
acquire 76584110451780 76584110486072 0 5df111d79880 1
present 76584110802383 76584110908611 0 5df111d79880 1
acquire 76584419045719 76584419078125 0 5df111d79880 2
present 76584419433686 76584419548785 0 5df111d79880 2
acquire 76584719134331 76584719163664 0 5df111d79880 1
present 76584719445543 76584719547720 0 5df111d79880 1
acquire 76585027386117 76585027416638 0 5df111d79880 2
present 76585027736021 76585027837221 0 5df111d79880 2
acquire 76585327773230 76585327800818 0 5df111d79880 1
present 76585328107071 76585328208760 0 5df111d79880 1
acquire 76585636345099 76585636375619 0 5df111d79880 2
present 76585636746197 76585636854800 0 5df111d79880 2
acquire 76585936313025 76585936346968 0 5df111d79880 1
present 76585936693171 76585936808967 0 5df111d79880 1
acquire 76586244969821 76586245009909 0 5df111d79880 2
present 76586245375668 76586245486715 0 5df111d79880 2
acquire 76586553558241 76586553590648 0 5df111d79880 1
present 76586553933498 76586554057326 0 5df111d79880 1
acquire 76586853360155 76586853388301 0 5df111d79880 2
present 76586853707475 76586853808047 0 5df111d79880 2
acquire 76587161988944 76587162039440 0 5df111d79880 1
present 76587162414347 76587162527071 0 5df111d79880 1
acquire 76587462340299 76587462373892 0 5df111d79880 2
present 76587462792380 76587462913764 0 5df111d79880 2
acquire 76587770847005 76587770876618 0 5df111d79880 1
present 76587771195513 76587771293290 0 5df111d79880 1
acquire 76588079279052 76588079308106 0 5df111d79880 2
present 76588079646765 76588079742657 0 5df111d79880 2
acquire 76588387802171 76588387829339 0 5df111d79880 1
present 76588388189510 76588388285961 0 5df111d79880 1
acquire 76588696323125 76588696355042 0 5df111d79880 2
present 76588696673658 76588696786172 0 5df111d79880 2
acquire 76588996568181 76588996601565 0 5df111d79880 1
present 76588996923114 76588997051691 0 5df111d79880 1
acquire 76589296423942 76589296453136 0 5df111d79880 2
present 76589296757434 76589296860030 0 5df111d79880 2
acquire 76589596765938 76589596794084 0 5df111d79880 1
present 76589597162077 76589597258457 0 5df111d79880 1
acquire 76589905284168 76589905318460 0 5df111d79880 2
present 76589905622967 76589905719767 0 5df111d79880 2
acquire 76590205381370 76590205409586 0 5df111d79880 1
present 76590205719681 76590205820322 0 5df111d79880 1
acquire 76590513810204 76590513847429 0 5df111d79880 2
present 76590514169955 76590514269200 0 5df111d79880 2
acquire 76590822355462 76590822387380 0 5df111d79880 1
present 76590822713259 76590822818928 0 5df111d79880 1
acquire 76591122466982 76591122498480 0 5df111d79880 2
present 76591122837908 76591122936175 0 5df111d79880 2
acquire 76591431185586 76591431216107 0 5df111d79880 1
present 76591431508602 76591431609033 0 5df111d79880 1
acquire 76591731071938 76591731101481 0 5df111d79880 2
present 76591731385385 76591731484070 0 5df111d79880 2
acquire 76592039782650 76592039808771 0 5df111d79880 1
present 76592040078916 76592040175297 0 5df111d79880 1
acquire 76592339975255 76592340013738 0 5df111d79880 2
present 76592340271102 76592340370137 0 5df111d79880 2
acquire 76592640026781 76592640054927 0 5df111d79880 1
present 76592640322279 76592640417053 0 5df111d79880 1
acquire 76592948483621 76592948513582 0 5df111d79880 2
present 76592948807614 76592948908045 0 5df111d79880 2
acquire 76593248808155 76593248835882 0 5df111d79880 1
present 76593249169444 76593249266244 0 5df111d79880 1
acquire 76593557382957 76593557413966 0 5df111d79880 2
present 76593557741312 76593557845794 0 5df111d79880 2
acquire 76593857791580 76593857823009 0 5df111d79880 1
present 76593858169351 76593858280259 0 5df111d79880 1
acquire 76594165942935 76594165972547 0 5df111d79880 2
present 76594166253798 76594166351575 0 5df111d79880 2
acquire 76594466139101 76594466167736 0 5df111d79880 1
present 76594466444517 76594466547323 0 5df111d79880 1
acquire 76594774757274 76594774791147 0 5df111d79880 2
present 76594775142588 76594775258245 0 5df111d79880 2
acquire 76595074885485 76595074918450 0 5df111d79880 1
present 76595075221002 76595075319688 0 5df111d79880 1
acquire 76595383491785 76595383526147 0 5df111d79880 2
present 76595383825626 76595383930876 0 5df111d79880 2
acquire 76595691820536 76595691847634 0 5df111d79880 1
present 76595692138453 76595692234345 0 5df111d79880 1
acquire 76595992033325 76595992061960 0 5df111d79880 2
present 76595992335458 76595992433235 0 5df111d79880 2
acquire 76596300924925 76596300953979 0 5df111d79880 1
present 76596301270779 76596301370302 0 5df111d79880 1
acquire 76596600539874 76596600571372 0 5df111d79880 2
present 76596600874343 76596600974286 0 5df111d79880 2
acquire 76596909176694 76596909211475 0 5df111d79880 1
present 76596909525830 76596909641626 0 5df111d79880 1
acquire 76597209383127 76597209416581 0 5df111d79880 2
present 76597209725349 76597209826968 0 5df111d79880 2
acquire 76597509668760 76597509704868 0 5df111d79880 1
present 76597510030258 76597510136417 0 5df111d79880 1
acquire 76597809533880 76597809565657 0 5df111d79880 2
present 76597809859270 76597809969060 0 5df111d79880 2
acquire 76598109803449 76598109834948 0 5df111d79880 1
present 76598110132052 76598110236464 0 5df111d79880 1
