launch_mono_ns 76699083580687
assets ready in 206 ms: font, 5000 labels, 28 glyphs
GPU 0: NVIDIA GeForce RTX 3050 Laptop GPU (discrete, vendor 4318, device 9698, Vulkan 1.4.341, 4096 MiB device-local, max image 32768)
queue family 0, swapchain 900x560, format 44, 4 images, 2 frames in flight, validation layer off (not installed)
window and GPU ready in 308 ms
redraw 1 at 536 ms: scene + GPU 22 ms, 28 glyphs cached, atlas 27 entries, 1870 texels uploaded
input: mapped expose
redraw 2 at 559 ms: scene + GPU 23 ms, 28 glyphs cached, atlas 27 entries, 1870 texels uploaded
redraw 3 at 578 ms: scene + GPU 19 ms, 28 glyphs cached, atlas 27 entries, 1870 texels uploaded
input: moved
input: focus-in
input: key-down 9
redraw 4 at 12910 ms: scene + GPU 24 ms, 28 glyphs cached, atlas 27 entries, 1870 texels uploaded
input: key-up 9
input: key-down 32
redraw 5 at 13591 ms: scene + GPU 25 ms, 28 glyphs cached, atlas 27 entries, 1870 texels uploaded
input: key-up 32 -> 1 activation(s)
redraw 6 at 13890 ms: scene + GPU 22 ms, 29 glyphs cached, atlas 28 entries, 1966 texels uploaded
input: key-down 32
redraw 7 at 14192 ms: scene + GPU 20 ms, 29 glyphs cached, atlas 28 entries, 1966 texels uploaded
input: key-up 32 -> 1 activation(s)
redraw 8 at 14499 ms: scene + GPU 22 ms, 30 glyphs cached, atlas 29 entries, 2074 texels uploaded
input: key-down 32
redraw 9 at 14806 ms: scene + GPU 22 ms, 30 glyphs cached, atlas 29 entries, 2074 texels uploaded
input: key-up 32 -> 1 activation(s)
redraw 10 at 15113 ms: scene + GPU 28 ms, 31 glyphs cached, atlas 30 entries, 2191 texels uploaded
input: key-down 32
redraw 11 at 15411 ms: scene + GPU 24 ms, 31 glyphs cached, atlas 30 entries, 2191 texels uploaded
input: key-up 32 -> 1 activation(s)
redraw 12 at 15720 ms: scene + GPU 28 ms, 32 glyphs cached, atlas 31 entries, 2299 texels uploaded
input: key-down 32
redraw 13 at 16021 ms: scene + GPU 24 ms, 32 glyphs cached, atlas 31 entries, 2299 texels uploaded
input: key-up 32 -> 1 activation(s)
redraw 14 at 16330 ms: scene + GPU 26 ms, 33 glyphs cached, atlas 32 entries, 2416 texels uploaded
input: key-down 32
redraw 15 at 16634 ms: scene + GPU 26 ms, 33 glyphs cached, atlas 32 entries, 2416 texels uploaded
input: key-up 32 -> 1 activation(s)
redraw 16 at 16944 ms: scene + GPU 29 ms, 34 glyphs cached, atlas 33 entries, 2533 texels uploaded
input: key-down 32
redraw 17 at 17250 ms: scene + GPU 29 ms, 34 glyphs cached, atlas 33 entries, 2533 texels uploaded
input: key-up 32 -> 1 activation(s)
redraw 18 at 17559 ms: scene + GPU 31 ms, 35 glyphs cached, atlas 34 entries, 2641 texels uploaded
input: key-down 32
redraw 19 at 17863 ms: scene + GPU 30 ms, 35 glyphs cached, atlas 34 entries, 2641 texels uploaded
input: key-up 32 -> 1 activation(s)
redraw 20 at 18169 ms: scene + GPU 33 ms, 36 glyphs cached, atlas 35 entries, 2758 texels uploaded
input: key-down 32
redraw 21 at 18470 ms: scene + GPU 30 ms, 36 glyphs cached, atlas 35 entries, 2758 texels uploaded
input: key-up 32 -> 1 activation(s)
redraw 22 at 18776 ms: scene + GPU 34 ms, 37 glyphs cached, atlas 36 entries, 2875 texels uploaded
input: key-down 32
redraw 23 at 19080 ms: scene + GPU 32 ms, 37 glyphs cached, atlas 36 entries, 2875 texels uploaded
input: key-up 32 -> 1 activation(s)
redraw 24 at 19384 ms: scene + GPU 32 ms, 37 glyphs cached, atlas 36 entries, 2875 texels uploaded
input: key-down 32
redraw 25 at 19694 ms: scene + GPU 35 ms, 37 glyphs cached, atlas 36 entries, 2875 texels uploaded
input: key-up 32 -> 1 activation(s)
redraw 26 at 19998 ms: scene + GPU 33 ms, 37 glyphs cached, atlas 36 entries, 2875 texels uploaded
input: key-down 32
redraw 27 at 20306 ms: scene + GPU 35 ms, 37 glyphs cached, atlas 36 entries, 2875 texels uploaded
input: key-up 32 -> 1 activation(s)
redraw 28 at 20607 ms: scene + GPU 34 ms, 37 glyphs cached, atlas 36 entries, 2875 texels uploaded
input: key-down 32
redraw 29 at 20911 ms: scene + GPU 36 ms, 37 glyphs cached, atlas 36 entries, 2875 texels uploaded
input: key-up 32 -> 1 activation(s)
redraw 30 at 21217 ms: scene + GPU 33 ms, 37 glyphs cached, atlas 36 entries, 2875 texels uploaded
input: key-down 32
redraw 31 at 21524 ms: scene + GPU 33 ms, 37 glyphs cached, atlas 36 entries, 2875 texels uploaded
input: key-up 32 -> 1 activation(s)
redraw 32 at 21832 ms: scene + GPU 33 ms, 37 glyphs cached, atlas 36 entries, 2875 texels uploaded
input: key-down 32
redraw 33 at 22141 ms: scene + GPU 34 ms, 37 glyphs cached, atlas 36 entries, 2875 texels uploaded
input: key-up 32 -> 1 activation(s)
redraw 34 at 22444 ms: scene + GPU 32 ms, 37 glyphs cached, atlas 36 entries, 2875 texels uploaded
input: key-down 32
redraw 35 at 22746 ms: scene + GPU 34 ms, 37 glyphs cached, atlas 36 entries, 2875 texels uploaded
input: key-up 32 -> 1 activation(s)
redraw 36 at 23050 ms: scene + GPU 35 ms, 37 glyphs cached, atlas 36 entries, 2875 texels uploaded
input: key-down 32
redraw 37 at 23357 ms: scene + GPU 37 ms, 37 glyphs cached, atlas 36 entries, 2875 texels uploaded
input: key-up 32 -> 1 activation(s)
redraw 38 at 23658 ms: scene + GPU 35 ms, 37 glyphs cached, atlas 36 entries, 2875 texels uploaded
input: key-down 32
redraw 39 at 23961 ms: scene + GPU 34 ms, 37 glyphs cached, atlas 36 entries, 2875 texels uploaded
input: key-up 32 -> 1 activation(s)
redraw 40 at 24269 ms: scene + GPU 35 ms, 37 glyphs cached, atlas 36 entries, 2875 texels uploaded
input: key-down 32
redraw 41 at 24582 ms: scene + GPU 42 ms, 37 glyphs cached, atlas 36 entries, 2875 texels uploaded
input: key-up 32 -> 1 activation(s)
redraw 42 at 25089 ms: scene + GPU 244 ms, 37 glyphs cached, atlas 36 entries, 2875 texels uploaded
input: key-down 32
redraw 43 at 25188 ms: scene + GPU 43 ms, 37 glyphs cached, atlas 36 entries, 2875 texels uploaded
input: key-up 32 -> 1 activation(s)
redraw 44 at 25487 ms: scene + GPU 35 ms, 37 glyphs cached, atlas 36 entries, 2875 texels uploaded
input: key-down 32
redraw 45 at 25789 ms: scene + GPU 34 ms, 37 glyphs cached, atlas 36 entries, 2875 texels uploaded
input: key-up 32 -> 1 activation(s)
redraw 46 at 26094 ms: scene + GPU 35 ms, 37 glyphs cached, atlas 36 entries, 2875 texels uploaded
input: key-down 32
redraw 47 at 26397 ms: scene + GPU 35 ms, 37 glyphs cached, atlas 36 entries, 2875 texels uploaded
input: key-up 32 -> 1 activation(s)
redraw 48 at 26703 ms: scene + GPU 36 ms, 37 glyphs cached, atlas 36 entries, 2875 texels uploaded
input: key-down 32
redraw 49 at 27006 ms: scene + GPU 35 ms, 37 glyphs cached, atlas 36 entries, 2875 texels uploaded
input: key-up 32 -> 1 activation(s)
redraw 50 at 27307 ms: scene + GPU 34 ms, 37 glyphs cached, atlas 36 entries, 2875 texels uploaded
input: key-down 32
redraw 51 at 27612 ms: scene + GPU 35 ms, 37 glyphs cached, atlas 36 entries, 2875 texels uploaded
input: key-up 32 -> 1 activation(s)
redraw 52 at 27918 ms: scene + GPU 34 ms, 37 glyphs cached, atlas 36 entries, 2875 texels uploaded
input: key-down 32
redraw 53 at 28224 ms: scene + GPU 35 ms, 37 glyphs cached, atlas 36 entries, 2875 texels uploaded
input: key-up 32 -> 1 activation(s)
redraw 54 at 28528 ms: scene + GPU 35 ms, 37 glyphs cached, atlas 36 entries, 2875 texels uploaded
input: key-down 32
redraw 55 at 28835 ms: scene + GPU 34 ms, 37 glyphs cached, atlas 36 entries, 2875 texels uploaded
input: key-up 32 -> 1 activation(s)
redraw 56 at 29138 ms: scene + GPU 35 ms, 37 glyphs cached, atlas 36 entries, 2875 texels uploaded
input: key-down 32
redraw 57 at 29441 ms: scene + GPU 34 ms, 37 glyphs cached, atlas 36 entries, 2875 texels uploaded
input: key-up 32 -> 1 activation(s)
redraw 58 at 29749 ms: scene + GPU 34 ms, 37 glyphs cached, atlas 36 entries, 2875 texels uploaded
input: key-down 32
redraw 59 at 30054 ms: scene + GPU 35 ms, 37 glyphs cached, atlas 36 entries, 2875 texels uploaded
input: key-up 32 -> 1 activation(s)
redraw 60 at 30358 ms: scene + GPU 35 ms, 37 glyphs cached, atlas 36 entries, 2875 texels uploaded
input: key-down 32
redraw 61 at 30660 ms: scene + GPU 36 ms, 37 glyphs cached, atlas 36 entries, 2875 texels uploaded
input: key-up 32 -> 1 activation(s)
redraw 62 at 30960 ms: scene + GPU 34 ms, 37 glyphs cached, atlas 36 entries, 2875 texels uploaded
input: key-down 32
redraw 63 at 31261 ms: scene + GPU 34 ms, 37 glyphs cached, atlas 36 entries, 2875 texels uploaded
input: key-up 32 -> 1 activation(s)
redraw 64 at 31564 ms: scene + GPU 36 ms, 37 glyphs cached, atlas 36 entries, 2875 texels uploaded
input: close
frames presented: 64, redraws: 64, clicks: 30
teardown: 0 native objects left; driver messages: 0 warnings, 0 errors
window objects left: 0
exit=0
