instance 76699395438296 76699412695209 0 pid 1761402
device 76699413446490 76699543585154 0
swapchain 76699544025572 76699594518286 0 5b7605537eb0 900x560 mode 2 images 4
acquire 76699611705707 76699611720653 0 5b7605537eb0 3
present 76699620409661 76699620654105 0 5b7605537eb0 3
acquire 76699632476049 76699632491903 0 5b7605537eb0 2
present 76699640031256 76699640204951 1000001003 5b7605537eb0 2
swapchain 76699640753762 76699643780539 0 5b76056acf80 900x560 mode 2 images 4
acquire 76699655496742 76699655510501 0 5b76056acf80 3
present 76699662444401 76699662569626 0 5b76056acf80 3
acquire 76711981834064 76711981848521 0 5b76056acf80 2
present 76711994348413 76711994477898 0 5b76056acf80 2
acquire 76712662690453 76712662706657 0 5b76056acf80 1
present 76712675328072 76712675464471 0 5b76056acf80 1
acquire 76712968137481 76712968153824 0 5b76056acf80 0
present 76712974654569 76712974807521 0 5b76056acf80 0
acquire 76713269644699 76713269681017 0 5b76056acf80 3
present 76713276734275 76713276885551 0 5b76056acf80 3
acquire 76713576620550 76713576654912 0 5b76056acf80 2
present 76713583258603 76713583411555 0 5b76056acf80 2
acquire 76713882454428 76713882491583 0 5b76056acf80 3
present 76713889915978 76713890049863 0 5b76056acf80 3
acquire 76714189815313 76714189846043 0 5b76056acf80 2
present 76714197136692 76714197250463 0 5b76056acf80 2
acquire 76714487993971 76714488034479 0 5b76056acf80 3
present 76714495042900 76714495172664 0 5b76056acf80 3
acquire 76714796890733 76714796919857 0 5b76056acf80 2
present 76714804110004 76714804232086 0 5b76056acf80 2
acquire 76715098278383 76715098307507 0 5b76056acf80 3
present 76715105699984 76715105820600 0 5b76056acf80 3
acquire 76715407436421 76715407478954 0 5b76056acf80 2
present 76715414703253 76715414837558 0 5b76056acf80 2
acquire 76715710717744 76715710747566 0 5b76056acf80 3
present 76715718196265 76715718330709 0 5b76056acf80 3
acquire 76716021355506 76716021383093 0 5b76056acf80 2
present 76716028260562 76716028386765 0 5b76056acf80 2
acquire 76716325174815 76716325206314 0 5b76056acf80 3
present 76716334610216 76716334754159 0 5b76056acf80 3
acquire 76716634996274 76716635040833 0 5b76056acf80 2
present 76716643123899 76716643238299 0 5b76056acf80 2
acquire 76716939022383 76716939050948 0 5b76056acf80 3
present 76716946982948 76716947133037 0 5b76056acf80 3
acquire 76717245985732 76717246036437 0 5b76056acf80 2
present 76717253791250 76717253937986 0 5b76056acf80 2
acquire 76717546795307 76717546824361 0 5b76056acf80 3
present 76717554649294 76717554778221 0 5b76056acf80 3
acquire 76717852200849 76717852228017 0 5b76056acf80 2
present 76717859890570 76717860023198 0 5b76056acf80 2
acquire 76718156572183 76718156601236 0 5b76056acf80 3
present 76718164386361 76718164503205 0 5b76056acf80 3
acquire 76718460609955 76718460637682 0 5b76056acf80 2
present 76718468743587 76718468874399 0 5b76056acf80 2
acquire 76718769207797 76718769239225 0 5b76056acf80 3
present 76718778083560 76718778208786 0 5b76056acf80 3
acquire 76719074229422 76719074267066 0 5b76056acf80 2
present 76719082787408 76719082923249 0 5b76056acf80 2
acquire 76719382045461 76719382073607 0 5b76056acf80 3
present 76719390471518 76719390593600 0 5b76056acf80 3
acquire 76719682319494 76719682354065 0 5b76056acf80 2
present 76719691118153 76719691240235 0 5b76056acf80 2
acquire 76719987315976 76719987346496 0 5b76056acf80 3
present 76719995590058 76719995713816 0 5b76056acf80 3
acquire 76720292540908 76720292568635 0 5b76056acf80 2
present 76720300893142 76720301024723 0 5b76056acf80 2
acquire 76720599932313 76720599959482 0 5b76056acf80 3
present 76720608245926 76720608372198 0 5b76056acf80 3
acquire 76720907559782 76720907588067 0 5b76056acf80 2
present 76720916013914 76720916132435 0 5b76056acf80 2
acquire 76721216321191 76721216350734 0 5b76056acf80 3
present 76721224925971 76721225051406 0 5b76056acf80 3
acquire 76721520226894 76721520256925 0 5b76056acf80 2
present 76721528474366 76721528592398 0 5b76056acf80 2
acquire 76721821850746 76721821880778 0 5b76056acf80 3
present 76721830198930 76721830322688 0 5b76056acf80 3
acquire 76722125387688 76722125420932 0 5b76056acf80 2
present 76722134519279 76722134662035 0 5b76056acf80 2
acquire 76722432182998 76722432218268 0 5b76056acf80 3
present 76722441140546 76722441270241 0 5b76056acf80 3
acquire 76722732751062 76722732783468 0 5b76056acf80 2
present 76722741888171 76722742032673 0 5b76056acf80 2
acquire 76723036396327 76723036423984 0 5b76056acf80 3
present 76723045422459 76723045543982 0 5b76056acf80 3
acquire 76723343721383 76723343749808 0 5b76056acf80 2
present 76723352997127 76723353140441 0 5b76056acf80 2
acquire 76723657029941 76723657062417 0 5b76056acf80 3
present 76723666271253 76723666390751 0 5b76056acf80 3
acquire 76723955717671 76723955750636 0 5b76056acf80 2
present 76724173793338 76724173911090 0 5b76056acf80 2
acquire 76724261099117 76724261136203 0 5b76056acf80 3
present 76724272197296 76724272314978 0 5b76056acf80 3
acquire 76724561801764 76724561832285 0 5b76056acf80 2
present 76724570880696 76724571015699 0 5b76056acf80 2
acquire 76724864375945 76724864405767 0 5b76056acf80 3
present 76724873483651 76724873600146 0 5b76056acf80 3
acquire 76725168604803 76725168635742 0 5b76056acf80 2
present 76725178079734 76725178202724 0 5b76056acf80 2
acquire 76725472403159 76725472433191 0 5b76056acf80 3
present 76725481319152 76725481438440 0 5b76056acf80 3
acquire 76725777245781 76725777278257 0 5b76056acf80 2
present 76725787011950 76725787154077 0 5b76056acf80 2
acquire 76726081186334 76726081216855 0 5b76056acf80 3
present 76726090167349 76726090282796 0 5b76056acf80 3
acquire 76726381511281 76726381540474 0 5b76056acf80 2
present 76726391038732 76726391157881 0 5b76056acf80 2
acquire 76726686173153 76726686211357 0 5b76056acf80 3
present 76726695846992 76726695995824 0 5b76056acf80 3
acquire 76726992510516 76726992541525 0 5b76056acf80 2
present 76727002408684 76727002533001 0 5b76056acf80 2
acquire 76727298318691 76727298345859 0 5b76056acf80 3
present 76727307934352 76727308063698 0 5b76056acf80 3
acquire 76727602664253 76727602692399 0 5b76056acf80 2
present 76727611940696 76727612071369 0 5b76056acf80 2
acquire 76727910671098 76727910702806 0 5b76056acf80 3
present 76727919830557 76727919943560 0 5b76056acf80 3
acquire 76728212369262 76728212398315 0 5b76056acf80 2
present 76728221934637 76728222087240 0 5b76056acf80 2
acquire 76728516035758 76728516064183 0 5b76056acf80 3
present 76728525181737 76728525299070 0 5b76056acf80 3
acquire 76728824465212 76728824493847 0 5b76056acf80 2
present 76728833780765 76728833914441 0 5b76056acf80 2
acquire 76729128865250 76729128895282 0 5b76056acf80 3
present 76729138281026 76729138408276 0 5b76056acf80 3
acquire 76729433100952 76729433131891 0 5b76056acf80 2
present 76729442374950 76729442494867 0 5b76056acf80 2
acquire 76729733770005 76729733807650 0 5b76056acf80 3
present 76729743966046 76729744109500 0 5b76056acf80 3
acquire 76730035120010 76730035149064 0 5b76056acf80 2
present 76730044204808 76730044322491 0 5b76056acf80 2
acquire 76730336037209 76730336070104 0 5b76056acf80 3
present 76730345400604 76730345532324 0 5b76056acf80 3
acquire 76730637499938 76730637537792 0 5b76056acf80 2
present 76730648569971 76730648699037 0 5b76056acf80 2
