instance 90700447041738 90700462720238 0 pid 3845732
device 90700463582427 90700593263615 0
swapchain 90700593670090 90700646013937 0 5db438e33ee0 900x560 mode 2 images 4
acquire 90700653803111 90700653818825 0 5db438e33ee0 3
present 90700654000342 90700654216431 0 5db438e33ee0 3
acquire 90700654328596 90700654337466 0 5db438e33ee0 2
present 90700654382234 90700654439434 0 5db438e33ee0 2
acquire 90713003782856 90713003800945 0 5db438e33ee0 1
present 90713003912062 90713004065782 0 5db438e33ee0 1
acquire 90713684887793 90713684903088 0 5db438e33ee0 0
present 90713685039907 90713685174002 0 5db438e33ee0 0
acquire 90713988026601 90713988055655 0 5db438e33ee0 3
present 90713988161814 90713988275515 0 5db438e33ee0 3
acquire 90714290404142 90714290434243 0 5db438e33ee0 2
present 90714290569945 90714290670516 0 5db438e33ee0 2
acquire 90714595512261 90714595539849 0 5db438e33ee0 3
present 90714595640350 90714595746718 0 5db438e33ee0 3
acquire 90714902205286 90714902238181 0 5db438e33ee0 2
present 90714902375838 90714902491006 0 5db438e33ee0 2
acquire 90715203892866 90715203924364 0 5db438e33ee0 3
present 90715204060903 90715204183475 0 5db438e33ee0 3
acquire 90715505224535 90715505255963 0 5db438e33ee0 2
present 90715505387264 90715505520242 0 5db438e33ee0 2
acquire 90715811649160 90715811678773 0 5db438e33ee0 3
present 90715811787864 90715811901007 0 5db438e33ee0 3
acquire 90716115235231 90716115265263 0 5db438e33ee0 2
present 90716115390209 90716115722932 0 5db438e33ee0 2
acquire 90716424700880 90716424730423 0 5db438e33ee0 3
present 90716424833858 90716424951261 0 5db438e33ee0 3
acquire 90716726692967 90716726720554 0 5db438e33ee0 2
present 90716726828319 90716726935735 0 5db438e33ee0 2
acquire 90717033687636 90717033716201 0 5db438e33ee0 3
present 90717033817401 90717033921255 0 5db438e33ee0 3
acquire 90717339562961 90717339591526 0 5db438e33ee0 2
present 90717339702364 90717339807754 0 5db438e33ee0 2
acquire 90717648928457 90717648957162 0 5db438e33ee0 3
present 90717649065975 90717649189943 0 5db438e33ee0 3
acquire 90717951101992 90717951136773 0 5db438e33ee0 2
present 90717951288956 90717951408664 0 5db438e33ee0 2
acquire 90718254159575 90718254191004 0 5db438e33ee0 3
present 90718254321747 90718254454445 0 5db438e33ee0 3
acquire 90718558554757 90718558587233 0 5db438e33ee0 2
present 90718558728312 90718558847391 0 5db438e33ee0 2
acquire 90718862393793 90718862423126 0 5db438e33ee0 3
present 90718862544301 90718862667361 0 5db438e33ee0 3
acquire 90719166633089 90719166662213 0 5db438e33ee0 2
present 90719166783527 90719166898904 0 5db438e33ee0 2
acquire 90719470646379 90719470683395 0 5db438e33ee0 3
present 90719470852061 90719470974842 0 5db438e33ee0 3
acquire 90719777527067 90719777554724 0 5db438e33ee0 2
present 90719777679949 90719777784222 0 5db438e33ee0 2
acquire 90720083456659 90720083484316 0 5db438e33ee0 3
present 90720083612544 90720083718284 0 5db438e33ee0 3
acquire 90720389271082 90720389303977 0 5db438e33ee0 2
present 90720389447990 90720389564834 0 5db438e33ee0 2
acquire 90720691245988 90720691276998 0 5db438e33ee0 3
present 90720691434839 90720691553150 0 5db438e33ee0 3
acquire 90720993433770 90720993464780 0 5db438e33ee0 2
present 90720993601948 90720993708945 0 5db438e33ee0 2
acquire 90721301855294 90721301888189 0 5db438e33ee0 3
present 90721302036113 90721302154843 0 5db438e33ee0 3
acquire 90721609740159 90721609767746 0 5db438e33ee0 2
present 90721609886685 90721609998292 0 5db438e33ee0 2
acquire 90721916715761 90721916747748 0 5db438e33ee0 3
present 90721916870599 90721916986046 0 5db438e33ee0 3
acquire 90722225213063 90722225245469 0 5db438e33ee0 2
present 90722225393881 90722225511145 0 5db438e33ee0 2
acquire 90722529729698 90722529760707 0 5db438e33ee0 3
present 90722529883488 90722529997469 0 5db438e33ee0 3
acquire 90722830462130 90722830491184 0 5db438e33ee0 2
present 90722830618714 90722830724454 0 5db438e33ee0 2
acquire 90723133506374 90723133538851 0 5db438e33ee0 3
present 90723133680628 90723133796914 0 5db438e33ee0 3
acquire 90723438271574 90723438302374 0 5db438e33ee0 2
present 90723438423479 90723438524469 0 5db438e33ee0 2
acquire 90723740971222 90723741020181 0 5db438e33ee0 3
present 90723741154276 90723741272587 0 5db438e33ee0 3
acquire 90724044855237 90724044887224 0 5db438e33ee0 2
present 90724045042900 90724045151084 0 5db438e33ee0 2
acquire 90724352414572 90724352446070 0 5db438e33ee0 3
present 90724352566895 90724352679898 0 5db438e33ee0 3
acquire 90724658423573 90724658455490 0 5db438e33ee0 2
present 90724658599712 90724658750709 0 5db438e33ee0 2
acquire 90724963448303 90724963479312 0 5db438e33ee0 3
present 90724963604677 90724963740239 0 5db438e33ee0 3
acquire 90725263735777 90725263767694 0 5db438e33ee0 2
present 90725263896621 90725264021497 0 5db438e33ee0 2
acquire 90725569924200 90725569957165 0 5db438e33ee0 3
present 90725570143152 90725570266771 0 5db438e33ee0 3
acquire 90725873074882 90725873105403 0 5db438e33ee0 2
present 90725873226228 90725873343422 0 5db438e33ee0 2
acquire 90726176783176 90726176810833 0 5db438e33ee0 3
present 90726176918529 90726177031392 0 5db438e33ee0 3
acquire 90726480224188 90726480252334 0 5db438e33ee0 2
present 90726480365756 90726480465210 0 5db438e33ee0 2
acquire 90726785563273 90726785595680 0 5db438e33ee0 3
present 90726785735571 90726785862403 0 5db438e33ee0 3
acquire 90726811592092 90726811625546 0 5db438e33ee0 2
present 90726811789603 90726811911266 0 5db438e33ee0 2
acquire 90726823548967 90726823578719 0 5db438e33ee0 3
present 90726823712256 90726823820859 0 5db438e33ee0 3
acquire 90726842765620 90726842795233 0 5db438e33ee0 2
present 90726842933518 90726843057975 0 5db438e33ee0 2
