instance 77087422131758 77087681355241 0 pid 1813667
device 77087682217220 77087813700321 0
swapchain 77088077786773 77088129859292 0 61a0ecacceb0 900x560 mode 2 images 4
acquire 77088147264825 77088147279073 0 61a0ecacceb0 3
present 77088155510761 77088155758488 0 61a0ecacceb0 3
acquire 77088167652855 77088167666544 0 61a0ecacceb0 2
present 77088175454322 77088175617052 1000001003 61a0ecacceb0 2
swapchain 77088176154410 77088179496868 0 61a0ecc41f80 900x560 mode 2 images 4
acquire 77088191560461 77088191576245 0 61a0ecc41f80 3
present 77088197801048 77088197946597 0 61a0ecc41f80 3
acquire 77100540315092 77100540331924 0 61a0ecc41f80 2
present 77100556262971 77100556430660 0 61a0ecc41f80 2
acquire 77101218520489 77101218537810 0 61a0ecc41f80 1
present 77101227858741 77101228048429 0 61a0ecc41f80 1
acquire 77101520557578 77101520573711 0 61a0ecc41f80 0
present 77101527137802 77101527274272 0 61a0ecc41f80 0
acquire 77101824235375 77101824267851 0 61a0ecc41f80 3
present 77101831108374 77101831239815 0 61a0ecc41f80 3
acquire 77102130797333 77102130830647 0 61a0ecc41f80 2
present 77102137911633 77102138090147 0 61a0ecc41f80 2
acquire 77103526791789 77103526826081 0 61a0ecc41f80 3
present 77103535411235 77103535565235 0 61a0ecc41f80 3
acquire 77103554799838 77103554830848 0 61a0ecc41f80 2
present 77103562545502 77103562694333 0 61a0ecc41f80 2
