instance 73191346343193 73191364934905 0 pid 1225723
device 73191365670822 73191479052472 0
swapchain 73191479442954 73191530511567 0 573a69078ec0 900x560 mode 2 images 4
acquire 73191539209024 73191539219989 0 573a69078ec0 3
present 73191539370008 73191539552992 0 573a69078ec0 3
acquire 73191540814393 73191540825707 0 573a69078ec0 2
present 73191541013300 73191541120926 1000001003 573a69078ec0 2
swapchain 73191541630277 73191544488526 0 573a691ef280 900x560 mode 2 images 4
acquire 73191545854270 73191545863419 0 573a691ef280 3
present 73191546015114 73191546089075 0 573a691ef280 3
acquire 73203845174053 73203845187952 0 573a691ef280 2
present 73203845364650 73203845467456 0 573a691ef280 2
acquire 73204525909543 73204525925536 0 573a691ef280 1
present 73204526133034 73204526248482 0 573a691ef280 1
acquire 73204843353748 73204843371278 0 573a691ef280 0
present 73204843560268 73204843692827 0 573a691ef280 0
acquire 73204845053891 73204845077427 0 573a691ef280 3
present 73204845228005 73204845309649 0 573a691ef280 3
acquire 73205142832017 73205142861071 0 573a691ef280 2
present 73205143057254 73205143197705 0 573a691ef280 2
acquire 73205144390382 73205144406725 0 573a691ef280 1
present 73205144549271 73205144619810 0 573a691ef280 1
acquire 73205444224282 73205444260460 0 573a691ef280 3
present 73205444431292 73205444550999 0 573a691ef280 3
acquire 73205445767981 73205445785791 0 573a691ef280 2
present 73205445927778 73205446015708 0 573a691ef280 2
acquire 73205744227827 73205744253528 0 573a691ef280 3
present 73205744436931 73205744556499 0 573a691ef280 3
acquire 73205745785075 73205745802605 0 573a691ef280 1
present 73205745942008 73205746025398 0 573a691ef280 1
acquire 73206044217961 73206044247295 0 573a691ef280 3
present 73206044440545 73206044565770 0 573a691ef280 3
acquire 73206045820816 73206045840232 0 573a691ef280 2
present 73206045986060 73206046075107 0 573a691ef280 2
acquire 73206351153030 73206351193957 0 573a691ef280 3
present 73206351422896 73206351551334 0 573a691ef280 3
acquire 73206353039299 73206353057738 0 573a691ef280 1
present 73206357929227 73206358043278 0 573a691ef280 1
acquire 73206643902873 73206643934371 0 573a691ef280 3
present 73206644127203 73206644235875 0 573a691ef280 3
acquire 73206645554197 73206645571657 0 573a691ef280 2
present 73206645716368 73206645792076 0 573a691ef280 2
acquire 73206946055778 73206946083505 0 573a691ef280 3
present 73206946257200 73206946373276 0 573a691ef280 3
acquire 73206947680702 73206947699420 0 573a691ef280 1
present 73206947849509 73206947926473 0 573a691ef280 1
acquire 73207244015282 73207244048177 0 573a691ef280 3
present 73207244224386 73207244338926 0 573a691ef280 3
acquire 73207245667095 73207245684765 0 573a691ef280 2
present 73207245842955 73207245915729 0 573a691ef280 2
acquire 73207546032137 73207546060213 0 573a691ef280 3
present 73207546221756 73207546328543 0 573a691ef280 3
acquire 73207547667048 73207547684439 0 573a691ef280 1
present 73207547833061 73207547918476 0 573a691ef280 1
acquire 73207847064022 73207847093984 0 573a691ef280 3
present 73207847310073 73207847425380 0 573a691ef280 3
acquire 73207848789168 73207848808654 0 573a691ef280 2
present 73207848972362 73207849060082 0 573a691ef280 2
acquire 73208145484058 73208145515557 0 573a691ef280 3
present 73208145949969 73208146094540 0 573a691ef280 3
acquire 73208147466290 73208147484798 0 573a691ef280 1
present 73208147636632 73208147714296 0 573a691ef280 1
acquire 73208445140003 73208445170524 0 573a691ef280 3
present 73208445378441 73208445489698 0 573a691ef280 3
acquire 73208446852788 73208446871435 0 573a691ef280 2
present 73208447045270 73208447120279 0 573a691ef280 2
acquire 73208750447983 73208750477735 0 573a691ef280 3
present 73208750687258 73208750797607 0 573a691ef280 3
acquire 73208752178297 73208752196805 0 573a691ef280 1
present 73208752347662 73208752418620 0 573a691ef280 1
acquire 73209049384075 73209049413618 0 573a691ef280 3
present 73209049618392 73209049725668 0 573a691ef280 3
acquire 73209051073812 73209051091551 0 573a691ef280 2
present 73209051250510 73209051322376 0 573a691ef280 2
acquire 73209346107251 73209346150063 0 573a691ef280 3
present 73209346463021 73209346601167 0 573a691ef280 3
acquire 73209347948682 73209347966352 0 573a691ef280 1
present 73209348126987 73209348199133 0 573a691ef280 1
acquire 73209646800476 73209646829600 0 573a691ef280 3
present 73209647068108 73209647179295 0 573a691ef280 3
acquire 73209648515146 73209648531978 0 573a691ef280 2
present 73209648679133 73209648750790 0 573a691ef280 2
acquire 73209946016143 73209946046663 0 573a691ef280 3
present 73209946259469 73209946375406 0 573a691ef280 3
acquire 73209947725854 73209947743664 0 573a691ef280 1
present 73209947898152 73209947969111 0 573a691ef280 1
acquire 73210247200282 73210247228917 0 573a691ef280 3
present 73210247423355 73210247533145 0 573a691ef280 3
acquire 73210248868088 73210248886247 0 573a691ef280 2
present 73210249048069 73210249126221 0 573a691ef280 2
acquire 73210549721739 73210549751841 0 573a691ef280 3
present 73210549962691 73210550086170 0 573a691ef280 3
acquire 73210551461831 73210551479362 0 573a691ef280 1
present 73210551639996 73210551712002 0 573a691ef280 1
acquire 73210850086572 73210850116534 0 573a691ef280 3
present 73210850319841 73210850429702 0 573a691ef280 3
acquire 73210851765832 73210851783013 0 573a691ef280 2
present 73210851929959 73210852000010 0 573a691ef280 2
acquire 73211148456462 73211148486494 0 573a691ef280 3
present 73211148696925 73211148804690 0 573a691ef280 3
acquire 73211150200745 73211150218065 0 573a691ef280 1
present 73211150374300 73211150444490 0 573a691ef280 1
acquire 73211450794028 73211450823082 0 573a691ef280 3
present 73211451037145 73211451152243 0 573a691ef280 3
acquire 73211452561568 73211452581542 0 573a691ef280 2
present 73211452738894 73211452812437 0 573a691ef280 2
acquire 73211748059590 73211748089691 0 573a691ef280 3
present 73211748295374 73211748405443 0 573a691ef280 3
acquire 73211749770488 73211749787390 0 573a691ef280 1
present 73211749942856 73211750025478 0 573a691ef280 1
acquire 73212048738778 73212048770276 0 573a691ef280 3
present 73212048985247 73212049106352 0 573a691ef280 3
acquire 73212050457079 73212050474260 0 573a691ef280 2
present 73212050635244 73212050705714 0 573a691ef280 2
acquire 73212349468321 73212349499260 0 573a691ef280 3
present 73212349715908 73212349825628 0 573a691ef280 3
acquire 73212351206388 73212351227759 0 573a691ef280 1
present 73212351384622 73212351458235 0 573a691ef280 1
acquire 73212648909574 73212648937720 0 573a691ef280 3
present 73212649140818 73212649257383 0 573a691ef280 3
acquire 73212650620962 73212650639679 0 573a691ef280 2
present 73212650791863 73212650879793 0 573a691ef280 2
acquire 73212950745611 73212950775223 0 573a691ef280 3
present 73212950982023 73212951119121 0 573a691ef280 3
acquire 73212952494293 73212952512871 0 573a691ef280 1
present 73212952663658 73212952737131 0 573a691ef280 1
acquire 73213251400284 73213251431503 0 573a691ef280 3
present 73213251646544 73213251759477 0 573a691ef280 3
acquire 73213253124662 73213253142681 0 573a691ef280 2
present 73213253291652 73213253366452 0 573a691ef280 2
acquire 73213549313064 73213549345540 0 573a691ef280 3
present 73213549549965 73213549628118 -1000001004 573a691ef280 3
swapchain 73213558622400 73213562357784 0 573a6920ec60 1100x700 mode 2 images 4
acquire 73213730514796 73213730536447 0 573a6920ec60 3
present 73213730712377 73213730824402 0 573a6920ec60 3
swapchain 73215048302795 73215051274186 0 573a691ef280 640x760 mode 2 images 4
acquire 73215219132558 73215219148273 0 573a691ef280 3
present 73215219342082 73215219464653 0 573a691ef280 3
acquire 73215220804067 73215220814403 0 573a691ef280 2
present 73215220975247 73215221109622 0 573a691ef280 2
swapchain 73216557417536 73216560743511 0 573a6920ec60 1280x480 mode 2 images 4
acquire 73216728498239 73216728515071 0 573a6920ec60 3
present 73216728713909 73216728840461 0 573a6920ec60 3
acquire 73220119323106 73220119338610 0 573a6920ec60 2
present 73220119519639 73220119637950 0 573a6920ec60 2
