instance 85976398997941 85976412448645 0 pid 3105524
device 85976413164097 85976529988826 0
swapchain 85976530472336 85976581870730 0 60054bce0ee0 900x560 mode 2 images 4
acquire 85976592936289 85976592949210 0 60054bce0ee0 3
present 85976593812795 85976598580570 0 60054bce0ee0 3
acquire 85976598699859 85976598709357 0 60054bce0ee0 2
present 85976598755662 85976598814817 0 60054bce0ee0 2
acquire 85988921862980 85988921880720 0 60054bce0ee0 1
present 85988921998961 85988922163576 0 60054bce0ee0 1
acquire 85989603268405 85989603288519 0 60054bce0ee0 0
present 85989603417306 85989603553636 0 60054bce0ee0 0
acquire 85989906543464 85989906584601 0 60054bce0ee0 3
present 85989906712200 85989906812353 0 60054bce0ee0 3
acquire 85990209424061 85990209467013 0 60054bce0ee0 2
present 85990209635400 85990209747146 0 60054bce0ee0 2
acquire 85990516119869 85990516155558 0 60054bce0ee0 3
present 85990516307811 85990516424097 0 60054bce0ee0 3
acquire 85990821215058 85990821249280 0 60054bce0ee0 2
present 85990821406143 85990821522219 0 60054bce0ee0 2
acquire 85991123482938 85991123510944 0 60054bce0ee0 3
present 85991123621503 85991123724309 0 60054bce0ee0 3
acquire 85991424426630 85991424466999 0 60054bce0ee0 2
present 85991424636224 85991424773182 0 60054bce0ee0 2
acquire 85991731344743 85991731381898 0 60054bce0ee0 3
present 85991731493225 85991731599244 0 60054bce0ee0 3
acquire 85992034393168 85992034433187 0 60054bce0ee0 2
present 85992034591377 85992034725821 0 60054bce0ee0 2
acquire 85992342345907 85992342375729 0 60054bce0ee0 3
present 85992342483214 85992342591747 0 60054bce0ee0 3
acquire 85992645827835 85992645859753 0 60054bce0ee0 2
present 85992646020317 85992646141422 0 60054bce0ee0 2
acquire 85992953422708 85992953463146 0 60054bce0ee0 3
present 85992953581038 85992953692085 0 60054bce0ee0 3
acquire 85993258705560 85993258741598 0 60054bce0ee0 2
present 85993258894271 85993259030671 0 60054bce0ee0 2
acquire 85993566379982 85993566412458 0 60054bce0ee0 3
present 85993566520363 85993566625055 0 60054bce0ee0 3
acquire 85993870275371 85993870311199 0 60054bce0ee0 2
present 85993870475884 85993870606138 0 60054bce0ee0 2
acquire 85994180796447 85994180827457 0 60054bce0ee0 3
present 85994180958758 85994181098859 0 60054bce0ee0 3
acquire 85994477850757 85994477889309 0 60054bce0ee0 2
present 85994478096388 85994478245918 0 60054bce0ee0 2
acquire 85994780037831 85994780079386 0 60054bce0ee0 3
present 85994780190713 85994780292821 0 60054bce0ee0 3
acquire 85995085871799 85995085903787 0 60054bce0ee0 2
present 85995086096199 85995086213253 0 60054bce0ee0 2
acquire 85995390050114 85995390082101 0 60054bce0ee0 3
present 85995390231072 85995390354552 0 60054bce0ee0 3
acquire 85995696810874 85995696844678 0 60054bce0ee0 2
present 85995697033109 85995697155680 0 60054bce0ee0 2
acquire 85996003057325 85996003095458 0 60054bce0ee0 3
present 85996003270619 85996003392632 0 60054bce0ee0 3
acquire 85996308517922 85996308554240 0 60054bce0ee0 2
present 85996308700138 85996308817960 0 60054bce0ee0 2
acquire 85996610767574 85996610803333 0 60054bce0ee0 3
present 85996610970323 85996611135288 0 60054bce0ee0 3
acquire 85996912703011 85996912741982 0 60054bce0ee0 2
present 85996912903245 85996913041531 0 60054bce0ee0 2
acquire 85997221372809 85997221405704 0 60054bce0ee0 3
present 85997221555932 85997221667957 0 60054bce0ee0 3
acquire 85997529172805 85997529214221 0 60054bce0ee0 2
present 85997529378906 85997529505319 0 60054bce0ee0 2
acquire 85997836373634 85997836409393 0 60054bce0ee0 3
present 85997836563113 85997836687081 0 60054bce0ee0 3
acquire 85998144570957 85998144607274 0 60054bce0ee0 2
present 85998144777128 85998144895369 0 60054bce0ee0 2
acquire 85998449210293 85998449241721 0 60054bce0ee0 3
present 85998449393835 85998449516197 0 60054bce0ee0 3
acquire 85998749908773 85998749951236 0 60054bce0ee0 2
present 85998750141274 85998750256582 0 60054bce0ee0 2
acquire 85999053197591 85999053229299 0 60054bce0ee0 3
present 85999053367025 85999053478492 0 60054bce0ee0 3
acquire 85999357642908 85999357676222 0 60054bce0ee0 2
present 85999357827987 85999357939314 0 60054bce0ee0 2
acquire 85999660562057 85999660595371 0 60054bce0ee0 3
present 85999660728488 85999660828710 0 60054bce0ee0 3
acquire 85999964362671 85999964396055 0 60054bce0ee0 2
present 85999964549007 85999964661730 0 60054bce0ee0 2
acquire 86000272444965 86000272486032 0 60054bce0ee0 3
present 86000272650228 86000272775593 0 60054bce0ee0 3
acquire 86000578138832 86000578174661 0 60054bce0ee0 2
present 86000578339975 86000578465689 0 60054bce0ee0 2
acquire 86000883401849 86000883430065 0 60054bce0ee0 3
present 86000883564160 86000883665220 0 60054bce0ee0 3
acquire 86001183478464 86001183511848 0 60054bce0ee0 2
present 86001183656350 86001183765860 0 60054bce0ee0 2
acquire 86001489996736 86001490061130 0 60054bce0ee0 3
present 86001490239574 86001490343986 0 60054bce0ee0 3
acquire 86001792849326 86001792883199 0 60054bce0ee0 2
present 86001793046628 86001793157326 0 60054bce0ee0 2
acquire 86002096785921 86002096818816 0 60054bce0ee0 3
present 86002096964924 86002097095038 0 60054bce0ee0 3
acquire 86002400063075 86002400096459 0 60054bce0ee0 2
present 86002400256535 86002400377640 0 60054bce0ee0 2
acquire 86002705448454 86002705485610 0 60054bce0ee0 3
present 86002705667616 86002705776079 0 60054bce0ee0 3
acquire 86003009471163 86003009504058 0 60054bce0ee0 2
present 86003009650166 86003009762330 0 60054bce0ee0 2
acquire 86003310883000 86003310923019 0 60054bce0ee0 3
present 86003311093921 86003311218796 0 60054bce0ee0 3
acquire 86003614964096 86003615012286 0 60054bce0ee0 2
present 86003615167473 86003615277543 0 60054bce0ee0 2
acquire 86003921679599 86003921714939 0 60054bce0ee0 3
present 86003921873269 86003921978170 0 60054bce0ee0 3
acquire 86004226595087 86004226636852 0 60054bce0ee0 2
present 86004226794204 86004226912236 0 60054bce0ee0 2
acquire 86004531151172 86004531187001 0 60054bce0ee0 3
present 86004531340372 86004531458613 0 60054bce0ee0 3
acquire 86004838833277 86004838876299 0 60054bce0ee0 2
present 86004839064242 86004839200152 0 60054bce0ee0 2
acquire 86005141432274 86005141469849 0 60054bce0ee0 3
present 86005141628109 86005141752565 0 60054bce0ee0 3
acquire 86005444917206 86005444959460 0 60054bce0ee0 2
present 86005445191263 86005445301542 0 60054bce0ee0 2
acquire 86005753137646 86005753172497 0 60054bce0ee0 3
present 86005753318884 86005753421410 0 60054bce0ee0 3
acquire 86006057038621 86006057070050 0 60054bce0ee0 2
present 86006057208824 86006057314075 0 60054bce0ee0 2
acquire 86006361716929 86006361750732 0 60054bce0ee0 3
present 86006361899493 86006362037220 0 60054bce0ee0 3
acquire 86006661956134 86006662018572 0 60054bce0ee0 2
present 86006662210216 86006662340330 0 60054bce0ee0 2
acquire 86006964207182 86006964244198 0 60054bce0ee0 3
present 86006964392471 86006964508197 0 60054bce0ee0 3
acquire 86007265184049 86007265221205 0 60054bce0ee0 2
present 86007265376112 86007265491769 0 60054bce0ee0 2
acquire 86007565923247 86007565957050 0 60054bce0ee0 3
present 86007566121176 86007566236903 0 60054bce0ee0 3
