instance 75910939392403 75910952944526 0 pid 1639365
device 75910953742042 75911079223460 0
swapchain 75911079673936 75911131828956 0 5a38c457beb0 900x560 mode 2 images 4
acquire 75911139743289 75911139759562 0 5a38c457beb0 3
present 75911141279656 75911141497420 0 5a38c457beb0 3
acquire 75911144101379 75911144114649 0 5a38c457beb0 2
present 75911145518457 75911145625104 1000001003 5a38c457beb0 2
swapchain 75911145924304 75911149132808 0 5a38c46f0e80 900x560 mode 2 images 4
acquire 75911152081223 75911152092118 0 5a38c46f0e80 3
present 75911153506123 75911153595240 0 5a38c46f0e80 3
acquire 75923514404820 75923514419557 0 5a38c46f0e80 2
present 75923515838800 75923515955225 0 5a38c46f0e80 2
acquire 75924195896286 75924195909626 0 5a38c46f0e80 1
present 75924197370633 75924197485312 0 5a38c46f0e80 1
acquire 75924496651132 75924496665520 0 5a38c46f0e80 0
present 75924498158934 75924498280108 0 5a38c46f0e80 0
acquire 75924797426721 75924797469813 0 5a38c46f0e80 3
present 75924799287989 75924799437938 0 5a38c46f0e80 3
acquire 75925097167614 75925097191429 0 5a38c46f0e80 2
present 75925098608577 75925098736456 0 5a38c46f0e80 2
acquire 75925396524658 75925396550919 0 5a38c46f0e80 3
present 75925397938593 75925398053761 0 5a38c46f0e80 3
acquire 75925698383414 75925698407649 0 5a38c46f0e80 2
present 75925699750346 75925699856853 0 5a38c46f0e80 2
acquire 75925996970949 75925997037787 0 5a38c46f0e80 3
present 75925998624648 75925998741283 0 5a38c46f0e80 3
acquire 75926298025343 75926298050905 0 5a38c46f0e80 2
present 75926299372091 75926299489424 0 5a38c46f0e80 2
acquire 75926597454254 75926597480445 0 5a38c46f0e80 3
present 75926598937472 75926599056760 0 5a38c46f0e80 3
acquire 75926898881042 75926898910376 0 5a38c46f0e80 2
present 75926900245879 75926900354133 0 5a38c46f0e80 2
acquire 75927198221115 75927198245280 0 5a38c46f0e80 3
present 75927199713412 75927199824669 0 5a38c46f0e80 3
acquire 75927500254264 75927500292118 0 5a38c46f0e80 2
present 75927502102122 75927502222808 0 5a38c46f0e80 2
acquire 75927798475132 75927798504186 0 5a38c46f0e80 3
present 75927802231889 75927802346359 0 5a38c46f0e80 3
acquire 75928099815736 75928099842694 0 5a38c46f0e80 2
present 75928101188743 75928101297137 0 5a38c46f0e80 2
acquire 75928399086805 75928399111948 0 5a38c46f0e80 3
present 75928400457788 75928400567648 0 5a38c46f0e80 3
acquire 75928700560526 75928700588113 0 5a38c46f0e80 2
present 75928702028168 75928702138308 0 5a38c46f0e80 2
acquire 75928999931817 75928999959544 0 5a38c46f0e80 3
present 75929001532368 75929001663669 0 5a38c46f0e80 3
acquire 75929301067297 75929301100681 0 5a38c46f0e80 2
present 75929302530191 75929302638095 0 5a38c46f0e80 2
acquire 75929600349890 75929600377617 0 5a38c46f0e80 3
present 75929601836809 75929601946879 0 5a38c46f0e80 3
acquire 75929900561650 75929900589028 0 5a38c46f0e80 2
present 75929902048779 75929902148791 0 5a38c46f0e80 2
acquire 75930200588541 75930200616128 0 5a38c46f0e80 3
present 75930202060094 75930202161015 0 5a38c46f0e80 3
acquire 75930500800510 75930500832497 0 5a38c46f0e80 2
present 75930502277791 75930502404134 0 5a38c46f0e80 2
acquire 75930800854080 75930800881737 0 5a38c46f0e80 3
present 75930802342605 75930802450091 0 5a38c46f0e80 3
acquire 75931101017719 75931101047681 0 5a38c46f0e80 2
present 75931102514485 75931102617292 0 5a38c46f0e80 2
acquire 75931402725267 75931402753134 0 5a38c46f0e80 3
present 75931404279932 75931404387348 0 5a38c46f0e80 3
acquire 75931703286512 75931703314239 0 5a38c46f0e80 2
present 75931704889437 75931704995666 0 5a38c46f0e80 2
acquire 75932001693716 75932001722769 0 5a38c46f0e80 3
present 75932003269263 75932003377028 0 5a38c46f0e80 3
acquire 75932301891577 75932301924192 0 5a38c46f0e80 2
present 75932303529143 75932303678393 0 5a38c46f0e80 2
acquire 75932601893673 75932601921260 0 5a38c46f0e80 3
present 75932603548141 75932603659118 0 5a38c46f0e80 3
acquire 75932902500943 75932902536073 0 5a38c46f0e80 2
present 75932904129430 75932904241106 0 5a38c46f0e80 2
acquire 75933202369014 75933202397998 0 5a38c46f0e80 3
present 75933203996383 75933204132294 0 5a38c46f0e80 3
acquire 75933502610525 75933502640557 0 5a38c46f0e80 2
present 75933504246415 75933504354529 0 5a38c46f0e80 2
acquire 75933802652850 75933802683370 0 5a38c46f0e80 3
present 75933804285876 75933804420460 0 5a38c46f0e80 3
acquire 75934102783314 75934102812438 0 5a38c46f0e80 2
present 75934104455801 75934104579280 0 5a38c46f0e80 2
acquire 75934402884025 75934402911124 0 5a38c46f0e80 3
present 75934404457687 75934404580747 0 5a38c46f0e80 3
acquire 75934704250469 75934704280500 0 5a38c46f0e80 2
present 75934705839216 75934705949425 0 5a38c46f0e80 2
acquire 75935003161226 75935003190280 0 5a38c46f0e80 3
present 75935004812411 75935004920036 0 5a38c46f0e80 3
acquire 75935303653746 75935303686711 0 5a38c46f0e80 2
present 75935305309331 75935305417306 0 5a38c46f0e80 2
acquire 75935603235817 75935603263893 0 5a38c46f0e80 3
present 75935604839510 75935604946786 0 5a38c46f0e80 3
acquire 75935903637334 75935903663944 0 5a38c46f0e80 2
present 75935905151910 75935905251434 0 5a38c46f0e80 2
acquire 75936203514344 75936203541442 0 5a38c46f0e80 3
present 75936205068031 75936205190393 0 5a38c46f0e80 3
acquire 75936504246768 75936504274705 0 5a38c46f0e80 2
present 75936505819382 75936505928893 0 5a38c46f0e80 2
acquire 75936803677004 75936803705639 0 5a38c46f0e80 3
present 75936805203523 75936805304793 0 5a38c46f0e80 3
acquire 75937104210102 75937104237340 0 5a38c46f0e80 2
present 75937105713713 75937105817147 0 5a38c46f0e80 2
acquire 75937404141448 75937404170083 0 5a38c46f0e80 3
present 75937405569141 75937405670830 0 5a38c46f0e80 3
acquire 75937704474380 75937704502107 0 5a38c46f0e80 2
present 75937705988956 75937706104055 0 5a38c46f0e80 2
acquire 75938004574812 75938004601561 0 5a38c46f0e80 3
present 75938006112715 75938006216289 0 5a38c46f0e80 3
acquire 75938304912982 75938304937427 0 5a38c46f0e80 2
present 75938306489507 75938306599088 0 5a38c46f0e80 2
acquire 75938604784195 75938604813319 0 5a38c46f0e80 3
present 75938606324472 75938606426999 0 5a38c46f0e80 3
acquire 75938905131165 75938905158823 0 5a38c46f0e80 2
present 75938906882503 75938906986496 0 5a38c46f0e80 2
acquire 75939205016067 75939205046587 0 5a38c46f0e80 3
present 75939206544960 75939206654820 0 5a38c46f0e80 3
acquire 75939505819170 75939505849201 0 5a38c46f0e80 2
present 75939507385847 75939507498012 0 5a38c46f0e80 2
acquire 75939807850151 75939807888633 0 5a38c46f0e80 3
present 75939809627190 75939809737888 0 5a38c46f0e80 3
acquire 75940105777264 75940105803943 0 5a38c46f0e80 2
present 75940107334652 75940107439414 0 5a38c46f0e80 2
acquire 75940405544412 75940405574514 0 5a38c46f0e80 3
present 75940407096702 75940407205096 0 5a38c46f0e80 3
acquire 75940706137572 75940706165230 0 5a38c46f0e80 2
present 75940707573298 75940707676453 0 5a38c46f0e80 2
acquire 75941005877553 75941005911426 0 5a38c46f0e80 3
present 75941007709347 75941007841277 0 5a38c46f0e80 3
acquire 75941306379361 75941306405970 0 5a38c46f0e80 2
present 75941307891702 75941307993181 0 5a38c46f0e80 2
acquire 75941606501651 75941606525956 0 5a38c46f0e80 3
present 75941608051078 75941608152976 0 5a38c46f0e80 3
acquire 75941906626875 75941906656907 0 5a38c46f0e80 2
present 75941908183705 75941908290143 0 5a38c46f0e80 2
