instance 77500439638381 77500450390916 0 pid 1869717
device 77500451139403 77500559509339 0
swapchain 77500559902894 77500611519348 0 6221bd8b9eb0 900x560 mode 2 images 4
acquire 77500619235119 77500619248948 0 6221bd8b9eb0 3
present 77500620679365 77500620872126 0 6221bd8b9eb0 3
acquire 77500623576516 77500623590274 0 6221bd8b9eb0 2
present 77500624961535 77500625092837 1000001003 6221bd8b9eb0 2
swapchain 77500625356138 77500628395765 0 6221bda2ee80 900x560 mode 2 images 4
acquire 77500631259950 77500631271335 0 6221bda2ee80 3
present 77500632647275 77500632743377 0 6221bda2ee80 3
acquire 77512975830323 77512975844780 0 6221bda2ee80 2
present 77512977176372 77512977289235 0 6221bda2ee80 2
acquire 77513657342683 77513657358188 0 6221bda2ee80 1
present 77513658690129 77513658813258 0 6221bda2ee80 1
acquire 77513959687834 77513959704946 0 6221bda2ee80 0
present 77513961067756 77513961202968 0 6221bda2ee80 0
acquire 77514263107632 77514263140946 0 6221bda2ee80 3
present 77514264404861 77514264510880 0 6221bda2ee80 3
acquire 77514568517692 77514568555267 0 6221bda2ee80 2
present 77514569912839 77514570052940 0 6221bda2ee80 2
acquire 77514874919986 77514874953789 0 6221bda2ee80 3
present 77514876230066 77514876337622 0 6221bda2ee80 3
acquire 77515177357258 77515177385334 0 6221bda2ee80 2
present 77515178734246 77515178840754 0 6221bda2ee80 2
acquire 77515478425853 77515478459027 0 6221bda2ee80 3
present 77515479764428 77515479874707 0 6221bda2ee80 3
acquire 77515785028102 77515785059181 0 6221bda2ee80 2
present 77515786305566 77515786409909 0 6221bda2ee80 2
acquire 77516088883149 77516088919466 0 6221bda2ee80 3
present 77516090540759 77516090653692 0 6221bda2ee80 3
acquire 77516396636240 77516396676818 0 6221bda2ee80 2
present 77516398204174 77516398337501 0 6221bda2ee80 2
acquire 77516701175661 77516701210093 0 6221bda2ee80 3
present 77516702586872 77516702695405 0 6221bda2ee80 3
acquire 77517008157078 77517008188576 0 6221bda2ee80 2
present 77517009585260 77517009691348 0 6221bda2ee80 2
acquire 77517314581861 77517314612381 0 6221bda2ee80 3
present 77517318378565 77517318491498 0 6221bda2ee80 3
acquire 77517621435398 77517621469690 0 6221bda2ee80 2
present 77517622884323 77517622992437 0 6221bda2ee80 2
acquire 77517925860000 77517925890520 0 6221bda2ee80 3
present 77517927339375 77517927476334 0 6221bda2ee80 3
acquire 77518228746211 77518228783645 0 6221bda2ee80 2
present 77518230232570 77518230342570 0 6221bda2ee80 2
acquire 77518533230457 77518533260977 0 6221bda2ee80 3
present 77518534726245 77518534845673 0 6221bda2ee80 3
acquire 77518835673525 77518835703348 0 6221bda2ee80 2
present 77518837165472 77518837279034 0 6221bda2ee80 2
acquire 77519142036568 77519142069533 0 6221bda2ee80 3
present 77519143585645 77519143697670 0 6221bda2ee80 3
acquire 77519445752422 77519445782943 0 6221bda2ee80 2
present 77519447234871 77519447345499 0 6221bda2ee80 2
acquire 77519752589547 77519752622023 0 6221bda2ee80 3
present 77519754087081 77519754194986 0 6221bda2ee80 3
acquire 77520058707517 77520058745651 0 6221bda2ee80 2
present 77520060225026 77520060364219 0 6221bda2ee80 2
acquire 77520364899729 77520364932135 0 6221bda2ee80 3
present 77520366458863 77520366565580 0 6221bda2ee80 3
acquire 77520666349866 77520666384717 0 6221bda2ee80 2
present 77520667772740 77520667878689 0 6221bda2ee80 2
acquire 77520968571678 77520968603525 0 6221bda2ee80 3
present 77520970031078 77520970136259 0 6221bda2ee80 3
acquire 77521277332368 77521277360933 0 6221bda2ee80 2
present 77521278815095 77521278919927 0 6221bda2ee80 2
acquire 77521584845275 77521584878240 0 6221bda2ee80 3
present 77521586345184 77521586451203 0 6221bda2ee80 3
acquire 77521892043479 77521892076374 0 6221bda2ee80 2
present 77521893426613 77521893531445 0 6221bda2ee80 2
acquire 77522200549458 77522200583820 0 6221bda2ee80 3
present 77522202077652 77522202181576 0 6221bda2ee80 3
acquire 77522505294910 77522505328574 0 6221bda2ee80 2
present 77522506720787 77522506825758 0 6221bda2ee80 2
acquire 77522805913448 77522805955423 0 6221bda2ee80 3
present 77522807451770 77522807562747 0 6221bda2ee80 3
acquire 77523108958268 77523108989627 0 6221bda2ee80 2
present 77523110514818 77523110627612 0 6221bda2ee80 2
acquire 77523413763644 77523413798914 0 6221bda2ee80 3
present 77523415263483 77523415369991 0 6221bda2ee80 3
acquire 77523716468338 77523716502210 0 6221bda2ee80 2
present 77523717966640 77523718079992 0 6221bda2ee80 2
acquire 77524020448889 77524020482692 0 6221bda2ee80 3
present 77524022113134 77524022250791 0 6221bda2ee80 3
acquire 77524327836921 77524327866883 0 6221bda2ee80 2
present 77524329275160 77524329379014 0 6221bda2ee80 2
acquire 77524634375964 77524634411862 0 6221bda2ee80 3
present 77524635902622 77524636037415 0 6221bda2ee80 3
acquire 77524938899321 77524938927467 0 6221bda2ee80 2
present 77524940475775 77524940597858 0 6221bda2ee80 2
acquire 77525239567097 77525239597618 0 6221bda2ee80 3
present 77525241123018 77525241227780 0 6221bda2ee80 3
acquire 77525545352344 77525545381887 0 6221bda2ee80 2
present 77525546744628 77525546861123 0 6221bda2ee80 2
acquire 77525849310407 77525849342883 0 6221bda2ee80 3
present 77525850848239 77525850955027 0 6221bda2ee80 3
acquire 77526152457195 77526152488414 0 6221bda2ee80 2
present 77526153977427 77526154096437 0 6221bda2ee80 2
acquire 77526456360642 77526456398426 0 6221bda2ee80 3
present 77526457915236 77526458030195 0 6221bda2ee80 3
acquire 77526760879390 77526760910818 0 6221bda2ee80 2
present 77526762412962 77526762516816 0 6221bda2ee80 2
acquire 77527065787991 77527065820886 0 6221bda2ee80 3
present 77527067309690 77527067413124 0 6221bda2ee80 3
acquire 77527367423067 77527367459803 0 6221bda2ee80 2
present 77527368985483 77527369110429 0 6221bda2ee80 2
acquire 77527670541848 77527670572369 0 6221bda2ee80 3
present 77527672105243 77527672234519 0 6221bda2ee80 3
acquire 77527977509087 77527977540586 0 6221bda2ee80 2
present 77527979012558 77527979116412 0 6221bda2ee80 2
acquire 77528282873751 77528282899453 0 6221bda2ee80 3
present 77528284419056 77528284525215 0 6221bda2ee80 3
acquire 77528586871553 77528586902633 0 6221bda2ee80 2
present 77528588332630 77528588446332 0 6221bda2ee80 2
acquire 77528894623877 77528894652023 0 6221bda2ee80 3
present 77528896073081 77528896176934 0 6221bda2ee80 3
acquire 77529197024342 77529197054863 0 6221bda2ee80 2
present 77529198595139 77529198715266 0 6221bda2ee80 2
acquire 77529500995954 77529501040373 0 6221bda2ee80 3
present 77529502505151 77529502608726 0 6221bda2ee80 3
acquire 77529809267197 77529809298556 0 6221bda2ee80 2
present 77529810703550 77529810809290 0 6221bda2ee80 2
acquire 77530113360821 77530113390853 0 6221bda2ee80 3
present 77530114923517 77530115047555 0 6221bda2ee80 3
acquire 77530417767963 77530417798972 0 6221bda2ee80 2
present 77530419205852 77530419312011 0 6221bda2ee80 2
acquire 77530718025841 77530718058527 0 6221bda2ee80 3
present 77530719440404 77530719541953 0 6221bda2ee80 3
acquire 77531019974155 77531020015990 0 6221bda2ee80 2
present 77531021409181 77531021530705 0 6221bda2ee80 2
acquire 77531321529612 77531321561390 0 6221bda2ee80 3
present 77531323173952 77531323279831 0 6221bda2ee80 3
acquire 77531622097725 77531622130620 0 6221bda2ee80 2
present 77531623569348 77531623678300 0 6221bda2ee80 2
