instance 73471330322991 73471355354826 0 pid 1264043
device 73471356112113 73471481240209 0
swapchain 73471481666170 73471532920422 0 564ddc564ec0 900x560 mode 2 images 4
acquire 73471542183802 73471542198469 0 564ddc564ec0 3
present 73471542366716 73471542562481 0 564ddc564ec0 3
acquire 73471543762980 73471543771641 0 564ddc564ec0 2
present 73471543898612 73471543987659 0 564ddc564ec0 2
acquire 73483912684338 73483912698864 0 564ddc564ec0 1
present 73483912879893 73483912988216 0 564ddc564ec0 1
acquire 73484593457486 73484593473759 0 564ddc564ec0 0
present 73484593662889 73484593779174 0 564ddc564ec0 0
acquire 73485060421255 73485060454639 0 564ddc564ec0 3
present 73485060641184 73485060786524 0 564ddc564ec0 3
acquire 73485193952148 73485193980294 0 564ddc564ec0 2
present 73485194187932 73485194279005 0 564ddc564ec0 2
acquire 73485663239462 73485663267608 0 564ddc564ec0 3
present 73485663450033 73485663556261 0 564ddc564ec0 3
acquire 73485794246995 73485794273674 0 564ddc564ec0 2
present 73485794465458 73485794569870 0 564ddc564ec0 2
acquire 73486260159165 73486260196600 0 564ddc564ec0 3
present 73486260372809 73486260481203 0 564ddc564ec0 3
acquire 73486394709251 73486394744101 0 564ddc564ec0 2
present 73486394984564 73486395174742 0 564ddc564ec0 2
acquire 73486861141738 73486861168487 0 564ddc564ec0 3
present 73486861353287 73486861460912 0 564ddc564ec0 3
acquire 73486994862459 73486994890605 0 564ddc564ec0 2
present 73486995095589 73486995204960 0 564ddc564ec0 2
acquire 73487460239996 73487460268072 0 564ddc564ec0 3
present 73487460462790 73487460583475 0 564ddc564ec0 3
acquire 73487595158703 73487595186360 0 564ddc564ec0 2
present 73487595411039 73487595520899 0 564ddc564ec0 2
acquire 73488061765025 73488061792193 0 564ddc564ec0 3
present 73488061966517 73488062092231 0 564ddc564ec0 3
acquire 73488195478553 73488195504254 0 564ddc564ec0 2
present 73488195690660 73488195797448 0 564ddc564ec0 2
acquire 73488660918947 73488660946115 0 564ddc564ec0 3
present 73488661548495 73488661662545 0 564ddc564ec0 3
acquire 73488795688892 73488795716549 0 564ddc564ec0 2
present 73488795913641 73488796042358 0 564ddc564ec0 2
acquire 73489261162181 73489261199336 0 564ddc564ec0 3
present 73489261374568 73489261507545 0 564ddc564ec0 3
acquire 73489396340906 73489396366189 0 564ddc564ec0 2
present 73489396563211 73489396671115 0 564ddc564ec0 2
acquire 73489864030534 73489864066153 0 564ddc564ec0 3
present 73489864243969 73489864358089 0 564ddc564ec0 3
acquire 73489996694629 73489996722705 0 564ddc564ec0 2
present 73489996917911 73489997036571 0 564ddc564ec0 2
acquire 73490464861552 73490464900942 0 564ddc564ec0 3
present 73490465141824 73490465266281 0 564ddc564ec0 3
acquire 73490596884644 73490596913908 0 564ddc564ec0 2
present 73490597156676 73490597271844 0 564ddc564ec0 2
acquire 73491062647355 73491062681228 0 564ddc564ec0 3
present 73491062887329 73491062995583 0 564ddc564ec0 3
acquire 73491197059225 73491197087301 0 564ddc564ec0 2
present 73491197290469 73491197396488 0 564ddc564ec0 2
acquire 73491663011973 73491663042494 0 564ddc564ec0 3
present 73491663250970 73491663357338 0 564ddc564ec0 3
acquire 73491797319361 73491797346110 0 564ddc564ec0 2
present 73491797526440 73491797625893 0 564ddc564ec0 2
acquire 73492267555467 73492267586546 0 564ddc564ec0 3
present 73492267794533 73492267901809 0 564ddc564ec0 3
acquire 73492397447497 73492397473827 0 564ddc564ec0 2
present 73492397679369 73492397787274 0 564ddc564ec0 2
acquire 73492863053205 73492863083097 0 564ddc564ec0 3
present 73492863289687 73492863397941 0 564ddc564ec0 3
acquire 73492998201968 73492998229695 0 564ddc564ec0 2
present 73492998429231 73492998539930 0 564ddc564ec0 2
acquire 73493462700345 73493462728491 0 564ddc564ec0 3
present 73493462932078 73493463058490 0 564ddc564ec0 3
acquire 73493598568542 73493598596409 0 564ddc564ec0 2
present 73493598798669 73493598899380 0 564ddc564ec0 2
acquire 73494065149163 73494065180591 0 564ddc564ec0 3
present 73494065400591 73494065510660 0 564ddc564ec0 3
acquire 73494198592126 73494198620272 0 564ddc564ec0 2
present 73494198814011 73494198914583 0 564ddc564ec0 2
acquire 73494666106942 73494666144516 0 564ddc564ec0 3
present 73494666371221 73494666479614 0 564ddc564ec0 3
acquire 73494798985030 73494799024420 0 564ddc564ec0 2
present 73494799224725 73494799326902 0 564ddc564ec0 2
acquire 73495267016600 73495267048867 0 564ddc564ec0 3
present 73495267249101 73495267363920 0 564ddc564ec0 3
acquire 73495399227217 73495399255433 0 564ddc564ec0 2
present 73495399451966 73495399558334 0 564ddc564ec0 2
acquire 73495866936680 73495866966711 0 564ddc564ec0 3
present 73495867189086 73495867295873 0 564ddc564ec0 3
acquire 73495999865473 73495999893688 0 564ddc564ec0 2
present 73496000096367 73496000199453 0 564ddc564ec0 2
acquire 73496468429652 73496468461150 0 564ddc564ec0 3
present 73496468667600 73496468774737 0 564ddc564ec0 3
acquire 73496600237354 73496600271507 0 564ddc564ec0 2
present 73496600452186 73496600552408 0 564ddc564ec0 2
acquire 73497067985370 73497068026227 0 564ddc564ec0 3
present 73497068242245 73497068349591 0 564ddc564ec0 3
acquire 73497200532970 73497200560278 0 564ddc564ec0 2
present 73497200754366 73497200857033 0 564ddc564ec0 2
acquire 73497666652290 73497666681902 0 564ddc564ec0 3
present 73497666882416 73497666987038 0 564ddc564ec0 3
acquire 73497800956604 73497800992293 0 564ddc564ec0 2
present 73497801214178 73497801319638 0 564ddc564ec0 2
acquire 73498267215257 73498267245288 0 564ddc564ec0 3
present 73498267483237 73498267592609 0 564ddc564ec0 3
acquire 73498401219045 73498401244676 0 564ddc564ec0 2
present 73498401448613 73498401551209 0 564ddc564ec0 2
acquire 73498868676591 73498868704667 0 564ddc564ec0 3
present 73498868932279 73498869056596 0 564ddc564ec0 3
acquire 73499001596444 73499001629758 0 564ddc564ec0 2
present 73499001876088 73499001988043 0 564ddc564ec0 2
acquire 73499471313561 73499471344081 0 564ddc564ec0 3
present 73499471561427 73499471672474 0 564ddc564ec0 3
acquire 73499601933126 73499601966859 0 564ddc564ec0 2
present 73499602206694 73499602322630 0 564ddc564ec0 2
acquire 73500077842568 73500077873089 0 564ddc564ec0 3
present 73500078105939 73500078212377 0 564ddc564ec0 3
acquire 73500202218824 73500202252208 0 564ddc564ec0 2
present 73500202465154 73500202571661 0 564ddc564ec0 2
acquire 73500672637146 73500672667666 0 564ddc564ec0 3
present 73500672888574 73500672997945 0 564ddc564ec0 3
acquire 73500802939004 73500802968127 0 564ddc564ec0 2
present 73500803183168 73500803283740 0 564ddc564ec0 2
acquire 73501271787995 73501271817608 0 564ddc564ec0 3
present 73501272025734 73501272132661 0 564ddc564ec0 3
acquire 73501402881013 73501402908601 0 564ddc564ec0 2
present 73501403139915 73501403240556 0 564ddc564ec0 2
acquire 73501868063833 73501868107903 0 564ddc564ec0 3
present 73501868315681 73501868421699 0 564ddc564ec0 3
acquire 73502003081366 73502003110000 0 564ddc564ec0 2
present 73502003362336 73502003468216 0 564ddc564ec0 2
acquire 73502468609550 73502468639582 0 564ddc564ec0 3
present 73502468833321 73502468938711 0 564ddc564ec0 3
swapchain 73503309901538 73503313460923 0 564ddc6f7e00 1100x700 mode 2 images 4
acquire 73503481399755 73503481414981 0 564ddc6f7e00 3
present 73503481626529 73503481744421 0 564ddc6f7e00 3
acquire 73503483106324 73503483115263 0 564ddc6f7e00 2
present 73503483249638 73503483328349 0 564ddc6f7e00 2
swapchain 73504816910950 73504820508188 0 564ddc21f4d0 640x760 mode 2 images 4
acquire 73504991273143 73504991288857 0 564ddc21f4d0 3
present 73504991482317 73504991602723 0 564ddc21f4d0 3
swapchain 73506326445888 73506330270738 0 564ddc2210b0 1280x480 mode 2 images 4
acquire 73506496211555 73506496226432 0 564ddc2210b0 3
present 73506496424850 73506496543021 0 564ddc2210b0 3
swapchain 73507830752587 73507834096372 0 564ddc21f4d0 760x560 mode 2 images 4
acquire 73508000915930 73508000932622 0 564ddc21f4d0 3
present 73508001158349 73508001289371 0 564ddc21f4d0 3
acquire 73508002967374 73508002978828 0 564ddc21f4d0 2
present 73508003187025 73508003310294 0 564ddc21f4d0 2
swapchain 73509336705932 73509340874121 0 564ddc2210b0 900x560 mode 2 images 4
acquire 73509508273221 73509508289145 0 564ddc2210b0 3
present 73509508487773 73509508605805 0 564ddc2210b0 3
acquire 73509509957301 73509509966310 0 564ddc2210b0 2
present 73509510118634 73509510234081 0 564ddc2210b0 2
