instance 74916557618895 74916570922376 0 pid 1483234
device 74916571692654 74916692268712 0
swapchain 74916692712832 74916744774726 0 5af51fbb3e80 900x560 mode 2 images 4
acquire 74916752161056 74916752171043 0 5af51fbb3e80 3
present 74916753527707 74916753713485 0 5af51fbb3e80 3
acquire 74916756238102 74916756248160 0 5af51fbb3e80 2
present 74916757620957 74916757713008 1000001003 5af51fbb3e80 2
swapchain 74916758040283 74916760997288 0 5af51fd28e50 900x560 mode 2 images 4
acquire 74916763699791 74916763710127 0 5af51fd28e50 3
present 74916765083204 74916765168410 0 5af51fd28e50 3
acquire 74929088579825 74929088595748 0 5af51fd28e50 2
present 74929090143219 74929090286044 0 5af51fd28e50 2
acquire 74929769358134 74929769377760 0 5af51fd28e50 1
present 74929770841211 74929770980893 0 5af51fd28e50 1
acquire 74930077765876 74930077781451 0 5af51fd28e50 0
present 74930079460292 74930079567568 0 5af51fd28e50 0
acquire 74930369729521 74930369764511 0 5af51fd28e50 3
present 74930371090585 74930371199886 0 5af51fd28e50 3
acquire 74930677112763 74930677142864 0 5af51fd28e50 2
present 74930678934220 74930679082562 0 5af51fd28e50 2
acquire 74930970802810 74930970829979 0 5af51fd28e50 3
present 74930972263189 74930972368020 0 5af51fd28e50 3
acquire 74931276767998 74931276798519 0 5af51fd28e50 2
present 74931278366173 74931278473030 0 5af51fd28e50 2
acquire 74931571307943 74931571336577 0 5af51fd28e50 3
present 74931572709305 74931572826987 0 5af51fd28e50 3
acquire 74931876772020 74931876799118 0 5af51fd28e50 2
present 74931878180157 74931878296722 0 5af51fd28e50 2
acquire 74932171887944 74932171917487 0 5af51fd28e50 3
present 74932173332818 74932173456367 0 5af51fd28e50 3
acquire 74932478532337 74932478564744 0 5af51fd28e50 2
present 74932479943198 74932480073801 0 5af51fd28e50 2
acquire 74932772980441 74932773028631 0 5af51fd28e50 3
present 74932774565276 74932774722558 0 5af51fd28e50 3
acquire 74933082465133 74933082502778 0 5af51fd28e50 2
present 74933084438844 74933084683428 0 5af51fd28e50 2
acquire 74933373199504 74933373230932 0 5af51fd28e50 3
present 74933376862881 74933376978678 0 5af51fd28e50 3
acquire 74933679162247 74933679194234 0 5af51fd28e50 2
present 74933680635546 74933680775158 0 5af51fd28e50 2
acquire 74933973880915 74933973907943 0 5af51fd28e50 3
present 74933975544321 74933975673039 0 5af51fd28e50 3
acquire 74934281093046 74934281131249 0 5af51fd28e50 2
present 74934282941672 74934283064452 0 5af51fd28e50 2
acquire 74934574124352 74934574158225 0 5af51fd28e50 3
present 74934575748438 74934575871708 0 5af51fd28e50 3
acquire 74934882059549 74934882092444 0 5af51fd28e50 2
present 74934883809838 74934883927381 0 5af51fd28e50 2
acquire 74935174590653 74935174619288 0 5af51fd28e50 3
present 74935176054803 74935176165431 0 5af51fd28e50 3
acquire 74935479208465 74935479238776 0 5af51fd28e50 2
present 74935480756634 74935480870545 0 5af51fd28e50 2
acquire 74935774991792 74935775030903 0 5af51fd28e50 3
present 74935776534862 74935776640252 0 5af51fd28e50 3
acquire 74936079424036 74936079455953 0 5af51fd28e50 2
present 74936081023608 74936081150579 0 5af51fd28e50 2
acquire 74936375289565 74936375318689 0 5af51fd28e50 3
present 74936376827747 74936376938305 0 5af51fd28e50 3
acquire 74936679446147 74936679479042 0 5af51fd28e50 2
present 74936680967497 74936681111998 0 5af51fd28e50 2
acquire 74936975445911 74936975475105 0 5af51fd28e50 3
present 74936976928429 74936977041572 0 5af51fd28e50 3
acquire 74937279809013 74937279841000 0 5af51fd28e50 2
present 74937281330781 74937281450000 0 5af51fd28e50 2
acquire 74937576088142 74937576117754 0 5af51fd28e50 3
present 74937577654399 74937577758462 0 5af51fd28e50 3
acquire 74937880152672 74937880184171 0 5af51fd28e50 2
present 74937881709920 74937881826695 0 5af51fd28e50 2
acquire 74938176357141 74938176387662 0 5af51fd28e50 3
present 74938177971868 74938178089970 0 5af51fd28e50 3
acquire 74938480200345 74938480228910 0 5af51fd28e50 2
present 74938481779244 74938481909847 0 5af51fd28e50 2
acquire 74938776538979 74938776571106 0 5af51fd28e50 3
present 74938778170747 74938778284309 0 5af51fd28e50 3
acquire 74939081255057 74939081285578 0 5af51fd28e50 2
present 74939082823410 74939082935016 0 5af51fd28e50 2
acquire 74939376815730 74939376847229 0 5af51fd28e50 3
present 74939378419353 74939378533403 0 5af51fd28e50 3
acquire 74939682219675 74939682265281 0 5af51fd28e50 2
present 74939684032890 74939684168033 0 5af51fd28e50 2
acquire 74939980712139 74939980748945 0 5af51fd28e50 3
present 74939982586256 74939982716440 0 5af51fd28e50 3
acquire 74940282288928 74940282318471 0 5af51fd28e50 2
present 74940283914830 74940284046551 0 5af51fd28e50 2
acquire 74940577967004 74940577996128 0 5af51fd28e50 3
present 74940579562805 74940579668055 0 5af51fd28e50 3
acquire 74940882072881 74940882109129 0 5af51fd28e50 2
present 74940883750396 74940883867659 0 5af51fd28e50 2
acquire 74941177624824 74941177656532 0 5af51fd28e50 3
present 74941179301989 74941179432243 0 5af51fd28e50 3
acquire 74941482366674 74941482399569 0 5af51fd28e50 2
present 74941484120944 74941484232411 0 5af51fd28e50 2
acquire 74941777901366 74941777941315 0 5af51fd28e50 3
present 74941779503382 74941779615477 0 5af51fd28e50 3
acquire 74942082235624 74942082263770 0 5af51fd28e50 2
present 74942083763049 74942083865506 0 5af51fd28e50 2
acquire 74942378418511 74942378447984 0 5af51fd28e50 3
present 74942380072978 74942380182699 0 5af51fd28e50 3
acquire 74942682338960 74942682367455 0 5af51fd28e50 2
present 74942683883357 74942683985325 0 5af51fd28e50 2
acquire 74942978334115 74942978362121 0 5af51fd28e50 3
present 74942979854975 74942979957432 0 5af51fd28e50 3
acquire 74943282794924 74943282822162 0 5af51fd28e50 2
present 74943284342953 74943284452045 0 5af51fd28e50 2
acquire 74943579649195 74943579678668 0 5af51fd28e50 3
present 74943581183605 74943581297027 0 5af51fd28e50 3
acquire 74943883030120 74943883059663 0 5af51fd28e50 2
present 74943884674949 74943884782505 0 5af51fd28e50 2
acquire 74944179069834 74944179102799 0 5af51fd28e50 3
present 74944180684841 74944180793932 0 5af51fd28e50 3
acquire 74944483710205 74944483742891 0 5af51fd28e50 2
present 74944485345605 74944485466221 0 5af51fd28e50 2
acquire 74944779596827 74944779623646 0 5af51fd28e50 3
present 74944781172373 74944781278671 0 5af51fd28e50 3
acquire 74945084250537 74945084279172 0 5af51fd28e50 2
present 74945085776217 74945085879093 0 5af51fd28e50 2
acquire 74945379924283 74945379949985 0 5af51fd28e50 3
present 74945381437182 74945381538801 0 5af51fd28e50 3
acquire 74945684070388 74945684098604 0 5af51fd28e50 2
present 74945685620373 74945685724436 0 5af51fd28e50 2
acquire 74945979803080 74945979829271 0 5af51fd28e50 3
present 74945981315630 74945981420182 0 5af51fd28e50 3
acquire 74946284291687 74946284318017 0 5af51fd28e50 2
present 74946285968293 74946286104553 0 5af51fd28e50 2
acquire 74946580337965 74946580364086 0 5af51fd28e50 3
present 74946581905130 74946582021695 0 5af51fd28e50 3
acquire 74946886371108 74946886400022 0 5af51fd28e50 2
present 74946887978153 74946888102610 0 5af51fd28e50 2
acquire 74947180719339 74947180746298 0 5af51fd28e50 3
present 74947182267508 74947182368149 0 5af51fd28e50 3
acquire 74947484855387 74947484886606 0 5af51fd28e50 2
present 74947486382883 74947486520400 0 5af51fd28e50 2
