instance 76287337197047 76287350988024 0 pid 1697539
device 76287481173287 76287582565411 0
swapchain 76287586269856 76287638106040 0 5ebabc08a3d0 64x64 mode 2 images 3
swapchain 76287639617263 76287642138250 0 5ebabbc43ff0 900x560 mode 2 images 3
acquire 76287673017964 76287673035075 0 5ebabbc43ff0 2
present 76287673365004 76287673554414 0 5ebabbc43ff0 2
acquire 76287681348618 76287681364821 0 5ebabbc43ff0 1
present 76287682112471 76287682227080 1000001003 5ebabbc43ff0 1
acquire 76287689543362 76287689559006 0 5ebabbc43ff0 0
present 76287689998726 76287690146091 0 5ebabbc43ff0 0
acquire 76299704645217 76299704681674 0 5ebabbc43ff0 2
present 76299704980385 76299705085217 0 5ebabbc43ff0 2
acquire 76300004787074 76300004820667 0 5ebabbc43ff0 1
present 76300005182724 76300005291047 0 5ebabbc43ff0 1
acquire 76300688536288 76300688569183 0 5ebabbc43ff0 2
present 76300688920415 76300689043545 0 5ebabbc43ff0 2
acquire 76300988906525 76300988938931 0 5ebabbc43ff0 1
present 76300989264810 76300989373762 0 5ebabbc43ff0 1
acquire 76301288837670 76301288865816 0 5ebabbc43ff0 2
present 76301289187644 76301289293174 0 5ebabbc43ff0 2
acquire 76301589143234 76301589172358 0 5ebabbc43ff0 1
present 76301589450954 76301589555925 0 5ebabbc43ff0 1
acquire 76301889185077 76301889216506 0 5ebabbc43ff0 2
present 76301889570531 76301889687445 0 5ebabbc43ff0 2
acquire 76302189491409 76302189521441 0 5ebabbc43ff0 1
present 76302189827136 76302189950545 0 5ebabbc43ff0 1
acquire 76302489511741 76302489543240 0 5ebabbc43ff0 2
present 76302489865557 76302489980934 0 5ebabbc43ff0 2
acquire 76302789828689 76302789860118 0 5ebabbc43ff0 1
present 76302790188022 76302790304796 0 5ebabbc43ff0 1
acquire 76303089858170 76303089891555 0 5ebabbc43ff0 2
present 76303090248513 76303090373389 0 5ebabbc43ff0 2
acquire 76303390222680 76303390252293 0 5ebabbc43ff0 1
present 76303390530260 76303390635581 0 5ebabbc43ff0 1
acquire 76303690195310 76303690227228 0 5ebabbc43ff0 2
present 76303690539627 76303690648370 0 5ebabbc43ff0 2
acquire 76303990478036 76303990508068 0 5ebabbc43ff0 1
present 76303990779889 76303990889750 0 5ebabbc43ff0 1
acquire 76304290493549 76304290525047 0 5ebabbc43ff0 2
present 76304290854069 76304290973986 0 5ebabbc43ff0 2
acquire 76304590799461 76304590831868 0 5ebabbc43ff0 1
present 76304591146712 76304591258667 0 5ebabbc43ff0 1
acquire 76304890833133 76304890864143 0 5ebabbc43ff0 2
present 76304891225571 76304891354777 0 5ebabbc43ff0 2
acquire 76305191211680 76305191242690 0 5ebabbc43ff0 1
present 76305191553623 76305191679616 0 5ebabbc43ff0 1
acquire 76305491287885 76305491319872 0 5ebabbc43ff0 2
present 76305491696247 76305491807364 0 5ebabbc43ff0 2
acquire 76305791513410 76305791543023 0 5ebabbc43ff0 1
present 76305791840686 76305791952292 0 5ebabbc43ff0 1
acquire 76306091507133 76306091536187 0 5ebabbc43ff0 2
present 76306091854034 76306091962986 0 5ebabbc43ff0 2
acquire 76306391866544 76306391897064 0 5ebabbc43ff0 1
present 76306392206251 76306392318346 0 5ebabbc43ff0 1
acquire 76306691932132 76306691965237 0 5ebabbc43ff0 2
present 76306692313465 76306692418506 0 5ebabbc43ff0 2
acquire 76306992219397 76306992250895 0 5ebabbc43ff0 1
present 76306992560990 76306992670990 0 5ebabbc43ff0 1
acquire 76307292213538 76307292245945 0 5ebabbc43ff0 2
present 76307292560370 76307292664712 0 5ebabbc43ff0 2
acquire 76307592397717 76307592429635 0 5ebabbc43ff0 1
present 76307592753488 76307592864606 0 5ebabbc43ff0 1
acquire 76307892511916 76307892539084 0 5ebabbc43ff0 2
present 76307892849528 76307892957991 0 5ebabbc43ff0 2
acquire 76308192694069 76308192721168 0 5ebabbc43ff0 1
present 76308193025954 76308193130157 0 5ebabbc43ff0 1
acquire 76308492860020 76308492892915 0 5ebabbc43ff0 2
present 76308493290171 76308493401708 0 5ebabbc43ff0 2
acquire 76308793114459 76308793142116 0 5ebabbc43ff0 1
present 76308793437474 76308793537207 0 5ebabbc43ff0 1
acquire 76309093206447 76309093242206 0 5ebabbc43ff0 2
present 76309093570529 76309093684929 0 5ebabbc43ff0 2
acquire 76309393382455 76309393413953 0 5ebabbc43ff0 1
present 76309393753102 76309393868060 0 5ebabbc43ff0 1
acquire 76309693524449 76309693557415 0 5ebabbc43ff0 2
present 76309693890278 76309693995668 0 5ebabbc43ff0 2
acquire 76309993764920 76309993797187 0 5ebabbc43ff0 1
present 76309994144507 76309994259815 0 5ebabbc43ff0 1
acquire 76310293831417 76310293861518 0 5ebabbc43ff0 2
present 76310294210026 76310294314229 0 5ebabbc43ff0 2
acquire 76310594220160 76310594246909 0 5ebabbc43ff0 1
present 76310594557493 76310594668890 0 5ebabbc43ff0 1
acquire 76310894209133 76310894242028 0 5ebabbc43ff0 2
present 76310894617215 76310894746002 0 5ebabbc43ff0 2
acquire 76311194439895 76311194472721 0 5ebabbc43ff0 1
present 76311194808447 76311194914396 0 5ebabbc43ff0 1
acquire 76311494527414 76311494560379 0 5ebabbc43ff0 2
present 76311494887724 76311494999680 0 5ebabbc43ff0 2
acquire 76311794757269 76311794788488 0 5ebabbc43ff0 1
present 76311795102214 76311795199084 0 5ebabbc43ff0 1
acquire 76312094893466 76312094922101 0 5ebabbc43ff0 2
present 76312095246444 76312095352812 0 5ebabbc43ff0 2
acquire 76312395121365 76312395152375 0 5ebabbc43ff0 1
present 76312395476228 76312395587974 0 5ebabbc43ff0 1
acquire 76312695255328 76312695286547 0 5ebabbc43ff0 2
present 76312695642737 76312695760489 0 5ebabbc43ff0 2
acquire 76312995440624 76312995470935 0 5ebabbc43ff0 1
present 76312995786268 76312995898433 0 5ebabbc43ff0 1
acquire 76313295541412 76313295573818 0 5ebabbc43ff0 2
present 76313295887545 76313295986719 0 5ebabbc43ff0 2
acquire 76313595766028 76313595799203 0 5ebabbc43ff0 1
present 76313596139329 76313596252053 0 5ebabbc43ff0 1
acquire 76313895875407 76313895905508 0 5ebabbc43ff0 2
present 76313896212530 76313896323927 0 5ebabbc43ff0 2
acquire 76314196091084 76314196120906 0 5ebabbc43ff0 1
present 76314196428347 76314196535204 0 5ebabbc43ff0 1
acquire 76314496290138 76314496323382 0 5ebabbc43ff0 2
present 76314496657433 76314496776582 0 5ebabbc43ff0 2
acquire 76314796431434 76314796462792 0 5ebabbc43ff0 1
present 76314796773865 76314796876322 0 5ebabbc43ff0 1
acquire 76315096521326 76315096552755 0 5ebabbc43ff0 2
present 76315096864386 76315096968380 0 5ebabbc43ff0 2
acquire 76315396719682 76315396746851 0 5ebabbc43ff0 1
present 76315397068958 76315397165758 0 5ebabbc43ff0 1
acquire 76315696921530 76315696959873 0 5ebabbc43ff0 2
present 76315697325282 76315697442615 0 5ebabbc43ff0 2
acquire 76315997116045 76315997148312 0 5ebabbc43ff0 1
present 76315997471746 76315997583771 0 5ebabbc43ff0 1
acquire 76316297225912 76316297257341 0 5ebabbc43ff0 2
present 76316297581823 76316297682464 0 5ebabbc43ff0 2
acquire 76316597460865 76316597493061 0 5ebabbc43ff0 1
present 76316597848553 76316597970565 0 5ebabbc43ff0 1
acquire 76316897627722 76316897663341 0 5ebabbc43ff0 2
present 76316898044255 76316898158445 0 5ebabbc43ff0 2
acquire 76317197817557 76317197852408 0 5ebabbc43ff0 1
present 76317198226896 76317198347023 0 5ebabbc43ff0 1
acquire 76317497894669 76317497926097 0 5ebabbc43ff0 2
present 76317498309804 76317498425322 0 5ebabbc43ff0 2
acquire 76317798173342 76317798205748 0 5ebabbc43ff0 1
present 76317798534839 76317798635969 0 5ebabbc43ff0 1
acquire 76318098251361 76318098278878 0 5ebabbc43ff0 2
present 76318098544345 76318098641424 0 5ebabbc43ff0 2
acquire 76318398460262 76318398493577 0 5ebabbc43ff0 1
present 76318398788306 76318398888878 0 5ebabbc43ff0 1
swapchain 76319408282024 76319411146979 0 5ebabc504a60 1100x700 mode 2 images 3
acquire 76319413767769 76319413778385 0 5ebabc504a60 2
present 76319414863227 76319414969386 0 5ebabc504a60 2
swapchain 76320920354172 76320923220943 0 5ebabbc43ff0 640x760 mode 2 images 3
acquire 76320925230343 76320925242356 0 5ebabbc43ff0 2
present 76320925474368 76320925595053 0 5ebabbc43ff0 2
swapchain 76322427286778 76322429731149 0 5ebabc504a60 1280x480 mode 2 images 3
acquire 76322434122342 76322434134704 0 5ebabc504a60 2
present 76322435133503 76322435247064 0 5ebabc504a60 2
swapchain 76323939053229 76323941693085 0 5ebabbc43ff0 760x560 mode 2 images 3
acquire 76323943322061 76323943333445 0 5ebabbc43ff0 2
present 76323943593254 76323943724975 0 5ebabbc43ff0 2
swapchain 76325453233320 76325455873596 0 5ebabc504a60 900x560 mode 2 images 3
acquire 76325456900540 76325456911086 0 5ebabc504a60 2
present 76325457175296 76325457282921 0 5ebabc504a60 2
