instance 76817457711500 76817473048548 0 pid 1777640
device 76817599040182 76817705278501 0
swapchain 76817708669359 76817758193235 0 64dd329dd720 64x64 mode 2 images 3
swapchain 76817759724642 76817762078359 0 64dd32597300 900x560 mode 2 images 3
acquire 76817792015003 76817792029321 0 64dd32597300 2
present 76817792366165 76817792553060 0 64dd32597300 2
acquire 76817800323098 76817800337555 0 64dd32597300 1
present 76817801099383 76817801217484 1000001003 64dd32597300 1
acquire 76817816891237 76817816908348 0 64dd32597300 0
present 76817817411833 76817817522112 0 64dd32597300 0
acquire 76829831970386 76829832019344 0 64dd32597300 2
present 76829832337331 76829832439509 0 64dd32597300 2
acquire 76830132170312 76830132203696 0 64dd32597300 1
present 76830132540121 76830132654520 0 64dd32597300 1
acquire 76830815813770 76830815840589 0 64dd32597300 2
present 76830816156480 76830816261801 0 64dd32597300 2
acquire 76831116299695 76831116329727 0 64dd32597300 1
present 76831116616425 76831116742768 0 64dd32597300 1
acquire 76831416181984 76831416212714 0 64dd32597300 2
present 76831416514288 76831416621494 0 64dd32597300 2
acquire 76831724818232 76831724850918 0 64dd32597300 1
present 76831725172467 76831725293571 0 64dd32597300 1
acquire 76832033212551 76832033242164 0 64dd32597300 2
present 76832033563224 76832033673643 0 64dd32597300 2
acquire 76832333471912 76832333501455 0 64dd32597300 1
present 76832333790108 76832333902902 0 64dd32597300 1
acquire 76832633498772 76832633530968 0 64dd32597300 2
present 76832633854193 76832633969082 0 64dd32597300 2
acquire 76832942110017 76832942136557 0 64dd32597300 1
present 76832942404188 76832942506645 0 64dd32597300 1
acquire 76833242215029 76833242245480 0 64dd32597300 2
present 76833242541187 76833242648323 0 64dd32597300 2
acquire 76833550839055 76833550868668 0 64dd32597300 1
present 76833551181487 76833551287994 0 64dd32597300 1
acquire 76833850861235 76833850894200 0 64dd32597300 2
present 76833851243406 76833851355920 0 64dd32597300 2
acquire 76834159502862 76834159539179 0 64dd32597300 1
present 76834159863801 76834159983020 0 64dd32597300 1
acquire 76834467861632 76834467894527 0 64dd32597300 2
present 76834468209091 76834468321745 0 64dd32597300 2
acquire 76834776457512 76834776485169 0 64dd32597300 1
present 76834776733315 76834776833816 0 64dd32597300 1
acquire 76835076525159 76835076553584 0 64dd32597300 2
present 76835076846707 76835076954123 0 64dd32597300 2
acquire 76835376854291 76835376885789 0 64dd32597300 1
present 76835377196233 76835377311122 0 64dd32597300 1
acquire 76835685223327 76835685253359 0 64dd32597300 2
present 76835685564920 76835685675409 0 64dd32597300 2
acquire 76835985541703 76835985571735 0 64dd32597300 1
present 76835985866115 76835985963893 0 64dd32597300 1
acquire 76836293875610 76836293907667 0 64dd32597300 2
present 76836294307787 76836294422885 0 64dd32597300 2
acquire 76836594265224 76836594299725 0 64dd32597300 1
present 76836594600601 76836594710880 0 64dd32597300 1
acquire 76836902555619 76836902588514 0 64dd32597300 2
present 76836902929269 76836903062805 0 64dd32597300 2
acquire 76837211228115 76837211261709 0 64dd32597300 1
present 76837211562445 76837211680267 0 64dd32597300 1
acquire 76837519608605 76837519641431 0 64dd32597300 2
present 76837519950268 76837520067532 0 64dd32597300 2
acquire 76837819815515 76837819850855 0 64dd32597300 1
present 76837820204949 76837820320816 0 64dd32597300 1
acquire 76838119924717 76838119958800 0 64dd32597300 2
present 76838120275878 76838120376450 0 64dd32597300 2
acquire 76838428485607 76838428517035 0 64dd32597300 1
present 76838428830622 76838428945581 0 64dd32597300 1
acquire 76838736918408 76838736953189 0 64dd32597300 2
present 76838737281233 76838737384319 0 64dd32597300 2
acquire 76839045545996 76839045581336 0 64dd32597300 1
present 76839045900301 76839046011697 0 64dd32597300 1
acquire 76839353935287 76839353963852 0 64dd32597300 2
present 76839354277438 76839354381502 0 64dd32597300 2
acquire 76839654219720 76839654250241 0 64dd32597300 1
present 76839654551116 76839654656088 0 64dd32597300 1
acquire 76839954283525 76839954314535 0 64dd32597300 2
present 76839954628331 76839954729810 0 64dd32597300 2
acquire 76840262857336 76840262897424 0 64dd32597300 1
present 76840263254173 76840263360820 0 64dd32597300 1
acquire 76840562909547 76840562942023 0 64dd32597300 2
present 76840563308340 76840563431330 0 64dd32597300 2
acquire 76840871524005 76840871561300 0 64dd32597300 1
present 76840871912182 76840872042436 0 64dd32597300 1
acquire 76841171578032 76841171610508 0 64dd32597300 2
present 76841171914457 76841172031511 0 64dd32597300 2
acquire 76841480190465 76841480220077 0 64dd32597300 1
present 76841480523118 76841480621804 0 64dd32597300 1
acquire 76841788651831 76841788682840 0 64dd32597300 2
present 76841789013957 76841789113551 0 64dd32597300 2
acquire 76842088791414 76842088819979 0 64dd32597300 1
present 76842089118619 76842089214302 0 64dd32597300 1
acquire 76842388908228 76842388935955 0 64dd32597300 2
present 76842389237599 76842389331954 0 64dd32597300 2
acquire 76842697495588 76842697521848 0 64dd32597300 1
present 76842697814273 76842697910025 0 64dd32597300 1
acquire 76842997619596 76842997649697 0 64dd32597300 2
present 76842997947709 76842998059455 0 64dd32597300 2
acquire 76843306232028 76843306266809 0 64dd32597300 1
present 76843306616923 76843306752205 0 64dd32597300 1
acquire 76843606394100 76843606427484 0 64dd32597300 2
present 76843606838918 76843606956880 0 64dd32597300 2
acquire 76843914887383 76843914921675 0 64dd32597300 1
present 76843915253700 76843915360278 0 64dd32597300 1
acquire 76844214974725 76844215015791 0 64dd32597300 2
present 76844215302070 76844215398870 0 64dd32597300 2
acquire 76844515249310 76844515280739 0 64dd32597300 1
present 76844515611925 76844515728351 0 64dd32597300 1
acquire 76844823648168 76844823678898 0 64dd32597300 2
present 76844823969717 76844824086980 0 64dd32597300 2
acquire 76845132287559 76845132325064 0 64dd32597300 1
present 76845132667705 76845132773305 0 64dd32597300 1
acquire 76845432282361 76845432310507 0 64dd32597300 2
present 76845432589453 76845432687091 0 64dd32597300 2
acquire 76845740909460 76845740940470 0 64dd32597300 1
present 76845741260063 76845741367409 0 64dd32597300 1
acquire 76846049384515 76846049416921 0 64dd32597300 2
present 76846049718426 76846049824445 0 64dd32597300 2
acquire 76846349612586 76846349645901 0 64dd32597300 1
present 76846349934973 76846350042249 0 64dd32597300 1
acquire 76846649628061 76846649654740 0 64dd32597300 2
present 76846649927191 76846650035305 0 64dd32597300 2
acquire 76846958261446 76846958291547 0 64dd32597300 1
present 76846958609953 76846958722677 0 64dd32597300 1
acquire 76847266674063 76847266709332 0 64dd32597300 2
present 76847266997078 76847267116646 0 64dd32597300 2
acquire 76847566927556 76847566958565 0 64dd32597300 1
present 76847567344927 76847567443263 0 64dd32597300 1
acquire 76847867109322 76847867139843 0 64dd32597300 2
present 76847867487582 76847867605125 0 64dd32597300 2
acquire 76848175598066 76848175628028 0 64dd32597300 1
present 76848175914726 76848176033037 0 64dd32597300 1
acquire 76848475719141 76848475750150 0 64dd32597300 2
present 76848476054727 76848476179743 0 64dd32597300 2
acquire 76848775911034 76848775938761 0 64dd32597300 1
present 76848776267783 76848776369052 0 64dd32597300 1
swapchain 76849789964208 76849792661125 0 64dd32e41ef0 1100x700 mode 2 images 3
acquire 76849793892913 76849793903389 0 64dd32e41ef0 2
present 76849794905610 76849795029089 0 64dd32e41ef0 2
swapchain 76851304481520 76851307462341 0 64dd32597300 640x760 mode 2 images 3
acquire 76851310523199 76851310535072 0 64dd32597300 2
present 76851310781262 76851310899503 0 64dd32597300 2
swapchain 76852814730349 76852817715151 0 64dd32e41ef0 1280x480 mode 2 images 3
acquire 76852819592830 76852819602469 0 64dd32e41ef0 2
present 76852820619216 76852820727191 0 64dd32e41ef0 2
swapchain 76854326700903 76854329351724 0 64dd32b26bb0 760x560 mode 2 images 3
acquire 76854331028051 76854331037899 0 64dd32b26bb0 2
present 76854331246445 76854331349600 0 64dd32b26bb0 2
swapchain 76855836539484 76855839301213 0 64dd32e41ef0 900x560 mode 2 images 3
acquire 76855841519927 76855841534245 0 64dd32e41ef0 2
present 76855841818079 76855841948263 0 64dd32e41ef0 2
