instance 91846053969574 91846068357481 0 pid 4026203
device 91846069172667 91846190759834 0
swapchain 91846191172944 91846250134664 0 5eabe81a9ea0 900x560 mode 2 images 4
acquire 91846255415633 91846255429461 0 5eabe81a9ea0 3
present 91846258829887 91846259042344 0 5eabe81a9ea0 3
acquire 91846259252845 91846259263880 0 5eabe81a9ea0 2
present 91846259317658 91846259384356 0 5eabe81a9ea0 2
acquire 91858615651184 91858615667457 0 5eabe81a9ea0 1
present 91858615791984 91858615920771 0 5eabe81a9ea0 1
acquire 91859296625849 91859296641843 0 5eabe81a9ea0 0
present 91859296772446 91859296888871 0 5eabe81a9ea0 0
acquire 91859598025287 91859598059719 0 5eabe81a9ea0 3
present 91859598240538 91859598349280 0 5eabe81a9ea0 3
acquire 91859902146156 91859902173324 0 5eabe81a9ea0 2
present 91859902307000 91859902399120 0 5eabe81a9ea0 2
acquire 91860206850477 91860206880928 0 5eabe81a9ea0 3
present 91860207059721 91860207173632 0 5eabe81a9ea0 3
acquire 91860514013836 91860514045334 0 5eabe81a9ea0 2
present 91860514201708 91860514315061 0 5eabe81a9ea0 2
acquire 91860815376258 91860815408245 0 5eabe81a9ea0 3
present 91860815556518 91860815660092 0 5eabe81a9ea0 3
acquire 91861117024121 91861117055619 0 5eabe81a9ea0 2
present 91861117201238 91861117312984 0 5eabe81a9ea0 2
acquire 91861422529380 91861422563253 0 5eabe81a9ea0 3
present 91861422710339 91861422814263 0 5eabe81a9ea0 3
acquire 91861727093531 91861727125029 0 5eabe81a9ea0 2
present 91861727261708 91861727373524 0 5eabe81a9ea0 2
acquire 91862034047785 91862034079632 0 5eabe81a9ea0 3
present 91862034235308 91862034368007 0 5eabe81a9ea0 3
acquire 91862338496907 91862338527916 0 5eabe81a9ea0 2
present 91862338674373 91862338792195 0 5eabe81a9ea0 2
acquire 91862645035536 91862645067035 0 5eabe81a9ea0 3
present 91862645221034 91862645345352 0 5eabe81a9ea0 3
acquire 91862951395652 91862951428617 0 5eabe81a9ea0 2
present 91862951609715 91862951769092 0 5eabe81a9ea0 2
acquire 91863258034364 91863258066770 0 5eabe81a9ea0 3
present 91863258235017 91863258353049 0 5eabe81a9ea0 3
acquire 91863562912939 91863562941085 0 5eabe81a9ea0 2
present 91863563115758 91863563224989 0 5eabe81a9ea0 2
acquire 91863865478026 91863865510013 0 5eabe81a9ea0 3
present 91863865664990 91863865788120 0 5eabe81a9ea0 3
acquire 91864170458289 91864170492162 0 5eabe81a9ea0 2
present 91864170671654 91864170807495 0 5eabe81a9ea0 2
acquire 91864471734528 91864471764559 0 5eabe81a9ea0 3
present 91864471914508 91864472036102 0 5eabe81a9ea0 3
acquire 91864778419474 91864778446712 0 5eabe81a9ea0 2
present 91864778577315 91864778679004 0 5eabe81a9ea0 2
acquire 91865082715295 91865082748050 0 5eabe81a9ea0 3
present 91865082917206 91865083050742 0 5eabe81a9ea0 3
acquire 91865389385715 91865389419099 0 5eabe81a9ea0 2
present 91865389571702 91865389688546 0 5eabe81a9ea0 2
acquire 91865695341799 91865695368059 0 5eabe81a9ea0 3
present 91865695498034 91865695597488 0 5eabe81a9ea0 3
acquire 91866001207789 91866001238728 0 5eabe81a9ea0 2
present 91866001481356 91866001586537 0 5eabe81a9ea0 2
acquire 91866303112876 91866303140534 0 5eabe81a9ea0 3
present 91866303284336 91866303389168 0 5eabe81a9ea0 3
acquire 91866605319469 91866605350408 0 5eabe81a9ea0 2
present 91866605489532 91866605604211 0 5eabe81a9ea0 2
acquire 91866913788647 91866913820565 0 5eabe81a9ea0 3
present 91866913977079 91866914096298 0 5eabe81a9ea0 3
acquire 91867221629884 91867221662640 0 5eabe81a9ea0 2
present 91867221820271 91867221940328 0 5eabe81a9ea0 2
acquire 91867528615916 91867528641618 0 5eabe81a9ea0 3
present 91867528771383 91867528874398 0 5eabe81a9ea0 3
acquire 91867837082790 91867837109540 0 5eabe81a9ea0 2
present 91867837239165 91867837342320 0 5eabe81a9ea0 2
acquire 91868141603499 91868141634439 0 5eabe81a9ea0 3
present 91868141784877 91868141900813 0 5eabe81a9ea0 3
acquire 91868442426468 91868442458386 0 5eabe81a9ea0 2
present 91868442612455 91868442733979 0 5eabe81a9ea0 2
acquire 91868745452088 91868745479116 0 5eabe81a9ea0 3
present 91868745609580 91868745715878 0 5eabe81a9ea0 3
acquire 91869050243571 91869050277933 0 5eabe81a9ea0 2
present 91869050434866 91869050552129 0 5eabe81a9ea0 2
acquire 91869352894493 91869352922080 0 5eabe81a9ea0 3
present 91869353120429 91869353223165 0 5eabe81a9ea0 3
acquire 91869656805209 91869656841247 0 5eabe81a9ea0 2
present 91869656996714 91869657129621 0 5eabe81a9ea0 2
acquire 91869964449005 91869964481900 0 5eabe81a9ea0 3
present 91869964634713 91869964754211 0 5eabe81a9ea0 3
acquire 91870270366677 91870270397686 0 5eabe81a9ea0 2
present 91870270548334 91870270684594 0 5eabe81a9ea0 2
acquire 91870575493817 91870575527480 0 5eabe81a9ea0 3
present 91870575698451 91870575827518 0 5eabe81a9ea0 3
acquire 91870875737733 91870875769231 0 5eabe81a9ea0 2
present 91870875909053 91870876032183 0 5eabe81a9ea0 2
acquire 91871181912071 91871181943360 0 5eabe81a9ea0 3
present 91871182102667 91871182207499 0 5eabe81a9ea0 3
acquire 91871485068293 91871485103563 0 5eabe81a9ea0 2
present 91871485286058 91871485436705 0 5eabe81a9ea0 2
acquire 91871788874108 91871788916921 0 5eabe81a9ea0 3
present 91871789094387 91871789216889 0 5eabe81a9ea0 3
acquire 91872092221067 91872092250191 0 5eabe81a9ea0 2
present 91872092386590 91872092489676 0 5eabe81a9ea0 2
acquire 91872397435578 91872397467076 0 5eabe81a9ea0 3
present 91872397607667 91872397718924 0 5eabe81a9ea0 3
acquire 91872701698573 91872701728675 0 5eabe81a9ea0 2
present 91872701875481 91872701993233 0 5eabe81a9ea0 2
acquire 91873002935212 91873002964265 0 5eabe81a9ea0 3
present 91873003110792 91873003219954 0 5eabe81a9ea0 3
acquire 91873307227889 91873307260784 0 5eabe81a9ea0 2
present 91873307410035 91873307525482 0 5eabe81a9ea0 2
acquire 91873613765401 91873613795503 0 5eabe81a9ea0 3
present 91873613949014 91873614086252 0 5eabe81a9ea0 3
acquire 91873918892611 91873918923201 0 5eabe81a9ea0 2
present 91873919117150 91873919246845 0 5eabe81a9ea0 2
acquire 91874223214622 91874223247028 0 5eabe81a9ea0 3
present 91874223405358 91874223528069 0 5eabe81a9ea0 3
acquire 91874530967161 91874531011440 0 5eabe81a9ea0 2
present 91874531174100 91874531296043 0 5eabe81a9ea0 2
acquire 91874833320419 91874833352407 0 5eabe81a9ea0 3
present 91874833508292 91874833622692 0 5eabe81a9ea0 3
acquire 91875136885003 91875136911403 0 5eabe81a9ea0 2
present 91875137055765 91875137162901 0 5eabe81a9ea0 2
acquire 91875444900284 91875444924729 0 5eabe81a9ea0 3
present 91875445066576 91875445168684 0 5eabe81a9ea0 3
acquire 91875749024924 91875749058308 0 5eabe81a9ea0 2
present 91875749227463 91875749343400 0 5eabe81a9ea0 2
acquire 91876053533620 91876053560160 0 5eabe81a9ea0 3
present 91876053689017 91876053790287 0 5eabe81a9ea0 3
acquire 91876353918755 91876353947670 0 5eabe81a9ea0 2
present 91876354096711 91876354203149 0 5eabe81a9ea0 2
acquire 91876655963665 91876655992999 0 5eabe81a9ea0 3
present 91876656140782 91876656241773 0 5eabe81a9ea0 3
acquire 91876957099802 91876957131789 0 5eabe81a9ea0 2
present 91876957277129 91876957424075 0 5eabe81a9ea0 2
acquire 91877257712130 91877257741603 0 5eabe81a9ea0 3
present 91877257879400 91877257984022 0 5eabe81a9ea0 3
swapchain 91878271219117 91878274198121 0 5eabe8340590 1100x700 mode 2 images 4
acquire 91878275373338 91878275383465 0 5eabe8340590 3
present 91878275496887 91878275601719 0 5eabe8340590 3
acquire 91878275734138 91878275742100 0 5eabe8340590 2
present 91878275790779 91878275866417 0 5eabe8340590 2
acquire 91878566860361 91878566876634 0 5eabe8340590 1
present 91878567019180 91878567254963 0 5eabe8340590 1
swapchain 91879779070883 91879782760661 0 5eabe81a9ea0 640x760 mode 2 images 4
acquire 91879783769656 91879783779644 0 5eabe81a9ea0 3
present 91879783890482 91879783996710 0 5eabe81a9ea0 3
acquire 91879784181719 91879784192614 0 5eabe81a9ea0 2
present 91879784259383 91879784350386 0 5eabe81a9ea0 2
swapchain 91881287337087 91881290768034 0 5eabe83450b0 1280x480 mode 2 images 4
acquire 91881292021962 91881292033346 0 5eabe83450b0 3
present 91881292156755 91881292292107 0 5eabe83450b0 3
swapchain 91882796569823 91882800509562 0 5eabe81a9ea0 760x560 mode 2 images 4
acquire 91882801613192 91882801624856 0 5eabe81a9ea0 3
present 91882801752595 91882801869370 0 5eabe81a9ea0 3
swapchain 91884306815395 91884310953134 0 5eabe8342710 900x560 mode 2 images 4
acquire 91884312116408 91884312130237 0 5eabe8342710 3
present 91884312271805 91884314256551 0 5eabe8342710 3
acquire 91884314518595 91884314530119 0 5eabe8342710 2
present 91884314615604 91884314732029 0 5eabe8342710 2
