instance 88231024443138 88231044097453 0 pid 3457658
device 88231044814161 88231170816046 0
swapchain 88231171192349 88231221864324 0 5f0a23f91e30 900x560 mode 2 images 4
acquire 88231228652314 88231228663348 0 5f0a23f91e30 3
present 88231228834040 88231229036300 0 5f0a23f91e30 3
acquire 88231229133029 88231229141131 0 5f0a23f91e30 2
present 88231229183874 88231229242051 0 5f0a23f91e30 2
acquire 88243574633081 88243574647468 0 5f0a23f91e30 1
present 88243574753766 88243574868375 0 5f0a23f91e30 1
acquire 88244255552316 88244255568659 0 5f0a23f91e30 0
present 88244255691719 88244255821484 0 5f0a23f91e30 0
acquire 88244557160204 88244557196033 0 5f0a23f91e30 3
present 88244557331874 88244557430559 0 5f0a23f91e30 3
acquire 88244861092053 88244861123062 0 5f0a23f91e30 2
present 88244861265468 88244861365900 0 5f0a23f91e30 2
acquire 88245166124806 88245166158190 0 5f0a23f91e30 3
present 88245166282717 88245166416253 0 5f0a23f91e30 3
acquire 88245472941510 88245472971821 0 5f0a23f91e30 2
present 88245473140068 88245473262848 0 5f0a23f91e30 2
acquire 88245774544789 88245774573913 0 5f0a23f91e30 3
present 88245774679582 88245774781830 0 5f0a23f91e30 3
acquire 88246076144158 88246076181732 0 5f0a23f91e30 2
present 88246076325535 88246076433230 0 5f0a23f91e30 2
acquire 88246381976453 88246382018008 0 5f0a23f91e30 3
present 88246382125773 88246382229557 0 5f0a23f91e30 3
acquire 88246686173560 88246686205547 0 5f0a23f91e30 2
present 88246686350397 88246686481419 0 5f0a23f91e30 2
acquire 88246993788408 88246993817461 0 5f0a23f91e30 3
present 88246993925436 88246994042699 0 5f0a23f91e30 3
acquire 88247297839617 88247297882011 0 5f0a23f91e30 2
present 88247298100055 88247298269908 0 5f0a23f91e30 2
acquire 88247604978709 88247605028226 0 5f0a23f91e30 3
present 88247605181318 88247605290270 0 5f0a23f91e30 3
acquire 88247910592892 88247910624879 0 5f0a23f91e30 2
present 88247910768402 88247910898586 0 5f0a23f91e30 2
acquire 88248217802035 88248217834930 0 5f0a23f91e30 3
present 88248217950866 88248218094389 0 5f0a23f91e30 3
acquire 88248522113613 88248522146299 0 5f0a23f91e30 2
present 88248522287657 88248522416025 0 5f0a23f91e30 2
acquire 88248825203392 88248825236497 0 5f0a23f91e30 3
present 88248825352922 88248825475353 0 5f0a23f91e30 3
acquire 88249129882894 88249129923890 0 5f0a23f91e30 2
present 88249130131109 88249130260594 0 5f0a23f91e30 2
acquire 88249432205959 88249432233686 0 5f0a23f91e30 3
present 88249432351508 88249432472263 0 5f0a23f91e30 3
acquire 88249737942924 88249737976797 0 5f0a23f91e30 2
present 88249738155451 88249738284168 0 5f0a23f91e30 2
acquire 88250041948740 88250041977095 0 5f0a23f91e30 3
present 88250042126555 88250042241583 0 5f0a23f91e30 3
acquire 88250348871048 88250348911067 0 5f0a23f91e30 2
present 88250349103828 88250349231707 0 5f0a23f91e30 2
acquire 88250654796585 88250654832344 0 5f0a23f91e30 3
present 88250654976845 88250655097740 0 5f0a23f91e30 3
acquire 88250960582580 88250960610237 0 5f0a23f91e30 2
present 88250960733436 88250960837360 0 5f0a23f91e30 2
acquire 88251262527038 88251262553788 0 5f0a23f91e30 3
present 88251262686276 88251262787965 0 5f0a23f91e30 3
acquire 88251564783897 88251564814906 0 5f0a23f91e30 2
present 88251564957452 88251565100835 0 5f0a23f91e30 2
acquire 88251873181668 88251873212607 0 5f0a23f91e30 3
present 88251873358855 88251873472905 0 5f0a23f91e30 3
acquire 88252181164025 88252181197199 0 5f0a23f91e30 2
present 88252181327034 88252181445764 0 5f0a23f91e30 2
acquire 88252488057142 88252488090945 0 5f0a23f91e30 3
present 88252488234049 88252488348099 0 5f0a23f91e30 3
acquire 88252796547174 88252796577485 0 5f0a23f91e30 2
present 88252796726316 88252796846582 0 5f0a23f91e30 2
acquire 88253101041810 88253101065556 0 5f0a23f91e30 3
present 88253101171086 88253101284019 0 5f0a23f91e30 3
acquire 88253401843323 88253401873843 0 5f0a23f91e30 2
present 88253401998928 88253402136096 0 5f0a23f91e30 2
acquire 88253704807393 88253704834561 0 5f0a23f91e30 3
present 88253704955666 88253705068459 0 5f0a23f91e30 3
acquire 88254009588448 88254009619458 0 5f0a23f91e30 2
present 88254009757114 88254009868790 0 5f0a23f91e30 2
acquire 88254312214978 88254312241168 0 5f0a23f91e30 3
present 88254312361853 88254312462983 0 5f0a23f91e30 3
acquire 88254616183433 88254616220659 0 5f0a23f91e30 2
present 88254616363414 88254616472994 0 5f0a23f91e30 2
acquire 88254923761833 88254923794169 0 5f0a23f91e30 3
present 88254923933083 88254924091412 0 5f0a23f91e30 3
acquire 88255229795209 88255229822167 0 5f0a23f91e30 2
present 88255229929304 88255230055716 0 5f0a23f91e30 2
acquire 88255534804087 88255534833700 0 5f0a23f91e30 3
present 88255534948169 88255535071159 0 5f0a23f91e30 3
acquire 88255835045407 88255835076905 0 5f0a23f91e30 2
present 88255835190397 88255835296206 0 5f0a23f91e30 2
acquire 88255862674941 88255862710141 0 5f0a23f91e30 3
present 88255862854293 88255862975188 0 5f0a23f91e30 3
