instance 92314138591213 92314151746903 0 pid 4094217
device 92314152491758 92314267508817 0
swapchain 92314267899159 92314321643637 0 647e447dfee0 900x560 mode 2 images 4
acquire 92314327933387 92314327945749 0 647e447dfee0 3
present 92314328950832 92314329147924 0 647e447dfee0 3
acquire 92314329236552 92314329244654 0 647e447dfee0 2
present 92314329289422 92314329347111 0 647e447dfee0 2
acquire 92326653423873 92326653442381 0 647e447dfee0 1
present 92326653558317 92326653686336 0 647e447dfee0 1
acquire 92327334384663 92327334401425 0 647e447dfee0 0
present 92327334521622 92327334647615 0 647e447dfee0 0
acquire 92327635853946 92327635906396 0 647e447dfee0 3
present 92327636232904 92327636377614 0 647e447dfee0 3
acquire 92327939942549 92327939978797 0 647e447dfee0 2
present 92327940163317 92327940282047 0 647e447dfee0 2
acquire 92328244578218 92328244618726 0 647e447dfee0 3
present 92328244796611 92328244924560 0 647e447dfee0 3
acquire 92328551833418 92328551873507 0 647e447dfee0 2
present 92328552086801 92328552215169 0 647e447dfee0 2
acquire 92328853127120 92328853161971 0 647e447dfee0 3
present 92328853327355 92328853443431 0 647e447dfee0 3
acquire 92329154837355 92329154873463 0 647e447dfee0 2
present 92329155048415 92329155171056 0 647e447dfee0 2
acquire 92329460267816 92329460305251 0 647e447dfee0 3
present 92329460500387 92329460629663 0 647e447dfee0 3
acquire 92329764827988 92329764860324 0 647e447dfee0 2
present 92329764997073 92329765122088 0 647e447dfee0 2
acquire 92330071726928 92330071756471 0 647e447dfee0 3
present 92330071902788 92330072017467 0 647e447dfee0 3
acquire 92330376313430 92330376347303 0 647e447dfee0 2
present 92330376501721 92330376618496 0 647e447dfee0 2
acquire 92330682779635 92330682815883 0 647e447dfee0 3
present 92330682982942 92330683120180 0 647e447dfee0 3
acquire 92330989137866 92330989167479 0 647e447dfee0 2
present 92330989304647 92330989412062 0 647e447dfee0 2
acquire 92331295993925 92331296081715 0 647e447dfee0 3
present 92331296368273 92331296565155 0 647e447dfee0 3
acquire 92331601240565 92331601280235 0 647e447dfee0 2
present 92331601448063 92331601571751 0 647e447dfee0 2
acquire 92331903710811 92331903745173 0 647e447dfee0 3
present 92331903912722 92331904041090 0 647e447dfee0 3
acquire 92332208676132 92332208708608 0 647e447dfee0 2
present 92332208853249 92332208959966 0 647e447dfee0 2
acquire 92332510085841 92332510122159 0 647e447dfee0 3
present 92332510296692 92332510424012 0 647e447dfee0 3
acquire 92332816767577 92332816800472 0 647e447dfee0 2
present 92332816945462 92332817066776 0 647e447dfee0 2
acquire 92333120784874 92333120823008 0 647e447dfee0 3
present 92333120992163 92333121116620 0 647e447dfee0 3
acquire 92333427702394 92333427734311 0 647e447dfee0 2
present 92333427878952 92333427984831 0 647e447dfee0 2
acquire 92333733669306 92333733707020 0 647e447dfee0 3
present 92333733872893 92333733986524 0 647e447dfee0 3
acquire 92334039440873 92334039464689 0 647e447dfee0 2
present 92334039593476 92334039693418 0 647e447dfee0 2
acquire 92334341513375 92334341560029 0 647e447dfee0 3
present 92334341785406 92334341911889 0 647e447dfee0 3
acquire 92334643708239 92334643744557 0 647e447dfee0 2
present 92334643900233 92334644085591 0 647e447dfee0 2
acquire 92334952109603 92334952145851 0 647e447dfee0 3
present 92334952314727 92334952433457 0 647e447dfee0 3
acquire 92335260035210 92335260071667 0 647e447dfee0 2
present 92335260225108 92335260338809 0 647e447dfee0 2
acquire 92335566977943 92335567021244 0 647e447dfee0 3
present 92335567184952 92335567296628 0 647e447dfee0 3
acquire 92335875699179 92335875751002 0 647e447dfee0 2
present 92335875915408 92335876061236 0 647e447dfee0 2
acquire 92336180191956 92336180230997 0 647e447dfee0 3
present 92336180394705 92336180510152 0 647e447dfee0 3
acquire 92336480901440 92336480938107 0 647e447dfee0 2
present 92336481116411 92336481238424 0 647e447dfee0 2
acquire 92336783978049 92336784044747 0 647e447dfee0 3
present 92336784183312 92336784294499 0 647e447dfee0 3
acquire 92337088728540 92337088763949 0 647e447dfee0 2
present 92337088933244 92337089125586 0 647e447dfee0 2
acquire 92337391431569 92337391466908 0 647e447dfee0 3
present 92337391616927 92337391733003 0 647e447dfee0 3
acquire 92337695397325 92337695430220 0 647e447dfee0 2
present 92337695599864 92337695712518 0 647e447dfee0 2
acquire 92338002951866 92338002986647 0 647e447dfee0 3
present 92338003147072 92338003260215 0 647e447dfee0 3
acquire 92338308952513 92338308990228 0 647e447dfee0 2
present 92338309193046 92338309329097 0 647e447dfee0 2
acquire 92338613946890 92338613977899 0 647e447dfee0 3
present 92338614136299 92338614249092 0 647e447dfee0 3
acquire 92338914361156 92338914394750 0 647e447dfee0 2
present 92338914548819 92338914662451 0 647e447dfee0 2
acquire 92339220522368 92339220555263 0 647e447dfee0 3
present 92339220706050 92339220828691 0 647e447dfee0 3
acquire 92339523616578 92339523651778 0 647e447dfee0 2
present 92339523802704 92339523919269 0 647e447dfee0 2
acquire 92339827319592 92339827351091 0 647e447dfee0 3
present 92339827493078 92339827594068 0 647e447dfee0 3
acquire 92340130879782 92340130922036 0 647e447dfee0 2
present 92340131120245 92340131247845 0 647e447dfee0 2
acquire 92340436133968 92340436168749 0 647e447dfee0 3
present 92340436327218 92340436450209 0 647e447dfee0 3
acquire 92340740240315 92340740274188 0 647e447dfee0 2
present 92340740422321 92340740547546 0 647e447dfee0 2
acquire 92341041461107 92341041497355 0 647e447dfee0 3
present 92341041663018 92341041785938 0 647e447dfee0 3
acquire 92341345773696 92341345806382 0 647e447dfee0 2
present 92341345947111 92341346070940 0 647e447dfee0 2
acquire 92341652623612 92341652665656 0 647e447dfee0 3
present 92341652834043 92341652962341 0 647e447dfee0 3
acquire 92341957674211 92341957709132 0 647e447dfee0 2
present 92341957861735 92341957978160 0 647e447dfee0 2
acquire 92342261999651 92342262050076 0 647e447dfee0 3
present 92342262207149 92342262324063 0 647e447dfee0 3
acquire 92342569816308 92342569853463 0 647e447dfee0 2
present 92342570024504 92342570148542 0 647e447dfee0 2
acquire 92342872174463 92342872207358 0 647e447dfee0 3
present 92342872366735 92342872480507 0 647e447dfee0 3
acquire 92343175891726 92343175931745 0 647e447dfee0 2
present 92343176128557 92343176253014 0 647e447dfee0 2
acquire 92343483801621 92343483838288 0 647e447dfee0 3
present 92343484012053 92343484136021 0 647e447dfee0 3
acquire 92343787900357 92343787935557 0 647e447dfee0 2
present 92343788119309 92343788241950 0 647e447dfee0 2
acquire 92344092515149 92344092550977 0 647e447dfee0 3
present 92344092718246 92344092847103 0 647e447dfee0 3
acquire 92344392748458 92344392781354 0 647e447dfee0 2
present 92344392935912 92344393068121 0 647e447dfee0 2
acquire 92344694878513 92344694912526 0 647e447dfee0 3
present 92344695077071 92344695190354 0 647e447dfee0 3
acquire 92344995989167 92344996029745 0 647e447dfee0 2
present 92344996176760 92344996280684 0 647e447dfee0 2
acquire 92345296635587 92345296666527 0 647e447dfee0 3
present 92345296815708 92345296927942 0 647e447dfee0 3
