instance 90638091356377 90638104427987 0 pid 3833011
device 90638105270341 90638236336686 0
swapchain 90638236781644 90638293847940 0 63989e023ee0 900x560 mode 2 images 4
acquire 90638302434350 90638302450064 0 63989e023ee0 3
present 90638302647296 90638302899353 0 63989e023ee0 3
acquire 90638303114813 90638303129619 0 63989e023ee0 2
present 90638303202952 90638303288019 0 63989e023ee0 2
acquire 90650650978162 90650650992968 0 63989e023ee0 1
present 90650651117285 90650651244885 0 63989e023ee0 1
acquire 90651331681923 90651331697219 0 63989e023ee0 0
present 90651331804914 90651331922177 0 63989e023ee0 0
acquire 90651633235055 90651633269347 0 63989e023ee0 3
present 90651633394503 90651633506528 0 63989e023ee0 3
acquire 90651937227180 90651937260564 0 63989e023ee0 2
present 90651937395916 90651937510036 0 63989e023ee0 2
acquire 90652242150147 90652242176826 0 63989e023ee0 3
present 90652242273137 90652242373220 0 63989e023ee0 3
acquire 90652549232603 90652549292736 0 63989e023ee0 2
present 90652549535224 90652549707104 0 63989e023ee0 2
acquire 90652850910261 90652850947068 0 63989e023ee0 3
present 90652851082560 90652851195563 0 63989e023ee0 3
acquire 90653152444327 90653152486441 0 63989e023ee0 2
present 90653152663418 90653152797374 0 63989e023ee0 2
acquire 90653458334664 90653458367350 0 63989e023ee0 3
present 90653458501025 90653458604879 0 63989e023ee0 3
acquire 90653762387899 90653762421214 0 63989e023ee0 2
present 90653762585899 90653762723835 0 63989e023ee0 2
acquire 90654071019432 90654071048137 0 63989e023ee0 3
present 90654071147171 90654071250606 0 63989e023ee0 3
acquire 90654373853800 90654373884111 0 63989e023ee0 2
present 90654374029380 90654374165152 0 63989e023ee0 2
acquire 90654681352579 90654681378839 0 63989e023ee0 3
present 90654681503086 90654681613226 0 63989e023ee0 3
acquire 90654986742295 90654986772815 0 63989e023ee0 2
present 90654986912009 90654987072085 0 63989e023ee0 2
acquire 90655293961080 90655293992090 0 63989e023ee0 3
present 90655294108375 90655294213696 0 63989e023ee0 3
acquire 90655598327274 90655598359890 0 63989e023ee0 2
present 90655598516823 90655598625217 0 63989e023ee0 2
acquire 90655901290150 90655901317947 0 63989e023ee0 3
present 90655901414048 90655901516854 0 63989e023ee0 3
acquire 90656206182946 90656206224362 0 63989e023ee0 2
present 90656206397847 90656206535225 0 63989e023ee0 2
acquire 90656508557759 90656508584090 0 63989e023ee0 3
present 90656508686686 90656508790121 0 63989e023ee0 3
acquire 90656814177462 90656814204631 0 63989e023ee0 2
present 90656814346408 90656814452567 0 63989e023ee0 2
acquire 90657118207581 90657118241523 0 63989e023ee0 3
present 90657118388749 90657118510901 0 63989e023ee0 3
acquire 90657425191910 90657425225015 0 63989e023ee0 2
present 90657425356525 90657425476513 0 63989e023ee0 2
acquire 90657731107739 90657731137352 0 63989e023ee0 3
present 90657731278780 90657731388571 0 63989e023ee0 3
acquire 90658036953169 90658036987042 0 63989e023ee0 2
present 90658037140902 90658037263683 0 63989e023ee0 2
acquire 90658338895945 90658338926186 0 63989e023ee0 3
present 90658339079278 90658339193817 0 63989e023ee0 3
acquire 90658641177101 90658641207901 0 63989e023ee0 2
present 90658641351425 90658641476301 0 63989e023ee0 2
acquire 90658949531923 90658949567472 0 63989e023ee0 3
present 90658949720145 90658949830704 0 63989e023ee0 3
acquire 90659257476638 90659257507648 0 63989e023ee0 2
present 90659257642232 90659257765222 0 63989e023ee0 2
acquire 90659564439666 90659564473050 0 63989e023ee0 3
present 90659564609939 90659564737818 0 63989e023ee0 3
acquire 90659872874526 90659872902183 0 63989e023ee0 2
present 90659873052551 90659873155497 0 63989e023ee0 2
acquire 90660177427126 90660177470148 0 63989e023ee0 3
present 90660177633158 90660177753494 0 63989e023ee0 3
acquire 90660478171498 90660478204393 0 63989e023ee0 2
present 90660478336044 90660478457288 0 63989e023ee0 2
acquire 90660781218183 90660781248704 0 63989e023ee0 3
present 90660781379726 90660781497269 0 63989e023ee0 3
acquire 90661086020536 90661086053920 0 63989e023ee0 2
present 90661086193043 90661086309888 0 63989e023ee0 2
acquire 90661388670942 90661388705723 0 63989e023ee0 3
present 90661388862656 90661388967558 0 63989e023ee0 3
acquire 90661692574648 90661692609429 0 63989e023ee0 2
present 90661692757143 90661692873638 0 63989e023ee0 2
acquire 90662000192996 90662000223586 0 63989e023ee0 3
present 90662000357192 90662000478786 0 63989e023ee0 3
acquire 90662306153873 90662306184394 0 63989e023ee0 2
present 90662306317022 90662306441549 0 63989e023ee0 2
acquire 90662611206955 90662611239152 0 63989e023ee0 3
present 90662611392663 90662611517818 0 63989e023ee0 3
acquire 90662911540102 90662911572509 0 63989e023ee0 2
present 90662911736146 90662911864445 0 63989e023ee0 2
acquire 90663217731316 90663217770846 0 63989e023ee0 3
present 90663217937906 90663218075702 0 63989e023ee0 3
acquire 90663520823817 90663520853430 0 63989e023ee0 2
present 90663520995975 90663521119455 0 63989e023ee0 2
acquire 90663824577225 90663824605441 0 63989e023ee0 3
present 90663824716488 90663824819853 0 63989e023ee0 3
acquire 90664128031713 90664128088075 0 63989e023ee0 2
present 90664128229224 90664128349420 0 63989e023ee0 2
acquire 90664433280979 90664433313385 0 63989e023ee0 3
present 90664433467176 90664433566699 0 63989e023ee0 3
acquire 90664737344133 90664737374653 0 63989e023ee0 2
present 90664737506863 90664737616653 0 63989e023ee0 2
acquire 90665038565520 90665038593177 0 63989e023ee0 3
present 90665038741450 90665038854383 0 63989e023ee0 3
acquire 90665342899936 90665342931365 0 63989e023ee0 2
present 90665343108762 90665343221485 0 63989e023ee0 2
acquire 90665649328051 90665649354451 0 63989e023ee0 3
present 90665649482330 90665649620755 0 63989e023ee0 3
acquire 90665954605254 90665954640593 0 63989e023ee0 3
present 90665954783698 90665955059431 0 63989e023ee0 3
acquire 90666258804807 90666258831975 0 63989e023ee0 3
present 90666258952591 90666259207860 0 63989e023ee0 3
acquire 90666566689808 90666566718792 0 63989e023ee0 3
present 90666566858056 90666567225280 0 63989e023ee0 3
acquire 90666869153041 90666869194596 0 63989e023ee0 3
present 90666869341053 90666869531929 0 63989e023ee0 3
acquire 90667168076934 90667168114369 0 63989e023ee0 2
present 90667168368660 90667168489066 0 63989e023ee0 2
