instance 77349418222106 77349436425156 0 pid 1848669
device 77349584473528 77349688996893 0
swapchain 77349696865965 77349746721375 0 58a77f1c1c00 64x64 mode 2 images 3
swapchain 77349748151862 77349750427636 0 58a77ed82130 900x560 mode 2 images 3
acquire 77349782637888 77349782652554 0 58a77ed82130 2
present 77349782975011 77349783181741 0 58a77ed82130 2
acquire 77349791014636 77349791035728 0 58a77ed82130 1
present 77349791870539 77349792036342 1000001003 58a77ed82130 1
acquire 77349807455733 77349807472564 0 58a77ed82130 0
present 77349807929814 77349808056087 0 58a77ed82130 0
acquire 77361822565901 77361822602567 0 58a77ed82130 2
present 77361822957011 77361823084611 0 58a77ed82130 2
acquire 77362122627179 77362122662169 0 58a77ed82130 1
present 77362123043013 77362123162790 0 58a77ed82130 1
acquire 77362806439971 77362806476637 0 58a77ed82130 2
present 77362806862021 77362806971392 0 58a77ed82130 2
acquire 77363106861070 77363106892987 0 58a77ed82130 1
present 77363107251552 77363107380129 0 58a77ed82130 1
acquire 77363415120442 77363415154804 0 58a77ed82130 2
present 77363415568613 77363415680708 0 58a77ed82130 2
acquire 77363715445510 77363715489370 0 58a77ed82130 1
present 77363715786544 77363715896614 0 58a77ed82130 1
acquire 77364023779821 77364023814602 0 58a77ed82130 2
present 77364024182525 77364024296925 0 58a77ed82130 2
acquire 77364324077302 77364324110686 0 58a77ed82130 1
present 77364324417149 77364324533993 0 58a77ed82130 1
acquire 77364624125449 77364624167843 0 58a77ed82130 2
present 77364624492674 77364624594153 0 58a77ed82130 2
acquire 77364932702180 77364932735983 0 58a77ed82130 1
present 77364933037627 77364933141271 0 58a77ed82130 1
acquire 77365232724905 77365232761152 0 58a77ed82130 2
present 77365233109939 77365233215050 0 58a77ed82130 2
acquire 77365541392917 77365541426371 0 58a77ed82130 1
present 77365541723266 77365541849469 0 58a77ed82130 1
acquire 77365849791972 77365849825984 0 58a77ed82130 2
present 77365850163317 77365850277158 0 58a77ed82130 2
acquire 77366150101186 77366150132195 0 58a77ed82130 1
present 77366150426436 77366150542651 0 58a77ed82130 1
acquire 77366458413008 77366458446392 0 58a77ed82130 2
present 77366458750690 77366458852658 0 58a77ed82130 2
acquire 77366767080742 77366767113148 0 58a77ed82130 1
present 77366767393909 77366767503769 0 58a77ed82130 1
acquire 77367075480913 77367075517580 0 58a77ed82130 2
present 77367075875725 77367075999624 0 58a77ed82130 2
acquire 77367375762540 77367375798368 0 58a77ed82130 1
present 77367376130323 77367376249333 0 58a77ed82130 1
acquire 77367675800071 77367675834363 0 58a77ed82130 2
present 77367676198445 77367676318153 0 58a77ed82130 2
acquire 77367984535271 77367984571449 0 58a77ed82130 1
present 77367984892229 77367984995245 0 58a77ed82130 1
acquire 77368284457216 77368284491647 0 58a77ed82130 2
present 77368284828631 77368284949596 0 58a77ed82130 2
acquire 77368593202123 77368593237882 0 58a77ed82130 1
present 77368593541551 77368593660630 0 58a77ed82130 1
acquire 77368901514016 77368901550333 0 58a77ed82130 2
present 77368901894441 77368902029793 0 58a77ed82130 2
acquire 77369201742912 77369201776296 0 58a77ed82130 1
present 77369202082061 77369202180746 0 58a77ed82130 1
acquire 77369510219839 77369510253293 0 58a77ed82130 2
present 77369510573445 77369510684283 0 58a77ed82130 2
acquire 77369810353822 77369810385809 0 58a77ed82130 1
present 77369810739973 77369810868970 0 58a77ed82130 1
acquire 77370110498001 77370110532293 0 58a77ed82130 2
present 77370110868648 77370110965447 0 58a77ed82130 2
acquire 77370419156305 77370419189619 0 58a77ed82130 1
present 77370419548324 77370419674806 0 58a77ed82130 1
acquire 77370727469315 77370727498648 0 58a77ed82130 2
present 77370727798267 77370727900305 0 58a77ed82130 2
acquire 77371036077474 77371036109671 0 58a77ed82130 1
present 77371036425003 77371036543733 0 58a77ed82130 1
acquire 77371344473106 77371344503207 0 58a77ed82130 2
present 77371344831740 77371344935873 0 58a77ed82130 2
acquire 77371653066039 77371653096071 0 58a77ed82130 1
present 77371653409658 77371653515677 0 58a77ed82130 1
acquire 77371953241158 77371953279291 0 58a77ed82130 2
present 77371953623259 77371953734236 0 58a77ed82130 2
acquire 77372253430035 77372253467121 0 58a77ed82130 1
present 77372253801171 77372253929050 0 58a77ed82130 1
acquire 77372561889711 77372561924073 0 58a77ed82130 2
present 77372562257285 77372562368682 0 58a77ed82130 2
acquire 77372862115255 77372862154227 0 58a77ed82130 1
present 77372862496169 77372862617832 0 58a77ed82130 1
acquire 77373162172831 77373162205726 0 58a77ed82130 2
present 77373162514145 77373162615834 0 58a77ed82130 2
acquire 77373470793701 77373470844196 0 58a77ed82130 1
present 77373471216519 77373471331827 0 58a77ed82130 1
acquire 77373779239689 77373779274958 0 58a77ed82130 2
present 77373779690024 77373779810919 0 58a77ed82130 2
acquire 77374087877390 77374087911053 0 58a77ed82130 1
present 77374088283307 77374088401059 0 58a77ed82130 1
acquire 77374387931544 77374387965906 0 58a77ed82130 2
present 77374388317975 77374388437543 0 58a77ed82130 2
acquire 77374688090319 77374688117976 0 58a77ed82130 1
present 77374688405932 77374688503570 0 58a77ed82130 1
acquire 77374996644421 77374996677386 0 58a77ed82130 2
present 77374997014509 77374997141061 0 58a77ed82130 2
acquire 77375296773794 77375296809413 0 58a77ed82130 1
present 77375297167558 77375297284263 0 58a77ed82130 1
acquire 77375605220968 77375605253444 0 58a77ed82130 2
present 77375605587634 77375605733812 0 58a77ed82130 2
acquire 77375905440296 77375905474658 0 58a77ed82130 1
present 77375905800467 77375905909838 0 58a77ed82130 1
acquire 77376213945300 77376213996423 0 58a77ed82130 2
present 77376214374054 77376214512410 0 58a77ed82130 2
acquire 77376514160158 77376514197313 0 58a77ed82130 1
present 77376514529967 77376514651490 0 58a77ed82130 1
acquire 77376814242388 77376814275492 0 58a77ed82130 2
present 77376814593758 77376814695796 0 58a77ed82130 2
acquire 77377122811086 77377122847194 0 58a77ed82130 1
present 77377123258069 77377123384272 0 58a77ed82130 1
acquire 77377431316648 77377431354851 0 58a77ed82130 2
present 77377431694419 77377431814615 0 58a77ed82130 2
acquire 77377731482547 77377731521798 0 58a77ed82130 1
present 77377731858712 77377731977581 0 58a77ed82130 1
acquire 77378039965830 77378039999004 0 58a77ed82130 2
present 77378040336617 77378040446477 0 58a77ed82130 2
acquire 77378340110777 77378340141786 0 58a77ed82130 1
present 77378340470110 77378340571310 0 58a77ed82130 1
acquire 77378648563958 77378648592593 0 58a77ed82130 2
present 77378648901780 77378649017018 0 58a77ed82130 2
acquire 77378957156053 77378957188459 0 58a77ed82130 1
present 77378957514688 77378957628319 0 58a77ed82130 1
acquire 77379257313781 77379257348632 0 58a77ed82130 2
present 77379257676047 77379257786326 0 58a77ed82130 2
acquire 77379565797832 77379565827445 0 58a77ed82130 1
present 77379566133908 77379566234130 0 58a77ed82130 1
acquire 77379865950671 77379865983566 0 58a77ed82130 2
present 77379866316848 77379866417140 0 58a77ed82130 2
acquire 77380166183688 77380166219866 0 58a77ed82130 1
present 77380166553078 77380166662240 0 58a77ed82130 1
acquire 77380466280934 77380466314807 0 58a77ed82130 2
present 77380466630558 77380466727847 0 58a77ed82130 2
acquire 77380766479728 77380766513601 0 58a77ed82130 1
present 77380766847163 77380766955626 0 58a77ed82130 1
swapchain 77381791381355 77381794039649 0 58a77f8019d0 1100x700 mode 2 images 3
acquire 77381799309932 77381799320548 0 58a77f8019d0 2
present 77381800486965 77381800595708 0 58a77f8019d0 2
swapchain 77383307460389 77383310264721 0 58a77f5c8c30 640x760 mode 2 images 3
acquire 77383313328582 77383313338709 0 58a77f5c8c30 2
present 77383313564366 77383313671433 0 58a77f5c8c30 2
swapchain 77384815821416 77384818520079 0 58a77f7013c0 1280x480 mode 2 images 3
acquire 77384821426309 77384821436785 0 58a77f7013c0 2
present 77384822743583 77384822862732 0 58a77f7013c0 2
swapchain 77386329390429 77386333108283 0 58a77f868760 760x560 mode 2 images 3
acquire 77386336070037 77386336080653 0 58a77f868760 2
present 77386336304913 77386336413935 0 58a77f868760 2
swapchain 77387837104587 77387840150360 0 58a77f7013c0 900x560 mode 2 images 3
acquire 77387843366056 77387843375624 0 58a77f7013c0 2
present 77387843613713 77387843721897 0 58a77f7013c0 2
