instance 314086330192115 314086343599518 0 pid 1946008
device 314086344320977 314086455819560 0
swapchain 314086456205572 314086511617042 0 62fd04adceb0 900x560 mode 2 images 4
acquire 314086519459853 314086519470958 0 62fd04adceb0 3
present 314086519709186 314086519916754 0 62fd04adceb0 3
acquire 314086520052246 314086520061185 0 62fd04adceb0 2
present 314086520109026 314086520168601 0 62fd04adceb0 2
acquire 314098875421266 314098875434954 0 62fd04adceb0 1
present 314098875543418 314098875659214 0 62fd04adceb0 1
acquire 314099556641467 314099556657809 0 62fd04adceb0 0
present 314099556776539 314099556900996 0 62fd04adceb0 0
acquire 314099857901009 314099857937117 0 62fd04adceb0 3
present 314099858212361 314099858342056 0 62fd04adceb0 3
acquire 314100162219035 314100162254375 0 62fd04adceb0 2
present 314100162405092 314100162513974 0 62fd04adceb0 2
acquire 314100466756362 314100466788280 0 62fd04adceb0 3
present 314100466961276 314100467094114 0 62fd04adceb0 3
acquire 314100774040891 314100774074694 0 62fd04adceb0 2
present 314100774231627 314100774354268 0 62fd04adceb0 2
acquire 314101075179050 314101075217532 0 62fd04adceb0 3
present 314101075394719 314101075635532 0 62fd04adceb0 3
acquire 314101377134001 314101377163963 0 62fd04adceb0 2
present 314101377319499 314101377435366 0 62fd04adceb0 2
acquire 314101682446216 314101682480578 0 62fd04adceb0 3
present 314101682647498 314101682773282 0 62fd04adceb0 3
acquire 314101987152629 314101987183639 0 62fd04adceb0 2
present 314101987319969 314101987435486 0 62fd04adceb0 2
acquire 314102293959654 314102293990664 0 62fd04adceb0 3
present 314102294149273 314102294265209 0 62fd04adceb0 3
acquire 314102598619344 314102598649794 0 62fd04adceb0 2
present 314102598791991 314102598913584 0 62fd04adceb0 2
acquire 314102905013957 314102905042941 0 62fd04adceb0 3
present 314102905198966 314102905325309 0 62fd04adceb0 3
acquire 314103211466468 314103211497687 0 62fd04adceb0 2
present 314103211636741 314103211763223 0 62fd04adceb0 2
acquire 314103518026745 314103518057755 0 62fd04adceb0 3
present 314103518212243 314103518342008 0 62fd04adceb0 3
acquire 314103822998555 314103823060574 0 62fd04adceb0 2
present 314103823212129 314103823337075 0 62fd04adceb0 2
acquire 314104125322966 314104125356839 0 62fd04adceb0 3
present 314104125523830 314104125646401 0 62fd04adceb0 3
acquire 314104430516801 314104430549208 0 62fd04adceb0 2
present 314104430706769 314104430831226 0 62fd04adceb0 2
acquire 314104731681361 314104731709018 0 62fd04adceb0 3
present 314104731840180 314104731949621 0 62fd04adceb0 3
acquire 314105038564863 314105038597269 0 62fd04adceb0 2
present 314105038736882 314105038850304 0 62fd04adceb0 2
acquire 314105342551145 314105342585437 0 62fd04adceb0 3
present 314105342744605 314105342866687 0 62fd04adceb0 3
acquire 314105649536615 314105649575097 0 62fd04adceb0 2
present 314105649726653 314105649851319 0 62fd04adceb0 2
acquire 314105955500099 314105955532785 0 62fd04adceb0 3
present 314105955685248 314105955826537 0 62fd04adceb0 3
acquire 314106261292334 314106261319502 0 62fd04adceb0 2
present 314106261455413 314106261565343 0 62fd04adceb0 2
acquire 314106563219769 314106563246378 0 62fd04adceb0 3
present 314106563388296 314106563493826 0 62fd04adceb0 3
acquire 314106865444378 314106865474829 0 62fd04adceb0 2
present 314106865616327 314106865728352 0 62fd04adceb0 2
acquire 314107173837217 314107173864036 0 62fd04adceb0 3
present 314107174021668 314107174151223 0 62fd04adceb0 3
acquire 314107481802768 314107481837060 0 62fd04adceb0 2
present 314107481988336 314107482116704 0 62fd04adceb0 2
acquire 314107788689134 314107788719236 0 62fd04adceb0 3
present 314107788871140 314107788990988 0 62fd04adceb0 3
acquire 314108097234367 314108097267192 0 62fd04adceb0 2
present 314108097391929 314108097494805 0 62fd04adceb0 2
acquire 314108401731817 314108401763106 0 62fd04adceb0 3
present 314108401935683 314108402073829 0 62fd04adceb0 3
acquire 314108702542144 314108702572664 0 62fd04adceb0 2
present 314108702716258 314108702835965 0 62fd04adceb0 2
acquire 314109005525857 314109005553514 0 62fd04adceb0 3
present 314109005692707 314109005800193 0 62fd04adceb0 3
acquire 314109310396259 314109310427478 0 62fd04adceb0 2
present 314109310585109 314109310701744 0 62fd04adceb0 2
acquire 314109612988512 314109613032931 0 62fd04adceb0 3
present 314109613183160 314109613294556 0 62fd04adceb0 3
acquire 314109916915500 314109916943297 0 62fd04adceb0 2
present 314109917088078 314109917190395 0 62fd04adceb0 2
acquire 314110224454393 314110224485821 0 62fd04adceb0 3
present 314110224639891 314110224758341 0 62fd04adceb0 3
acquire 314110530530113 314110530564475 0 62fd04adceb0 2
present 314110530713237 314110530840627 0 62fd04adceb0 2
acquire 314110835548229 314110835584267 0 62fd04adceb0 3
present 314110835722972 314110835832273 0 62fd04adceb0 3
acquire 314111135851649 314111135887408 0 62fd04adceb0 2
present 314111136051744 314111136163001 0 62fd04adceb0 2
acquire 314111441977097 314111442014811 0 62fd04adceb0 3
present 314111442156309 314111442256392 0 62fd04adceb0 3
acquire 314111745182626 314111745211261 0 62fd04adceb0 2
present 314111745347940 314111745457521 0 62fd04adceb0 2
acquire 314112048932707 314112048978872 0 62fd04adceb0 3
present 314112049210815 314112049338694 0 62fd04adceb0 3
acquire 314112352351462 314112352385335 0 62fd04adceb0 2
present 314112352542547 314112352660718 0 62fd04adceb0 2
acquire 314112657435648 314112657466169 0 62fd04adceb0 3
present 314112657605362 314112657720670 0 62fd04adceb0 3
acquire 314112961743760 314112961774769 0 62fd04adceb0 2
present 314112961922483 314112962065378 0 62fd04adceb0 2
acquire 314113262919077 314113262951972 0 62fd04adceb0 3
present 314113263125178 314113263246842 0 62fd04adceb0 3
acquire 314113567268395 314113567297519 0 62fd04adceb0 2
present 314113567433011 314113567543709 0 62fd04adceb0 2
acquire 314113873721119 314113873751151 0 62fd04adceb0 3
present 314113873880008 314113873992522 0 62fd04adceb0 3
acquire 314114178917471 314114178951344 0 62fd04adceb0 2
present 314114179122035 314114179247959 0 62fd04adceb0 2
acquire 314114483243322 314114483275729 0 62fd04adceb0 3
present 314114483424560 314114483554604 0 62fd04adceb0 3
acquire 314114790990203 314114791064514 0 62fd04adceb0 2
present 314114791198329 314114791319224 0 62fd04adceb0 2
acquire 314115093322788 314115093355893 0 62fd04adceb0 3
present 314115093519461 314115093640705 0 62fd04adceb0 3
acquire 314115396975651 314115397023911 0 62fd04adceb0 2
present 314115397174698 314115397292870 0 62fd04adceb0 2
acquire 314115704973820 314115705016144 0 62fd04adceb0 3
present 314115705164626 314115705292785 0 62fd04adceb0 3
acquire 314116009313082 314116009346885 0 62fd04adceb0 2
present 314116009498021 314116009632395 0 62fd04adceb0 2
acquire 314116313615886 314116313648782 0 62fd04adceb0 3
present 314116313798870 314116313923606 0 62fd04adceb0 3
acquire 314116613951016 314116613978533 0 62fd04adceb0 2
present 314116614121289 314116614222768 0 62fd04adceb0 2
acquire 314116916114447 314116916148320 0 62fd04adceb0 3
present 314116916284789 314116916391507 0 62fd04adceb0 3
acquire 314117217224115 314117217255543 0 62fd04adceb0 2
present 314117217399206 314117217510603 0 62fd04adceb0 2
acquire 314117517834768 314117517862914 0 62fd04adceb0 3
present 314117517997986 314117518138646 0 62fd04adceb0 3
