instance 75958627489658 75958643416031 0 pid 1646918
device 75958644168220 75958769484040 0
swapchain 75958769926973 75958821160717 0 6382d3c1deb0 900x560 mode 2 images 4
acquire 75958842618651 75958842635902 0 6382d3c1deb0 3
present 75958851545471 75958851820715 0 6382d3c1deb0 3
acquire 75958864754743 75958864775067 0 6382d3c1deb0 2
present 75958873932503 75958874123798 1000001003 6382d3c1deb0 2
swapchain 75958874789733 75958878808814 0 6382d3d92f80 900x560 mode 2 images 4
acquire 75958892425260 75958892443209 0 6382d3d92f80 3
present 75958899583073 75958899711650 0 6382d3d92f80 3
acquire 75971205915586 75971205930183 0 6382d3d92f80 2
present 75971215311111 75971215467695 0 6382d3d92f80 2
acquire 75971887107268 75971887121446 0 6382d3d92f80 1
present 75971897375388 75971897504036 0 6382d3d92f80 1
acquire 75972189680628 75972189695994 0 6382d3d92f80 0
present 75972195972411 75972196128296 0 6382d3d92f80 0
acquire 75972488887155 75972488918583 0 6382d3d92f80 3
present 75972495695552 75972495852835 0 6382d3d92f80 3
acquire 75972792774576 75972792810405 0 6382d3d92f80 2
present 75972799643596 75972799796967 0 6382d3d92f80 2
acquire 75973090894304 75973090922241 0 6382d3d92f80 3
present 75973098032492 75973098146263 0 6382d3d92f80 3
acquire 75973392869474 75973392907118 0 6382d3d92f80 2
present 75973399798627 75973399937611 0 6382d3d92f80 2
acquire 75973692400622 75973692429187 0 6382d3d92f80 3
present 75973699533013 75973699660822 0 6382d3d92f80 3
acquire 75973995576292 75973995610584 0 6382d3d92f80 2
present 75974003057400 75974003223971 0 6382d3d92f80 2
acquire 75974294108501 75974294138114 0 6382d3d92f80 3
present 75974301389793 75974301521933 0 6382d3d92f80 3
acquire 75974598088741 75974598118773 0 6382d3d92f80 2
present 75974604923260 75974605052536 0 6382d3d92f80 2
acquire 75974897219210 75974897247915 0 6382d3d92f80 3
present 75974904473404 75974904609385 0 6382d3d92f80 3
acquire 75975198770374 75975198797053 0 6382d3d92f80 2
present 75975206531266 75975206703075 0 6382d3d92f80 2
acquire 75975497012882 75975497046475 0 6382d3d92f80 3
present 75975506527625 75975506645447 0 6382d3d92f80 3
acquire 75975801133712 75975801166398 0 6382d3d92f80 2
present 75975808588909 75975808717207 0 6382d3d92f80 2
acquire 75976098804500 75976098834532 0 6382d3d92f80 3
present 75976106480814 75976106601918 0 6382d3d92f80 3
acquire 75976401340494 75976401366824 0 6382d3d92f80 2
present 75976409035875 75976409191201 0 6382d3d92f80 2
acquire 75976700611064 75976700640676 0 6382d3d92f80 3
present 75976708168019 75976708292616 0 6382d3d92f80 3
acquire 75977003610384 75977003642302 0 6382d3d92f80 2
present 75977010657918 75977010776508 0 6382d3d92f80 2
acquire 75977302425100 75977302455621 0 6382d3d92f80 3
present 75977310420588 75977310552030 0 6382d3d92f80 3
acquire 75977602995484 75977603046398 0 6382d3d92f80 2
present 75977610639322 75977610757982 0 6382d3d92f80 2
acquire 75977902734967 75977902764440 0 6382d3d92f80 3
present 75977910414075 75977910534760 0 6382d3d92f80 3
acquire 75978203646804 75978203679211 0 6382d3d92f80 2
present 75978211057931 75978211204807 0 6382d3d92f80 2
acquire 75978504868247 75978504951777 0 6382d3d92f80 3
present 75978513312465 75978513458782 0 6382d3d92f80 3
acquire 75978803764188 75978803795198 0 6382d3d92f80 2
present 75978811634870 75978811767429 0 6382d3d92f80 2
acquire 75979103392414 75979103420979 0 6382d3d92f80 3
present 75979111689407 75979111821896 0 6382d3d92f80 3
acquire 75979404336378 75979404367388 0 6382d3d92f80 2
present 75979412283047 75979412406526 0 6382d3d92f80 2
acquire 75979703716738 75979703746769 0 6382d3d92f80 3
present 75979711733527 75979711854282 0 6382d3d92f80 3
acquire 75980004860796 75980004891876 0 6382d3d92f80 2
present 75980013135439 75980013255846 0 6382d3d92f80 2
acquire 75980303996153 75980304037568 0 6382d3d92f80 3
present 75980312258434 75980312389665 0 6382d3d92f80 3
acquire 75980604791494 75980604819291 0 6382d3d92f80 2
present 75980612884899 75980613036664 0 6382d3d92f80 2
acquire 75980904206494 75980904234361 0 6382d3d92f80 3
present 75980913174591 75980913314902 0 6382d3d92f80 3
acquire 75981204692998 75981204721493 0 6382d3d92f80 2
present 75981212859388 75981213014295 0 6382d3d92f80 2
acquire 75981505343419 75981505371914 0 6382d3d92f80 3
present 75981513549897 75981513664995 0 6382d3d92f80 3
acquire 75981807957215 75981807988644 0 6382d3d92f80 2
present 75981816231439 75981816350029 0 6382d3d92f80 2
acquire 75982105970363 75982105999696 0 6382d3d92f80 3
present 75982114639469 75982114754148 0 6382d3d92f80 3
acquire 75982405612556 75982405640912 0 6382d3d92f80 2
present 75982413946215 75982414077447 0 6382d3d92f80 2
acquire 75982705789244 75982705820254 0 6382d3d92f80 3
present 75982714911969 75982715051861 0 6382d3d92f80 3
acquire 75983006295652 75983006325684 0 6382d3d92f80 2
present 75983014487464 75983014603400 0 6382d3d92f80 2
acquire 75983306015020 75983306049801 0 6382d3d92f80 3
present 75983314829745 75983314942469 0 6382d3d92f80 3
acquire 75983608217241 75983608246854 0 6382d3d92f80 2
present 75983616558862 75983616676126 0 6382d3d92f80 2
acquire 75983906162853 75983906190370 0 6382d3d92f80 3
present 75983914492112 75983914612238 0 6382d3d92f80 3
acquire 75984207869830 75984207903145 0 6382d3d92f80 2
present 75984216444232 75984216562054 0 6382d3d92f80 2
acquire 75984507066227 75984507093465 0 6382d3d92f80 3
present 75984515781358 75984515895828 0 6382d3d92f80 3
acquire 75984806247817 75984806277849 0 6382d3d92f80 2
present 75984814655648 75984814771095 0 6382d3d92f80 2
acquire 75985106379737 75985106407394 0 6382d3d92f80 3
present 75985115146411 75985115276595 0 6382d3d92f80 3
acquire 75985406931052 75985406960665 0 6382d3d92f80 2
present 75985415518863 75985415643320 0 6382d3d92f80 2
acquire 75985707085669 75985707113885 0 6382d3d92f80 3
present 75985715626757 75985715744229 0 6382d3d92f80 3
acquire 75986007854400 75986007888972 0 6382d3d92f80 2
present 75986017265848 75986017391073 0 6382d3d92f80 2
acquire 75986307782173 75986307811018 0 6382d3d92f80 3
present 75986316375362 75986316493254 0 6382d3d92f80 3
acquire 75986607755762 75986607784327 0 6382d3d92f80 2
present 75986616425776 75986616554563 0 6382d3d92f80 2
acquire 75986907623542 75986907652596 0 6382d3d92f80 3
present 75986916322679 75986916442317 0 6382d3d92f80 3
acquire 75987208000114 75987208039016 0 6382d3d92f80 2
present 75987216412274 75987216530655 0 6382d3d92f80 2
acquire 75987507480764 75987507516033 0 6382d3d92f80 3
present 75987515844594 75987515961159 0 6382d3d92f80 3
acquire 75987813847684 75987813880160 0 6382d3d92f80 2
present 75987822554993 75987822670091 0 6382d3d92f80 2
acquire 75988107743623 75988107772467 0 6382d3d92f80 3
present 75988116417548 75988116538164 0 6382d3d92f80 3
acquire 75988407864437 75988407892024 0 6382d3d92f80 2
present 75988416763250 75988416876393 0 6382d3d92f80 2
acquire 75988708468202 75988708498723 0 6382d3d92f80 3
present 75988717332724 75988717454806 0 6382d3d92f80 3
acquire 75989010544289 75989010572016 0 6382d3d92f80 2
present 75989020409565 75989020524524 0 6382d3d92f80 2
acquire 75989308948127 75989308977251 0 6382d3d92f80 3
present 75989317564503 75989317683094 0 6382d3d92f80 3
acquire 75989608726230 75989608756262 0 6382d3d92f80 2
present 75989617128473 75989617264733 0 6382d3d92f80 2
