instance 91219401621068 91219422730487 0 pid 3927362
device 91219423445311 91219567447085 0
swapchain 91219567863199 91219618896689 0 64f7f0430e30 900x560 mode 2 images 4
acquire 91219627113710 91219627126631 0 64f7f0430e30 3
present 91219627289151 91219627470180 0 64f7f0430e30 3
acquire 91219627669506 91219627678097 0 64f7f0430e30 2
present 91219627723494 91219627783487 0 64f7f0430e30 2
acquire 91231955935762 91231955951476 0 64f7f0430e30 1
present 91231956119025 91231956263946 0 64f7f0430e30 1
acquire 91232637023206 91232637039828 0 64f7f0430e30 0
present 91232637152831 91232637281758 0 64f7f0430e30 0
acquire 91232940929725 91232940961224 0 64f7f0430e30 3
present 91232941094830 91232941201687 0 64f7f0430e30 3
acquire 91233242578629 91233242618299 0 64f7f0430e30 2
present 91233242761264 91233242856038 0 64f7f0430e30 2
acquire 91233547810385 91233547839927 0 64f7f0430e30 3
present 91233547947133 91233548074314 0 64f7f0430e30 3
acquire 91233854324912 91233854352499 0 64f7f0430e30 2
present 91233854487572 91233854592543 0 64f7f0430e30 2
acquire 91234156727332 91234156757364 0 64f7f0430e30 3
present 91234156890411 91234157012563 0 64f7f0430e30 3
acquire 91234457416200 91234457449584 0 64f7f0430e30 2
present 91234457592339 91234457719729 0 64f7f0430e30 2
acquire 91234763352163 91234763383103 0 64f7f0430e30 3
present 91234763513147 91234763646125 0 64f7f0430e30 3
acquire 91235067403673 91235067438034 0 64f7f0430e30 2
present 91235067585748 91235067713558 0 64f7f0430e30 2
acquire 91235374881729 91235374911760 0 64f7f0430e30 3
present 91235375031049 91235375138674 0 64f7f0430e30 3
acquire 91235678883442 91235678915918 0 64f7f0430e30 2
present 91235679069848 91235679190044 0 64f7f0430e30 2
acquire 91235987788632 91235987817616 0 64f7f0430e30 3
present 91235987951362 91235988095235 0 64f7f0430e30 3
acquire 91236291722389 91236291755075 0 64f7f0430e30 2
present 91236291896084 91236292030179 0 64f7f0430e30 2
acquire 91236598986871 91236599036877 0 64f7f0430e30 3
present 91236599143315 91236599255061 0 64f7f0430e30 3
acquire 91236903259498 91236903293790 0 64f7f0430e30 2
present 91236903436196 91236903561351 0 64f7f0430e30 2
acquire 91237207695692 91237207726213 0 64f7f0430e30 3
present 91237207828949 91237207943140 0 64f7f0430e30 3
acquire 91237510678423 91237510709921 0 64f7f0430e30 2
present 91237510856238 91237510976505 0 64f7f0430e30 2
acquire 91237812595587 91237812623314 0 64f7f0430e30 3
present 91237812723955 91237812822640 0 64f7f0430e30 3
acquire 91238118798413 91238118827956 0 64f7f0430e30 2
present 91238118955346 91238119090349 0 64f7f0430e30 2
acquire 91238424835018 91238424867284 0 64f7f0430e30 3
present 91238424980567 91238425110332 0 64f7f0430e30 3
acquire 91238729660507 91238729692494 0 64f7f0430e30 2
present 91238729841186 91238729956494 0 64f7f0430e30 2
acquire 91239035667709 91239035702909 0 64f7f0430e30 3
present 91239035860889 91239035994356 0 64f7f0430e30 3
acquire 91239341383323 91239341415799 0 64f7f0430e30 2
present 91239341576085 91239341694326 0 64f7f0430e30 2
acquire 91239643395960 91239643427877 0 64f7f0430e30 3
present 91239643564976 91239643679306 0 64f7f0430e30 3
acquire 91239945720996 91239945768139 0 64f7f0430e30 2
present 91239945977663 91239946148075 0 64f7f0430e30 2
acquire 91240254158041 91240254200505 0 64f7f0430e30 3
present 91240254378181 91240254508225 0 64f7f0430e30 3
acquire 91240561946123 91240561977551 0 64f7f0430e30 2
present 91240562120726 91240562229538 0 64f7f0430e30 2
acquire 91240869024199 91240869057094 0 64f7f0430e30 3
present 91240869192236 91240869301747 0 64f7f0430e30 3
acquire 91241177426323 91241177458241 0 64f7f0430e30 2
present 91241177630259 91241177750456 0 64f7f0430e30 2
acquire 91241481957711 91241481992772 0 64f7f0430e30 3
present 91241482156130 91241482275349 0 64f7f0430e30 3
acquire 91241782621087 91241782651608 0 64f7f0430e30 2
present 91241782800718 91241782926712 0 64f7f0430e30 2
acquire 91242085724014 91242085757258 0 64f7f0430e30 3
present 91242085908953 91242086044445 0 64f7f0430e30 3
acquire 91242390437757 91242390466322 0 64f7f0430e30 2
present 91242390581281 91242390685274 0 64f7f0430e30 2
acquire 91242693230310 91242693276336 0 64f7f0430e30 3
present 91242693508767 91242693674291 0 64f7f0430e30 3
acquire 91242997309337 91242997339718 0 64f7f0430e30 2
present 91242997490156 91242997617686 0 64f7f0430e30 2
acquire 91243304954105 91243304987489 0 64f7f0430e30 3
present 91243305212657 91243305334320 0 64f7f0430e30 3
acquire 91243610783770 91243610815757 0 64f7f0430e30 2
present 91243610952297 91243611087649 0 64f7f0430e30 2
acquire 91243915933392 91243915973062 0 64f7f0430e30 3
present 91243916146687 91243916262204 0 64f7f0430e30 3
acquire 91244216314889 91244216356584 0 64f7f0430e30 2
present 91244216570647 91244216714310 0 64f7f0430e30 2
acquire 91244522460725 91244522499627 0 64f7f0430e30 3
present 91244522674090 91244522808185 0 64f7f0430e30 3
acquire 91244825725125 91244825775620 0 64f7f0430e30 2
present 91244826031309 91244826210661 0 64f7f0430e30 2
acquire 91245129494826 91245129531562 0 64f7f0430e30 3
present 91245129711543 91245129850736 0 64f7f0430e30 3
acquire 91245432812095 91245432851136 0 64f7f0430e30 2
present 91245433042990 91245433164584 0 64f7f0430e30 2
acquire 91245738316091 91245738361418 0 64f7f0430e30 3
present 91245738597900 91245738771945 0 64f7f0430e30 3
acquire 91246042270522 91246042298877 0 64f7f0430e30 2
present 91246042420680 91246042527677 0 64f7f0430e30 2
acquire 91246343542703 91246343575109 0 64f7f0430e30 3
present 91246343708226 91246343820461 0 64f7f0430e30 3
acquire 91246647828041 91246647865755 0 64f7f0430e30 2
present 91246648032815 91246648162091 0 64f7f0430e30 2
acquire 91246954388105 91246954419952 0 64f7f0430e30 3
present 91246954560054 91246954678504 0 64f7f0430e30 3
acquire 91247259590737 91247259629009 0 64f7f0430e30 2
present 91247259801098 91247259940990 0 64f7f0430e30 2
acquire 91247563885713 91247563916722 0 64f7f0430e30 3
present 91247564073725 91247564186309 0 64f7f0430e30 3
acquire 91247871637965 91247871670372 0 64f7f0430e30 2
present 91247871814943 91247871932416 0 64f7f0430e30 2
acquire 91248174094163 91248174127268 0 64f7f0430e30 3
present 91248174278474 91248174393014 0 64f7f0430e30 3
acquire 91248477699667 91248477736264 0 64f7f0430e30 2
present 91248477872524 91248477986854 0 64f7f0430e30 2
acquire 91248785679463 91248785716199 0 64f7f0430e30 3
present 91248785898974 91248786048783 0 64f7f0430e30 3
acquire 91249089745918 91249089779303 0 64f7f0430e30 2
present 91249089925969 91249090056502 0 64f7f0430e30 2
acquire 91249394414126 91249394446602 0 64f7f0430e30 3
present 91249394600322 91249394710462 0 64f7f0430e30 3
acquire 91249694626397 91249694660200 0 64f7f0430e30 2
present 91249694816295 91249694934536 0 64f7f0430e30 2
acquire 91249997057941 91249997094678 0 64f7f0430e30 3
present 91249997281643 91249997408754 0 64f7f0430e30 3
acquire 91250297935729 91250297967577 0 64f7f0430e30 2
present 91250298156148 91250298294364 0 64f7f0430e30 2
acquire 91250598645829 91250598681378 0 64f7f0430e30 3
present 91250598843340 91250598961581 0 64f7f0430e30 3
swapchain 91251614339660 91251617738061 0 64f7f05c74d0 1100x700 mode 2 images 4
acquire 91251618779043 91251618787424 0 64f7f05c74d0 3
present 91251618899449 91251619018528 0 64f7f05c74d0 3
acquire 91251619177557 91251619185658 0 64f7f05c74d0 2
present 91251619236642 91251619313747 0 64f7f05c74d0 2
swapchain 91253123138790 91253126962314 0 64f7f0430e30 640x760 mode 2 images 4
acquire 91253128372546 91253128383022 0 64f7f0430e30 3
present 91253128518933 91253128635428 0 64f7f0430e30 3
swapchain 91254630197199 91254633925739 0 64f7f05c74d0 1280x480 mode 2 images 4
acquire 91254635127286 91254635137692 0 64f7f05c74d0 3
present 91254635250136 91254635360276 0 64f7f05c74d0 3
swapchain 91256139613236 91256143610524 0 64f7f0430e30 760x560 mode 2 images 4
acquire 91256144746700 91256144760040 0 64f7f0430e30 3
present 91256144903633 91256145041849 0 64f7f0430e30 3
acquire 91256145230071 91256145239080 0 64f7f0430e30 2
present 91256145292020 91256145399156 0 64f7f0430e30 2
swapchain 91257646962883 91257652079027 0 64f7f05d9b10 900x560 mode 2 images 4
acquire 91257653064276 91257653075800 0 64f7f05d9b10 3
present 91257653197952 91257653312631 0 64f7f05d9b10 3
acquire 91257653472358 91257653481018 0 64f7f05d9b10 2
present 91257653534726 91257653643748 0 64f7f05d9b10 2
