instance 92350705430800 92350717459884 0 pid 4099002
device 92350718202016 92350829375723 0
swapchain 92350829810204 92350892805838 0 5b86f3f52ee0 900x560 mode 2 images 4
acquire 92350900252017 92350900266894 0 5b86f3f52ee0 3
present 92350901386167 92350901576135 0 5b86f3f52ee0 3
acquire 92350901665392 92350901674332 0 5b86f3f52ee0 2
present 92350901721614 92350901778674 0 5b86f3f52ee0 2
acquire 92363269624294 92363269642034 0 5b86f3f52ee0 1
present 92363269756433 92363269891227 0 5b86f3f52ee0 1
acquire 92363950564577 92363950581618 0 5b86f3f52ee0 0
present 92363950700348 92363950826691 0 5b86f3f52ee0 0
acquire 92364251838526 92364251874773 0 5b86f3f52ee0 3
present 92364252071795 92364252190176 0 5b86f3f52ee0 3
acquire 92364556055439 92364556084842 0 5b86f3f52ee0 2
present 92364556233883 92364556328308 0 5b86f3f52ee0 2
acquire 92364860713609 92364860749577 0 5b86f3f52ee0 3
present 92364860941221 92364861076992 0 5b86f3f52ee0 3
acquire 92365167938509 92365167978877 0 5b86f3f52ee0 2
present 92365168166470 92365168286807 0 5b86f3f52ee0 2
acquire 92365469224471 92365469263512 0 5b86f3f52ee0 3
present 92365469438603 92365469554889 0 5b86f3f52ee0 3
acquire 92365770939885 92365770974177 0 5b86f3f52ee0 2
present 92365771143961 92365771249840 0 5b86f3f52ee0 2
acquire 92366076408910 92366076448021 0 5b86f3f52ee0 3
present 92366076637221 92366076766008 0 5b86f3f52ee0 3
acquire 92366381011068 92366381045919 0 5b86f3f52ee0 2
present 92366381194750 92366381315436 0 5b86f3f52ee0 2
acquire 92366687979093 92366688024071 0 5b86f3f52ee0 3
present 92366688210966 92366688335912 0 5b86f3f52ee0 3
acquire 92366992438565 92366992469994 0 5b86f3f52ee0 2
present 92366992624483 92366992739441 0 5b86f3f52ee0 2
acquire 92367298969386 92367299014922 0 5b86f3f52ee0 3
present 92367299183937 92367299301620 0 5b86f3f52ee0 3
acquire 92367605360244 92367605392720 0 5b86f3f52ee0 2
present 92367605537710 92367605654485 0 5b86f3f52ee0 2
acquire 92367911944702 92367911981439 0 5b86f3f52ee0 3
present 92367912161838 92367912280638 0 5b86f3f52ee0 3
acquire 92368216855488 92368216889780 0 5b86f3f52ee0 2
present 92368217054116 92368217168097 0 5b86f3f52ee0 2
acquire 92368519267010 92368519302699 0 5b86f3f52ee0 3
present 92368519463403 92368519577594 0 5b86f3f52ee0 3
acquire 92368824250920 92368824287586 0 5b86f3f52ee0 2
present 92368824442843 92368824560945 0 5b86f3f52ee0 2
acquire 92369125585143 92369125619086 0 5b86f3f52ee0 3
present 92369125782723 92369125905504 0 5b86f3f52ee0 3
acquire 92369432352446 92369432386249 0 5b86f3f52ee0 2
present 92369432532217 92369432645150 0 5b86f3f52ee0 2
acquire 92369736340631 92369736375901 0 5b86f3f52ee0 3
present 92369736529970 92369736642764 0 5b86f3f52ee0 3
acquire 92370043241260 92370043270803 0 5b86f3f52ee0 2
present 92370043434022 92370043543812 0 5b86f3f52ee0 2
acquire 92370349254908 92370349286686 0 5b86f3f52ee0 3
present 92370349423435 92370349524565 0 5b86f3f52ee0 3
acquire 92370655022226 92370655059032 0 5b86f3f52ee0 2
present 92370655209191 92370655325406 0 5b86f3f52ee0 2
acquire 92370956958200 92370956992073 0 5b86f3f52ee0 3
present 92370957157667 92370957273114 0 5b86f3f52ee0 3
acquire 92371259188835 92371259218866 0 5b86f3f52ee0 2
present 92371259352682 92371259452345 0 5b86f3f52ee0 2
acquire 92371567602642 92371567635537 0 5b86f3f52ee0 3
present 92371567781226 92371567900375 0 5b86f3f52ee0 3
acquire 92371875522115 92371875555010 0 5b86f3f52ee0 2
present 92371875701955 92371875816495 0 5b86f3f52ee0 2
acquire 92372182497126 92372182535468 0 5b86f3f52ee0 3
present 92372182690027 92372182807080 0 5b86f3f52ee0 3
acquire 92372490967924 92372490998863 0 5b86f3f52ee0 2
present 92372491170603 92372491283745 0 5b86f3f52ee0 2
acquire 92372795540401 92372795578953 0 5b86f3f52ee0 3
present 92372795744896 92372795857410 0 5b86f3f52ee0 3
acquire 92373096191718 92373096222449 0 5b86f3f52ee0 2
present 92373096377007 92373096490149 0 5b86f3f52ee0 2
acquire 92373399299977 92373399331405 0 5b86f3f52ee0 3
present 92373399490294 92373399608674 0 5b86f3f52ee0 3
acquire 92373704133101 92373704166066 0 5b86f3f52ee0 2
present 92373704319088 92373704428948 0 5b86f3f52ee0 2
acquire 92374006757640 92374006791583 0 5b86f3f52ee0 3
present 92374006948935 92374007093785 0 5b86f3f52ee0 3
acquire 92374310677941 92374310708951 0 5b86f3f52ee0 2
present 92374310859458 92374310978886 0 5b86f3f52ee0 2
acquire 92374618312463 92374618346335 0 5b86f3f52ee0 3
present 92374618491046 92374618620741 0 5b86f3f52ee0 3
acquire 92374924252010 92374924283089 0 5b86f3f52ee0 2
present 92374924428708 92374924619514 0 5b86f3f52ee0 2
acquire 92375229322664 92375229354861 0 5b86f3f52ee0 3
present 92375229496918 92375229608175 0 5b86f3f52ee0 3
acquire 92375529607876 92375529638885 0 5b86f3f52ee0 2
present 92375529792186 92375529907634 0 5b86f3f52ee0 2
acquire 92375835810375 92375835851442 0 5b86f3f52ee0 3
present 92375835999016 92375836126895 0 5b86f3f52ee0 3
acquire 92376138932253 92376138966126 0 5b86f3f52ee0 2
present 92376139126132 92376139242138 0 5b86f3f52ee0 2
acquire 92376442678860 92376442710359 0 5b86f3f52ee0 3
present 92376442858212 92376442968911 0 5b86f3f52ee0 3
acquire 92376746115722 92376746147640 0 5b86f3f52ee0 2
present 92376746286763 92376746392502 0 5b86f3f52ee0 2
acquire 92377051205932 92377051236034 0 5b86f3f52ee0 3
present 92377051373272 92377051474751 0 5b86f3f52ee0 3
acquire 92377355467199 92377355498208 0 5b86f3f52ee0 2
present 92377355642570 92377355754665 0 5b86f3f52ee0 2
acquire 92377656688701 92377656726834 0 5b86f3f52ee0 3
present 92377656914846 92377657044402 0 5b86f3f52ee0 3
acquire 92377961027002 92377961061294 0 5b86f3f52ee0 2
present 92377961209637 92377961323617 0 5b86f3f52ee0 2
acquire 92378267493362 92378267524791 0 5b86f3f52ee0 3
present 92378267657768 92378267761412 0 5b86f3f52ee0 3
acquire 92378572654671 92378572689452 0 5b86f3f52ee0 2
present 92378572835979 92378572958620 0 5b86f3f52ee0 2
acquire 92378876947436 92378876973138 0 5b86f3f52ee0 3
present 92378877109189 92378877209899 0 5b86f3f52ee0 3
acquire 92379184734492 92379184763127 0 5b86f3f52ee0 2
present 92379184899597 92379185008269 0 5b86f3f52ee0 2
acquire 92379487181008 92379487213903 0 5b86f3f52ee0 3
present 92379487370068 92379487486423 0 5b86f3f52ee0 3
acquire 92379790780810 92379790814194 0 5b86f3f52ee0 2
present 92379790961279 92379791095584 0 5b86f3f52ee0 2
acquire 92380098743935 92380098776132 0 5b86f3f52ee0 3
present 92380098947592 92380099118144 0 5b86f3f52ee0 3
acquire 92380402826828 92380402857279 0 5b86f3f52ee0 2
present 92380403012955 92380403114434 0 5b86f3f52ee0 2
acquire 92380707423892 92380707458603 0 5b86f3f52ee0 3
present 92380707631320 92380707755847 0 5b86f3f52ee0 3
acquire 92381007713086 92381007748076 0 5b86f3f52ee0 2
present 92381007902565 92381008035263 0 5b86f3f52ee0 2
acquire 92381309757317 92381309783368 0 5b86f3f52ee0 3
present 92381309904402 92381310011189 0 5b86f3f52ee0 3
acquire 92381610954725 92381610986922 0 5b86f3f52ee0 2
present 92381611151886 92381611266356 0 5b86f3f52ee0 2
acquire 92381911612261 92381911646623 0 5b86f3f52ee0 3
present 92381911793010 92381911903708 0 5b86f3f52ee0 3
