instance 88441260735188 88441280754853 0 pid 3490074
device 88441281530298 88441401317870 0
swapchain 88441401752770 88441450796012 0 56eac11a5e30 900x560 mode 2 images 4
acquire 88441456353196 88441456364161 0 56eac11a5e30 3
present 88441456512853 88441456699328 0 56eac11a5e30 3
acquire 88441456796268 88441456804788 0 56eac11a5e30 2
present 88441456845296 88441456904452 0 56eac11a5e30 2
acquire 88453803549378 88453803565092 0 56eac11a5e30 1
present 88453803674812 88453803805066 0 56eac11a5e30 1
acquire 88454484442755 88454484461891 0 56eac11a5e30 0
present 88454484590259 88454484723376 0 56eac11a5e30 0
acquire 88454786122826 88454786156211 0 56eac11a5e30 3
present 88454786301061 88454786419372 0 56eac11a5e30 3
acquire 88455089971464 88455090018048 0 56eac11a5e30 2
present 88455090170441 88455090276599 0 56eac11a5e30 2
acquire 88455394993781 88455395041832 0 56eac11a5e30 3
present 88455395180815 88455395298497 0 56eac11a5e30 3
acquire 88455701798652 88455701831128 0 56eac11a5e30 2
present 88455701975909 88455702109794 0 56eac11a5e30 2
acquire 88456003408953 88456003446528 0 56eac11a5e30 3
present 88456003583276 88456003703193 0 56eac11a5e30 3
acquire 88456304849262 88456304882157 0 56eac11a5e30 2
present 88456305041394 88456305171229 0 56eac11a5e30 2
acquire 88456610775463 88456610806263 0 56eac11a5e30 3
present 88456610911932 88456611031640 0 56eac11a5e30 3
acquire 88456914841167 88456914872596 0 56eac11a5e30 2
present 88456915019262 88456915139319 0 56eac11a5e30 2
acquire 88457222384888 88457222416386 0 56eac11a5e30 3
present 88457222539376 88457222663833 0 56eac11a5e30 3
acquire 88457526374257 88457526409597 0 56eac11a5e30 2
present 88457526551584 88457526670802 0 56eac11a5e30 2
acquire 88457833770055 88457833802042 0 56eac11a5e30 3
present 88457833906385 88457834021762 0 56eac11a5e30 3
acquire 88458139620200 88458139659590 0 56eac11a5e30 2
present 88458139810237 88458139935253 0 56eac11a5e30 2
acquire 88458447192277 88458447229433 0 56eac11a5e30 3
present 88458447344810 88458447448664 0 56eac11a5e30 3
acquire 88458751343399 88458751375735 0 56eac11a5e30 2
present 88458751519259 88458751637849 0 56eac11a5e30 2
acquire 88459057577740 88459057609238 0 56eac11a5e30 3
present 88459057724546 88459057845511 0 56eac11a5e30 3
acquire 88459358822426 88459358855321 0 56eac11a5e30 2
present 88459358994933 88459359128539 0 56eac11a5e30 2
acquire 88459664735708 88459664759245 0 56eac11a5e30 3
present 88459664876578 88459664990698 0 56eac11a5e30 3
acquire 88459966904182 88459966934214 0 56eac11a5e30 2
present 88459967087655 88459967206035 0 56eac11a5e30 2
acquire 88460270833769 88460270865686 0 56eac11a5e30 3
present 88460271021851 88460271140651 0 56eac11a5e30 3
acquire 88460578173696 88460578214972 0 56eac11a5e30 2
present 88460578389924 88460578511866 0 56eac11a5e30 2
acquire 88460884130630 88460884160941 0 56eac11a5e30 3
present 88460884311379 88460884425150 0 56eac11a5e30 3
acquire 88461189904650 88461189939920 0 56eac11a5e30 2
present 88461190130097 88461190248618 0 56eac11a5e30 2
acquire 88461491877570 88461491912770 0 56eac11a5e30 3
present 88461492090656 88461492209804 0 56eac11a5e30 3
acquire 88461794069931 88461794099963 0 56eac11a5e30 2
present 88461794236572 88461794360540 0 56eac11a5e30 2
acquire 88462102503081 88462102538072 0 56eac11a5e30 3
present 88462102690255 88462102807588 0 56eac11a5e30 3
acquire 88462410370938 88462410404741 0 56eac11a5e30 2
present 88462410549732 88462410668252 0 56eac11a5e30 2
acquire 88462717318080 88462717351465 0 56eac11a5e30 3
present 88462717512867 88462717650245 0 56eac11a5e30 3
acquire 88463025788736 88463025823028 0 56eac11a5e30 2
present 88463025975980 88463026116849 0 56eac11a5e30 2
acquire 88463330317911 88463330356672 0 56eac11a5e30 3
present 88463330512348 88463330638132 0 56eac11a5e30 3
acquire 88463631074061 88463631107864 0 56eac11a5e30 2
present 88463631260955 88463631383387 0 56eac11a5e30 2
acquire 88463934121557 88463934156547 0 56eac11a5e30 3
present 88463934305798 88463934424458 0 56eac11a5e30 3
acquire 88464238915639 88464238949442 0 56eac11a5e30 2
present 88464239109798 88464239228597 0 56eac11a5e30 2
acquire 88464541504630 88464541536128 0 56eac11a5e30 3
present 88464541689150 88464541807391 0 56eac11a5e30 3
acquire 88464845467953 88464845499800 0 56eac11a5e30 2
present 88464845636130 88464845754790 0 56eac11a5e30 2
acquire 88465153040872 88465153074745 0 56eac11a5e30 3
present 88465153213939 88465153331411 0 56eac11a5e30 3
acquire 88465459011638 88465459041740 0 56eac11a5e30 2
present 88465459185333 88465459309091 0 56eac11a5e30 2
acquire 88465764039689 88465764068813 0 56eac11a5e30 3
present 88465764195784 88465764309346 0 56eac11a5e30 3
acquire 88466064368274 88466064399283 0 56eac11a5e30 2
present 88466064534775 88466064644914 0 56eac11a5e30 2
acquire 88466370544722 88466370574335 0 56eac11a5e30 3
present 88466370718557 88466370832607 0 56eac11a5e30 3
acquire 88466673639154 88466673664297 0 56eac11a5e30 2
present 88466673782607 88466673894144 0 56eac11a5e30 2
acquire 88466977480605 88466977513291 0 56eac11a5e30 3
present 88466977656605 88466977771703 0 56eac11a5e30 3
acquire 88467280938979 88467280977182 0 56eac11a5e30 2
present 88467281224699 88467281355023 0 56eac11a5e30 2
acquire 88467586047698 88467586080593 0 56eac11a5e30 3
present 88467586235082 88467586360237 0 56eac11a5e30 3
acquire 88467890303657 88467890332781 0 56eac11a5e30 2
present 88467890455003 88467890556971 0 56eac11a5e30 2
acquire 88468191430806 88468191464679 0 56eac11a5e30 3
present 88468191602964 88468191715548 0 56eac11a5e30 3
acquire 88468495811293 88468495841324 0 56eac11a5e30 2
present 88468495975908 88468496140524 0 56eac11a5e30 2
acquire 88468802327659 88468802358669 0 56eac11a5e30 3
present 88468802503728 88468802616033 0 56eac11a5e30 3
acquire 88469107492182 88469107525147 0 56eac11a5e30 2
present 88469107672441 88469107796409 0 56eac11a5e30 2
acquire 88469411808694 88469411848434 0 56eac11a5e30 3
present 88469412011792 88469412134643 0 56eac11a5e30 3
acquire 88469719547280 88469719576404 0 56eac11a5e30 2
present 88469719712455 88469719820289 0 56eac11a5e30 2
acquire 88470022184674 88470022235448 0 56eac11a5e30 3
present 88470022453841 88470022597644 0 56eac11a5e30 3
acquire 88470325711145 88470325754097 0 56eac11a5e30 2
present 88470325933519 88470326083118 0 56eac11a5e30 2
acquire 88470633662537 88470633689705 0 56eac11a5e30 3
present 88470633843286 88470633966556 0 56eac11a5e30 3
acquire 88470937822677 88470937853686 0 56eac11a5e30 2
present 88470938021165 88470938150022 0 56eac11a5e30 2
acquire 88471242395367 88471242435805 0 56eac11a5e30 3
present 88471242630662 88471242778446 0 56eac11a5e30 3
acquire 88471542611093 88471542644477 0 56eac11a5e30 2
present 88471542798476 88471542911898 0 56eac11a5e30 2
acquire 88471844800457 88471844839987 0 56eac11a5e30 3
present 88471844995314 88471845197154 0 56eac11a5e30 3
acquire 88472146396242 88472146437309 0 56eac11a5e30 2
present 88472146602203 88472146730222 0 56eac11a5e30 2
acquire 88472446649054 88472446687815 0 56eac11a5e30 3
present 88472446840628 88472446960824 0 56eac11a5e30 3
