instance 75556455175159 75556471503321 0 pid 1584132
device 75556472255300 75556591902961 0
swapchain 75556592336186 75556643549022 0 637622496ea0 900x560 mode 2 images 4
acquire 75556652582905 75556652595686 0 637622496ea0 3
present 75556652757927 75556652951456 0 637622496ea0 3
acquire 75556654250222 75556654261956 0 637622496ea0 2
present 75556654421892 75556654523371 1000001003 637622496ea0 2
swapchain 75556655267179 75556658728506 0 63762260d260 900x560 mode 2 images 4
acquire 75556660045780 75556660056256 0 63762260d260 3
present 75556660231069 75556660317393 0 63762260d260 3
acquire 75568995450892 75568995463743 0 63762260d260 2
present 75568995638765 75568995743806 0 63762260d260 2
acquire 75569676346194 75569676360023 0 63762260d260 1
present 75569676535883 75569676637851 0 63762260d260 1
acquire 75569984121180 75569984137802 0 63762260d260 0
present 75569984329865 75569984451388 0 63762260d260 0
acquire 75570276484878 75570276512954 0 63762260d260 3
present 75570276698172 75570276795391 0 63762260d260 3
acquire 75570582392101 75570582423599 0 63762260d260 2
present 75570582607701 75570582738164 0 63762260d260 2
acquire 75570876763662 75570876793694 0 63762260d260 3
present 75570877012786 75570877123344 0 63762260d260 3
acquire 75571183010733 75571183044117 0 63762260d260 2
present 75571183240300 75571183355119 0 63762260d260 2
acquire 75571477081767 75571477109913 0 63762260d260 3
present 75571477325792 75571477444383 0 63762260d260 3
acquire 75571786873206 75571786904215 0 63762260d260 2
present 75571787149498 75571787259707 0 63762260d260 2
acquire 75572077720234 75572077757389 0 63762260d260 3
present 75572078056449 75572078200950 0 63762260d260 3
acquire 75572385171086 75572385219207 0 63762260d260 2
present 75572385476571 75572385608082 0 63762260d260 2
acquire 75572677831888 75572677857101 0 63762260d260 3
present 75572678055659 75572678161888 0 63762260d260 3
acquire 75572985228823 75572985258017 0 63762260d260 2
present 75572985493521 75572985611553 0 63762260d260 2
acquire 75573278310279 75573278340590 0 63762260d260 3
present 75573279762207 75573279873394 0 63762260d260 3
acquire 75573587024278 75573587057662 0 63762260d260 2
present 75573587273821 75573587393040 0 63762260d260 2
acquire 75573878403426 75573878429616 0 63762260d260 3
present 75573878623356 75573878727419 0 63762260d260 3
acquire 75574184753093 75574184777397 0 63762260d260 2
present 75574184956261 75574185077435 0 63762260d260 2
acquire 75574478472966 75574478499506 0 63762260d260 3
present 75574478691290 75574478792909 0 63762260d260 3
acquire 75574785848250 75574785877863 0 63762260d260 2
present 75574786074885 75574786187050 0 63762260d260 2
acquire 75575078938925 75575078970912 0 63762260d260 3
present 75575079201667 75575079307407 0 63762260d260 3
acquire 75575385468223 75575385494414 0 63762260d260 2
present 75575385664407 75575385775385 0 63762260d260 2
acquire 75575679272814 75575679301030 0 63762260d260 3
present 75575679487087 75575679601906 0 63762260d260 3
acquire 75575984846616 75575984875321 0 63762260d260 2
present 75575985083657 75575985182203 0 63762260d260 2
acquire 75576279732208 75576279765033 0 63762260d260 3
present 75576279991947 75576280108163 0 63762260d260 3
acquire 75576584914690 75576584948493 0 63762260d260 2
present 75576585183578 75576585292530 0 63762260d260 2
acquire 75576880019443 75576880051780 0 63762260d260 3
present 75576880262840 75576880367811 0 63762260d260 3
acquire 75577185613709 75577185644299 0 63762260d260 2
present 75577185870165 75577185976044 0 63762260d260 2
acquire 75577480201009 75577480228666 0 63762260d260 3
present 75577480424152 75577480527028 0 63762260d260 3
acquire 75577785345358 75577785376367 0 63762260d260 2
present 75577785587427 75577785694843 0 63762260d260 2
acquire 75578080544886 75578080577362 0 63762260d260 3
present 75578080787653 75578080890809 0 63762260d260 3
acquire 75578385724085 75578385752161 0 63762260d260 2
present 75578385957913 75578386067913 0 63762260d260 2
acquire 75578680749080 75578680777156 0 63762260d260 3
present 75578681009098 75578681121613 0 63762260d260 3
acquire 75578986012857 75578986042888 0 63762260d260 2
present 75578986264494 75578986370862 0 63762260d260 2
acquire 75579281084506 75579281112233 0 63762260d260 3
present 75579281304924 75579281400607 0 63762260d260 3
acquire 75579586601457 75579586628695 0 63762260d260 2
present 75579586826415 75579586932993 0 63762260d260 2
acquire 75579881899181 75579881929702 0 63762260d260 3
present 75579882231346 75579882377244 0 63762260d260 3
acquire 75580187176019 75580187209612 0 63762260d260 2
present 75580187450774 75580187582215 0 63762260d260 2
acquire 75580481756335 75580481783992 0 63762260d260 3
present 75580482025712 75580482134106 0 63762260d260 3
acquire 75580788461284 75580788492293 0 63762260d260 2
present 75580788715087 75580788827251 0 63762260d260 2
acquire 75581082038891 75581082066478 0 63762260d260 3
present 75581082289760 75581082401786 0 63762260d260 3
acquire 75581387542502 75581387571556 0 63762260d260 2
present 75581387776819 75581387881860 0 63762260d260 2
acquire 75581682413637 75581682446113 0 63762260d260 3
present 75581682666532 75581682764799 0 63762260d260 3
acquire 75581987482278 75581987513288 0 63762260d260 2
present 75581987721205 75581987822823 0 63762260d260 2
acquire 75582282549178 75582282577044 0 63762260d260 3
present 75582282791038 75582282913399 0 63762260d260 3
acquire 75582588751620 75582588783816 0 63762260d260 2
present 75582589062692 75582589188546 0 63762260d260 2
acquire 75582882812807 75582882840115 0 63762260d260 3
present 75582883060743 75582883160197 0 63762260d260 3
acquire 75583188356297 75583188383536 0 63762260d260 2
present 75583188603605 75583188712068 0 63762260d260 2
acquire 75583483518461 75583483560784 0 63762260d260 3
present 75583483877793 75583484137323 0 63762260d260 3
acquire 75583788868771 75583788899221 0 63762260d260 2
present 75583789137729 75583789253037 0 63762260d260 2
acquire 75584084358838 75584084395574 0 63762260d260 3
present 75584084668793 75584084797021 0 63762260d260 3
acquire 75584388793391 75584388822026 0 63762260d260 2
present 75584389040978 75584389142108 0 63762260d260 2
acquire 75584683848976 75584683880754 0 63762260d260 3
present 75584684137909 75584684245534 0 63762260d260 3
acquire 75584989147534 75584989175191 0 63762260d260 2
present 75584989378359 75584989478511 0 63762260d260 2
acquire 75585284111208 75585284137329 0 63762260d260 3
present 75585284336586 75585284433875 0 63762260d260 3
acquire 75585589433303 75585589460401 0 63762260d260 2
present 75585589666223 75585589768051 0 63762260d260 2
acquire 75585884388596 75585884415345 0 63762260d260 3
present 75585884622005 75585884725510 0 63762260d260 3
acquire 75586190719197 75586190750136 0 63762260d260 2
present 75586190966364 75586191094802 0 63762260d260 2
acquire 75586485121278 75586485150263 0 63762260d260 3
present 75586485376548 75586485488294 0 63762260d260 3
acquire 75586790599398 75586790646541 0 63762260d260 2
present 75586790888750 75586791052457 0 63762260d260 2
acquire 75587084876394 75587084904959 0 63762260d260 3
present 75587085134457 75587085240406 0 63762260d260 3
acquire 75587390478691 75587390514450 0 63762260d260 2
present 75587390797376 75587390927141 0 63762260d260 2
swapchain 75588391445979 75588394737662 0 63762262cc40 1100x700 mode 2 images 4
acquire 75588404673263 75588404687232 0 63762262cc40 3
present 75588404919174 75588405062418 0 63762262cc40 3
swapchain 75589900515846 75589904015237 0 63762260d260 640x760 mode 2 images 4
acquire 75589910794158 75589910804914 0 63762260d260 3
present 75589910985942 75589911106069 0 63762260d260 3
acquire 75589912545146 75589912553806 0 63762260d260 2
present 75589912700891 75589912775901 0 63762260d260 2
swapchain 75591409632298 75591413057028 0 63762262ccd0 1280x480 mode 2 images 4
acquire 75591419654223 75591419666585 0 63762262ccd0 3
present 75591419849080 75591419955238 0 63762262ccd0 3
swapchain 75592915261441 75592920331908 0 63762262e910 760x560 mode 2 images 4
acquire 75592926838729 75592926848367 0 63762262e910 3
present 75592927031001 75592927133598 0 63762262e910 3
swapchain 75594422041218 75594425924665 0 63762262cc40 900x560 mode 2 images 4
acquire 75594432595053 75594432608462 0 63762262cc40 3
present 75594432801433 75594432949636 0 63762262cc40 3
acquire 75594434318662 75594434327672 0 63762262cc40 2
present 75594434481602 75594434587551 0 63762262cc40 2
