instance 305658264176723 305658277345693 0 pid 465502
device 305658278095089 305658396832397 0
swapchain 305658397205209 305658450024333 0 d71aee0 900x560 mode 2 images 4
acquire 305658457753166 305658457765458 0 d71aee0 3
present 305658458863989 305658459061570 0 d71aee0 3
acquire 305658459147405 305658459155436 0 d71aee0 2
present 305658459204535 305658459268439 0 d71aee0 2
acquire 305670823594488 305670823618374 0 d71aee0 1
present 305670823780685 305670824432443 0 d71aee0 1
acquire 305671505198410 305671505217057 0 d71aee0 0
present 305671505366168 305671505501450 0 d71aee0 0
acquire 305671806443174 305671806479492 0 d71aee0 3
present 305671806648508 305671806775409 0 d71aee0 3
acquire 305672110706544 305672110736785 0 d71aee0 2
present 305672110882753 305672110991566 0 d71aee0 2
acquire 305672415276936 305672415308923 0 d71aee0 3
present 305672415468510 305672415597786 0 d71aee0 3
acquire 305672722564917 305672722606821 0 d71aee0 2
present 305672722814599 305672722957773 0 d71aee0 2
acquire 305673023644018 305673023676913 0 d71aee0 3
present 305673023831961 305673023946849 0 d71aee0 3
acquire 305673325580490 305673325612896 0 d71aee0 2
present 305673325763963 305673325885556 0 d71aee0 2
acquire 305673630908868 305673630947490 0 d71aee0 3
present 305673631156524 305673631291946 0 d71aee0 3
acquire 305673935640871 305673935685081 0 d71aee0 2
present 305673935859404 305673935995246 0 d71aee0 2
acquire 305674242473488 305674242509596 0 d71aee0 3
present 305674242691043 305674242814313 0 d71aee0 3
acquire 305674547178813 305674547215619 0 d71aee0 2
present 305674547415504 305674547566990 0 d71aee0 2
acquire 305674853503824 305674853535252 0 d71aee0 3
present 305674853700077 305674853826001 0 d71aee0 3
acquire 305675160035495 305675160073628 0 d71aee0 2
present 305675160239710 305675160386028 0 d71aee0 2
acquire 305675466534480 305675466565001 0 d71aee0 3
present 305675466723959 305675466849394 0 d71aee0 3
acquire 305675771516655 305675771544871 0 d71aee0 2
present 305675771687487 305675771803842 0 d71aee0 2
acquire 305676073809038 305676073839558 0 d71aee0 3
present 305676073990695 305676074131774 0 d71aee0 3
acquire 305676379025460 305676379062895 0 d71aee0 2
present 305676379219199 305676379342749 0 d71aee0 2
acquire 305676680211628 305676680243127 0 d71aee0 3
present 305676680396219 305676680505380 0 d71aee0 3
acquire 305676987097883 305676987131686 0 d71aee0 2
present 305676987281984 305676987400226 0 d71aee0 2
acquire 305677291060238 305677291095926 0 d71aee0 3
present 305677291261590 305677291381297 0 d71aee0 3
acquire 305677597991959 305677598037845 0 d71aee0 2
present 305677598213565 305677598340885 0 d71aee0 2
acquire 305677903898831 305677903932914 0 d71aee0 3
present 305677904094596 305677904220589 0 d71aee0 3
acquire 305678209701500 305678209733907 0 d71aee0 2
present 305678209874287 305678209991551 0 d71aee0 2
acquire 305678511640836 305678511670937 0 d71aee0 3
present 305678511815299 305678511923832 0 d71aee0 3
acquire 305678813853250 305678813888031 0 d71aee0 2
present 305678814050272 305678814170888 0 d71aee0 2
acquire 305679122376582 305679122415763 0 d71aee0 3
present 305679122637089 305679122855064 0 d71aee0 3
acquire 305679430330778 305679430376524 0 d71aee0 2
present 305679430608396 305679430775247 0 d71aee0 2
acquire 305679737224785 305679737261591 0 d71aee0 3
present 305679737427115 305679737545426 0 d71aee0 3
acquire 305680045736872 305680045775774 0 d71aee0 2
present 305680045926980 305680046054091 0 d71aee0 2
acquire 305680350232185 305680350265080 0 d71aee0 3
present 305680350416077 305680350528870 0 d71aee0 3
acquire 305680650999655 305680651056436 0 d71aee0 2
present 305680651244728 305680651378823 0 d71aee0 2
acquire 305680954101637 305680954141237 0 d71aee0 3
present 305680954295656 305680954417249 0 d71aee0 3
acquire 305681258841114 305681258880155 0 d71aee0 2
present 305681259062790 305681259186967 0 d71aee0 2
acquire 305681561457071 305681561484728 0 d71aee0 3
present 305681561613096 305681561721280 0 d71aee0 3
acquire 305681865396308 305681865432067 0 d71aee0 2
present 305681865585508 305681865703400 0 d71aee0 2
acquire 305682172983070 305682173029025 0 d71aee0 3
present 305682173177717 305682173297425 0 d71aee0 3
acquire 305682478954336 305682478984437 0 d71aee0 2
present 305682479144024 305682479260729 0 d71aee0 2
acquire 305682784033381 305682784068720 0 d71aee0 3
present 305682784218250 305682784338028 0 d71aee0 3
acquire 305683084291151 305683084318249 0 d71aee0 2
present 305683084446617 305683084548795 0 d71aee0 2
acquire 305683390473896 305683390507769 0 d71aee0 3
present 305683390654156 305683390766740 0 d71aee0 3
acquire 305683693631261 305683693664715 0 d71aee0 2
present 305683693812569 305683693930461 0 d71aee0 2
acquire 305683997449464 305683997493254 0 d71aee0 3
present 305683997698308 305683997848955 0 d71aee0 3
acquire 305684300823128 305684300857908 0 d71aee0 2
present 305684301022594 305684301144537 0 d71aee0 2
acquire 305684605928992 305684605962795 0 d71aee0 3
present 305684606126991 305684606248166 0 d71aee0 3
acquire 305684910226794 305684910260178 0 d71aee0 2
present 305684910407612 305684910525923 0 d71aee0 2
acquire 305685211390543 305685211423229 0 d71aee0 3
present 305685211573178 305685211694073 0 d71aee0 3
acquire 305685515729831 305685515769850 0 d71aee0 2
present 305685515933069 305685516075684 0 d71aee0 2
acquire 305685822227420 305685822262690 0 d71aee0 3
present 305685822418086 305685822535908 0 d71aee0 3
acquire 305686127361989 305686127392509 0 d71aee0 2
present 305686127524858 305686127632134 0 d71aee0 2
acquire 305686431699530 305686431732426 0 d71aee0 3
present 305686431881257 305686432021987 0 d71aee0 3
acquire 305686739501752 305686739545124 0 d71aee0 2
present 305686739684038 305686739801790 0 d71aee0 2
acquire 305687041844491 305687041874522 0 d71aee0 3
present 305687042032294 305687042148230 0 d71aee0 3
acquire 305687345484948 305687345517284 0 d71aee0 2
present 305687345661506 305687345770668 0 d71aee0 2
acquire 305687653456255 305687653489150 0 d71aee0 3
present 305687653660052 305687653791702 0 d71aee0 3
acquire 305687957623384 305687957661168 0 d71aee0 2
present 305687957821174 305687957944444 0 d71aee0 2
acquire 305688262145516 305688262177434 0 d71aee0 3
present 305688262337300 305688262460639 0 d71aee0 3
acquire 305688562494220 305688562526137 0 d71aee0 2
present 305688562677483 305688562798657 0 d71aee0 2
acquire 305688864600266 305688864636584 0 d71aee0 3
present 305688864801409 305688864932780 0 d71aee0 3
acquire 305689165728537 305689165758080 0 d71aee0 2
present 305689165943159 305689166088079 0 d71aee0 2
acquire 305689466364357 305689466400605 0 d71aee0 3
present 305689466569271 305689466694217 0 d71aee0 3
