instance 88598954389042 88598974023889 0 pid 3512640
device 88598974724815 88599098060910 0
swapchain 88599098441614 88599149797589 0 5ea84405ee30 900x560 mode 2 images 4
acquire 88599156658429 88599156668975 0 5ea84405ee30 3
present 88599156826886 88599157026562 0 5ea84405ee30 3
acquire 88599157116238 88599157124270 0 5ea84405ee30 2
present 88599157166244 88599157224771 0 5ea84405ee30 2
acquire 88611494960564 88611494980958 0 5ea84405ee30 1
present 88611495142500 88611495296500 0 5ea84405ee30 1
acquire 88612175915471 88612175934608 0 5ea84405ee30 0
present 88612176058157 88612176164595 0 5ea84405ee30 0
acquire 88612484407029 88612484440692 0 5ea84405ee30 3
present 88612484563962 88612484675917 0 5ea84405ee30 3
acquire 88612781462665 88612781496608 0 5ea84405ee30 2
present 88612781640969 88612781759909 0 5ea84405ee30 2
acquire 88613089141063 88613089171094 0 5ea84405ee30 3
present 88613089286961 88613089409532 0 5ea84405ee30 3
acquire 88613393257635 88613393288644 0 5ea84405ee30 2
present 88613393440548 88613393559767 0 5ea84405ee30 2
acquire 88613701449574 88613701480933 0 5ea84405ee30 3
present 88613701611326 88613701730475 0 5ea84405ee30 3
acquire 88613996328543 88613996363185 0 5ea84405ee30 2
present 88613996509851 88613996649184 0 5ea84405ee30 2
acquire 88614303189382 88614303231776 0 5ea84405ee30 3
present 88614303332836 88614303449331 0 5ea84405ee30 3
acquire 88614606303036 88614606333557 0 5ea84405ee30 2
present 88614606474915 88614606590712 0 5ea84405ee30 2
acquire 88614919059302 88614919090102 0 5ea84405ee30 3
present 88614919205409 88614919331473 0 5ea84405ee30 3
acquire 88615217811868 88615217842878 0 5ea84405ee30 2
present 88615217980814 88615218119449 0 5ea84405ee30 2
acquire 88615525639448 88615525669480 0 5ea84405ee30 3
present 88615525796870 88615525906730 0 5ea84405ee30 3
acquire 88615830710260 88615830739314 0 5ea84405ee30 2
present 88615830876063 88615830993605 0 5ea84405ee30 2
acquire 88616138211961 88616138251142 0 5ea84405ee30 3
present 88616138360793 88616138506132 0 5ea84405ee30 3
acquire 88616442263792 88616442294801 0 5ea84405ee30 2
present 88616442437976 88616442566763 0 5ea84405ee30 2
acquire 88616746091572 88616746122093 0 5ea84405ee30 3
present 88616746230486 88616746342931 0 5ea84405ee30 3
acquire 88617049790915 88617049823251 0 5ea84405ee30 2
present 88617049960210 88617050099613 0 5ea84405ee30 2
acquire 88617351822872 88617351849062 0 5ea84405ee30 3
present 88617351960668 88617352087639 0 5ea84405ee30 3
acquire 88617657905333 88617657936831 0 5ea84405ee30 2
present 88617658095580 88617658222412 0 5ea84405ee30 2
acquire 88617961838015 88617961869514 0 5ea84405ee30 3
present 88617962030288 88617962153837 0 5ea84405ee30 3
acquire 88618268876112 88618268918366 0 5ea84405ee30 2
present 88618269116436 88618269250112 0 5ea84405ee30 2
acquire 88618574773775 88618574805692 0 5ea84405ee30 3
present 88618574958434 88618575094694 0 5ea84405ee30 3
acquire 88618880556269 88618880586300 0 5ea84405ee30 2
present 88618880722700 88618880839195 0 5ea84405ee30 2
acquire 88619182507560 88619182535287 0 5ea84405ee30 3
present 88619182681674 88619182795305 0 5ea84405ee30 3
acquire 88619484731231 88619484764126 0 5ea84405ee30 2
present 88619484909675 88619485045865 0 5ea84405ee30 2
acquire 88619793257643 88619793295706 0 5ea84405ee30 3
present 88619793458576 88619793575141 0 5ea84405ee30 3
acquire 88620101315072 88620101367034 0 5ea84405ee30 2
present 88620101602259 88620101751718 0 5ea84405ee30 2
acquire 88620408411767 88620408454370 0 5ea84405ee30 3
present 88620408619754 88620408759995 0 5ea84405ee30 3
acquire 88620716880840 88620716913805 0 5ea84405ee30 2
present 88620717109360 88620717222991 0 5ea84405ee30 2
acquire 88621021315960 88621021349764 0 5ea84405ee30 3
present 88621021495382 88621021611807 0 5ea84405ee30 3
acquire 88621322095319 88621322133871 0 5ea84405ee30 2
present 88621322291782 88621322416588 0 5ea84405ee30 2
acquire 88621625169447 88621625202831 0 5ea84405ee30 3
present 88621625350265 88621625473605 0 5ea84405ee30 3
acquire 88621929913265 88621929946161 0 5ea84405ee30 2
present 88621930170420 88621930295855 0 5ea84405ee30 2
acquire 88622232539712 88622232568696 0 5ea84405ee30 3
present 88622232701673 88622232811254 0 5ea84405ee30 3
acquire 88622536448511 88622536479241 0 5ea84405ee30 2
present 88622536619203 88622536733742 0 5ea84405ee30 2
acquire 88622844097999 88622844130406 0 5ea84405ee30 3
present 88622844274837 88622844399364 0 5ea84405ee30 3
acquire 88623150126965 88623150159441 0 5ea84405ee30 2
present 88623150313441 88623150451097 0 5ea84405ee30 2
acquire 88623455487552 88623455524288 0 5ea84405ee30 3
present 88623455664459 88623455769500 0 5ea84405ee30 3
acquire 88623755622557 88623755651960 0 5ea84405ee30 2
present 88623755792900 88623755903947 0 5ea84405ee30 2
acquire 88624061798818 88624061839884 0 5ea84405ee30 3
present 88624062036487 88624062167230 0 5ea84405ee30 3
acquire 88624364895995 88624364927004 0 5ea84405ee30 2
present 88624365081143 88624365200083 0 5ea84405ee30 2
acquire 88624668670909 88624668702896 0 5ea84405ee30 3
present 88624668846210 88624668971645 0 5ea84405ee30 3
acquire 88624972143831 88624972175050 0 5ea84405ee30 2
present 88624972321088 88624972444707 0 5ea84405ee30 2
acquire 88625277477599 88625277509936 0 5ea84405ee30 3
present 88625277660443 88625277783015 0 5ea84405ee30 3
acquire 88625581560584 88625581593549 0 5ea84405ee30 2
present 88625581747548 88625581865300 0 5ea84405ee30 2
acquire 88625882646756 88625882675601 0 5ea84405ee30 3
present 88625882813257 88625882915645 0 5ea84405ee30 3
acquire 88626187015251 88626187049054 0 5ea84405ee30 2
present 88626187196209 88626187306768 0 5ea84405ee30 2
acquire 88626493495113 88626493527100 0 5ea84405ee30 3
present 88626493674604 88626493783975 0 5ea84405ee30 3
acquire 88626798634374 88626798668736 0 5ea84405ee30 2
present 88626798804088 88626798903332 0 5ea84405ee30 2
acquire 88627103382177 88627103429389 0 5ea84405ee30 3
present 88627103629205 88627103796334 0 5ea84405ee30 3
acquire 88627411272061 88627411333102 0 5ea84405ee30 2
present 88627411571749 88627411713247 0 5ea84405ee30 2
acquire 88627713462911 88627713493431 0 5ea84405ee30 3
present 88627713635558 88627713748701 0 5ea84405ee30 3
acquire 88628017124335 88628017157161 0 5ea84405ee30 2
present 88628017314582 88628017436106 0 5ea84405ee30 2
acquire 88628325110181 88628325142099 0 5ea84405ee30 3
present 88628325287019 88628325410079 0 5ea84405ee30 3
acquire 88628629233116 88628629267967 0 5ea84405ee30 2
present 88628629419173 88628629544049 0 5ea84405ee30 2
acquire 88628933769650 88628933806456 0 5ea84405ee30 3
present 88628933962412 88628934099649 0 5ea84405ee30 3
acquire 88629234151407 88629234186537 0 5ea84405ee30 2
present 88629234343889 88629234466041 0 5ea84405ee30 2
acquire 88629536255166 88629536286665 0 5ea84405ee30 3
present 88629536431585 88629536551921 0 5ea84405ee30 3
acquire 88629837638375 88629837671061 0 5ea84405ee30 2
present 88629837850762 88629837975707 0 5ea84405ee30 2
acquire 88630138243833 88630138273446 0 5ea84405ee30 3
present 88630138408030 88630138522010 0 5ea84405ee30 3
