instance 75702996976687 75703011134814 0 pid 1609940
device 75703012272806 75703140919708 0
swapchain 75703141356983 75703193791761 0 56453fd19eb0 900x560 mode 2 images 4
acquire 75703199018672 75703199029637 0 56453fd19eb0 3
present 75703199425985 75703199614138 0 56453fd19eb0 3
acquire 75703200270505 75703200278606 0 56453fd19eb0 2
present 75703200588631 75703200668250 0 56453fd19eb0 2
acquire 75704280023495 75704280042562 0 56453fd19eb0 1
present 75704280470269 75704280603945 0 56453fd19eb0 1
acquire 75704294983678 75704294999742 0 56453fd19eb0 0
present 75704295432547 75704295542896 0 56453fd19eb0 0
acquire 75715532805930 75715532834983 0 56453fd19eb0 3
present 75715533234614 75715533332322 0 56453fd19eb0 3
acquire 75716213576496 75716213605620 0 56453fd19eb0 2
present 75716214102190 75716214216241 0 56453fd19eb0 2
acquire 75716514365062 75716514387900 0 56453fd19eb0 3
present 75716514721951 75716514826992 0 56453fd19eb0 3
acquire 75716813950545 75716813981135 0 56453fd19eb0 2
present 75716814448442 75716814559071 0 56453fd19eb0 2
acquire 75717115255656 75717115282335 0 56453fd19eb0 3
present 75717115636919 75717115743287 0 56453fd19eb0 3
acquire 75717414281222 75717414311254 0 56453fd19eb0 2
present 75717414734910 75717414835481 0 56453fd19eb0 2
acquire 75717715247743 75717715273585 0 56453fd19eb0 3
present 75717715636619 75717715741031 0 56453fd19eb0 3
acquire 75718014445328 75718014474801 0 56453fd19eb0 2
present 75718014850756 75718014960756 0 56453fd19eb0 2
acquire 75718316078763 75718316106001 0 56453fd19eb0 3
present 75718316849460 75718317066596 0 56453fd19eb0 3
acquire 75718614959548 75718614985878 0 56453fd19eb0 2
present 75718615367071 75718615476233 0 56453fd19eb0 2
acquire 75718917637527 75718917665184 0 56453fd19eb0 3
present 75718918144923 75718918257716 0 56453fd19eb0 3
acquire 75719215360066 75719215392054 0 56453fd19eb0 2
present 75719215819202 75719215947710 0 56453fd19eb0 2
acquire 75719516288105 75719516317578 0 56453fd19eb0 3
present 75719518373352 75719518504374 0 56453fd19eb0 3
acquire 75719815662318 75719815698566 0 56453fd19eb0 2
present 75719816133816 75719816262114 0 56453fd19eb0 2
acquire 75720116832357 75720116862388 0 56453fd19eb0 3
present 75720117275708 75720117409314 0 56453fd19eb0 3
acquire 75720415830475 75720415855828 0 56453fd19eb0 2
present 75720416245681 75720416355820 0 56453fd19eb0 2
acquire 75720716973485 75720717010780 0 56453fd19eb0 3
present 75720717396024 75720717517129 0 56453fd19eb0 3
acquire 75721016407412 75721016438631 0 56453fd19eb0 2
present 75721016852720 75721016959926 0 56453fd19eb0 2
acquire 75721317916041 75721317943139 0 56453fd19eb0 3
present 75721318332084 75721318447951 0 56453fd19eb0 3
acquire 75721616758693 75721616783067 0 56453fd19eb0 2
present 75721617157975 75721617267555 0 56453fd19eb0 2
acquire 75721916911495 75721916937965 0 56453fd19eb0 3
present 75721917332358 75721917438167 0 56453fd19eb0 3
acquire 75722216982094 75722217018900 0 56453fd19eb0 2
present 75722217392830 75722217514982 0 56453fd19eb0 2
acquire 75722517153264 75722517181899 0 56453fd19eb0 3
present 75722517559949 75722517670089 0 56453fd19eb0 3
acquire 75722817513076 75722817542130 0 56453fd19eb0 2
present 75722817949862 75722818085913 0 56453fd19eb0 2
acquire 75723117662246 75723117689903 0 56453fd19eb0 3
present 75723118090442 75723118227960 0 56453fd19eb0 3
acquire 75723417528001 75723417555589 0 56453fd19eb0 2
present 75723418042311 75723418153848 0 56453fd19eb0 2
acquire 75723718197837 75723718225006 0 56453fd19eb0 3
present 75723718642376 75723718760338 0 56453fd19eb0 3
acquire 75724017727517 75724017755244 0 56453fd19eb0 2
present 75724018169122 75724018276329 0 56453fd19eb0 2
acquire 75724318210318 75724318239023 0 56453fd19eb0 3
present 75724318680838 75724318792444 0 56453fd19eb0 3
acquire 75724618157578 75724618186911 0 56453fd19eb0 2
present 75724618628098 75724618744104 0 56453fd19eb0 2
acquire 75724918742068 75724918773567 0 56453fd19eb0 3
present 75724919248836 75724919358207 0 56453fd19eb0 3
acquire 75725218714261 75725218880413 0 56453fd19eb0 2
present 75725219430971 75725219556057 0 56453fd19eb0 2
acquire 75725518705661 75725518740511 0 56453fd19eb0 3
present 75725519266276 75725519401628 0 56453fd19eb0 3
acquire 75725818516870 75725818543479 0 56453fd19eb0 2
present 75725818951631 75725819081745 0 56453fd19eb0 2
acquire 75726118816059 75726118843297 0 56453fd19eb0 3
present 75726119273588 75726119381912 0 56453fd19eb0 3
acquire 75726418928912 75726418958944 0 56453fd19eb0 2
present 75726419334410 75726419444968 0 56453fd19eb0 2
acquire 75726719132070 75726719159727 0 56453fd19eb0 3
present 75726719563897 75726719665586 0 56453fd19eb0 3
acquire 75727019013539 75727019056491 0 56453fd19eb0 2
present 75727019477494 75727019580998 0 56453fd19eb0 2
acquire 75727319368461 75727319396468 0 56453fd19eb0 3
present 75727319793654 75727319898067 0 56453fd19eb0 3
acquire 75727619503384 75727619529086 0 56453fd19eb0 2
present 75727619917961 75727620038158 0 56453fd19eb0 2
acquire 75727919640612 75727919669805 0 56453fd19eb0 3
present 75727920220433 75727920339373 0 56453fd19eb0 3
acquire 75728219604703 75728219632151 0 56453fd19eb0 2
present 75728220020537 75728220126696 0 56453fd19eb0 2
acquire 75728519848020 75728519874280 0 56453fd19eb0 3
present 75728520254425 75728520357092 0 56453fd19eb0 3
acquire 75728820039653 75728820065914 0 56453fd19eb0 2
present 75728820435723 75728820537341 0 56453fd19eb0 2
acquire 75729120217529 75729120241414 0 56453fd19eb0 3
present 75729120640487 75729120748670 0 56453fd19eb0 3
acquire 75729420255791 75729420287290 0 56453fd19eb0 2
present 75729420698444 75729420802857 0 56453fd19eb0 2
acquire 75729720448403 75729720476968 0 56453fd19eb0 3
present 75729720938688 75729721069011 0 56453fd19eb0 3
acquire 75730020728176 75730020755414 0 56453fd19eb0 2
present 75730021161610 75730021263020 0 56453fd19eb0 2
acquire 75730320873994 75730320899696 0 56453fd19eb0 3
present 75730321307009 75730321409466 0 56453fd19eb0 3
acquire 75730620899476 75730620925247 0 56453fd19eb0 2
present 75730621309164 75730621407850 0 56453fd19eb0 2
acquire 75730921122119 75730921152989 0 56453fd19eb0 3
present 75730921620995 75730921733509 0 56453fd19eb0 3
acquire 75731220975163 75731221010433 0 56453fd19eb0 2
present 75731221401893 75731221515454 0 56453fd19eb0 2
acquire 75731521295375 75731521322054 0 56453fd19eb0 3
present 75731521753882 75731521878269 0 56453fd19eb0 3
acquire 75731821249269 75731821276507 0 56453fd19eb0 2
present 75731821681656 75731821786557 0 56453fd19eb0 2
acquire 75732121512071 75732121541405 0 56453fd19eb0 3
present 75732121931258 75732122048451 0 56453fd19eb0 3
acquire 75732421474207 75732421501375 0 56453fd19eb0 2
present 75732421870486 75732421971965 0 56453fd19eb0 2
acquire 75732722032507 75732722058767 0 56453fd19eb0 3
present 75732722436049 75732722536271 0 56453fd19eb0 3
acquire 75733021887227 75733021916770 0 56453fd19eb0 2
present 75733022366687 75733022477944 0 56453fd19eb0 2
acquire 75733323253519 75733323288091 0 56453fd19eb0 3
present 75733323880344 75733324057600 0 56453fd19eb0 3
acquire 75733622613136 75733622668450 0 56453fd19eb0 2
present 75733623309382 75733623448436 0 56453fd19eb0 2
acquire 75733923241975 75733923276267 0 56453fd19eb0 3
present 75733923741549 75733923867822 0 56453fd19eb0 3
