instance 90501426484974 90501440793190 0 pid 3813561
device 90501441519259 90501559381503 0
swapchain 90501559739019 90501610952136 0 5e4f3af67ee0 900x560 mode 2 images 4
acquire 90501619239836 90501619253664 0 5e4f3af67ee0 3
present 90501619414439 90501619602521 0 5e4f3af67ee0 3
acquire 90501619781244 90501619789974 0 5e4f3af67ee0 2
present 90501619835022 90501619897530 0 5e4f3af67ee0 2
acquire 90513976121401 90513976137045 0 5e4f3af67ee0 1
present 90513976255845 90513976392734 0 5e4f3af67ee0 1
acquire 90514657166665 90514657183008 0 5e4f3af67ee0 0
present 90514657301249 90514657423541 0 5e4f3af67ee0 0
acquire 90514959133248 90514959168448 0 5e4f3af67ee0 3
present 90514959295210 90514959408771 0 5e4f3af67ee0 3
acquire 90515262659104 90515262689555 0 5e4f3af67ee0 2
present 90515262835662 90515262940145 0 5e4f3af67ee0 2
acquire 90515567885452 90515567914087 0 5e4f3af67ee0 3
present 90515568031560 90515568135414 0 5e4f3af67ee0 3
acquire 90515874521055 90515874554858 0 5e4f3af67ee0 2
present 90515874726388 90515874861321 0 5e4f3af67ee0 2
acquire 90516176312267 90516176342368 0 5e4f3af67ee0 3
present 90516176461308 90516176571307 0 5e4f3af67ee0 3
acquire 90516477514438 90516477551244 0 5e4f3af67ee0 2
present 90516477729968 90516477870628 0 5e4f3af67ee0 2
acquire 90516783552131 90516783586004 0 5e4f3af67ee0 3
present 90516783724848 90516783853216 0 5e4f3af67ee0 3
acquire 90517087486767 90517087519662 0 5e4f3af67ee0 2
present 90517087664443 90517087795884 0 5e4f3af67ee0 2
acquire 90517395203581 90517395231797 0 5e4f3af67ee0 3
present 90517395338095 90517395447676 0 5e4f3af67ee0 3
acquire 90517698990992 90517699044770 0 5e4f3af67ee0 2
present 90517699222096 90517699355842 0 5e4f3af67ee0 2
acquire 90518006164302 90518006193426 0 5e4f3af67ee0 3
present 90518006305940 90518006415730 0 5e4f3af67ee0 3
acquire 90518311866269 90518311902447 0 5e4f3af67ee0 2
present 90518312090738 90518312225113 0 5e4f3af67ee0 2
acquire 90518624445563 90518624479366 0 5e4f3af67ee0 3
present 90518624618490 90518624754540 0 5e4f3af67ee0 3
acquire 90518923393053 90518923427345 0 5e4f3af67ee0 2
present 90518923600132 90518923737021 0 5e4f3af67ee0 2
acquire 90519231966189 90519232022341 0 5e4f3af67ee0 3
present 90519232137579 90519232251001 0 5e4f3af67ee0 3
acquire 90519530842231 90519530874917 0 5e4f3af67ee0 2
present 90519531072777 90519531216021 0 5e4f3af67ee0 2
acquire 90519839222187 90519839256479 0 5e4f3af67ee0 3
present 90519839409082 90519839545063 0 5e4f3af67ee0 3
acquire 90520138935625 90520138969987 0 5e4f3af67ee0 2
present 90520139157999 90520139293840 0 5e4f3af67ee0 2
acquire 90520446637563 90520446668851 0 5e4f3af67ee0 3
present 90520446782972 90520446898978 0 5e4f3af67ee0 3
acquire 90520749712874 90520749742207 0 5e4f3af67ee0 2
present 90520749877350 90520749984067 0 5e4f3af67ee0 2
acquire 90521055726891 90521055759646 0 5e4f3af67ee0 3
present 90521055900237 90521056042014 0 5e4f3af67ee0 3
acquire 90521361574686 90521361609537 0 5e4f3af67ee0 2
present 90521361791403 90521361924590 0 5e4f3af67ee0 2
acquire 90521663518990 90521663552863 0 5e4f3af67ee0 3
present 90521663702113 90521663823707 0 5e4f3af67ee0 3
acquire 90521965686576 90521965719471 0 5e4f3af67ee0 2
present 90521965871585 90521965995413 0 5e4f3af67ee0 2
acquire 90522274141890 90522274174296 0 5e4f3af67ee0 3
present 90522274328785 90522274448702 0 5e4f3af67ee0 3
acquire 90522582037498 90522582073745 0 5e4f3af67ee0 2
present 90522582221808 90522582342913 0 5e4f3af67ee0 2
acquire 90522889029640 90522889062605 0 5e4f3af67ee0 3
present 90522889218491 90522889338198 0 5e4f3af67ee0 3
acquire 90523197418326 90523197453107 0 5e4f3af67ee0 2
present 90523197612066 90523197733659 0 5e4f3af67ee0 2
acquire 90523501910086 90523501939419 0 5e4f3af67ee0 3
present 90523502093908 90523502190708 0 5e4f3af67ee0 3
acquire 90523802665554 90523802697541 0 5e4f3af67ee0 2
present 90523802845325 90523802974601 0 5e4f3af67ee0 2
acquire 90524105791849 90524105828655 0 5e4f3af67ee0 3
present 90524106029938 90524106161937 0 5e4f3af67ee0 3
acquire 90524410472529 90524410504516 0 5e4f3af67ee0 2
present 90524410653278 90524410774872 0 5e4f3af67ee0 2
acquire 90524713149886 90524713178241 0 5e4f3af67ee0 3
present 90524713334266 90524713446641 0 5e4f3af67ee0 3
acquire 90525017085291 90525017123564 0 5e4f3af67ee0 2
present 90525017280218 90525017401532 0 5e4f3af67ee0 2
acquire 90525324672760 90525324707680 0 5e4f3af67ee0 3
present 90525324869572 90525324993191 0 5e4f3af67ee0 3
acquire 90525630624618 90525630657514 0 5e4f3af67ee0 2
present 90525630807044 90525630929405 0 5e4f3af67ee0 2
acquire 90525935687819 90525935722599 0 5e4f3af67ee0 3
present 90525935877717 90525935999589 0 5e4f3af67ee0 3
acquire 90526235973465 90526236016348 0 5e4f3af67ee0 2
present 90526236159033 90526236268963 0 5e4f3af67ee0 2
acquire 90526542187717 90526542219076 0 5e4f3af67ee0 3
present 90526542369444 90526542482167 0 5e4f3af67ee0 3
acquire 90526845293480 90526845325397 0 5e4f3af67ee0 2
present 90526845470946 90526845580876 0 5e4f3af67ee0 2
acquire 90527149112180 90527149142212 0 5e4f3af67ee0 3
present 90527149294815 90527149413335 0 5e4f3af67ee0 3
acquire 90527452487669 90527452515815 0 5e4f3af67ee0 2
present 90527452647396 90527452748316 0 5e4f3af67ee0 2
acquire 90527757689644 90527757726450 0 5e4f3af67ee0 3
present 90527757883593 90527758020062 0 5e4f3af67ee0 3
acquire 90528062240070 90528062278902 0 5e4f3af67ee0 2
present 90528062438978 90528062571676 0 5e4f3af67ee0 2
acquire 90528363232230 90528363264916 0 5e4f3af67ee0 3
present 90528363423804 90528363563556 0 5e4f3af67ee0 3
acquire 90528667589825 90528667625235 0 5e4f3af67ee0 2
present 90528667799698 90528667919964 0 5e4f3af67ee0 2
acquire 90528974335569 90528974374540 0 5e4f3af67ee0 3
present 90528974533638 90528974650413 0 5e4f3af67ee0 3
acquire 90529279396394 90529279428801 0 5e4f3af67ee0 2
present 90529279574978 90529279699435 0 5e4f3af67ee0 2
acquire 90529583798828 90529583835634 0 5e4f3af67ee0 3
present 90529584017291 90529584146078 0 5e4f3af67ee0 3
acquire 90529891459700 90529891488404 0 5e4f3af67ee0 2
present 90529891622430 90529891725375 0 5e4f3af67ee0 2
acquire 90530193919432 90530193955609 0 5e4f3af67ee0 3
present 90530194139152 90530194259698 0 5e4f3af67ee0 3
acquire 90530497525885 90530497561225 0 5e4f3af67ee0 2
present 90530497742393 90530497869783 0 5e4f3af67ee0 2
acquire 90530805497620 90530805528141 0 5e4f3af67ee0 3
present 90530805665030 90530805774750 0 5e4f3af67ee0 3
acquire 90531109551756 90531109586607 0 5e4f3af67ee0 2
present 90531109710365 90531109810098 0 5e4f3af67ee0 2
acquire 90531414182291 90531414211833 0 5e4f3af67ee0 3
present 90531414355078 90531414469477 0 5e4f3af67ee0 3
acquire 90531714450827 90531714498528 0 5e4f3af67ee0 2
present 90531714664890 90531714788369 0 5e4f3af67ee0 2
acquire 90532016577905 90532016615550 0 5e4f3af67ee0 3
present 90532016783238 90532016906298 0 5e4f3af67ee0 3
acquire 90532317689843 90532317725671 0 5e4f3af67ee0 2
present 90532317908376 90532318033252 0 5e4f3af67ee0 2
acquire 90532618358778 90532618389089 0 5e4f3af67ee0 3
present 90532618529260 90532618640657 0 5e4f3af67ee0 3
swapchain 90533631789872 90533634777397 0 5e4f3b0fe4f0 1100x700 mode 2 images 4
acquire 90533635707681 90533635718157 0 5e4f3b0fe4f0 3
present 90533635826760 90533635926214 0 5e4f3b0fe4f0 3
swapchain 90535140335479 90535144096705 0 5e4f3af67ee0 640x760 mode 2 images 4
acquire 90535145102836 90535145112823 0 5e4f3af67ee0 3
present 90535145222265 90535145324372 0 5e4f3af67ee0 3
swapchain 90536648502339 90536652111729 0 5e4f3b0fe4f0 1280x480 mode 2 images 4
acquire 90536653120934 90536653130921 0 5e4f3b0fe4f0 3
present 90536653239245 90536653342330 0 5e4f3b0fe4f0 3
swapchain 90538157678892 90538161619470 0 5e4f3af67ee0 760x560 mode 2 images 4
acquire 90538162972572 90538162982140 0 5e4f3af67ee0 3
present 90538163099404 90538163201092 0 5e4f3af67ee0 3
swapchain 90539665510585 90539670405821 0 5e4f3b110b90 900x560 mode 2 images 4
acquire 90539671436607 90539671447083 0 5e4f3b110b90 3
present 90539671564416 90539671670156 0 5e4f3b110b90 3
