instance 313899151667952 313899166996962 0 pid 1916877
device 313899167776389 313899305999447 0
swapchain 313899306421078 313899357138097 0 5abc7d46de70 900x560 mode 2 images 4
acquire 313899362257800 313899362268346 0 5abc7d46de70 3
present 313899364420501 313899364602646 0 5abc7d46de70 3
acquire 313899364771592 313899364779554 0 5abc7d46de70 2
present 313899364828093 313899364889833 0 5abc7d46de70 2
acquire 313911700503907 313911700520599 0 5abc7d46de70 1
present 313911700651341 313911700792909 0 5abc7d46de70 1
acquire 313912381661053 313912381679771 0 5abc7d46de70 0
present 313912381831955 313912381968354 0 5abc7d46de70 0
acquire 313912682874235 313912682906641 0 5abc7d46de70 3
present 313912683094724 313912683205422 0 5abc7d46de70 3
acquire 313912987152255 313912987182357 0 5abc7d46de70 2
present 313912987320293 313912987411366 0 5abc7d46de70 2
acquire 313913291842547 313913291876141 0 5abc7d46de70 3
present 313913292070579 313913292175061 0 5abc7d46de70 3
acquire 313913598871819 313913598901711 0 5abc7d46de70 2
present 313913599056270 313913599163336 0 5abc7d46de70 2
acquire 313913900038138 313913900067262 0 5abc7d46de70 3
present 313913900258068 313913900377007 0 5abc7d46de70 3
acquire 313914201903217 313914201934227 0 5abc7d46de70 2
present 313914202092906 313914202208074 0 5abc7d46de70 2
acquire 313914507211464 313914507241496 0 5abc7d46de70 3
present 313914507403388 313914507521699 0 5abc7d46de70 3
acquire 313914811951763 313914811982982 0 5abc7d46de70 2
present 313914812141801 313914812255642 0 5abc7d46de70 2
acquire 313915118882909 313915118918109 0 5abc7d46de70 3
present 313915119143277 313915119286381 0 5abc7d46de70 3
acquire 313915423380231 313915423411380 0 5abc7d46de70 2
present 313915423561189 313915423677894 0 5abc7d46de70 2
acquire 313915729878292 313915729910558 0 5abc7d46de70 3
present 313915730086069 313915730210736 0 5abc7d46de70 3
acquire 313916036413578 313916036445286 0 5abc7d46de70 2
present 313916036595444 313916036713895 0 5abc7d46de70 2
acquire 313916342859538 313916342895296 0 5abc7d46de70 3
present 313916343081982 313916343212724 0 5abc7d46de70 3
acquire 313916647827170 313916647859856 0 5abc7d46de70 2
present 313916648016300 313916648135729 0 5abc7d46de70 2
acquire 313916950192453 313916950225348 0 5abc7d46de70 3
present 313916950384237 313916950513513 0 5abc7d46de70 3
acquire 313917255262333 313917255293133 0 5abc7d46de70 2
present 313917255438752 313917255566212 0 5abc7d46de70 2
acquire 313917556563726 313917556601510 0 5abc7d46de70 3
present 313917556810684 313917556947084 0 5abc7d46de70 3
acquire 313917863408689 313917863444098 0 5abc7d46de70 2
present 313917863610669 313917863756008 0 5abc7d46de70 2
acquire 313918167523282 313918167557085 0 5abc7d46de70 3
present 313918167727917 313918167857193 0 5abc7d46de70 3
acquire 313918474345128 313918474376556 0 5abc7d46de70 2
present 313918474526226 313918474641603 0 5abc7d46de70 2
acquire 313918780261553 313918780290607 0 5abc7d46de70 3
present 313918780422816 313918780529114 0 5abc7d46de70 3
acquire 313919086047165 313919086077756 0 5abc7d46de70 2
present 313919086225609 313919086358796 0 5abc7d46de70 2
acquire 313919387958202 313919387984323 0 5abc7d46de70 3
present 313919388128824 313919388230024 0 5abc7d46de70 3
acquire 313919690210203 313919690242121 0 5abc7d46de70 2
present 313919690395282 313919690514990 0 5abc7d46de70 2
acquire 313919998632947 313919998667309 0 5abc7d46de70 3
present 313919998799030 313919998908331 0 5abc7d46de70 3
acquire 313920306500874 313920306534258 0 5abc7d46de70 2
present 313920306682950 313920306795394 0 5abc7d46de70 2
acquire 313920613455139 313920613485659 0 5abc7d46de70 3
present 313920613625761 313920613734224 0 5abc7d46de70 3
acquire 313920922049832 313920922081819 0 5abc7d46de70 2
present 313920922220105 313920922337717 0 5abc7d46de70 2
acquire 313921226524248 313921226557143 0 5abc7d46de70 3
present 313921226710864 313921226833016 0 5abc7d46de70 3
acquire 313921527219701 313921527248755 0 5abc7d46de70 2
present 313921527383548 313921527486005 0 5abc7d46de70 2
acquire 313921830264260 313921830291079 0 5abc7d46de70 3
present 313921830450666 313921830555498 0 5abc7d46de70 3
acquire 313922135039133 313922135067069 0 5abc7d46de70 2
present 313922135206193 313922135318637 0 5abc7d46de70 2
acquire 313922437677496 313922437708506 0 5abc7d46de70 3
present 313922437849166 313922437961331 0 5abc7d46de70 3
acquire 313922741580403 313922741608968 0 5abc7d46de70 2
present 313922741750047 313922741846847 0 5abc7d46de70 2
acquire 313923049168058 313923049197601 0 5abc7d46de70 3
present 313923049345874 313923049455664 0 5abc7d46de70 3
acquire 313923355242535 313923355276688 0 5abc7d46de70 2
present 313923355435506 313923355560941 0 5abc7d46de70 2
acquire 313923660265624 313923660298031 0 5abc7d46de70 3
present 313923660471097 313923660604982 0 5abc7d46de70 3
acquire 313923960592875 313923960633942 0 5abc7d46de70 2
present 313923960833199 313923960970227 0 5abc7d46de70 2
acquire 313924266683835 313924266719105 0 5abc7d46de70 3
present 313924266866330 313924266986876 0 5abc7d46de70 3
acquire 313924569947487 313924569983735 0 5abc7d46de70 2
present 313924570171049 313924570287683 0 5abc7d46de70 2
acquire 313924873578014 313924873609024 0 5abc7d46de70 3
present 313924873768890 313924873885874 0 5abc7d46de70 3
acquire 313925177043577 313925177075564 0 5abc7d46de70 2
present 313925177222580 313925177337887 0 5abc7d46de70 2
acquire 313925482149777 313925482182742 0 5abc7d46de70 3
present 313925482331574 313925482442761 0 5abc7d46de70 3
acquire 313925786387224 313925786414113 0 5abc7d46de70 2
present 313925786541014 313925786642494 0 5abc7d46de70 2
acquire 313926087610468 313926087639522 0 5abc7d46de70 3
present 313926087783325 313926087876772 0 5abc7d46de70 3
acquire 313926391950721 313926391981242 0 5abc7d46de70 2
present 313926392155286 313926392267032 0 5abc7d46de70 2
acquire 313926698543072 313926698577852 0 5abc7d46de70 3
present 313926698733249 313926698855401 0 5abc7d46de70 3
acquire 313927003665825 313927003698650 0 5abc7d46de70 2
present 313927003861729 313927003980529 0 5abc7d46de70 2
acquire 313927308041139 313927308081088 0 5abc7d46de70 3
present 313927308229640 313927308354586 0 5abc7d46de70 3
acquire 313927615743894 313927615777766 0 5abc7d46de70 2
present 313927615938331 313927616088769 0 5abc7d46de70 2
acquire 313927918072653 313927918101288 0 5abc7d46de70 3
present 313927918229935 313927918326735 0 5abc7d46de70 3
acquire 313928221751581 313928221783080 0 5abc7d46de70 2
present 313928221952025 313928222079136 0 5abc7d46de70 2
acquire 313928529739987 313928529773371 0 5abc7d46de70 3
present 313928529941758 313928530075783 0 5abc7d46de70 3
acquire 313928833854933 313928833887898 0 5abc7d46de70 2
present 313928834045041 313928834159371 0 5abc7d46de70 2
acquire 313929138364412 313929138398844 0 5abc7d46de70 3
present 313929138544323 313929138665428 0 5abc7d46de70 3
acquire 313929438680421 313929438713875 0 5abc7d46de70 2
present 313929438873951 313929438995125 0 5abc7d46de70 2
acquire 313929740730655 313929740762642 0 5abc7d46de70 3
present 313929740904699 313929741041029 0 5abc7d46de70 3
acquire 313930041894605 313930041925614 0 5abc7d46de70 2
present 313930042089601 313930042206585 0 5abc7d46de70 2
acquire 313930342650403 313930342683857 0 5abc7d46de70 3
present 313930342831501 313930342951209 0 5abc7d46de70 3
swapchain 313931356936263 313931360177170 0 5abc7d604c90 1100x700 mode 2 images 4
acquire 313931361100610 313931361109619 0 5abc7d604c90 3
present 313931361221784 313931361325358 0 5abc7d604c90 3
swapchain 313932864777428 313932868014285 0 5abc7d46de70 640x760 mode 2 images 4
acquire 313932868846023 313932868855661 0 5abc7d46de70 3
present 313932868970480 313932869086625 0 5abc7d46de70 3
swapchain 313934371641728 313934374883264 0 5abc7d604c90 1280x480 mode 2 images 4
acquire 313934375741262 313934375752157 0 5abc7d604c90 3
present 313934375892957 313934376042138 0 5abc7d604c90 3
acquire 313934376304531 313934376314658 0 5abc7d604c90 2
present 313934376382823 313934376466353 0 5abc7d604c90 2
swapchain 313935879953976 313935883342598 0 5abc7d46de70 760x560 mode 2 images 4
acquire 313935884172660 313935884183695 0 5abc7d46de70 3
present 313935884322469 313935884430304 0 5abc7d46de70 3
acquire 313935884559580 313935884568240 0 5abc7d46de70 2
present 313935884618665 313935884718189 0 5abc7d46de70 2
swapchain 313937387819105 313937390898959 0 5abc7d6174c0 900x560 mode 2 images 4
acquire 313937391658132 313937391668259 0 5abc7d6174c0 3
present 313937391778817 313937391908093 0 5abc7d6174c0 3
acquire 313937392081369 313937392092684 0 5abc7d6174c0 2
present 313937393704268 313937393871816 0 5abc7d6174c0 2
