instance 90310239648216 90310253728679 0 pid 3783553
device 90310254514182 90310376412399 0
swapchain 90310376905897 90310429088336 0 5c52a83b4ee0 900x560 mode 2 images 4
acquire 90310437045267 90310437059724 0 5c52a83b4ee0 3
present 90310437234746 90310437445178 0 5c52a83b4ee0 3
acquire 90310437581019 90310437591076 0 5c52a83b4ee0 2
present 90310437636054 90310437698282 0 5c52a83b4ee0 2
acquire 90322773956575 90322773973337 0 5c52a83b4ee0 1
present 90322774103870 90322774241387 0 5c52a83b4ee0 1
acquire 90323455038118 90323455056836 0 5c52a83b4ee0 0
present 90323455180874 90323455312105 0 5c52a83b4ee0 0
acquire 90323756710652 90323756744316 0 5c52a83b4ee0 3
present 90323756865839 90323756961731 0 5c52a83b4ee0 3
acquire 90324060577106 90324060616496 0 5c52a83b4ee0 2
present 90324060808350 90324060927918 0 5c52a83b4ee0 2
acquire 90324365877259 90324365914833 0 5c52a83b4ee0 3
present 90324366045157 90324366153062 0 5c52a83b4ee0 3
acquire 90324672689822 90324672724603 0 5c52a83b4ee0 2
present 90324672876018 90324673022755 0 5c52a83b4ee0 2
acquire 90324974237480 90324974268839 0 5c52a83b4ee0 3
present 90324974389245 90324974502876 0 5c52a83b4ee0 3
acquire 90325275718300 90325275751614 0 5c52a83b4ee0 2
present 90325275916719 90325276067436 0 5c52a83b4ee0 2
acquire 90325581873658 90325581918007 0 5c52a83b4ee0 3
present 90325582076407 90325582206591 0 5c52a83b4ee0 3
acquire 90325885887058 90325885929172 0 5c52a83b4ee0 2
present 90325886160136 90325886318327 0 5c52a83b4ee0 2
acquire 90326195068143 90326195117800 0 5c52a83b4ee0 3
present 90326195271032 90326195401495 0 5c52a83b4ee0 3
acquire 90326497577444 90326497614460 0 5c52a83b4ee0 2
present 90326497771812 90326497900180 0 5c52a83b4ee0 2
acquire 90326804793340 90326804826724 0 5c52a83b4ee0 3
present 90326804948876 90326805078641 0 5c52a83b4ee0 3
acquire 90327110486769 90327110523086 0 5c52a83b4ee0 2
present 90327110679530 90327110807339 0 5c52a83b4ee0 2
acquire 90327418094194 90327418127997 0 5c52a83b4ee0 3
present 90327418254340 90327418372231 0 5c52a83b4ee0 3
acquire 90327722121562 90327722164025 0 5c52a83b4ee0 2
present 90327722335555 90327722465879 0 5c52a83b4ee0 2
acquire 90328025325992 90328025355116 0 5c52a83b4ee0 3
present 90328025477198 90328025609966 0 5c52a83b4ee0 3
acquire 90328329527684 90328329560649 0 5c52a83b4ee0 2
present 90328329708922 90328329830725 0 5c52a83b4ee0 2
acquire 90328633080063 90328633132653 0 5c52a83b4ee0 3
present 90328633310329 90328633444633 0 5c52a83b4ee0 3
acquire 90328937973740 90328938022699 0 5c52a83b4ee0 2
present 90328938179143 90328938299829 0 5c52a83b4ee0 2
acquire 90329241932106 90329241966398 0 5c52a83b4ee0 3
present 90329242137648 90329242257845 0 5c52a83b4ee0 3
acquire 90329548875761 90329548911450 0 5c52a83b4ee0 2
present 90329549084656 90329549207437 0 5c52a83b4ee0 2
acquire 90329854791145 90329854825437 0 5c52a83b4ee0 3
present 90329854973989 90329855116116 0 5c52a83b4ee0 3
acquire 90330160619856 90330160656523 0 5c52a83b4ee0 2
present 90330160810523 90330160935678 0 5c52a83b4ee0 2
acquire 90330462710181 90330462748942 0 5c52a83b4ee0 3
present 90330462918726 90330463067139 0 5c52a83b4ee0 3
acquire 90330764822994 90330764857635 0 5c52a83b4ee0 2
present 90330764998994 90330765114301 0 5c52a83b4ee0 2
acquire 90331073265510 90331073300361 0 5c52a83b4ee0 3
present 90331073458062 90331073572322 0 5c52a83b4ee0 3
acquire 90331381175976 90331381214180 0 5c52a83b4ee0 2
present 90331381358890 90331381472941 0 5c52a83b4ee0 2
acquire 90331688164191 90331688207492 0 5c52a83b4ee0 3
present 90331688370222 90331688480501 0 5c52a83b4ee0 3
acquire 90331996692122 90331996728929 0 5c52a83b4ee0 2
present 90331996892078 90331997029665 0 5c52a83b4ee0 2
acquire 90332301281573 90332301323896 0 5c52a83b4ee0 3
present 90332301497312 90332301626099 0 5c52a83b4ee0 3
acquire 90332601952655 90332601999379 0 5c52a83b4ee0 2
present 90332602230134 90332602357036 0 5c52a83b4ee0 2
acquire 90332905143677 90332905184673 0 5c52a83b4ee0 3
present 90332905332597 90332905450349 0 5c52a83b4ee0 3
acquire 90333209966117 90333210018358 0 5c52a83b4ee0 2
present 90333210179412 90333210302891 0 5c52a83b4ee0 2
acquire 90333512467038 90333512501469 0 5c52a83b4ee0 3
present 90333512652117 90333512773221 0 5c52a83b4ee0 3
acquire 90333816471010 90333816509632 0 5c52a83b4ee0 2
present 90333816681162 90333816807295 0 5c52a83b4ee0 2
acquire 90334124032690 90334124067471 0 5c52a83b4ee0 3
present 90334124223845 90334124348442 0 5c52a83b4ee0 3
acquire 90334430372709 90334430415102 0 5c52a83b4ee0 2
present 90334430590264 90334430714371 0 5c52a83b4ee0 2
acquire 90334735412355 90334735450349 0 5c52a83b4ee0 3
present 90334735617129 90334735736558 0 5c52a83b4ee0 3
acquire 90335035648607 90335035685274 0 5c52a83b4ee0 2
present 90335035838156 90335035961565 0 5c52a83b4ee0 2
acquire 90335341954753 90335341991908 0 5c52a83b4ee0 3
present 90335342184181 90335342304378 0 5c52a83b4ee0 3
acquire 90335645091927 90335645128593 0 5c52a83b4ee0 2
present 90335645282453 90335645405933 0 5c52a83b4ee0 2
acquire 90335948839722 90335948876458 0 5c52a83b4ee0 3
present 90335949046871 90335949156521 0 5c52a83b4ee0 3
acquire 90336252273371 90336252313390 0 5c52a83b4ee0 2
present 90336252471860 90336252596875 0 5c52a83b4ee0 2
acquire 90336557609354 90336557649582 0 5c52a83b4ee0 3
present 90336557841576 90336557965544 0 5c52a83b4ee0 3
acquire 90336861725491 90336861762158 0 5c52a83b4ee0 2
present 90336861912456 90336862044805 0 5c52a83b4ee0 2
acquire 90337162905647 90337162939939 0 5c52a83b4ee0 3
present 90337163126903 90337163229081 0 5c52a83b4ee0 3
acquire 90337467312114 90337467342634 0 5c52a83b4ee0 2
present 90337467480012 90337467582608 0 5c52a83b4ee0 2
acquire 90337773828202 90337773864939 0 5c52a83b4ee0 3
present 90337774047713 90337774183135 0 5c52a83b4ee0 3
acquire 90338078932522 90338078968001 0 5c52a83b4ee0 2
present 90338079137575 90338079249321 0 5c52a83b4ee0 2
acquire 90338383331656 90338383368113 0 5c52a83b4ee0 3
present 90338383515966 90338383621217 0 5c52a83b4ee0 3
acquire 90338691050758 90338691082187 0 5c52a83b4ee0 2
present 90338691222986 90338691322580 0 5c52a83b4ee0 2
acquire 90338993508867 90338993548048 0 5c52a83b4ee0 3
present 90338993716644 90338993842428 0 5c52a83b4ee0 3
acquire 90339297133602 90339297162656 0 5c52a83b4ee0 2
present 90339297302338 90339297415900 0 5c52a83b4ee0 2
acquire 90339605104552 90339605138634 0 5c52a83b4ee0 3
present 90339605286698 90339605403891 0 5c52a83b4ee0 3
acquire 90339909231515 90339909266994 0 5c52a83b4ee0 2
present 90339909411705 90339909537978 0 5c52a83b4ee0 2
acquire 90340213791353 90340213825156 0 5c52a83b4ee0 3
present 90340213961277 90340214134343 0 5c52a83b4ee0 3
acquire 90340514105618 90340514139002 0 5c52a83b4ee0 2
present 90340514291186 90340514418157 0 5c52a83b4ee0 2
acquire 90340816185957 90340816222623 0 5c52a83b4ee0 3
present 90340816381582 90340816493258 0 5c52a83b4ee0 3
acquire 90341117375820 90341117415909 0 5c52a83b4ee0 2
present 90341117578150 90341117704353 0 5c52a83b4ee0 2
acquire 90341418129177 90341418166821 0 5c52a83b4ee0 3
present 90341418336675 90341418462109 0 5c52a83b4ee0 3
