instance 77610599402816 77610612999772 0 pid 1884659
device 77610735197487 77610839124337 0
swapchain 77610842493335 77610892617214 0 5acb9d5aa030 64x64 mode 2 images 3
swapchain 77610894076475 77610896415106 0 5acb9d163e80 900x560 mode 2 images 3
acquire 77610990675940 77610990692772 0 5acb9d163e80 2
present 77610991685354 77610991874484 0 5acb9d163e80 2
acquire 77611039204298 77611039224273 0 5acb9d163e80 1
present 77611039650793 77611039781745 1000001003 5acb9d163e80 1
acquire 77611076162351 77611076180859 0 5acb9d163e80 0
present 77611076550598 77611076667303 0 5acb9d163e80 0
acquire 77623069046989 77623069081979 0 5acb9d163e80 2
present 77623069753432 77623069853863 0 5acb9d163e80 2
acquire 77623390142603 77623390178362 0 5acb9d163e80 1
present 77623390880684 77623390982024 0 5acb9d163e80 1
acquire 77624056662509 77624056701271 0 5acb9d163e80 2
present 77624057409390 77624057512127 0 5acb9d163e80 2
acquire 77624351598002 77624351632364 0 5acb9d163e80 1
present 77624352305842 77624352417518 0 5acb9d163e80 1
acquire 77624659227753 77624659262115 0 5acb9d163e80 2
present 77624659938875 77624660057675 0 5acb9d163e80 2
acquire 77624960114480 77624960148283 0 5acb9d163e80 1
present 77624960801787 77624960909482 0 5acb9d163e80 1
acquire 77625269302387 77625269335771 0 5acb9d163e80 2
present 77625270034323 77625270141948 0 5acb9d163e80 2
acquire 77625570830536 77625570864828 0 5acb9d163e80 1
present 77625571532300 77625571640833 0 5acb9d163e80 1
acquire 77625873269972 77625873305660 0 5acb9d163e80 2
present 77625873997926 77625874123011 0 5acb9d163e80 2
acquire 77626183100976 77626183134360 0 5acb9d163e80 1
present 77626183848905 77626183961838 0 5acb9d163e80 1
acquire 77626480631557 77626480668712 0 5acb9d163e80 2
present 77626481070089 77626481181137 0 5acb9d163e80 2
acquire 77626794161977 77626794197247 0 5acb9d163e80 1
present 77626794565589 77626794680478 0 5acb9d163e80 1
acquire 77627094874032 77627094908394 0 5acb9d163e80 2
present 77627095299923 77627095409155 0 5acb9d163e80 2
acquire 77627406596614 77627406630557 0 5acb9d163e80 1
present 77627406995407 77627407122308 0 5acb9d163e80 1
acquire 77627702388639 77627702427750 0 5acb9d163e80 2
present 77627702805660 77627702913006 0 5acb9d163e80 2
acquire 77628012091904 77628012124799 0 5acb9d163e80 1
present 77628012493770 77628012598042 0 5acb9d163e80 1
acquire 77628320664231 77628320693844 0 5acb9d163e80 2
present 77628321069729 77628321178332 0 5acb9d163e80 2
acquire 77628621444939 77628621487682 0 5acb9d163e80 1
present 77628621921116 77628622061637 0 5acb9d163e80 1
acquire 77628928522317 77628928561078 0 5acb9d163e80 2
present 77628928939757 77628929055554 0 5acb9d163e80 2
acquire 77629230306084 77629230340445 0 5acb9d163e80 1
present 77629230795391 77629230896171 0 5acb9d163e80 1
acquire 77629529472763 77629529506147 0 5acb9d163e80 2
present 77629529990356 77629530107689 0 5acb9d163e80 2
acquire 77629838853082 77629838885978 0 5acb9d163e80 1
present 77629839383945 77629839491850 0 5acb9d163e80 1
acquire 77630145703127 77630145738397 0 5acb9d163e80 2
present 77630146241113 77630146346364 0 5acb9d163e80 2
acquire 77630446267886 77630446303924 0 5acb9d163e80 1
present 77630446767949 77630446871314 0 5acb9d163e80 1
acquire 77630755338670 77630755371565 0 5acb9d163e80 2
present 77630755839780 77630755940142 0 5acb9d163e80 2
acquire 77631054505349 77631054542225 0 5acb9d163e80 1
present 77631055231837 77631055334992 0 5acb9d163e80 1
acquire 77631363988265 77631364041275 0 5acb9d163e80 2
present 77631364765737 77631364869661 0 5acb9d163e80 2
acquire 77631673192585 77631673228763 0 5acb9d163e80 1
present 77631673921866 77631674042971 0 5acb9d163e80 1
acquire 77631980351607 77631980386178 0 5acb9d163e80 2
present 77631981090107 77631981191586 0 5acb9d163e80 2
acquire 77632281662759 77632281696143 0 5acb9d163e80 1
present 77632282383100 77632282491703 0 5acb9d163e80 1
acquire 77632589133062 77632589165748 0 5acb9d163e80 2
present 77632589833359 77632589937143 0 5acb9d163e80 2
acquire 77632897610685 77632897647840 0 5acb9d163e80 1
present 77632898381382 77632898483979 0 5acb9d163e80 1
acquire 77633197381001 77633197416480 0 5acb9d163e80 2
present 77633198136124 77633198242073 0 5acb9d163e80 2
acquire 77633498120713 77633498151722 0 5acb9d163e80 1
present 77633498835048 77633498945886 0 5acb9d163e80 1
acquire 77633806407669 77633806443847 0 5acb9d163e80 2
present 77633807146937 77633807252188 0 5acb9d163e80 2
acquire 77634106735807 77634106770657 0 5acb9d163e80 1
present 77634107460409 77634107568034 0 5acb9d163e80 1
acquire 77634414369329 77634414407881 0 5acb9d163e80 2
present 77634415105944 77634415213220 0 5acb9d163e80 2
acquire 77634715477243 77634715516424 0 5acb9d163e80 1
present 77634716227058 77634716350956 0 5acb9d163e80 1
acquire 77635023525342 77635023562987 0 5acb9d163e80 2
present 77635024264611 77635024369233 0 5acb9d163e80 2
acquire 77635333268207 77635333301661 0 5acb9d163e80 1
present 77635333971159 77635334083254 0 5acb9d163e80 1
acquire 77635632358969 77635632394239 0 5acb9d163e80 2
present 77635633085038 77635633194479 0 5acb9d163e80 2
acquire 77635932460961 77635932498676 0 5acb9d163e80 1
present 77635933191011 77635933298985 0 5acb9d163e80 1
acquire 77636241083784 77636241116679 0 5acb9d163e80 2
present 77636241821167 77636241926627 0 5acb9d163e80 2
acquire 77636541433223 77636541468981 0 5acb9d163e80 1
present 77636542169628 77636542275367 0 5acb9d163e80 1
acquire 77636851011053 77636851052958 0 5acb9d163e80 2
present 77636851786430 77636851908512 0 5acb9d163e80 2
acquire 77637150435516 77637150470786 0 5acb9d163e80 1
present 77637151149712 77637151252867 0 5acb9d163e80 1
acquire 77637460044356 77637460080184 0 5acb9d163e80 2
present 77637460750659 77637460856608 0 5acb9d163e80 2
acquire 77637759593834 77637759630152 0 5acb9d163e80 1
present 77637760326608 77637760441217 0 5acb9d163e80 1
acquire 77638060304143 77638060339482 0 5acb9d163e80 2
present 77638061063665 77638061167868 0 5acb9d163e80 2
acquire 77638368856425 77638368892603 0 5acb9d163e80 1
present 77638369579910 77638369684672 0 5acb9d163e80 1
acquire 77638675904190 77638675936317 0 5acb9d163e80 2
present 77638676627395 77638676739001 0 5acb9d163e80 2
acquire 77638976089293 77638976123096 0 5acb9d163e80 1
present 77638976806003 77638976910625 0 5acb9d163e80 1
acquire 77639285238019 77639285277829 0 5acb9d163e80 2
present 77639285970373 77639286088545 0 5acb9d163e80 2
acquire 77639585804175 77639585840004 0 5acb9d163e80 1
present 77639586518650 77639586621596 0 5acb9d163e80 1
acquire 77639894647067 77639894682756 0 5acb9d163e80 2
present 77639895366152 77639895484951 0 5acb9d163e80 2
acquire 77640203753470 77640203790276 0 5acb9d163e80 1
present 77640204486732 77640204597640 0 5acb9d163e80 1
acquire 77640506813514 77640506850669 0 5acb9d163e80 2
present 77640507564446 77640507682407 0 5acb9d163e80 2
acquire 77640809850301 77640809887875 0 5acb9d163e80 1
present 77640810573715 77640810679176 0 5acb9d163e80 1
acquire 77641110681784 77641110720895 0 5acb9d163e80 2
present 77641111407782 77641111516385 0 5acb9d163e80 2
acquire 77641411425616 77641411459000 0 5acb9d163e80 1
present 77641412138484 77641412237729 0 5acb9d163e80 1
acquire 77641710916288 77641710956447 0 5acb9d163e80 2
present 77641711655766 77641711762902 0 5acb9d163e80 2
acquire 77642011893040 77642011930685 0 5acb9d163e80 1
present 77642012649909 77642012775344 0 5acb9d163e80 1
