instance 313004246635897 313004264676084 0 pid 1763792
device 313004265496368 313004390172867 0
swapchain 313004390591285 313004446422327 0 61de3de68e70 900x560 mode 2 images 4
acquire 313004451632688 313004451646447 0 61de3de68e70 3
present 313004455037236 313004455239427 0 61de3de68e70 3
acquire 313004455418709 313004455428277 0 61de3de68e70 2
present 313004455491484 313004455567610 0 61de3de68e70 2
acquire 313016797689306 313016797704322 0 61de3de68e70 1
present 313016797818372 313016797937452 0 61de3de68e70 1
acquire 313017479071478 313017479086144 0 61de3de68e70 0
present 313017479213605 313017479323395 0 61de3de68e70 0
acquire 313017780409013 313017780446168 0 61de3de68e70 3
present 313017780634600 313017780743343 0 61de3de68e70 3
acquire 313018084593274 313018084622817 0 61de3de68e70 2
present 313018084766131 313018084865236 0 61de3de68e70 2
acquire 313018389237440 313018389271802 0 61de3de68e70 3
present 313018389436907 313018389561364 0 61de3de68e70 3
acquire 313018696498625 313018696531590 0 61de3de68e70 2
present 313018696719044 313018696857958 0 61de3de68e70 2
acquire 313018997690192 313018997725043 0 61de3de68e70 3
present 313018997909843 313018998046522 0 61de3de68e70 3
acquire 313019299422469 313019299451104 0 61de3de68e70 2
present 313019299585898 313019299690939 0 61de3de68e70 2
acquire 313019604816380 313019604850044 0 61de3de68e70 3
present 313019605038126 313019605147567 0 61de3de68e70 3
acquire 313019909466413 313019909497632 0 61de3de68e70 2
present 313019909639549 313019909759676 0 61de3de68e70 2
acquire 313020216431890 313020216472957 0 61de3de68e70 3
present 313020216651750 313020216774252 0 61de3de68e70 3
acquire 313020520932602 313020520963612 0 61de3de68e70 2
present 313020521113910 313020521232430 0 61de3de68e70 2
acquire 313020827908416 313020827945990 0 61de3de68e70 3
present 313020828114727 313020828229196 0 61de3de68e70 3
acquire 313021134349944 313021134381373 0 61de3de68e70 2
present 313021134523220 313021134640554 0 61de3de68e70 2
acquire 313021440974317 313021441021600 0 61de3de68e70 3
present 313021441194666 313021441319193 0 61de3de68e70 3
acquire 313021745937378 313021745976489 0 61de3de68e70 2
present 313021746179936 313021746307257 0 61de3de68e70 2
acquire 313022048294245 313022048323369 0 61de3de68e70 3
present 313022048472340 313022048593445 0 61de3de68e70 3
acquire 313022353367306 313022353400690 0 61de3de68e70 2
present 313022353556645 313022353683616 0 61de3de68e70 2
acquire 313022654572282 313022654604479 0 61de3de68e70 3
present 313022654764764 313022654877977 0 61de3de68e70 3
acquire 313022961422801 313022961451366 0 61de3de68e70 2
present 313022961628762 313022961747492 0 61de3de68e70 2
acquire 313023265449501 313023265478345 0 61de3de68e70 3
present 313023265625291 313023265727678 0 61de3de68e70 3
acquire 313023572340388 313023572371397 0 61de3de68e70 2
present 313023572509333 313023572621359 0 61de3de68e70 2
acquire 313023878342825 313023878377187 0 61de3de68e70 3
present 313023878526088 313023878645866 0 61de3de68e70 3
acquire 313024184087548 313024184119954 0 61de3de68e70 2
present 313024184264456 313024184379414 0 61de3de68e70 2
acquire 313024486054422 313024486083965 0 61de3de68e70 3
present 313024486235380 313024486352714 0 61de3de68e70 3
acquire 313024788314419 313024788348222 0 61de3de68e70 2
present 313024788499778 313024788621860 0 61de3de68e70 2
acquire 313025096758993 313025096791888 0 61de3de68e70 3
present 313025096934294 313025097061615 0 61de3de68e70 3
acquire 313025404602863 313025404634361 0 61de3de68e70 2
present 313025404782005 313025404892424 0 61de3de68e70 2
acquire 313025711615692 313025711647610 0 61de3de68e70 3
present 313025711792810 313025711903298 0 61de3de68e70 3
acquire 313026020082406 313026020114323 0 61de3de68e70 2
present 313026020252958 313026020367218 0 61de3de68e70 2
acquire 313026324656032 313026324688718 0 61de3de68e70 3
present 313026324851587 313026324968711 0 61de3de68e70 3
acquire 313026625590723 313026625641148 0 61de3de68e70 2
present 313026627549698 313026627706981 0 61de3de68e70 2
acquire 313026928600815 313026928633780 0 61de3de68e70 3
present 313026928786103 313026928891424 0 61de3de68e70 3
acquire 313027233383545 313027233414276 0 61de3de68e70 2
present 313027233578472 313027233690078 0 61de3de68e70 2
acquire 313027536116857 313027536149752 0 61de3de68e70 3
present 313027536303752 313027536432539 0 61de3de68e70 3
acquire 313027839963017 313027839995353 0 61de3de68e70 2
present 313027840191537 313027840315925 0 61de3de68e70 2
acquire 313028147533528 313028147566424 0 61de3de68e70 3
present 313028147719306 313028147844252 0 61de3de68e70 3
acquire 313028453553146 313028453590023 0 61de3de68e70 2
present 313028453763508 313028453893552 0 61de3de68e70 2
acquire 313028758553572 313028758586048 0 61de3de68e70 3
present 313028758827978 313028761377531 0 61de3de68e70 3
acquire 313029060607329 313029060921265 0 61de3de68e70 2
present 313029061135817 313029061245398 0 61de3de68e70 2
acquire 313029365079406 313029365113209 0 61de3de68e70 3
present 313029365259107 313029365378745 0 61de3de68e70 3
acquire 313029668161504 313029668192513 0 61de3de68e70 2
present 313029668336875 313029668448411 0 61de3de68e70 2
acquire 313029971906534 313029971938521 0 61de3de68e70 3
present 313029972104324 313029972216140 0 61de3de68e70 3
acquire 313030275395108 313030275428073 0 61de3de68e70 2
present 313030275564333 313030275675799 0 61de3de68e70 2
acquire 313030580561057 313030580596746 0 61de3de68e70 3
present 313030580751235 313030580867171 0 61de3de68e70 3
acquire 313030884792531 313030884822074 0 61de3de68e70 2
present 313030884960360 313030885086353 0 61de3de68e70 2
acquire 313031186181050 313031186216809 0 61de3de68e70 3
present 313031186372345 313031186496104 0 61de3de68e70 3
acquire 313031490404074 313031490436550 0 61de3de68e70 2
present 313031490585242 313031490705578 0 61de3de68e70 2
acquire 313031796870047 313031796897495 0 61de3de68e70 3
present 313031797047234 313031797169735 0 61de3de68e70 3
acquire 313032102034180 313032102090193 0 61de3de68e70 2
present 313032102240421 313032102360897 0 61de3de68e70 2
acquire 313032406394232 313032406425242 0 61de3de68e70 3
present 313032406566810 313032406680232 0 61de3de68e70 3
acquire 313032714175315 313032714206254 0 61de3de68e70 2
present 313032714358927 313032714475841 0 61de3de68e70 2
acquire 313033016534277 313033016567382 0 61de3de68e70 3
present 313033016721382 313033016855756 0 61de3de68e70 3
acquire 313033320113295 313033320145212 0 61de3de68e70 2
present 313033320286571 313033320408514 0 61de3de68e70 2
acquire 313033628117450 313033628146085 0 61de3de68e70 3
present 313033628290447 313033628396326 0 61de3de68e70 3
acquire 313033932320988 313033932354442 0 61de3de68e70 2
present 313033932516404 313033932637229 0 61de3de68e70 2
acquire 313034236841535 313034236870589 0 61de3de68e70 3
present 313034237023471 313034237140525 0 61de3de68e70 3
acquire 313034537164348 313034537193751 0 61de3de68e70 2
present 313034537338043 313034537451604 0 61de3de68e70 2
acquire 313034839250231 313034839280751 0 61de3de68e70 3
present 313034839425323 313034839540910 0 61de3de68e70 3
acquire 313035140430065 313035140472388 0 61de3de68e70 2
present 313035140623106 313035140744001 0 61de3de68e70 2
acquire 313035441102991 313035441136584 0 61de3de68e70 3
present 313035441293378 313035441415949 0 61de3de68e70 3
swapchain 313036456026607 313036463022039 0 61de3dfff540 1100x700 mode 2 images 4
acquire 313036464126647 313036464137054 0 61de3dfff540 3
present 313036464259555 313036464353980 0 61de3dfff540 3
acquire 313036464487028 313036464495129 0 61de3dfff540 2
present 313036464545764 313036464609180 0 61de3dfff540 2
swapchain 313037963383291 313037966649763 0 61de3de68e70 640x760 mode 2 images 4
acquire 313037967755837 313037967768269 0 61de3de68e70 3
present 313037967900479 313037968054478 0 61de3de68e70 3
acquire 313037968200097 313037968208129 0 61de3de68e70 2
present 313037968255481 313037968330211 0 61de3de68e70 2
swapchain 313039471240806 313039474258154 0 61de3dfff540 1280x480 mode 2 images 4
acquire 313039475261004 313039475270362 0 61de3dfff540 3
present 313039475384692 313039475495321 0 61de3dfff540 3
swapchain 313040979832212 313040984285914 0 61de3de68e70 760x560 mode 2 images 4
acquire 313040985981029 313040985991994 0 61de3de68e70 3
present 313040986125880 313040986267727 0 61de3de68e70 3
acquire 313040986413067 313040986421727 0 61de3de68e70 2
present 313040986477321 313040986552749 0 61de3de68e70 2
swapchain 313042489273236 313042492967834 0 61de3e011cf0 900x560 mode 2 images 4
acquire 313042494210449 313042494219877 0 61de3e011cf0 3
present 313042494334486 313042495645475 0 61de3e011cf0 3
acquire 313042495791374 313042495799545 0 61de3e011cf0 2
present 313042495851018 313042495931265 0 61de3e011cf0 2
