instance 74793261808102 74793278076479 0 pid 1463124
device 74793278834814 74793393956627 0
swapchain 74793394370227 74793444729464 0 5b59e76a1e80 900x560 mode 2 images 4
acquire 74793450660932 74793450672875 0 5b59e76a1e80 3
present 74793451085567 74793451278328 0 5b59e76a1e80 3
acquire 74793451919260 74793451928200 0 5b59e76a1e80 2
present 74793452248491 74793452335793 0 5b59e76a1e80 2
acquire 74805778974018 74805778986799 0 5b59e76a1e80 1
present 74805779347249 74805779452290 0 5b59e76a1e80 1
acquire 74806459681924 74806459698686 0 5b59e76a1e80 0
present 74806460090425 74806460208177 0 5b59e76a1e80 0
acquire 74806766153249 74806766180836 0 5b59e76a1e80 3
present 74806766545686 74806766651216 0 5b59e76a1e80 3
acquire 74807060189498 74807060219599 0 5b59e76a1e80 2
present 74807060602957 74807060696195 0 5b59e76a1e80 2
acquire 74807366436144 74807366463731 0 5b59e76a1e80 3
present 74807366916581 74807367047603 0 5b59e76a1e80 3
acquire 74807660638056 74807660670741 0 5b59e76a1e80 2
present 74807661163959 74807661274308 0 5b59e76a1e80 2
acquire 74807967179292 74807967213095 0 5b59e76a1e80 3
present 74807967665945 74807967782300 0 5b59e76a1e80 3
acquire 74808261292505 74808261325889 0 5b59e76a1e80 2
present 74808261800390 74808261931482 0 5b59e76a1e80 2
acquire 74808567125622 74808567153209 0 5b59e76a1e80 3
present 74808567524834 74808567637488 0 5b59e76a1e80 3
acquire 74808861339197 74808861374886 0 5b59e76a1e80 2
present 74808861781990 74808861905539 0 5b59e76a1e80 2
acquire 74809169656075 74809169681636 0 5b59e76a1e80 3
present 74809170114721 74809170229540 0 5b59e76a1e80 3
acquire 74809461578791 74809461605959 0 5b59e76a1e80 2
present 74809461976326 74809462091145 0 5b59e76a1e80 2
acquire 74809769253548 74809769284977 0 5b59e76a1e80 3
present 74809769732449 74809769857255 0 5b59e76a1e80 3
acquire 74810062620230 74810062653125 0 5b59e76a1e80 2
present 74810063097804 74810063208362 0 5b59e76a1e80 2
acquire 74810368319810 74810368347048 0 5b59e76a1e80 3
present 74810370042023 74810370154118 0 5b59e76a1e80 3
acquire 74810662434212 74810662465221 0 5b59e76a1e80 2
present 74810662888388 74810663072979 0 5b59e76a1e80 2
acquire 74810967261895 74810967289133 0 5b59e76a1e80 3
present 74810967645393 74810967748827 0 5b59e76a1e80 3
acquire 74811262819354 74811262855601 0 5b59e76a1e80 2
present 74811263311594 74811263425924 0 5b59e76a1e80 2
acquire 74811570248131 74811570284518 0 5b59e76a1e80 3
present 74811570834098 74811570939419 0 5b59e76a1e80 3
acquire 74811863419886 74811863448032 0 5b59e76a1e80 2
present 74811863851016 74811863961574 0 5b59e76a1e80 2
acquire 74812167664117 74812167689539 0 5b59e76a1e80 3
present 74812168089519 74812168193862 0 5b59e76a1e80 3
acquire 74812463510648 74812463543543 0 5b59e76a1e80 2
present 74812463973206 74812464101015 0 5b59e76a1e80 2
acquire 74812768100662 74812768134535 0 5b59e76a1e80 3
present 74812768582496 74812768722318 0 5b59e76a1e80 3
acquire 74813063807302 74813063836914 0 5b59e76a1e80 2
present 74813064304990 74813064435174 0 5b59e76a1e80 2
acquire 74813368645880 74813368676401 0 5b59e76a1e80 3
present 74813369127994 74813369239879 0 5b59e76a1e80 3
acquire 74813664676443 74813664710875 0 5b59e76a1e80 2
present 74813665207934 74813665312836 0 5b59e76a1e80 2
acquire 74813968482840 74813968515735 0 5b59e76a1e80 3
present 74813968935410 74813969056724 0 5b59e76a1e80 3
acquire 74814264832576 74814264869103 0 5b59e76a1e80 2
present 74814265392493 74814265763629 0 5b59e76a1e80 2
acquire 74814569454578 74814569489359 0 5b59e76a1e80 3
present 74814569916298 74814570037891 0 5b59e76a1e80 3
acquire 74814864801745 74814864832265 0 5b59e76a1e80 2
present 74814865245166 74814865348252 0 5b59e76a1e80 2
acquire 74815169229099 74815169259131 0 5b59e76a1e80 3
present 74815169646120 74815169750952 0 5b59e76a1e80 3
acquire 74815464967307 74815464995383 0 5b59e76a1e80 2
present 74815465377973 74815465480639 0 5b59e76a1e80 2
acquire 74815770109555 74815770144894 0 5b59e76a1e80 3
present 74815770572392 74815770743223 0 5b59e76a1e80 3
acquire 74816065343021 74816065372354 0 5b59e76a1e80 2
present 74816065768213 74816065875280 0 5b59e76a1e80 2
acquire 74816369690616 74816369718203 0 5b59e76a1e80 3
present 74816370153244 74816370255701 0 5b59e76a1e80 3
acquire 74816665654131 74816665681300 0 5b59e76a1e80 2
present 74816666111731 74816666218867 0 5b59e76a1e80 2
acquire 74816970183942 74816970208666 0 5b59e76a1e80 3
present 74816970584970 74816970687427 0 5b59e76a1e80 3
acquire 74817266044093 74817266074194 0 5b59e76a1e80 2
present 74817266514613 74817266620143 0 5b59e76a1e80 2
acquire 74817570348527 74817570376812 0 5b59e76a1e80 3
present 74817570770088 74817570874500 0 5b59e76a1e80 3
acquire 74817866248766 74817866275934 0 5b59e76a1e80 2
present 74817866644206 74817866750574 0 5b59e76a1e80 2
acquire 74818170756717 74818170783117 0 5b59e76a1e80 3
present 74818171172481 74818171275427 0 5b59e76a1e80 3
acquire 74818466805997 74818466832816 0 5b59e76a1e80 2
present 74818467249069 74818467351037 0 5b59e76a1e80 2
acquire 74818771534296 74818771562512 0 5b59e76a1e80 3
present 74818771947127 74818772064461 0 5b59e76a1e80 3
acquire 74819066861838 74819066886632 0 5b59e76a1e80 2
present 74819067296180 74819067399964 0 5b59e76a1e80 2
acquire 74819371407014 74819371434951 0 5b59e76a1e80 3
present 74819371819776 74819371922302 0 5b59e76a1e80 3
acquire 74819667193971 74819667217787 0 5b59e76a1e80 2
present 74819667603240 74819667715755 0 5b59e76a1e80 2
acquire 74819971803541 74819971830639 0 5b59e76a1e80 3
present 74819972246613 74819972349769 0 5b59e76a1e80 3
acquire 74820267489787 74820267516397 0 5b59e76a1e80 2
present 74820267912745 74820268028332 0 5b59e76a1e80 2
acquire 74820572268303 74820572296868 0 5b59e76a1e80 3
present 74820572697407 74820572803425 0 5b59e76a1e80 3
acquire 74820867874371 74820867903006 0 5b59e76a1e80 2
present 74820868313951 74820868418014 0 5b59e76a1e80 2
acquire 74821172739629 74821172769242 0 5b59e76a1e80 3
present 74821173172714 74821173280199 0 5b59e76a1e80 3
acquire 74821468265380 74821468310218 0 5b59e76a1e80 2
present 74821468740579 74821468851208 0 5b59e76a1e80 2
acquire 74821772624220 74821772657604 0 5b59e76a1e80 3
present 74821773078397 74821773193356 0 5b59e76a1e80 3
acquire 74822068724973 74822068751653 0 5b59e76a1e80 2
present 74822069154566 74822069258141 0 5b59e76a1e80 2
acquire 74822373017604 74822373048055 0 5b59e76a1e80 3
present 74822373432810 74822373546720 0 5b59e76a1e80 3
acquire 74822669058573 74822669085602 0 5b59e76a1e80 2
present 74822669473918 74822669576515 0 5b59e76a1e80 2
acquire 74822973156137 74822973185610 0 5b59e76a1e80 3
present 74822973631406 74822973750206 0 5b59e76a1e80 3
acquire 74823269298446 74823269325614 0 5b59e76a1e80 2
present 74823269713722 74823269820648 0 5b59e76a1e80 2
acquire 74823573725102 74823573752270 0 5b59e76a1e80 3
present 74823574169082 74823574272517 0 5b59e76a1e80 3
acquire 74823869475043 74823869503608 0 5b59e76a1e80 2
present 74823869919512 74823870035937 0 5b59e76a1e80 2
acquire 74824174604580 74824174636428 0 5b59e76a1e80 3
present 74824175098287 74824175214573 0 5b59e76a1e80 3
