instance 77430562046676 77430574900801 0 pid 1859816
device 77430690528350 77430793539094 0
swapchain 77430796804448 77430845657427 0 583e3683a9b0 64x64 mode 2 images 3
swapchain 77430846967717 77430849217650 0 583e363f5ed0 900x560 mode 2 images 3
acquire 77430879504546 77430879520540 0 583e363f5ed0 2
present 77430880269865 77430880459275 0 583e363f5ed0 2
acquire 77430889959907 77430889974503 0 583e363f5ed0 1
present 77430890451169 77430890561379 1000001003 583e363f5ed0 1
acquire 77430930784017 77430930797985 0 583e363f5ed0 0
present 77430931171426 77430931267807 0 583e363f5ed0 0
acquire 77442945750338 77442945783723 0 583e363f5ed0 2
present 77442946114351 77442946205633 0 583e363f5ed0 2
acquire 77443245870072 77443245913094 0 583e363f5ed0 1
present 77443246250706 77443246353932 0 583e363f5ed0 1
acquire 77443929466424 77443929494151 0 583e363f5ed0 2
present 77443929814722 77443929909706 0 583e363f5ed0 2
acquire 77444229904284 77444229935294 0 583e363f5ed0 1
present 77444230257541 77444230372429 0 583e363f5ed0 1
acquire 77444530076468 77444530110341 0 583e363f5ed0 2
present 77444530465903 77444530566963 0 583e363f5ed0 2
acquire 77444838527833 77444838555001 0 583e363f5ed0 1
present 77444838875991 77444838976562 0 583e363f5ed0 1
acquire 77445146929470 77445146961387 0 583e363f5ed0 2
present 77445147295158 77445147395031 0 583e363f5ed0 2
acquire 77445447270810 77445447307057 0 583e363f5ed0 1
present 77445447646555 77445447764377 0 583e363f5ed0 1
acquire 77445747301147 77445747332645 0 583e363f5ed0 2
present 77445747699171 77445747804841 0 583e363f5ed0 2
acquire 77446047557908 77446047588778 0 583e363f5ed0 1
present 77446047875756 77446047980727 0 583e363f5ed0 1
acquire 77446356109495 77446356137990 0 583e363f5ed0 2
present 77446356621850 77446356725284 0 583e363f5ed0 2
acquire 77446664566516 77446664596967 0 583e363f5ed0 1
present 77446665056173 77446665185239 0 583e363f5ed0 1
acquire 77446964608098 77446964639596 0 583e363f5ed0 2
present 77446965032522 77446965151741 0 583e363f5ed0 2
acquire 77447273396515 77447273429341 0 583e363f5ed0 1
present 77447273769048 77447273870457 0 583e363f5ed0 1
acquire 77447581572566 77447581601620 0 583e363f5ed0 2
present 77447581919606 77447582033308 0 583e363f5ed0 2
acquire 77447890355186 77447890387593 0 583e363f5ed0 1
present 77447890692799 77447890796443 0 583e363f5ed0 1
acquire 77448190201701 77448190237181 0 583e363f5ed0 2
present 77448190560545 77448190669009 0 583e363f5ed0 2
acquire 77448490536685 77448490564273 0 583e363f5ed0 1
present 77448490850971 77448490951472 0 583e363f5ed0 1
acquire 77448798871345 77448798900958 0 583e363f5ed0 2
present 77448799317770 77448799415966 0 583e363f5ed0 2
acquire 77449099074469 77449099102126 0 583e363f5ed0 1
present 77449099418576 77449099516983 0 583e363f5ed0 1
acquire 77449407664328 77449407693452 0 583e363f5ed0 2
present 77449407998658 77449408107121 0 583e363f5ed0 2
acquire 77449707820728 77449707850341 0 583e363f5ed0 1
present 77449708178874 77449708288594 0 583e363f5ed0 1
acquire 77450016115928 77450016144982 0 583e363f5ed0 2
present 77450016456543 77450016554111 0 583e363f5ed0 2
acquire 77450324735889 77450324764035 0 583e363f5ed0 1
present 77450325060859 77450325159196 0 583e363f5ed0 1
acquire 77450633134243 77450633162878 0 583e363f5ed0 2
present 77450633482541 77450633579620 0 583e363f5ed0 2
acquire 77450933547030 77450933574687 0 583e363f5ed0 1
present 77450933888065 77450933987798 0 583e363f5ed0 1
acquire 77451233718097 77451233750084 0 583e363f5ed0 2
present 77451234098243 77451234195741 0 583e363f5ed0 2
acquire 77451542039976 77451542069169 0 583e363f5ed0 1
present 77451542370674 77451542486121 0 583e363f5ed0 1
acquire 77451850706311 77451850739276 0 583e363f5ed0 2
present 77451851078076 77451851183256 0 583e363f5ed0 2
acquire 77452159078964 77452159111371 0 583e363f5ed0 1
present 77452159438088 77452159547529 0 583e363f5ed0 1
acquire 77452467657020 77452467686144 0 583e363f5ed0 2
present 77452468013559 77452468113362 0 583e363f5ed0 2
acquire 77452767985369 77452768030626 0 583e363f5ed0 1
present 77452768349731 77452768448067 0 583e363f5ed0 1
acquire 77453068127592 77453068161744 0 583e363f5ed0 2
present 77453068478474 77453068592874 0 583e363f5ed0 2
acquire 77453376567991 77453376596626 0 583e363f5ed0 1
present 77453376910562 77453377020073 0 583e363f5ed0 1
acquire 77453676543642 77453676571718 0 583e363f5ed0 2
present 77453676879299 77453676975610 0 583e363f5ed0 2
acquire 77453985220523 77453985268434 0 583e363f5ed0 1
present 77453985640059 77453985751595 0 583e363f5ed0 1
acquire 77454285906459 77454285941729 0 583e363f5ed0 2
present 77454286325646 77454286447239 0 583e363f5ed0 2
acquire 77454593951906 77454593979913 0 583e363f5ed0 1
present 77454594301252 77454594397423 0 583e363f5ed0 1
acquire 77454902436934 77454902468432 0 583e363f5ed0 2
present 77454902806045 77454902924775 0 583e363f5ed0 2
acquire 77455202817035 77455202847346 0 583e363f5ed0 1
present 77455203176927 77455203276101 0 583e363f5ed0 1
acquire 77455502570242 77455502605023 0 583e363f5ed0 2
present 77455502934883 77455503061784 0 583e363f5ed0 2
acquire 77455811299365 77455811329397 0 583e363f5ed0 1
present 77455811637047 77455811735313 0 583e363f5ed0 1
acquire 77456111543904 77456111582596 0 583e363f5ed0 2
present 77456111908894 77456112022805 0 583e363f5ed0 2
acquire 77456419964608 77456419997573 0 583e363f5ed0 1
present 77456420349154 77456420452938 0 583e363f5ed0 1
acquire 77456720083224 77456720113745 0 583e363f5ed0 2
present 77456720459878 77456720558005 0 583e363f5ed0 2
acquire 77457028850410 77457028889172 0 583e363f5ed0 1
present 77457029361368 77457029470250 0 583e363f5ed0 1
acquire 77457328652855 77457328685262 0 583e363f5ed0 2
present 77457328998220 77457329108918 0 583e363f5ed0 2
acquire 77457629060195 77457629096931 0 583e363f5ed0 1
present 77457629424556 77457629521775 0 583e363f5ed0 1
acquire 77457937235546 77457937266556 0 583e363f5ed0 2
present 77457937577070 77457937675895 0 583e363f5ed0 2
acquire 77458245947069 77458245977380 0 583e363f5ed0 1
present 77458246268199 77458246366954 0 583e363f5ed0 1
acquire 77458546243640 77458546296161 0 583e363f5ed0 2
present 77458546593824 77458546686922 0 583e363f5ed0 2
acquire 77458854674750 77458854706738 0 583e363f5ed0 1
present 77458854980585 77458855100921 0 583e363f5ed0 1
acquire 77459163262025 77459163295898 0 583e363f5ed0 2
present 77459163559549 77459163656069 0 583e363f5ed0 2
acquire 77459463333010 77459463363460 0 583e363f5ed0 1
present 77459463631511 77459463726914 0 583e363f5ed0 1
acquire 77459763289035 77459763319556 0 583e363f5ed0 2
present 77459763571333 77459763666247 0 583e363f5ed0 2
acquire 77460072023536 77460072053358 0 583e363f5ed0 1
present 77460072318824 77460072416881 0 583e363f5ed0 1
acquire 77460380495433 77460380529795 0 583e363f5ed0 2
present 77460380797007 77460380890524 0 583e363f5ed0 2
acquire 77460680632347 77460680666639 0 583e363f5ed0 1
present 77460680942302 77460681053978 0 583e363f5ed0 1
acquire 77460981337559 77460981379953 0 583e363f5ed0 2
present 77460981738168 77460981857038 0 583e363f5ed0 2
acquire 77461289436854 77461289481133 0 583e363f5ed0 1
present 77461289759031 77461289855412 0 583e363f5ed0 1
acquire 77461589978917 77461590028294 0 583e363f5ed0 2
present 77461590374357 77461590500211 0 583e363f5ed0 2
acquire 77461889689940 77461889719762 0 583e363f5ed0 1
present 77461890022174 77461890122745 0 583e363f5ed0 1
