instance 86900121616449 86900177861482 0 pid 3241173
device 86900179254675 86900332994790 0
swapchain 86900333707241 86900407388767 0 6286bcc5dee0 900x560 mode 2 images 4
acquire 86900492793703 86900492818567 0 6286bcc5dee0 3
present 86900502798390 86900503164987 0 6286bcc5dee0 3
acquire 86900503743761 86900503761850 0 6286bcc5dee0 2
present 86900503906701 86900504086821 0 6286bcc5dee0 2
acquire 86912888497999 86912888519371 0 6286bcc5dee0 1
present 86912888658215 86912888809421 0 6286bcc5dee0 1
acquire 86913569528746 86913569546067 0 6286bcc5dee0 0
present 86913569672898 86913569798822 0 6286bcc5dee0 0
acquire 86913872838192 86913872882192 0 6286bcc5dee0 3
present 86913873020967 86913873133132 0 6286bcc5dee0 3
acquire 86914175087448 86914175122229 0 6286bcc5dee0 2
present 86914175277836 86914175373728 0 6286bcc5dee0 2
acquire 86914481095350 86914481129293 0 6286bcc5dee0 3
present 86914481252283 86914481363959 0 6286bcc5dee0 3
acquire 86914786944502 86914786983613 0 6286bcc5dee0 2
present 86914787158356 86914787281835 0 6286bcc5dee0 2
acquire 86915089601491 86915089633897 0 6286bcc5dee0 3
present 86915089760869 86915089892030 0 6286bcc5dee0 3
acquire 86915389970760 86915390020347 0 6286bcc5dee0 2
present 86915390190760 86915390320525 0 6286bcc5dee0 2
acquire 86915697282806 86915697319054 0 6286bcc5dee0 3
present 86915697484228 86915697608685 0 6286bcc5dee0 3
acquire 86916000154905 86916000198905 0 6286bcc5dee0 2
present 86916000438112 86916000604194 0 6286bcc5dee0 2
acquire 86916308719973 86916308750913 0 6286bcc5dee0 3
present 86916308878792 86916309018405 0 6286bcc5dee0 3
acquire 86916611559666 86916611600732 0 6286bcc5dee0 2
present 86916611776872 86916611916554 0 6286bcc5dee0 2
acquire 86916922644116 86916922681201 0 6286bcc5dee0 3
present 86916922881297 86916923023214 0 6286bcc5dee0 3
acquire 86917224475091 86917224505682 0 6286bcc5dee0 2
present 86917224651440 86917224766050 0 6286bcc5dee0 2
acquire 86917532835523 86917532864577 0 6286bcc5dee0 3
present 86917532978698 86917533152742 0 6286bcc5dee0 3
acquire 86917836033710 86917836060809 0 6286bcc5dee0 2
present 86917836204682 86917836319361 0 6286bcc5dee0 2
acquire 86918140222735 86918140252767 0 6286bcc5dee0 3
present 86918140364024 86918140480798 0 6286bcc5dee0 3
acquire 86918443632820 86918443673398 0 6286bcc5dee0 2
present 86918443857360 86918444037131 0 6286bcc5dee0 2
acquire 86918749882650 86918749914148 0 6286bcc5dee0 3
present 86918750079951 86918750198681 0 6286bcc5dee0 3
acquire 86919051581275 86919051609421 0 6286bcc5dee0 2
present 86919051755948 86919051883339 0 6286bcc5dee0 2
acquire 86919357040921 86919357071441 0 6286bcc5dee0 3
present 86919357186819 86919357295911 0 6286bcc5dee0 3
acquire 86919662651353 86919662688858 0 6286bcc5dee0 2
present 86919662874636 86919663028356 0 6286bcc5dee0 2
acquire 86919969088706 86919969127468 0 6286bcc5dee0 3
present 86919969292573 86919969423246 0 6286bcc5dee0 3
acquire 86920274518738 86920274560713 0 6286bcc5dee0 2
present 86920274794611 86920274962789 0 6286bcc5dee0 2
acquire 86920577958994 86920577989724 0 6286bcc5dee0 3
present 86920578162372 86920578285083 0 6286bcc5dee0 3
acquire 86920879729346 86920879760215 0 6286bcc5dee0 2
present 86920879938939 86920880088539 0 6286bcc5dee0 2
acquire 86921188755712 86921188790493 0 6286bcc5dee0 3
present 86921188937579 86921189055750 0 6286bcc5dee0 3
acquire 86921496110289 86921496151146 0 6286bcc5dee0 2
present 86921496358854 86921496482822 0 6286bcc5dee0 2
acquire 86921803485748 86921803515850 0 6286bcc5dee0 3
present 86921803714548 86921803851297 0 6286bcc5dee0 3
acquire 86922111498020 86922111533779 0 6286bcc5dee0 2
present 86922111701118 86922111822642 0 6286bcc5dee0 2
acquire 86922416590718 86922416625429 0 6286bcc5dee0 3
present 86922416806807 86922416932242 0 6286bcc5dee0 3
acquire 86922716738308 86922716770714 0 6286bcc5dee0 2
present 86922716922968 86922717061812 0 6286bcc5dee0 2
acquire 86923020285280 86923020316778 0 6286bcc5dee0 3
present 86923020476505 86923020582314 0 6286bcc5dee0 3
acquire 86923324594848 86923324630536 0 6286bcc5dee0 2
present 86923324786422 86923324907457 0 6286bcc5dee0 2
acquire 86923627694905 86923627740442 0 6286bcc5dee0 3
present 86923627885502 86923627992848 0 6286bcc5dee0 3
acquire 86923931203534 86923931238873 0 6286bcc5dee0 2
present 86923931396226 86923931511534 0 6286bcc5dee0 2
acquire 86924239612502 86924239644839 0 6286bcc5dee0 3
present 86924239810083 86924239935518 0 6286bcc5dee0 3
acquire 86924544877149 86924544925199 0 6286bcc5dee0 2
present 86924545159517 86924545309187 0 6286bcc5dee0 2
acquire 86924850506995 86924850539890 0 6286bcc5dee0 3
present 86924850686487 86924850807592 0 6286bcc5dee0 3
acquire 86925150188742 86925150219542 0 6286bcc5dee0 2
present 86925150383599 86925150516018 0 6286bcc5dee0 2
acquire 86925456947502 86925456982492 0 6286bcc5dee0 3
present 86925457144594 86925457248657 0 6286bcc5dee0 3
acquire 86925759441895 86925759470530 0 6286bcc5dee0 2
present 86925759603717 86925759721120 0 6286bcc5dee0 2
acquire 86926063837856 86926063870262 0 6286bcc5dee0 3
present 86926064040535 86926064158986 0 6286bcc5dee0 3
acquire 86926366695842 86926366727550 0 6286bcc5dee0 2
present 86926366891677 86926367018858 0 6286bcc5dee0 2
acquire 86926672344265 86926672377160 0 6286bcc5dee0 3
present 86926672511255 86926672617274 0 6286bcc5dee0 3
acquire 86926976047889 86926976080225 0 6286bcc5dee0 2
present 86926976225216 86926976342828 0 6286bcc5dee0 2
acquire 86927278018542 86927278051717 0 6286bcc5dee0 3
present 86927278220593 86927278343025 0 6286bcc5dee0 3
acquire 86927581547423 86927581578921 0 6286bcc5dee0 2
present 86927581735436 86927581870369 0 6286bcc5dee0 2
acquire 86927888954867 86927888986784 0 6286bcc5dee0 3
present 86927889156289 86927889271178 0 6286bcc5dee0 3
acquire 86928193229652 86928193260661 0 6286bcc5dee0 2
present 86928193415779 86928193529201 0 6286bcc5dee0 2
acquire 86928498351960 86928498384855 0 6286bcc5dee0 3
present 86928498531382 86928498641033 0 6286bcc5dee0 3
acquire 86928805604425 86928805644025 0 6286bcc5dee0 2
present 86928805858717 86928806019003 0 6286bcc5dee0 2
acquire 86929108656779 86929108708252 0 6286bcc5dee0 3
present 86929108911560 86929109089375 0 6286bcc5dee0 3
acquire 86929411421735 86929411453164 0 6286bcc5dee0 2
present 86929411615405 86929411738954 0 6286bcc5dee0 2
acquire 86929719890974 86929719925755 0 6286bcc5dee0 3
present 86929720087019 86929720194854 0 6286bcc5dee0 3
acquire 86930023565334 86930023605213 0 6286bcc5dee0 2
present 86930023763752 86930023880248 0 6286bcc5dee0 2
acquire 86930328689457 86930328721933 0 6286bcc5dee0 3
present 86930328873279 86930328988587 0 6286bcc5dee0 3
acquire 86930628432941 86930628465557 0 6286bcc5dee0 2
present 86930628621513 86930628728370 0 6286bcc5dee0 2
acquire 86930931182323 86930931217104 0 6286bcc5dee0 3
present 86930931395757 86930931513789 0 6286bcc5dee0 3
acquire 86931231823267 86931231860492 0 6286bcc5dee0 2
present 86931232089711 86931232217870 0 6286bcc5dee0 2
acquire 86931533148306 86931533180572 0 6286bcc5dee0 3
present 86931533327658 86931533440591 0 6286bcc5dee0 3
swapchain 86932550956738 86932554993492 0 6286bcdf44f0 1100x700 mode 2 images 4
acquire 86932563763665 86932563779100 0 6286bcdf44f0 3
present 86932563919830 86932564060420 0 6286bcdf44f0 3
swapchain 86934057583395 86934062122028 0 6286bcc5dee0 640x760 mode 2 images 4
acquire 86934070654392 86934070670106 0 6286bcc5dee0 3
present 86934070804201 86934070931033 0 6286bcc5dee0 3
swapchain 86935567097425 86935571292578 0 6286bcdf44f0 1280x480 mode 2 images 4
acquire 86935580717792 86935580732599 0 6286bcdf44f0 3
present 86935580885761 86935581027049 0 6286bcdf44f0 3
swapchain 86937079297755 86937086540570 0 6286bcc5dee0 760x560 mode 2 images 4
acquire 86937101403762 86937101427089 0 6286bcc5dee0 3
present 86937101638987 86937102086949 0 6286bcc5dee0 3
acquire 86937102526879 86937102543780 0 6286bcc5dee0 2
present 86937102647704 86937102766364 0 6286bcc5dee0 2
swapchain 86938588712743 86938594532194 0 6286bce06b90 900x560 mode 2 images 4
acquire 86938603109605 86938603123713 0 6286bce06b90 3
present 86938603257738 86938603416068 0 6286bce06b90 3
