instance 74954353287701 74954366900368 0 pid 1489336
device 74954367652837 74954480606083 0
swapchain 74954481062984 74954531716601 0 5f623f046e80 900x560 mode 2 images 4
acquire 74954538963668 74954538976030 0 5f623f046e80 3
present 74954540370757 74954540579163 0 5f623f046e80 3
acquire 74954543139191 74954543151622 0 5f623f046e80 2
present 74954544444731 74954544544604 1000001003 5f623f046e80 2
swapchain 74954545313415 74954548580584 0 5f623f1bbe50 900x560 mode 2 images 4
acquire 74954551145849 74954551157303 0 5f623f1bbe50 3
present 74954552541275 74954552630044 0 5f623f1bbe50 3
acquire 74966894631580 74966894645828 0 5f623f1bbe50 2
present 74966896042651 74966896151044 0 5f623f1bbe50 2
acquire 74967574457746 74967574472972 0 5f623f1bbe50 1
present 74967575971064 74967576118429 0 5f623f1bbe50 1
acquire 74967879256657 74967879271324 0 5f623f1bbe50 0
present 74967880621702 74967880738686 0 5f623f1bbe50 0
acquire 74968175137412 74968175174637 0 5f623f1bbe50 3
present 74968176747739 74968176863676 0 5f623f1bbe50 3
acquire 74968479970824 74968479997504 0 5f623f1bbe50 2
present 74968481383990 74968481508377 0 5f623f1bbe50 2
acquire 74968775643104 74968775671250 0 5f623f1bbe50 3
present 74968777069190 74968777173253 0 5f623f1bbe50 3
acquire 74969080716909 74969080743169 0 5f623f1bbe50 2
present 74969082143065 74969082249294 0 5f623f1bbe50 2
acquire 74969376118414 74969376148935 0 5f623f1bbe50 3
present 74969377556304 74969377670704 0 5f623f1bbe50 3
acquire 74969681147452 74969681173503 0 5f623f1bbe50 2
present 74969682455856 74969682561525 0 5f623f1bbe50 2
acquire 74969976939718 74969976965490 0 5f623f1bbe50 3
present 74969978383125 74969978492147 0 5f623f1bbe50 3
acquire 74970282116051 74970282145593 0 5f623f1bbe50 2
present 74970283586905 74970283692714 0 5f623f1bbe50 2
acquire 74970577502191 74970577530267 0 5f623f1bbe50 3
present 74970578976817 74970579096734 0 5f623f1bbe50 3
acquire 74970882417038 74970882450003 0 5f623f1bbe50 2
present 74970884034489 74970884153289 0 5f623f1bbe50 2
acquire 74971179502693 74971179541315 0 5f623f1bbe50 3
present 74971182338592 74971182459208 0 5f623f1bbe50 3
acquire 74971485396293 74971485424439 0 5f623f1bbe50 2
present 74971487179268 74971487296112 0 5f623f1bbe50 2
acquire 74971778648158 74971778677282 0 5f623f1bbe50 3
present 74971780194581 74971780311215 0 5f623f1bbe50 3
acquire 74972085683103 74972085714182 0 5f623f1bbe50 2
present 74972087388554 74972087503862 0 5f623f1bbe50 2
acquire 74972379028764 74972379055513 0 5f623f1bbe50 3
present 74972380556539 74972380663885 0 5f623f1bbe50 3
acquire 74972688605857 74972688640847 0 5f623f1bbe50 2
present 74972690409784 74972690529492 0 5f623f1bbe50 2
acquire 74972979558621 74972979587256 0 5f623f1bbe50 3
present 74972981036460 74972981146669 0 5f623f1bbe50 3
acquire 74973284645417 74973284675030 0 5f623f1bbe50 2
present 74973286216982 74973286327331 0 5f623f1bbe50 2
acquire 74973580337392 74973580371753 0 5f623f1bbe50 3
present 74973581981662 74973582110588 0 5f623f1bbe50 3
acquire 74973884485732 74973884514367 0 5f623f1bbe50 2
present 74973886028733 74973886148370 0 5f623f1bbe50 2
acquire 74974180825414 74974180855864 0 5f623f1bbe50 3
present 74974182417862 74974182531703 0 5f623f1bbe50 3
acquire 74974484905589 74974484934154 0 5f623f1bbe50 2
present 74974486516196 74974486632551 0 5f623f1bbe50 2
acquire 74974780598053 74974780625640 0 5f623f1bbe50 3
present 74974782034615 74974782133720 0 5f623f1bbe50 3
acquire 74975084844660 74975084878533 0 5f623f1bbe50 2
present 74975086465184 74975086594949 0 5f623f1bbe50 2
acquire 74975380987529 74975381024265 0 5f623f1bbe50 3
present 74975382494421 74975382598415 0 5f623f1bbe50 3
acquire 74975684949184 74975684976911 0 5f623f1bbe50 2
present 74975686493930 74975686607352 0 5f623f1bbe50 2
acquire 74975981207989 74975981234529 0 5f623f1bbe50 3
present 74975982726964 74975982828304 0 5f623f1bbe50 3
acquire 74976285887751 74976285918272 0 5f623f1bbe50 2
present 74976287462180 74976287584472 0 5f623f1bbe50 2
acquire 74976581201117 74976581226469 0 5f623f1bbe50 3
present 74976582693902 74976582793635 0 5f623f1bbe50 3
acquire 74976887334692 74976887367168 0 5f623f1bbe50 2
present 74976889032600 74976889141343 0 5f623f1bbe50 2
acquire 74977183521002 74977183546774 0 5f623f1bbe50 3
present 74977185199564 74977185304815 0 5f623f1bbe50 3
acquire 74977486281460 74977486307440 0 5f623f1bbe50 2
present 74977487862942 74977487970987 0 5f623f1bbe50 2
acquire 74977782221580 74977782248119 0 5f623f1bbe50 3
present 74977783764790 74977783867945 0 5f623f1bbe50 3
acquire 74978086837716 74978086867259 0 5f623f1bbe50 2
present 74978088421085 74978088531015 0 5f623f1bbe50 2
acquire 74978382745291 74978382781538 0 5f623f1bbe50 3
present 74978384681148 74978384797224 0 5f623f1bbe50 3
acquire 74978686556438 74978686583187 0 5f623f1bbe50 2
present 74978687977496 74978688096785 0 5f623f1bbe50 2
acquire 74978982699796 74978982730247 0 5f623f1bbe50 3
present 74978984304187 74978984416212 0 5f623f1bbe50 3
acquire 74979287351203 74979287381234 0 5f623f1bbe50 2
present 74979288945396 74979289069295 0 5f623f1bbe50 2
acquire 74979582867038 74979582894206 0 5f623f1bbe50 3
present 74979584435391 74979584549301 0 5f623f1bbe50 3
acquire 74979887029766 74979887055467 0 5f623f1bbe50 2
present 74979888566620 74979888663350 0 5f623f1bbe50 2
acquire 74980183163905 74980183195892 0 5f623f1bbe50 3
present 74980184728207 74980184837578 0 5f623f1bbe50 3
acquire 74980487842759 74980487875654 0 5f623f1bbe50 2
present 74980489478299 74980489601428 0 5f623f1bbe50 2
acquire 74980783641171 74980783679584 0 5f623f1bbe50 3
present 74980785497200 74980785606012 0 5f623f1bbe50 3
acquire 74981087731125 74981087758223 0 5f623f1bbe50 2
present 74981089284322 74981089388804 0 5f623f1bbe50 2
acquire 74981385159839 74981385193153 0 5f623f1bbe50 3
present 74981386954617 74981387090458 0 5f623f1bbe50 3
acquire 74981688159293 74981688188347 0 5f623f1bbe50 2
present 74981689745944 74981689854826 0 5f623f1bbe50 2
acquire 74981985584236 74981985616083 0 5f623f1bbe50 3
present 74981987180735 74981987291293 0 5f623f1bbe50 3
acquire 74982288736921 74982288766045 0 5f623f1bbe50 2
present 74982290362753 74982290482461 0 5f623f1bbe50 2
acquire 74982584236483 74982584264629 0 5f623f1bbe50 3
present 74982585877820 74982585988379 0 5f623f1bbe50 3
acquire 74982888756379 74982888789484 0 5f623f1bbe50 2
present 74982890305246 74982890410147 0 5f623f1bbe50 2
acquire 74983184608849 74983184635039 0 5f623f1bbe50 3
present 74983186193544 74983186306896 0 5f623f1bbe50 3
acquire 74983488954560 74983488986478 0 5f623f1bbe50 2
present 74983490534297 74983490643040 0 5f623f1bbe50 2
acquire 74983785300667 74983785330489 0 5f623f1bbe50 3
present 74983787053610 74983787166054 0 5f623f1bbe50 3
acquire 74984089991115 74984090055508 0 5f623f1bbe50 2
present 74984091646839 74984091760191 0 5f623f1bbe50 2
acquire 74984387698495 74984387748083 0 5f623f1bbe50 3
present 74984389584625 74984389722841 0 5f623f1bbe50 3
acquire 74984690366762 74984690400077 0 5f623f1bbe50 2
present 74984691958163 74984692076893 0 5f623f1bbe50 2
acquire 74984985739423 74984985772738 0 5f623f1bbe50 3
present 74984987204202 74984987308475 0 5f623f1bbe50 3
acquire 74985291322720 74985291355127 0 5f623f1bbe50 2
present 74985292942686 74985293069168 0 5f623f1bbe50 2
