instance 77574047903698 77574062736702 0 pid 1878988
device 77574063436371 77574182177997 0
swapchain 77574182566174 77574236742167 0 6444b5236eb0 900x560 mode 2 images 4
acquire 77574253457390 77574253475130 0 6444b5236eb0 3
present 77574261666938 77574261897833 0 6444b5236eb0 3
acquire 77574274227591 77574274243375 0 6444b5236eb0 2
present 77574281740404 77574281891121 1000001003 6444b5236eb0 2
swapchain 77574282436371 77574285402175 0 6444b53abf80 900x560 mode 2 images 4
acquire 77574297094004 77574297109648 0 6444b53abf80 3
present 77574303945910 77574304093344 0 6444b53abf80 3
acquire 77586607359558 77586607376809 0 6444b53abf80 2
present 77586616432063 77586616569231 0 6444b53abf80 2
acquire 77587288378209 77587288395041 0 6444b53abf80 1
present 77587298276377 77587298418364 0 6444b53abf80 1
acquire 77587591731098 77587591747301 0 6444b53abf80 0
present 77587598147474 77587598293233 0 6444b53abf80 0
acquire 77587894821663 77587894860075 0 6444b53abf80 3
present 77587901225678 77587901349716 0 6444b53abf80 3
acquire 77588202833096 77588202876537 0 6444b53abf80 2
present 77588210119344 77588210267058 0 6444b53abf80 2
acquire 77588510222803 77588510259889 0 6444b53abf80 3
present 77588517253852 77588517388576 0 6444b53abf80 3
acquire 77588812361783 77588812391815 0 6444b53abf80 2
present 77588819140496 77588819266000 0 6444b53abf80 2
acquire 77589112705635 77589112739019 0 6444b53abf80 3
present 77589119900461 77589120048944 0 6444b53abf80 3
acquire 77589421361633 77589421407518 0 6444b53abf80 2
present 77589428470973 77589428594941 0 6444b53abf80 2
acquire 77589724460858 77589724494661 0 6444b53abf80 3
present 77589731279659 77589731415989 0 6444b53abf80 3
acquire 77590034397882 77590034440345 0 6444b53abf80 2
present 77590041698308 77590041824301 0 6444b53abf80 2
acquire 77590337808459 77590337838491 0 6444b53abf80 3
present 77590344961101 77590345143736 0 6444b53abf80 3
acquire 77590647505788 77590647538613 0 6444b53abf80 2
present 77590654605072 77590654742309 0 6444b53abf80 2
acquire 77590951906294 77590951942751 0 6444b53abf80 3
present 77590961188183 77590961333872 0 6444b53abf80 3
acquire 77591261783603 77591261832772 0 6444b53abf80 2
present 77591269696886 77591269820435 0 6444b53abf80 2
acquire 77591565101083 77591565135375 0 6444b53abf80 3
present 77591572768384 77591572895774 0 6444b53abf80 3
acquire 77591870053473 77591870082597 0 6444b53abf80 2
present 77591877888463 77591878029473 0 6444b53abf80 2
acquire 77592173979409 77592174020754 0 6444b53abf80 3
present 77592181664310 77592181793656 0 6444b53abf80 3
acquire 77592477333275 77592477366659 0 6444b53abf80 2
present 77592484396241 77592484516647 0 6444b53abf80 2
acquire 77592783435670 77592783482464 0 6444b53abf80 3
present 77592791197187 77592791322133 0 6444b53abf80 3
acquire 77593088156467 77593088187477 0 6444b53abf80 2
present 77593096024492 77593096151114 0 6444b53abf80 2
acquire 77593394878703 77593394913973 0 6444b53abf80 3
present 77593402588677 77593402727033 0 6444b53abf80 3
acquire 77593700961473 77593700993739 0 6444b53abf80 2
present 77593708741777 77593708872310 0 6444b53abf80 2
acquire 77594010242269 77594010304288 0 6444b53abf80 3
present 77594018949715 77594019098895 0 6444b53abf80 3
acquire 77594309294409 77594309327793 0 6444b53abf80 2
present 77594317138688 77594317258186 0 6444b53abf80 2
acquire 77594611014691 77594611048983 0 6444b53abf80 3
present 77594618396621 77594618516818 0 6444b53abf80 3
acquire 77594919901722 77594919932243 0 6444b53abf80 2
present 77594928121398 77594928243410 0 6444b53abf80 2
acquire 77595227842127 77595227874045 0 6444b53abf80 3
present 77595236066761 77595236187656 0 6444b53abf80 3
acquire 77595534642864 77595534675829 0 6444b53abf80 2
present 77595542724743 77595542845009 0 6444b53abf80 2
acquire 77595842826456 77595842858862 0 6444b53abf80 3
present 77595850333891 77595850456322 0 6444b53abf80 3
acquire 77596147181285 77596147215857 0 6444b53abf80 2
present 77596155255761 77596155388180 0 6444b53abf80 2
acquire 77596447922045 77596447957384 0 6444b53abf80 3
present 77596455595492 77596455728540 0 6444b53abf80 3
acquire 77596751233587 77596751267879 0 6444b53abf80 2
present 77596759254355 77596759373504 0 6444b53abf80 2
acquire 77597055681166 77597055714550 0 6444b53abf80 3
present 77597063288335 77597063415236 0 6444b53abf80 3
acquire 77597358805185 77597358838080 0 6444b53abf80 2
present 77597366990149 77597367119705 0 6444b53abf80 2
acquire 77597662467819 77597662501692 0 6444b53abf80 3
present 77597670582314 77597670717666 0 6444b53abf80 3
acquire 77597970347602 77597970381684 0 6444b53abf80 2
present 77597978380243 77597978503303 0 6444b53abf80 2
acquire 77598276473813 77598276507197 0 6444b53abf80 3
present 77598284183089 77598284304962 0 6444b53abf80 3
acquire 77598581841968 77598581873396 0 6444b53abf80 2
present 77598590342754 77598590462950 0 6444b53abf80 2
acquire 77598881765865 77598881796456 0 6444b53abf80 3
present 77598889871630 77598889996296 0 6444b53abf80 3
acquire 77599187964501 77599187999701 0 6444b53abf80 2
present 77599195806336 77599195926812 0 6444b53abf80 2
acquire 77599491347701 77599491388209 0 6444b53abf80 3
present 77599499698119 77599499823833 0 6444b53abf80 3
acquire 77599795338379 77599795370366 0 6444b53abf80 2
present 77599803628524 77599803748720 0 6444b53abf80 2
acquire 77600098647756 77600098679744 0 6444b53abf80 3
present 77600107098117 77600107221806 0 6444b53abf80 3
acquire 77600404337041 77600404375593 0 6444b53abf80 2
present 77600412530246 77600412667694 0 6444b53abf80 2
acquire 77600707875218 77600707910558 0 6444b53abf80 3
present 77600716447172 77600716568067 0 6444b53abf80 3
acquire 77601009175405 77601009208789 0 6444b53abf80 2
present 77601017619620 77601017739816 0 6444b53abf80 2
acquire 77601314138831 77601314170329 0 6444b53abf80 3
present 77601323335933 77601323457387 0 6444b53abf80 3
acquire 77601621135681 77601621169484 0 6444b53abf80 2
present 77601629142481 77601629264982 0 6444b53abf80 2
acquire 77601925313114 77601925347756 0 6444b53abf80 3
present 77601933409520 77601933528529 0 6444b53abf80 3
acquire 77602230334927 77602230369219 0 6444b53abf80 2
present 77602238496634 77602238626399 0 6444b53abf80 2
acquire 77602538189427 77602538222811 0 6444b53abf80 3
present 77602546795045 77602546916359 0 6444b53abf80 3
acquire 77602840532552 77602840569638 0 6444b53abf80 2
present 77602849147529 77602849267725 0 6444b53abf80 2
acquire 77603144074291 77603144105790 0 6444b53abf80 3
present 77603153259311 77603153384327 0 6444b53abf80 3
acquire 77603451680227 77603451714589 0 6444b53abf80 2
present 77603460263774 77603460383901 0 6444b53abf80 2
acquire 77603755860244 77603755894955 0 6444b53abf80 3
present 77603764613855 77603764741385 0 6444b53abf80 3
acquire 77604062614466 77604062650155 0 6444b53abf80 2
present 77604071588915 77604071718750 0 6444b53abf80 2
acquire 77604360810913 77604360844786 0 6444b53abf80 3
present 77604369471565 77604369613343 0 6444b53abf80 3
acquire 77604664914524 77604664949863 0 6444b53abf80 2
present 77604673828769 77604673953017 0 6444b53abf80 2
acquire 77604964208943 77604964244422 0 6444b53abf80 3
present 77604972826293 77604972952566 0 6444b53abf80 3
acquire 77605267730078 77605267762974 0 6444b53abf80 2
present 77605278076068 77605278213794 0 6444b53abf80 2
