instance 73576033475581 73576053048562 0 pid 1278202
device 73576053777215 73576177456946 0
swapchain 73576177951281 73576227028305 0 5f4efca16ec0 900x560 mode 2 images 4
acquire 73576235800144 73576235813623 0 5f4efca16ec0 3
present 73576235966994 73576236177007 0 5f4efca16ec0 3
acquire 73576237379881 73576237390287 0 5f4efca16ec0 2
present 73576237538211 73576237641715 1000001003 5f4efca16ec0 2
swapchain 73576238310095 73576241194115 0 5f4efcb8d280 900x560 mode 2 images 4
acquire 73576242463548 73576242472977 0 5f4efcb8d280 3
present 73576242634030 73576242722379 0 5f4efcb8d280 3
acquire 73588556232536 73588556246295 0 5f4efcb8d280 2
present 73588556433819 73588556564491 0 5f4efcb8d280 2
acquire 73589237343580 73589237357129 0 5f4efcb8d280 1
present 73589237532989 73589237637052 0 5f4efcb8d280 1
acquire 73589713504313 73589713522541 0 5f4efcb8d280 0
present 73589713734369 73589713888858 0 5f4efcb8d280 0
acquire 73589838170759 73589838208473 0 5f4efcb8d280 3
present 73589838452708 73589838580028 0 5f4efcb8d280 3
acquire 73590307990335 73590308030773 0 5f4efcb8d280 2
present 73590308208518 73590308336677 0 5f4efcb8d280 2
acquire 73590438495571 73590438529932 0 5f4efcb8d280 3
present 73590438809018 73590438931309 0 5f4efcb8d280 3
acquire 73590907430888 73590907458545 0 5f4efcb8d280 2
present 73590907629306 73590907734557 0 5f4efcb8d280 2
acquire 73591038075177 73591038102834 0 5f4efcb8d280 3
present 73591038304466 73591038417469 0 5f4efcb8d280 3
acquire 73591509395430 73591509421550 0 5f4efcb8d280 2
present 73591509597341 73591509705245 0 5f4efcb8d280 2
acquire 73591638660636 73591638693042 0 5f4efcb8d280 3
present 73591638902845 73591639021645 0 5f4efcb8d280 3
acquire 73592124336247 73592124372006 0 5f4efcb8d280 2
present 73592124575174 73592124705498 0 5f4efcb8d280 2
acquire 73592239010661 73592239040203 0 5f4efcb8d280 3
present 73592239245746 73592239356723 0 5f4efcb8d280 3
acquire 73592710798639 73592710826366 0 5f4efcb8d280 2
present 73592711027928 73592711139394 0 5f4efcb8d280 2
acquire 73592839269403 73592839297060 0 5f4efcb8d280 3
present 73592840052881 73592840165115 0 5f4efcb8d280 3
acquire 73593307659191 73593307686498 0 5f4efcb8d280 2
present 73593307858657 73593307984511 0 5f4efcb8d280 2
acquire 73593439623757 73593439655256 0 5f4efcb8d280 3
present 73593439847039 73593439973452 0 5f4efcb8d280 3
acquire 73593909175283 73593909202032 0 5f4efcb8d280 2
present 73593909377194 73593909485238 0 5f4efcb8d280 2
acquire 73594039945426 73594039972664 0 5f4efcb8d280 3
present 73594040181978 73594040288486 0 5f4efcb8d280 3
acquire 73594505646400 73594505674895 0 5f4efcb8d280 2
present 73594505848101 73594505957891 0 5f4efcb8d280 2
acquire 73594640129299 73594640163172 0 5f4efcb8d280 3
present 73594640390924 73594640501552 0 5f4efcb8d280 3
acquire 73595114556085 73595114586327 0 5f4efcb8d280 2
present 73595114793056 73595114910529 0 5f4efcb8d280 2
acquire 73595240435393 73595240474574 0 5f4efcb8d280 3
present 73595240659583 73595240772516 0 5f4efcb8d280 3
acquire 73595708695835 73595708724889 0 5f4efcb8d280 2
present 73595708932317 73595709050558 0 5f4efcb8d280 2
acquire 73595840907221 73595840935855 0 5f4efcb8d280 3
present 73595841151944 73595841256356 0 5f4efcb8d280 3
acquire 73596309797560 73596309834785 0 5f4efcb8d280 2
present 73596310057160 73596310166740 0 5f4efcb8d280 2
acquire 73596441209823 73596441236013 0 5f4efcb8d280 3
present 73596441432337 73596441537587 0 5f4efcb8d280 3
acquire 73596906553908 73596906583940 0 5f4efcb8d280 2
present 73596906796606 73596906910727 0 5f4efcb8d280 2
acquire 73597041431340 73597041460813 0 5f4efcb8d280 3
present 73597041663003 73597041763085 0 5f4efcb8d280 3
acquire 73597507457843 73597507487176 0 5f4efcb8d280 2
present 73597507745728 73597507875284 0 5f4efcb8d280 2
acquire 73597641649225 73597641676882 0 5f4efcb8d280 3
present 73597641858888 73597641955548 0 5f4efcb8d280 3
acquire 73598126327156 73598126357676 0 5f4efcb8d280 2
present 73598126582355 73598126703460 0 5f4efcb8d280 2
acquire 73598241963840 73598241992405 0 5f4efcb8d280 3
present 73598242207935 73598242312766 0 5f4efcb8d280 3
acquire 73598710294612 73598710322200 0 5f4efcb8d280 2
present 73598710527113 73598710633272 0 5f4efcb8d280 2
acquire 73598842243674 73598842273077 0 5f4efcb8d280 3
present 73598842476944 73598842582544 0 5f4efcb8d280 3
acquire 73599309626632 73599309657642 0 5f4efcb8d280 2
present 73599309872473 73599309979889 0 5f4efcb8d280 2
acquire 73599442479020 73599442507166 0 5f4efcb8d280 3
present 73599442688054 73599442787229 0 5f4efcb8d280 3
acquire 73599908281892 73599908310806 0 5f4efcb8d280 2
present 73599908509644 73599908619085 0 5f4efcb8d280 2
acquire 73600042662753 73600042689083 0 5f4efcb8d280 3
present 73600042893019 73600042992822 0 5f4efcb8d280 3
acquire 73600507673067 73600507703169 0 5f4efcb8d280 2
present 73600507905429 73600508037848 0 5f4efcb8d280 2
acquire 73600643263647 73600643289767 0 5f4efcb8d280 3
present 73600643484834 73600643587221 0 5f4efcb8d280 3
acquire 73601108488723 73601108517358 0 5f4efcb8d280 2
present 73601108715357 73601108822773 0 5f4efcb8d280 2
acquire 73601243544948 73601243577843 0 5f4efcb8d280 3
present 73601243782408 73601243895061 0 5f4efcb8d280 3
acquire 73601708402590 73601708432621 0 5f4efcb8d280 2
present 73601708642983 73601708752005 0 5f4efcb8d280 2
acquire 73601843668897 73601843696274 0 5f4efcb8d280 3
present 73601843887080 73601843988769 0 5f4efcb8d280 3
acquire 73602310196021 73602310225145 0 5f4efcb8d280 2
present 73602310429919 73602310535170 0 5f4efcb8d280 2
acquire 73602443915347 73602443942026 0 5f4efcb8d280 3
present 73602444153645 73602444251422 0 5f4efcb8d280 3
acquire 73602909915101 73602909946110 0 5f4efcb8d280 2
present 73602910162339 73602910268358 0 5f4efcb8d280 2
acquire 73603044288698 73603044316425 0 5f4efcb8d280 3
present 73603044523015 73603044626660 0 5f4efcb8d280 3
acquire 73603510240542 73603510270154 0 5f4efcb8d280 2
present 73603510467735 73603510570052 0 5f4efcb8d280 2
acquire 73603644781129 73603644809205 0 5f4efcb8d280 3
present 73603645032976 73603645134176 0 5f4efcb8d280 3
acquire 73604116685673 73604116717870 0 5f4efcb8d280 2
present 73604116939196 73604117060790 0 5f4efcb8d280 2
acquire 73604244898094 73604244926659 0 5f4efcb8d280 3
present 73604245149033 73604245252398 0 5f4efcb8d280 3
acquire 73604710908534 73604710937658 0 5f4efcb8d280 2
present 73604711164223 73604711268565 0 5f4efcb8d280 2
acquire 73604845689096 73604845722969 0 5f4efcb8d280 3
present 73604845977191 73604846108701 0 5f4efcb8d280 3
acquire 73605311311498 73605311339435 0 5f4efcb8d280 2
present 73605311547701 73605311655187 0 5f4efcb8d280 2
acquire 73605445822753 73605445850899 0 5f4efcb8d280 3
present 73605446054137 73605446158689 0 5f4efcb8d280 3
acquire 73605911485943 73605911515555 0 5f4efcb8d280 2
present 73605911724101 73605911828513 0 5f4efcb8d280 2
acquire 73606046044060 73606046070321 0 5f4efcb8d280 3
present 73606046266714 73606046368892 0 5f4efcb8d280 3
acquire 73606511597809 73606511634057 0 5f4efcb8d280 2
present 73606511833663 73606511941986 0 5f4efcb8d280 2
acquire 73606646213546 73606646239736 0 5f4efcb8d280 3
present 73606646435850 73606646540891 0 5f4efcb8d280 3
acquire 73607112130049 73607112160570 0 5f4efcb8d280 2
present 73607112365414 73607112470176 0 5f4efcb8d280 2
swapchain 73607953746315 73607956971160 0 5f4efcbacc60 1100x700 mode 2 images 4
acquire 73608125835388 73608125851522 0 5f4efcbacc60 3
present 73608126059858 73608126184175 0 5f4efcbacc60 3
swapchain 73609460625201 73609464465486 0 5f4efcb8d280 640x760 mode 2 images 4
acquire 73609632797595 73609632813868 0 5f4efcb8d280 3
present 73609633020877 73609633172991 0 5f4efcb8d280 3
swapchain 73610968504981 73610971682614 0 5f4efcbacc60 1280x480 mode 2 images 4
acquire 73611141824237 73611141845608 0 5f4efcbacc60 3
present 73611142127138 73611142283512 0 5f4efcbacc60 3
swapchain 73612475645772 73612480656106 0 5f4efcb8d280 760x560 mode 2 images 4
acquire 73612648070712 73612648087334 0 5f4efcb8d280 3
present 73612648287080 73612648406718 0 5f4efcb8d280 3
swapchain 73613981296153 73613984246732 0 5f4efcbacc60 900x560 mode 2 images 4
acquire 73614151909623 73614151925268 0 5f4efcbacc60 3
present 73614152132137 73614152250238 0 5f4efcbacc60 3
acquire 73614153580503 73614153589512 0 5f4efcbacc60 2
present 73614153735690 73614153853931 0 5f4efcbacc60 2
