instance 91174961557207 91174976437563 0 pid 3921175
device 91174977294514 91175103492521 0
swapchain 91175103889847 91175154748315 0 597cbdf37e30 900x560 mode 2 images 4
acquire 91175163301482 91175163313914 0 597cbdf37e30 3
present 91175163486701 91175163671291 0 597cbdf37e30 3
acquire 91175163848687 91175163858745 0 597cbdf37e30 2
present 91175163910637 91175163975379 0 597cbdf37e30 2
acquire 91187523466672 91187523480431 0 597cbdf37e30 1
present 91187523589313 91187523706087 0 597cbdf37e30 1
acquire 91188204593644 91188204609428 0 597cbdf37e30 0
present 91188204727111 91188204844653 0 597cbdf37e30 0
acquire 91188509615526 91188509648421 0 597cbdf37e30 3
present 91188509773367 91188509887906 0 597cbdf37e30 3
acquire 91188810091726 91188810124412 0 597cbdf37e30 2
present 91188810262557 91188810356913 0 597cbdf37e30 2
acquire 91189115444166 91189115471404 0 597cbdf37e30 3
present 91189115587899 91189115690356 0 597cbdf37e30 3
acquire 91189421835493 91189421869785 0 597cbdf37e30 2
present 91189422028534 91189422136229 0 597cbdf37e30 2
acquire 91189724564349 91189724592845 0 597cbdf37e30 3
present 91189724703752 91189724812844 0 597cbdf37e30 3
acquire 91190024880544 91190024920144 0 597cbdf37e30 2
present 91190025095026 91190025202791 0 597cbdf37e30 2
acquire 91190331045725 91190331071985 0 597cbdf37e30 3
present 91190331168785 91190331274455 0 597cbdf37e30 3
acquire 91190634884707 91190634916066 0 597cbdf37e30 2
present 91190635074395 91190635201856 0 597cbdf37e30 2
acquire 91190942961441 91190943018501 0 597cbdf37e30 3
present 91190943129688 91190943236685 0 597cbdf37e30 3
acquire 91191246377674 91191246408684 0 597cbdf37e30 2
present 91191246550112 91191246668632 0 597cbdf37e30 2
acquire 91191557121641 91191557151254 0 597cbdf37e30 3
present 91191557267540 91191557379495 0 597cbdf37e30 3
acquire 91191859332626 91191859364474 0 597cbdf37e30 2
present 91191859491305 91191859605845 0 597cbdf37e30 2
acquire 91192166636568 91192166665691 0 597cbdf37e30 3
present 91192166767240 91192166872072 0 597cbdf37e30 3
acquire 91192470822800 91192470863727 0 597cbdf37e30 2
present 91192471038958 91192471169072 0 597cbdf37e30 2
acquire 91192776335804 91192776366814 0 597cbdf37e30 3
present 91192776482471 91192776616845 0 597cbdf37e30 3
acquire 91193078313171 91193078345158 0 597cbdf37e30 2
present 91193078471151 91193078587646 0 597cbdf37e30 2
acquire 91193381057462 91193381084211 0 597cbdf37e30 3
present 91193381189043 91193381291710 0 597cbdf37e30 3
acquire 91193686381617 91193686412137 0 597cbdf37e30 2
present 91193686547210 91193686664962 0 597cbdf37e30 2
acquire 91193991247124 91193991274362 0 597cbdf37e30 3
present 91193991377168 91193991477949 0 597cbdf37e30 3
acquire 91194297395613 91194297435702 0 597cbdf37e30 2
present 91194297635797 91194297770730 0 597cbdf37e30 2
acquire 91194603294420 91194603323824 0 597cbdf37e30 3
present 91194603453798 91194603564706 0 597cbdf37e30 3
acquire 91194909122758 91194909156072 0 597cbdf37e30 2
present 91194909315450 91194909429081 0 597cbdf37e30 2
acquire 91195211110042 91195211141540 0 597cbdf37e30 3
present 91195211276473 91195211387311 0 597cbdf37e30 3
acquire 91195513255725 91195513302588 0 597cbdf37e30 2
present 91195513475724 91195513581394 0 597cbdf37e30 2
acquire 91195821779582 91195821811569 0 597cbdf37e30 3
present 91195821934280 91195822059505 0 597cbdf37e30 3
acquire 91196129535046 91196129565008 0 597cbdf37e30 2
present 91196129692259 91196129791433 0 597cbdf37e30 2
acquire 91196436500328 91196436526728 0 597cbdf37e30 3
present 91196436658239 91196436761185 0 597cbdf37e30 3
acquire 91196467107376 91196467147814 0 597cbdf37e30 2
present 91196467341693 91196467469572 0 597cbdf37e30 2
swapchain 91207179740779 91207182801637 0 597cbe0bdd60 1100x700 mode 2 images 4
acquire 91207183806163 91207183816150 0 597cbe0bdd60 3
present 91207183929642 91207184047813 0 597cbe0bdd60 3
swapchain 91208687884096 91208690903818 0 597cbdf37e30 640x760 mode 2 images 4
acquire 91208691947943 91208691957931 0 597cbdf37e30 3
present 91208692071004 91208692173461 0 597cbdf37e30 3
swapchain 91210196809844 91210200145108 0 597cbe0bdd60 1280x480 mode 2 images 4
acquire 91210201188815 91210201199151 0 597cbe0bdd60 3
present 91210201318160 91210201427322 0 597cbe0bdd60 3
acquire 91210201560020 91210201567773 0 597cbe0bdd60 2
present 91210201616312 91210201687899 0 597cbe0bdd60 2
swapchain 91211704748597 91211708349816 0 597cbdf37e30 760x560 mode 2 images 4
acquire 91211709393313 91211709403440 0 597cbdf37e30 3
present 91211709509389 91211709611846 0 597cbdf37e30 3
swapchain 91213212911400 91213216134011 0 597cbe0d0390 900x560 mode 2 images 4
acquire 91213217067368 91213217077006 0 597cbe0d0390 3
present 91213217192384 91213217328783 0 597cbe0d0390 3
