instance 73752208508646 73752223298836 0 pid 1302423
device 73752224019946 73752340853778 0
swapchain 73752341281555 73752391941390 0 5f25f11f0ec0 900x560 mode 2 images 4
acquire 73752397373005 73752397384529 0 5f25f11f0ec0 3
present 73752397778084 73752397980554 0 5f25f11f0ec0 3
acquire 73752398638737 73752398648584 0 5f25f11f0ec0 2
present 73752398961333 73752399062812 0 5f25f11f0ec0 2
acquire 73764736119281 73764736133319 0 5f25f11f0ec0 1
present 73764736475401 73764736592734 0 5f25f11f0ec0 1
acquire 73765417079073 73765417097092 0 5f25f11f0ec0 0
present 73765417482335 73765417604976 0 5f25f11f0ec0 0
acquire 73765725321453 73765725361821 0 5f25f11f0ec0 3
present 73765725719827 73765725817535 0 5f25f11f0ec0 3
acquire 73766017505751 73766017532919 0 5f25f11f0ec0 2
present 73766017892251 73766018000156 0 5f25f11f0ec0 2
acquire 73766325807706 73766325839623 0 5f25f11f0ec0 3
present 73766326214041 73766326315171 0 5f25f11f0ec0 3
acquire 73766618194333 73766618231349 0 5f25f11f0ec0 2
present 73766618643970 73766618748033 0 5f25f11f0ec0 2
acquire 73766926017597 73766926052378 0 5f25f11f0ec0 3
present 73766926388104 73766926495240 0 5f25f11f0ec0 3
acquire 73767218530497 73767218562833 0 5f25f11f0ec0 2
present 73767218948496 73767219081194 0 5f25f11f0ec0 2
acquire 73767527072147 73767527108395 0 5f25f11f0ec0 3
present 73767527476597 73767527583314 0 5f25f11f0ec0 3
acquire 73767819204273 73767819231511 0 5f25f11f0ec0 2
present 73767819587352 73767819697002 0 5f25f11f0ec0 2
acquire 73768127943085 73768127969275 0 5f25f11f0ec0 3
present 73768128344182 73768128454741 0 5f25f11f0ec0 3
acquire 73768419201987 73768419228737 0 5f25f11f0ec0 2
present 73768419602526 73768419709663 0 5f25f11f0ec0 2
acquire 73768727718495 73768727746082 0 5f25f11f0ec0 3
present 73768728126157 73768728229173 0 5f25f11f0ec0 3
acquire 73769019345041 73769019380730 0 5f25f11f0ec0 2
present 73769019784132 73769019911732 0 5f25f11f0ec0 2
acquire 73769329465660 73769329499952 0 5f25f11f0ec0 3
present 73769331268399 73769331371065 0 5f25f11f0ec0 3
acquire 73769619740920 73769619773815 0 5f25f11f0ec0 2
present 73769620162411 73769620307471 0 5f25f11f0ec0 2
acquire 73769929547952 73769929579520 0 5f25f11f0ec0 3
present 73769930042008 73769930162414 0 5f25f11f0ec0 3
acquire 73770220252176 73770220282697 0 5f25f11f0ec0 2
present 73770220659071 73770220770747 0 5f25f11f0ec0 2
acquire 73770532092144 73770532124620 0 5f25f11f0ec0 3
present 73770532590111 73770532712682 0 5f25f11f0ec0 3
acquire 73770820622982 73770820651128 0 5f25f11f0ec0 2
present 73770821132753 73770821246175 0 5f25f11f0ec0 2
acquire 73771128329402 73771128357758 0 5f25f11f0ec0 3
present 73771128743071 73771128845528 0 5f25f11f0ec0 3
acquire 73771420866817 73771420893706 0 5f25f11f0ec0 2
present 73771421282581 73771421387762 0 5f25f11f0ec0 2
acquire 73771728860773 73771728888500 0 5f25f11f0ec0 3
present 73771729275141 73771729376829 0 5f25f11f0ec0 3
acquire 73772021127135 73772021154792 0 5f25f11f0ec0 2
present 73772021535216 73772021644448 0 5f25f11f0ec0 2
acquire 73772328768603 73772328797168 0 5f25f11f0ec0 3
present 73772329202665 73772329303446 0 5f25f11f0ec0 3
acquire 73772621601585 73772621629242 0 5f25f11f0ec0 2
present 73772622024334 73772622140130 0 5f25f11f0ec0 2
acquire 73772929741160 73772929771681 0 5f25f11f0ec0 3
present 73772930173407 73772930275096 0 5f25f11f0ec0 3
acquire 73773221759097 73773221784729 0 5f25f11f0ec0 2
present 73773222167667 73773222267331 0 5f25f11f0ec0 2
acquire 73773529807110 73773529835186 0 5f25f11f0ec0 3
present 73773530241243 73773530351382 0 5f25f11f0ec0 3
acquire 73773822326087 73773822351859 0 5f25f11f0ec0 2
present 73773822726626 73773822832296 0 5f25f11f0ec0 2
acquire 73774130451834 73774130479421 0 5f25f11f0ec0 3
present 73774130875490 73774130981020 0 5f25f11f0ec0 3
acquire 73774422508323 73774422535421 0 5f25f11f0ec0 2
present 73774422928487 73774423048195 0 5f25f11f0ec0 2
acquire 73774730630159 73774730653765 0 5f25f11f0ec0 3
present 73774731076932 73774731178900 0 5f25f11f0ec0 3
acquire 73775023333097 73775023376818 0 5f25f11f0ec0 2
present 73775023885191 73775024035140 0 5f25f11f0ec0 2
acquire 73775331303797 73775331333898 0 5f25f11f0ec0 3
present 73775331798970 73775331914418 0 5f25f11f0ec0 3
acquire 73775623076521 73775623103759 0 5f25f11f0ec0 2
present 73775623469377 73775623571415 0 5f25f11f0ec0 2
acquire 73775931608185 73775931638705 0 5f25f11f0ec0 3
present 73775932082476 73775932194361 0 5f25f11f0ec0 3
acquire 73776223246255 73776223270630 0 5f25f11f0ec0 2
present 73776223649798 73776223755537 0 5f25f11f0ec0 2
acquire 73776532308293 73776532337905 0 5f25f11f0ec0 3
present 73776532790895 73776532921219 0 5f25f11f0ec0 3
acquire 73776823709043 73776823744802 0 5f25f11f0ec0 2
present 73776824202471 73776824318477 0 5f25f11f0ec0 2
acquire 73777131768372 73777131797006 0 5f25f11f0ec0 3
present 73777132203831 73777132310828 0 5f25f11f0ec0 3
acquire 73777424557424 73777424603869 0 5f25f11f0ec0 2
present 73777425222172 73777425365347 0 5f25f11f0ec0 2
acquire 73777732473369 73777732502912 0 5f25f11f0ec0 3
present 73777732918396 73777733040479 0 5f25f11f0ec0 3
acquire 73778024796162 73778024835553 0 5f25f11f0ec0 2
present 73778025379894 73778025513291 0 5f25f11f0ec0 2
acquire 73778334571976 73778334606268 0 5f25f11f0ec0 3
present 73778335045778 73778335172610 0 5f25f11f0ec0 3
acquire 73778624814901 73778624842558 0 5f25f11f0ec0 2
present 73778625260976 73778625363084 0 5f25f11f0ec0 2
acquire 73778932763601 73778932797404 0 5f25f11f0ec0 3
present 73778933220641 73778933329034 0 5f25f11f0ec0 3
acquire 73779225052661 73779225079410 0 5f25f11f0ec0 2
present 73779225438533 73779225539523 0 5f25f11f0ec0 2
acquire 73779532976986 73779533017634 0 5f25f11f0ec0 3
present 73779533426414 73779533536554 0 5f25f11f0ec0 3
acquire 73779825343501 73779825370250 0 5f25f11f0ec0 2
present 73779825750954 73779825852573 0 5f25f11f0ec0 2
acquire 73780133144068 73780133178988 0 5f25f11f0ec0 3
present 73780133589235 73780133699165 0 5f25f11f0ec0 3
acquire 73780425828080 73780425855737 0 5f25f11f0ec0 2
present 73780426256834 73780426356637 0 5f25f11f0ec0 2
acquire 73780733886640 73780733917649 0 5f25f11f0ec0 3
present 73780734422042 73780734537140 0 5f25f11f0ec0 3
acquire 73781026052710 73781026081345 0 5f25f11f0ec0 2
present 73781026453947 73781026555147 0 5f25f11f0ec0 2
acquire 73781333922490 73781333954477 0 5f25f11f0ec0 3
present 73781334383581 73781334492324 0 5f25f11f0ec0 3
acquire 73781626342782 73781626376655 0 5f25f11f0ec0 2
present 73781626765949 73781626868406 0 5f25f11f0ec0 2
acquire 73781934769684 73781934809703 0 5f25f11f0ec0 3
present 73781935250820 73781935364242 0 5f25f11f0ec0 3
acquire 73782226611063 73782226642282 0 5f25f11f0ec0 2
present 73782227047710 73782227154427 0 5f25f11f0ec0 2
acquire 73782534830747 73782534859801 0 5f25f11f0ec0 3
present 73782535276054 73782535379699 0 5f25f11f0ec0 3
acquire 73782827145090 73782827182875 0 5f25f11f0ec0 2
present 73782827672042 73782827783159 0 5f25f11f0ec0 2
acquire 73783134796198 73783134825252 0 5f25f11f0ec0 3
present 73783135236476 73783135370082 0 5f25f11f0ec0 3
