instance 91075090458643 91075105103914 0 pid 3906635
device 91075105821043 91075226110417 0
swapchain 91075226568994 91075283087878 0 581cc160cce0 900x560 mode 2 images 4
acquire 91075320576304 91075320589574 0 581cc160cce0 3
present 91075320742317 91075320925790 0 581cc160cce0 3
acquire 91075321119738 91075321127700 0 581cc160cce0 2
present 91075321173307 91075321237910 0 581cc160cce0 2
acquire 91087658564182 91087658583249 0 581cc160cce0 1
present 91087658705750 91087658850112 0 581cc160cce0 1
acquire 91088339421074 91088339438744 0 581cc160cce0 0
present 91088339563340 91088339680604 0 581cc160cce0 0
acquire 91088641304013 91088641332647 0 581cc160cce0 3
present 91088641432730 91088641588825 0 581cc160cce0 3
acquire 91088944960148 91088944989691 0 581cc160cce0 3
present 91088945147881 91088945337919 0 581cc160cce0 3
acquire 91089250246725 91089250274871 0 581cc160cce0 2
present 91089250374116 91089250487049 0 581cc160cce0 2
acquire 91089556728913 91089556759504 0 581cc160cce0 3
present 91089556894996 91089557248043 0 581cc160cce0 3
acquire 91089860698356 91089860729087 0 581cc160cce0 3
present 91089860853544 91089861155187 0 581cc160cce0 3
acquire 91090159802525 91090159830881 0 581cc160cce0 3
present 91090159974055 91090160149985 0 581cc160cce0 3
acquire 91090465823273 91090465850371 0 581cc160cce0 2
present 91090465948218 91090466059615 0 581cc160cce0 2
acquire 91090769797674 91090769826309 0 581cc160cce0 3
present 91090769980309 91090770326162 0 581cc160cce0 3
acquire 91091079338905 91091079369286 0 581cc160cce0 3
present 91091079479844 91091079742308 0 581cc160cce0 3
acquire 91091381255926 91091381281698 0 581cc160cce0 3
present 91091381404758 91091381566510 0 581cc160cce0 3
acquire 91091689089122 91091689121039 0 581cc160cce0 3
present 91091689237394 91091689358918 0 581cc160cce0 3
acquire 91091994164639 91091994196626 0 581cc160cce0 2
present 91091994333864 91091994451407 0 581cc160cce0 2
acquire 91092301587029 91092301614616 0 581cc160cce0 3
present 91092301715886 91092301823301 0 581cc160cce0 3
acquire 91092605723671 91092605754471 0 581cc160cce0 2
present 91092605895900 91092606027900 0 581cc160cce0 2
acquire 91092911337245 91092911371048 0 581cc160cce0 3
present 91092911498089 91092911622057 0 581cc160cce0 3
acquire 91093213192597 91093213224095 0 581cc160cce0 2
present 91093213348901 91093213465326 0 581cc160cce0 2
acquire 91093519852251 91093519883191 0 581cc160cce0 3
present 91093520016867 91093520176593 0 581cc160cce0 3
acquire 91093821209845 91093821241552 0 581cc160cce0 3
present 91093821386543 91093821583844 0 581cc160cce0 3
acquire 91094127864401 91094127890102 0 581cc160cce0 3
present 91094127992978 91094128356711 0 581cc160cce0 3
acquire 91094432130948 91094432162726 0 581cc160cce0 3
present 91094432298497 91094432496078 0 581cc160cce0 3
acquire 91094738090655 91094738118451 0 581cc160cce0 3
present 91094738242838 91094738547625 0 581cc160cce0 3
acquire 91095043888539 91095043922412 0 581cc160cce0 3
present 91095044076621 91095044275948 0 581cc160cce0 3
acquire 91095345977649 91095346020881 0 581cc160cce0 2
present 91095346165033 91095346284741 0 581cc160cce0 2
acquire 91095648085406 91095648116136 0 581cc160cce0 3
present 91095648254073 91095648382650 0 581cc160cce0 3
acquire 91095956660804 91095956696702 0 581cc160cce0 2
present 91095956848956 91095956970968 0 581cc160cce0 2
acquire 91096264400691 91096264435542 0 581cc160cce0 3
present 91096264591497 91096264703173 0 581cc160cce0 3
acquire 91096571474364 91096571507260 0 581cc160cce0 2
present 91096571655183 91096571771189 0 581cc160cce0 2
acquire 91096879896041 91096879932080 0 581cc160cce0 3
present 91096880087336 91096880207463 0 581cc160cce0 3
acquire 91097184457598 91097184487141 0 581cc160cce0 3
present 91097184624588 91097184770486 0 581cc160cce0 3
acquire 91097485182431 91097485212951 0 581cc160cce0 3
present 91097485350329 91097485661890 0 581cc160cce0 3
acquire 91097788292409 91097788326282 0 581cc160cce0 3
present 91097788477697 91097788588605 0 581cc160cce0 3
acquire 91098093057692 91098093091076 0 581cc160cce0 2
present 91098093231247 91098093342923 0 581cc160cce0 2
acquire 91098395692331 91098395732490 0 581cc160cce0 3
present 91098395886978 91098396016743 0 581cc160cce0 3
acquire 91098699578524 91098699609952 0 581cc160cce0 2
present 91098699758295 91098699874161 0 581cc160cce0 2
acquire 91099007113358 91099007144856 0 581cc160cce0 3
present 91099007268545 91099007443637 0 581cc160cce0 3
acquire 91099313132010 91099313162531 0 581cc160cce0 3
present 91099313292296 91099313548473 0 581cc160cce0 3
acquire 91099618255928 91099618285959 0 581cc160cce0 2
present 91099618417680 91099618527819 0 581cc160cce0 2
acquire 91099918418539 91099918444660 0 581cc160cce0 3
present 91099918574983 91099918675206 0 581cc160cce0 3
acquire 91100224682195 91100224715649 0 581cc160cce0 2
present 91100224862175 91100224999972 0 581cc160cce0 2
acquire 91100527683151 91100527715557 0 581cc160cce0 3
present 91100527861874 91100528095702 0 581cc160cce0 3
acquire 91100831452778 91100831483089 0 581cc160cce0 3
present 91100831621235 91100831967019 0 581cc160cce0 3
acquire 91101134829200 91101134857766 0 581cc160cce0 3
present 91101134981315 91101135196495 0 581cc160cce0 3
acquire 91101439977632 91101440018000 0 581cc160cce0 3
present 91101440147765 91101440417213 0 581cc160cce0 3
acquire 91101744291323 91101744326662 0 581cc160cce0 3
present 91101744478916 91101744828750 0 581cc160cce0 3
acquire 91102045651500 91102045686770 0 581cc160cce0 2
present 91102045842795 91102045959570 0 581cc160cce0 2
acquire 91102349952969 91102349988169 0 581cc160cce0 3
present 91102350154391 91102350268441 0 581cc160cce0 3
acquire 91102656767461 91102656801753 0 581cc160cce0 2
present 91102656952470 91102657067778 0 581cc160cce0 2
acquire 91102961721106 91102961751487 0 581cc160cce0 3
present 91102961880204 91102961989017 0 581cc160cce0 3
acquire 91103266143260 91103266179019 0 581cc160cce0 2
present 91103266331552 91103266451259 0 581cc160cce0 2
acquire 91103573839776 91103573873160 0 581cc160cce0 3
present 91103574034424 91103574169985 0 581cc160cce0 3
acquire 91103876253089 91103876283191 0 581cc160cce0 3
present 91103876424619 91103876537971 0 581cc160cce0 3
acquire 91104179832050 91104179867739 0 581cc160cce0 2
present 91104180045066 91104180163936 0 581cc160cce0 2
acquire 91104487946147 91104487981976 0 581cc160cce0 3
present 91104488152947 91104488259245 0 581cc160cce0 3
acquire 91104791908537 91104791941921 0 581cc160cce0 2
present 91104792110378 91104792220447 0 581cc160cce0 2
acquire 91105096515700 91105096550550 0 581cc160cce0 3
present 91105096690931 91105096799534 0 581cc160cce0 3
acquire 91105396772737 91105396805422 0 581cc160cce0 2
present 91105396956349 91105397086184 0 581cc160cce0 2
acquire 91105698901866 91105698935739 0 581cc160cce0 3
present 91105699095535 91105699209586 0 581cc160cce0 3
acquire 91106000118939 91106000155606 0 581cc160cce0 2
present 91106000310513 91106000425961 0 581cc160cce0 2
acquire 91106300884699 91106300918572 0 581cc160cce0 3
present 91106301123206 91106301232019 0 581cc160cce0 3
acquire 91107091300781 91107091335631 0 581cc160cce0 2
present 91107091544456 91107091676945 0 581cc160cce0 2
swapchain 91107315131760 91107319554731 0 581cc18aeb30 1100x700 mode 2 images 4
acquire 91107320655148 91107320665066 0 581cc18aeb30 3
present 91107320777300 91107320868862 0 581cc18aeb30 3
acquire 91107320995275 91107321016227 0 581cc18aeb30 2
present 91107321065395 91107321133700 0 581cc18aeb30 2
swapchain 91108824420532 91108828491293 0 581cc160cce0 640x760 mode 2 images 4
acquire 91108829781469 91108829793482 0 581cc160cce0 3
present 91108829934701 91108830081157 0 581cc160cce0 3
acquire 91108830219024 91108830226217 0 581cc160cce0 2
present 91108830275875 91108830349208 0 581cc160cce0 2
swapchain 91110333125222 91110336929190 0 581cc18aeb30 1280x480 mode 2 images 4
acquire 91110337985608 91110337995525 0 581cc18aeb30 3
present 91110338116769 91110338219296 0 581cc18aeb30 3
swapchain 91111839674684 91111843337084 0 581cc160cce0 760x560 mode 2 images 4
acquire 91111844322613 91111844332600 0 581cc160cce0 3
present 91111844445254 91111844575508 0 581cc160cce0 3
acquire 91111844705203 91111844713234 0 581cc160cce0 2
present 91111844771552 91111844842091 0 581cc160cce0 2
swapchain 91113346302787 91113351558823 0 581cc18aeb30 900x560 mode 2 images 4
acquire 91113353488394 91113353503690 0 581cc18aeb30 3
present 91113353666140 91113353853664 0 581cc18aeb30 3
acquire 91113354120736 91113354133098 0 581cc18aeb30 2
present 91113354199447 91113354292685 0 581cc18aeb30 2
