instance 313818548983675 313818560730881 0 pid 1903640
device 313818561480905 313818678920140 0
swapchain 313818679289809 313818733727887 0 622cb9c51eb0 900x560 mode 2 images 4
acquire 313818742404459 313818742417868 0 622cb9c51eb0 3
present 313818742651557 313818742857518 0 622cb9c51eb0 3
acquire 313818742945169 313818742954388 0 622cb9c51eb0 2
present 313818743013892 313818743072559 0 622cb9c51eb0 2
acquire 313831066791877 313831066808150 0 622cb9c51eb0 1
present 313831066947414 313831067086816 0 622cb9c51eb0 1
acquire 313831747588853 313831747605126 0 622cb9c51eb0 0
present 313831747730840 313831747848871 0 622cb9c51eb0 0
acquire 313832048812619 313832048846981 0 622cb9c51eb0 3
present 313832049043025 313832049157424 0 622cb9c51eb0 3
acquire 313832353096823 313832353122106 0 622cb9c51eb0 2
present 313832353248029 313832353332746 0 622cb9c51eb0 2
acquire 313832657653478 313832657686862 0 622cb9c51eb0 3
present 313832657848893 313832657963432 0 622cb9c51eb0 3
acquire 313832964942247 313832964974234 0 622cb9c51eb0 2
present 313832965142831 313832965264983 0 622cb9c51eb0 2
acquire 313833266077804 313833266107836 0 622cb9c51eb0 3
present 313833266267702 313833266383709 0 622cb9c51eb0 3
acquire 313833567973164 313833568021773 0 622cb9c51eb0 2
present 313833568174795 313833568294014 0 622cb9c51eb0 2
acquire 313833873243595 313833873276909 0 622cb9c51eb0 3
present 313833873439918 313833873561791 0 622cb9c51eb0 3
acquire 313834178059849 313834178097703 0 622cb9c51eb0 2
present 313834178284598 313834178417925 0 622cb9c51eb0 2
acquire 313834484819294 313834484852189 0 622cb9c51eb0 3
present 313834485030354 313834485191058 0 622cb9c51eb0 3
acquire 313834789464228 313834789495727 0 622cb9c51eb0 2
present 313834789647561 313834789766920 0 622cb9c51eb0 2
acquire 313835095842061 313835095873978 0 622cb9c51eb0 3
present 313835096042225 313835096165844 0 622cb9c51eb0 3
acquire 313835402340230 313835402371728 0 622cb9c51eb0 2
present 313835402517557 313835402645575 0 622cb9c51eb0 2
acquire 313835708862913 313835708894831 0 622cb9c51eb0 3
present 313835709063846 313835709181040 0 622cb9c51eb0 3
acquire 313836013835403 313836013882127 0 622cb9c51eb0 2
present 313836014034381 313836014148431 0 622cb9c51eb0 2
acquire 313836316159378 313836316192832 0 622cb9c51eb0 3
present 313836316352629 313836316475060 0 622cb9c51eb0 3
acquire 313836621321837 313836621356129 0 622cb9c51eb0 2
present 313836621503074 313836621617893 0 622cb9c51eb0 2
acquire 313836922518157 313836922547770 0 622cb9c51eb0 3
present 313836922710430 313836922831115 0 622cb9c51eb0 3
acquire 313837229391653 313837229421545 0 622cb9c51eb0 2
present 313837229561088 313837229673532 0 622cb9c51eb0 2
acquire 313837533423244 313837533458025 0 622cb9c51eb0 3
present 313837533616495 313837533730615 0 622cb9c51eb0 3
acquire 313837840350099 313837840391166 0 622cb9c51eb0 2
present 313837840546213 313837840666549 0 622cb9c51eb0 2
acquire 313838146234436 313838146265236 0 622cb9c51eb0 3
present 313838146405756 313838146518619 0 622cb9c51eb0 3
acquire 313838452053471 313838452083503 0 622cb9c51eb0 2
present 313838452218086 313838452322639 0 622cb9c51eb0 2
acquire 313838754032642 313838754064070 0 622cb9c51eb0 3
present 313838754216673 313838754322622 0 622cb9c51eb0 3
acquire 313839056247805 313839056281469 0 622cb9c51eb0 2
present 313839056431487 313839056553779 0 622cb9c51eb0 2
acquire 313839364648448 313839364680854 0 622cb9c51eb0 3
present 313839364826264 313839364941711 0 622cb9c51eb0 3
acquire 313839672541486 313839672570051 0 622cb9c51eb0 2
present 313839672707917 313839672812190 0 622cb9c51eb0 2
acquire 313839979528684 313839979560602 0 622cb9c51eb0 3
present 313839979712296 313839979822436 0 622cb9c51eb0 3
acquire 313840288052527 313840288080533 0 622cb9c51eb0 2
present 313840288214279 313840288317923 0 622cb9c51eb0 2
acquire 313840592540461 313840592572449 0 622cb9c51eb0 3
present 313840592704518 313840592818918 0 622cb9c51eb0 3
acquire 313840893265705 313840893298601 0 622cb9c51eb0 2
present 313840893449248 313840893563717 0 622cb9c51eb0 2
acquire 313841196365617 313841196409198 0 622cb9c51eb0 3
present 313841196633179 313841196771394 0 622cb9c51eb0 3
acquire 313841501134872 313841501167628 0 622cb9c51eb0 2
present 313841501318554 313841501440497 0 622cb9c51eb0 2
acquire 313841803758747 313841803788360 0 622cb9c51eb0 3
present 313841803934398 313841804062766 0 622cb9c51eb0 3
acquire 313842107690747 313842107721756 0 622cb9c51eb0 2
present 313842107874848 313842107989737 0 622cb9c51eb0 2
acquire 313842415216282 313842415250644 0 622cb9c51eb0 3
present 313842415384320 313842415491665 0 622cb9c51eb0 3
acquire 313842721266004 313842721296525 0 622cb9c51eb0 2
present 313842721427547 313842721542924 0 622cb9c51eb0 2
acquire 313843026379646 313843026411144 0 622cb9c51eb0 3
present 313843026559976 313843026680591 0 622cb9c51eb0 3
acquire 313843326646873 313843326677882 0 622cb9c51eb0 2
present 313843326829996 313843326939787 0 622cb9c51eb0 2
acquire 313843632802265 313843632833694 0 622cb9c51eb0 3
present 313843632976589 313843633098880 0 622cb9c51eb0 3
acquire 313843935954210 313843935983264 0 622cb9c51eb0 2
present 313843936136844 313843936248101 0 622cb9c51eb0 2
acquire 313844239671030 313844239702598 0 622cb9c51eb0 3
present 313844239842629 313844239955144 0 622cb9c51eb0 3
acquire 313844543130416 313844543162403 0 622cb9c51eb0 2
present 313844543311723 313844543425634 0 622cb9c51eb0 2
acquire 313844848226039 313844848255652 0 622cb9c51eb0 3
present 313844848392890 313844848505613 0 622cb9c51eb0 3
acquire 313845152538395 313845152568776 0 622cb9c51eb0 2
present 313845152707759 313845152821670 0 622cb9c51eb0 2
acquire 313845453659989 313845453686319 0 622cb9c51eb0 3
present 313845453821811 313845453922871 0 622cb9c51eb0 3
acquire 313845758074522 313845758107418 0 622cb9c51eb0 2
present 313845758242909 313845758361709 0 622cb9c51eb0 2
acquire 313846064526251 313846064557261 0 622cb9c51eb0 3
present 313846064701553 313846064816092 0 622cb9c51eb0 3
acquire 313846369703311 313846369731945 0 622cb9c51eb0 2
present 313846369875399 313846369981697 0 622cb9c51eb0 2
acquire 313846673970060 313846674018391 0 622cb9c51eb0 3
present 313846674187336 313846674303272 0 622cb9c51eb0 3
acquire 313846981772308 313846981801571 0 622cb9c51eb0 2
present 313846981936923 313846982059215 0 622cb9c51eb0 2
acquire 313847284200700 313847284232687 0 622cb9c51eb0 3
present 313847284388433 313847284511493 0 622cb9c51eb0 3
acquire 313847587780842 313847587811852 0 622cb9c51eb0 2
present 313847587960334 313847588092892 0 622cb9c51eb0 2
acquire 313847895805464 313847895838289 0 622cb9c51eb0 3
present 313847896035101 313847896150828 0 622cb9c51eb0 3
acquire 313848199833637 313848199863669 0 622cb9c51eb0 2
present 313848200016761 313848200127319 0 622cb9c51eb0 2
acquire 313848504356356 313848504386387 0 622cb9c51eb0 3
present 313848504519574 313848504624546 0 622cb9c51eb0 3
acquire 313848804686721 313848804718429 0 622cb9c51eb0 2
present 313848804874733 313848804996048 0 622cb9c51eb0 2
acquire 313849106729032 313849106757877 0 622cb9c51eb0 3
present 313849106891972 313849106995406 0 622cb9c51eb0 3
acquire 313849407930876 313849407963212 0 622cb9c51eb0 2
present 313849408127199 313849408241529 0 622cb9c51eb0 2
acquire 313849708538162 313849708569241 0 622cb9c51eb0 3
present 313849708725266 313849708848326 0 622cb9c51eb0 3
