instance 90229340958663 90229353678900 0 pid 3772552
device 90229354434232 90229469541791 0
swapchain 90229469926476 90229523273304 0 5eafa5ca6ee0 900x560 mode 2 images 4
acquire 90229531565264 90229531579651 0 5eafa5ca6ee0 3
present 90229531743219 90229531936539 0 5eafa5ca6ee0 3
acquire 90229532151231 90229532158913 0 5eafa5ca6ee0 2
present 90229532205008 90229532270380 0 5eafa5ca6ee0 2
acquire 90241857261436 90241857277220 0 5eafa5ca6ee0 1
present 90241857392598 90241857527601 0 5eafa5ca6ee0 1
acquire 90242538696494 90242538713186 0 5eafa5ca6ee0 0
present 90242538835128 90242538963566 0 5eafa5ca6ee0 0
acquire 90242841725054 90242841768914 0 5eafa5ca6ee0 3
present 90242841984164 90242842208564 0 5eafa5ca6ee0 3
acquire 90243144802223 90243144839379 0 5eafa5ca6ee0 2
present 90243144985626 90243145098908 0 5eafa5ca6ee0 2
acquire 90243449935027 90243449962265 0 5eafa5ca6ee0 3
present 90243450095731 90243450209433 0 5eafa5ca6ee0 3
acquire 90243756430711 90243756461231 0 5eafa5ca6ee0 2
present 90243756621447 90243756739129 0 5eafa5ca6ee0 2
acquire 90244061733787 90244061765286 0 5eafa5ca6ee0 3
present 90244061901546 90244062048981 0 5eafa5ca6ee0 3
acquire 90244359489551 90244359527684 0 5eafa5ca6ee0 2
present 90244359689646 90244359817944 0 5eafa5ca6ee0 2
acquire 90244666235895 90244666274028 0 5eafa5ca6ee0 3
present 90244666390453 90244666497799 0 5eafa5ca6ee0 3
acquire 90244969561140 90244969597877 0 5eafa5ca6ee0 2
present 90244969755089 90244969889324 0 5eafa5ca6ee0 2
acquire 90245277298740 90245277333870 0 5eafa5ca6ee0 3
present 90245277463146 90245277581666 0 5eafa5ca6ee0 3
acquire 90245581032137 90245581076067 0 5eafa5ca6ee0 2
present 90245581217356 90245581324981 0 5eafa5ca6ee0 2
acquire 90245888382956 90245888420042 0 5eafa5ca6ee0 3
present 90245888533743 90245888640949 0 5eafa5ca6ee0 3
acquire 90246194105289 90246194140559 0 5eafa5ca6ee0 2
present 90246194306083 90246194442762 0 5eafa5ca6ee0 2
acquire 90246501271449 90246501300014 0 5eafa5ca6ee0 3
present 90246501409664 90246501520362 0 5eafa5ca6ee0 3
acquire 90246805431785 90246805465658 0 5eafa5ca6ee0 2
present 90246805619518 90246805736991 0 5eafa5ca6ee0 2
acquire 90247108665399 90247108693824 0 5eafa5ca6ee0 3
present 90247108801380 90247108906700 0 5eafa5ca6ee0 3
acquire 90247412964510 90247413015214 0 5eafa5ca6ee0 2
present 90247413173125 90247413310363 0 5eafa5ca6ee0 2
acquire 90247720339704 90247720370504 0 5eafa5ca6ee0 3
present 90247720492307 90247720605798 0 5eafa5ca6ee0 3
acquire 90248020973202 90248021014338 0 5eafa5ca6ee0 2
present 90248021153602 90248021270516 0 5eafa5ca6ee0 2
acquire 90248325889778 90248325918832 0 5eafa5ca6ee0 3
present 90248326057886 90248326180527 0 5eafa5ca6ee0 3
acquire 90248631925070 90248631962435 0 5eafa5ca6ee0 2
present 90248632138225 90248632264428 0 5eafa5ca6ee0 2
acquire 90248937942902 90248937973213 0 5eafa5ca6ee0 3
present 90248938130216 90248938244615 0 5eafa5ca6ee0 3
acquire 90249243730816 90249243763292 0 5eafa5ca6ee0 2
present 90249243933146 90249244097063 0 5eafa5ca6ee0 2
acquire 90249545639544 90249545672719 0 5eafa5ca6ee0 3
present 90249545829163 90249545944890 0 5eafa5ca6ee0 3
acquire 90249847839370 90249847871287 0 5eafa5ca6ee0 2
present 90249848052246 90249848188506 0 5eafa5ca6ee0 2
acquire 90250156349273 90250156384962 0 5eafa5ca6ee0 3
present 90250156540848 90250156664117 0 5eafa5ca6ee0 3
acquire 90250464182416 90250464216708 0 5eafa5ca6ee0 2
present 90250464372244 90250464492720 0 5eafa5ca6ee0 2
acquire 90250771358354 90250771400258 0 5eafa5ca6ee0 3
present 90250771565153 90250771701832 0 5eafa5ca6ee0 3
acquire 90251079642600 90251079676054 0 5eafa5ca6ee0 2
present 90251079835920 90251079952346 0 5eafa5ca6ee0 2
acquire 90251384347977 90251384385691 0 5eafa5ca6ee0 3
present 90251384538923 90251384655348 0 5eafa5ca6ee0 3
acquire 90251684994257 90251685058162 0 5eafa5ca6ee0 2
present 90251685204479 90251685331380 0 5eafa5ca6ee0 2
acquire 90251988555078 90251988592722 0 5eafa5ca6ee0 3
present 90251988754055 90251988870340 0 5eafa5ca6ee0 3
acquire 90252293275890 90252293315490 0 5eafa5ca6ee0 2
present 90252293497077 90252293625724 0 5eafa5ca6ee0 2
acquire 90252595885125 90252595919277 0 5eafa5ca6ee0 3
present 90252596085429 90252596214845 0 5eafa5ca6ee0 3
acquire 90252899717697 90252899744796 0 5eafa5ca6ee0 2
present 90252899875119 90252899977297 0 5eafa5ca6ee0 2
acquire 90253207285444 90253207313241 0 5eafa5ca6ee0 3
present 90253207460117 90253207564180 0 5eafa5ca6ee0 3
acquire 90253513768348 90253513808786 0 5eafa5ca6ee0 2
present 90253513972913 90253514203598 0 5eafa5ca6ee0 2
acquire 90253818832500 90253818865395 0 5eafa5ca6ee0 3
present 90253819024493 90253819155375 0 5eafa5ca6ee0 3
acquire 90254119141936 90254119174901 0 5eafa5ca6ee0 2
present 90254119340215 90254119459643 0 5eafa5ca6ee0 2
acquire 90254425555209 90254425595716 0 5eafa5ca6ee0 3
present 90254425773322 90254425900154 0 5eafa5ca6ee0 3
acquire 90254728689091 90254728729179 0 5eafa5ca6ee0 2
present 90254728939192 90254729092353 0 5eafa5ca6ee0 2
acquire 90255032994069 90255033039396 0 5eafa5ca6ee0 3
present 90255033203592 90255033311287 0 5eafa5ca6ee0 3
acquire 90255335833640 90255335870866 0 5eafa5ca6ee0 2
present 90255336060205 90255336182287 0 5eafa5ca6ee0 2
acquire 90255640931316 90255640970916 0 5eafa5ca6ee0 3
present 90255641137207 90255641250909 0 5eafa5ca6ee0 3
acquire 90255945249564 90255945290770 0 5eafa5ca6ee0 2
present 90255945466071 90255945592973 0 5eafa5ca6ee0 2
acquire 90256246564922 90256246609271 0 5eafa5ca6ee0 3
present 90256246823963 90256246958826 0 5eafa5ca6ee0 3
acquire 90256550784415 90256550824923 0 5eafa5ca6ee0 2
present 90256550994288 90256551119164 0 5eafa5ca6ee0 2
acquire 90256857353504 90256857395758 0 5eafa5ca6ee0 3
present 90256857564983 90256857690487 0 5eafa5ca6ee0 3
acquire 90257162534570 90257162581573 0 5eafa5ca6ee0 2
present 90257162798010 90257162939299 0 5eafa5ca6ee0 2
acquire 90257466887389 90257466926850 0 5eafa5ca6ee0 3
present 90257467145941 90257467295332 0 5eafa5ca6ee0 3
acquire 90257774641752 90257774689524 0 5eafa5ca6ee0 2
present 90257774912317 90257775070437 0 5eafa5ca6ee0 2
acquire 90258077173115 90258077212785 0 5eafa5ca6ee0 3
present 90258077445146 90258077593209 0 5eafa5ca6ee0 3
acquire 90258380618559 90258380653340 0 5eafa5ca6ee0 2
present 90258380813695 90258380939339 0 5eafa5ca6ee0 2
acquire 90258688629378 90258688661785 0 5eafa5ca6ee0 3
present 90258688828845 90258688952813 0 5eafa5ca6ee0 3
acquire 90258992701088 90258992734053 0 5eafa5ca6ee0 2
present 90258992885887 90258993017817 0 5eafa5ca6ee0 2
acquire 90259297291787 90259297329431 0 5eafa5ca6ee0 3
present 90259297508783 90259297642878 0 5eafa5ca6ee0 3
acquire 90259597552475 90259597583973 0 5eafa5ca6ee0 2
present 90259597729312 90259597845109 0 5eafa5ca6ee0 2
acquire 90259899654734 90259899685743 0 5eafa5ca6ee0 3
present 90259899828638 90259899941222 0 5eafa5ca6ee0 3
acquire 90260200877274 90260200911636 0 5eafa5ca6ee0 2
present 90260201160130 90260201299044 0 5eafa5ca6ee0 2
acquire 90260501452456 90260501486329 0 5eafa5ca6ee0 3
present 90260501636139 90260501784341 0 5eafa5ca6ee0 3
swapchain 90261515512453 90261518587907 0 5eafa5e3d490 1100x700 mode 2 images 4
acquire 90261519599626 90261519610731 0 5eafa5e3d490 3
present 90261519744546 90261519860413 0 5eafa5e3d490 3
swapchain 90263024916279 90263028341428 0 5eafa5ca6ee0 640x760 mode 2 images 4
acquire 90263029340156 90263029362017 0 5eafa5ca6ee0 3
present 90263029475299 90263029582924 0 5eafa5ca6ee0 3
swapchain 90264535566630 90264540785859 0 5eafa5e3d490 1280x480 mode 2 images 4
acquire 90264542431386 90264542449894 0 5eafa5e3d490 3
present 90264542641678 90264542806363 0 5eafa5e3d490 3
swapchain 90266050081014 90266055099449 0 5eafa5ca6ee0 760x560 mode 2 images 4
acquire 90266056592793 90266056608926 0 5eafa5ca6ee0 3
present 90266056747770 90266056888989 0 5eafa5ca6ee0 3
acquire 90266057089363 90266057099350 0 5eafa5ca6ee0 2
present 90266057157528 90266057241058 0 5eafa5ca6ee0 2
swapchain 90267560535812 90267568321773 0 5eafa5e4fad0 900x560 mode 2 images 4
acquire 90267570017306 90267570078417 0 5eafa5e4fad0 3
present 90267570225642 90267570401363 0 5eafa5e4fad0 3
acquire 90267570627718 90267570638264 0 5eafa5e4fad0 2
present 90267570708873 90267570827673 0 5eafa5e4fad0 2
