instance 73617368830124 73617393491312 0 pid 1283995
device 73617394263755 73617520325418 0
swapchain 73617520740484 73617571634635 0 5ac75c14cd70 900x560 mode 2 images 4
acquire 73617605229344 73617605242754 0 5ac75c14cd70 3
present 73617605636448 73617605819781 0 5ac75c14cd70 3
acquire 73617606480129 73617606489348 0 5ac75c14cd70 2
present 73617606794904 73617606875780 0 5ac75c14cd70 2
acquire 73629962577974 73629962605701 0 5ac75c14cd70 1
present 73629962963357 73629963378214 0 5ac75c14cd70 1
acquire 73630644116027 73630644131881 0 5ac75c14cd70 0
present 73630644540452 73630644662464 0 5ac75c14cd70 0
acquire 73630952416568 73630952446111 0 5ac75c14cd70 3
present 73630952801812 73630952918098 0 5ac75c14cd70 3
acquire 73631244306815 73631244334472 0 5ac75c14cd70 2
present 73631244713709 73631244805481 0 5ac75c14cd70 2
acquire 73631554209512 73631554247226 0 5ac75c14cd70 3
present 73631554720260 73631554849047 0 5ac75c14cd70 3
acquire 73631844628974 73631844657120 0 5ac75c14cd70 2
present 73631845035379 73631845137347 0 5ac75c14cd70 2
acquire 73632155036902 73632155065257 0 5ac75c14cd70 3
present 73632155520482 73632155639421 0 5ac75c14cd70 3
acquire 73632445108345 73632445139774 0 5ac75c14cd70 2
present 73632445609246 73632445755842 0 5ac75c14cd70 2
acquire 73632754904674 73632754942388 0 5ac75c14cd70 3
present 73632755438679 73632755566070 0 5ac75c14cd70 3
acquire 73633045506701 73633045536523 0 5ac75c14cd70 2
present 73633045976103 73633046097696 0 5ac75c14cd70 2
acquire 73633357711152 73633357740206 0 5ac75c14cd70 3
present 73633358187748 73633358317443 0 5ac75c14cd70 3
acquire 73633645893323 73633645924262 0 5ac75c14cd70 2
present 73633646350084 73633646464833 0 5ac75c14cd70 2
acquire 73633953886703 73633953924766 0 5ac75c14cd70 3
present 73633954285705 73633954392143 0 5ac75c14cd70 3
acquire 73634246056034 73634246085088 0 5ac75c14cd70 2
present 73634246490027 73634246619792 0 5ac75c14cd70 2
acquire 73634554142792 73634554178062 0 5ac75c14cd70 3
present 73634555071120 73634555198371 0 5ac75c14cd70 3
acquire 73634846358987 73634846388041 0 5ac75c14cd70 2
present 73634846755755 73634846864078 0 5ac75c14cd70 2
acquire 73635154802912 73635154830988 0 5ac75c14cd70 3
present 73635155267076 73635155379940 0 5ac75c14cd70 3
acquire 73635446810911 73635446839755 0 5ac75c14cd70 2
present 73635447228142 73635447338700 0 5ac75c14cd70 2
acquire 73635754945440 73635754982525 0 5ac75c14cd70 3
present 73635755385229 73635755505566 0 5ac75c14cd70 3
acquire 73636047096124 73636047123781 0 5ac75c14cd70 2
present 73636047483533 73636047590809 0 5ac75c14cd70 2
acquire 73636355012748 73636355044666 0 5ac75c14cd70 3
present 73636355449046 73636355562049 0 5ac75c14cd70 3
acquire 73636647385876 73636647415000 0 5ac75c14cd70 2
present 73636647801641 73636647909825 0 5ac75c14cd70 2
acquire 73636955415783 73636955444907 0 5ac75c14cd70 3
present 73636955839719 73636955946646 0 5ac75c14cd70 3
acquire 73637247912880 73637247942911 0 5ac75c14cd70 2
present 73637248307482 73637248409590 0 5ac75c14cd70 2
acquire 73637555831949 73637555866729 0 5ac75c14cd70 3
present 73637556322094 73637556448855 0 5ac75c14cd70 3
acquire 73637848252289 73637848277153 0 5ac75c14cd70 2
present 73637848644098 73637848743831 0 5ac75c14cd70 2
acquire 73638157299083 73638157334632 0 5ac75c14cd70 3
present 73638157766949 73638157886657 0 5ac75c14cd70 3
acquire 73638448472620 73638448505515 0 5ac75c14cd70 2
present 73638448936225 73638449061800 0 5ac75c14cd70 2
acquire 73638756479340 73638756512235 0 5ac75c14cd70 3
present 73638756934215 73638757060627 0 5ac75c14cd70 3
acquire 73639048550405 73639048577992 0 5ac75c14cd70 2
present 73639049014709 73639049140912 0 5ac75c14cd70 2
acquire 73639356700229 73639356730750 0 5ac75c14cd70 3
present 73639357147561 73639357252114 0 5ac75c14cd70 3
acquire 73639648875986 73639648905040 0 5ac75c14cd70 2
present 73639649289376 73639649390576 0 5ac75c14cd70 2
acquire 73639956927823 73639956958763 0 5ac75c14cd70 3
present 73639957354622 73639957461968 0 5ac75c14cd70 3
acquire 73640249349142 73640249377288 0 5ac75c14cd70 2
present 73640249751776 73640249858912 0 5ac75c14cd70 2
acquire 73640557369690 73640557400141 0 5ac75c14cd70 3
present 73640557796419 73640557907257 0 5ac75c14cd70 3
acquire 73640849670602 73640849702590 0 5ac75c14cd70 2
present 73640850166894 73640850280316 0 5ac75c14cd70 2
acquire 73641157683398 73641157711824 0 5ac75c14cd70 3
present 73641158098045 73641158199943 0 5ac75c14cd70 3
acquire 73641450094520 73641450124552 0 5ac75c14cd70 2
present 73641450504488 73641450608551 0 5ac75c14cd70 2
acquire 73641757823272 73641757850510 0 5ac75c14cd70 3
present 73641758220319 73641758329131 0 5ac75c14cd70 3
acquire 73642050366743 73642050393003 0 5ac75c14cd70 2
present 73642050759878 73642050861567 0 5ac75c14cd70 2
acquire 73642358312491 73642358344199 0 5ac75c14cd70 3
present 73642358733563 73642358847404 0 5ac75c14cd70 3
acquire 73642650981327 73642651044812 0 5ac75c14cd70 2
present 73642651518265 73642651624284 0 5ac75c14cd70 2
acquire 73642958870993 73642958898720 0 5ac75c14cd70 3
present 73642959306662 73642959409677 0 5ac75c14cd70 3
acquire 73643251365365 73643251393930 0 5ac75c14cd70 2
present 73643251761434 73643251861447 0 5ac75c14cd70 2
acquire 73643559109761 73643559136860 0 5ac75c14cd70 3
present 73643559500243 73643559600954 0 5ac75c14cd70 3
acquire 73643851592610 73643851620756 0 5ac75c14cd70 2
present 73643851996362 73643852123333 0 5ac75c14cd70 2
acquire 73644161017664 73644161052934 0 5ac75c14cd70 3
present 73644161477149 73644161591409 0 5ac75c14cd70 3
acquire 73644451735138 73644451763214 0 5ac75c14cd70 2
present 73644452169829 73644452290445 0 5ac75c14cd70 2
acquire 73644760061730 73644760090365 0 5ac75c14cd70 3
present 73644760471418 73644760589939 0 5ac75c14cd70 3
acquire 73645052417468 73645052450433 0 5ac75c14cd70 2
present 73645052904400 73645053014610 0 5ac75c14cd70 2
acquire 73645360932910 73645360961964 0 5ac75c14cd70 3
present 73645361407481 73645361515386 0 5ac75c14cd70 3
acquire 73645652413539 73645652446993 0 5ac75c14cd70 2
present 73645652849278 73645652959836 0 5ac75c14cd70 2
acquire 73645960405173 73645960435693 0 5ac75c14cd70 3
present 73645960831343 73645960938340 0 5ac75c14cd70 3
acquire 73646252792968 73646252830193 0 5ac75c14cd70 2
present 73646253316218 73646253424052 0 5ac75c14cd70 2
acquire 73646560605389 73646560634443 0 5ac75c14cd70 3
present 73646560996151 73646561109642 0 5ac75c14cd70 3
acquire 73646852941013 73646852968600 0 5ac75c14cd70 2
present 73646853336733 73646853439399 0 5ac75c14cd70 2
acquire 73647160804558 73647160835079 0 5ac75c14cd70 3
present 73647161232824 73647161339053 0 5ac75c14cd70 3
acquire 73647453214353 73647453245852 0 5ac75c14cd70 2
present 73647453650371 73647453765470 0 5ac75c14cd70 2
acquire 73647761254387 73647761282952 0 5ac75c14cd70 3
present 73647761656463 73647761762970 0 5ac75c14cd70 3
acquire 73648053598601 73648053632754 0 5ac75c14cd70 2
present 73648054033851 73648054144829 0 5ac75c14cd70 2
acquire 73648361282166 73648361311779 0 5ac75c14cd70 3
present 73648361700305 73648361818825 0 5ac75c14cd70 3
