instance 74060595160883 74060609051029 0 pid 1346686
device 74060609777656 74060723241083 0
swapchain 74060723662853 74060775039882 0 5ffe78f6cec0 900x560 mode 2 images 4
acquire 74060782457988 74060782468604 0 5ffe78f6cec0 3
present 74060783730145 74060783914386 0 5ffe78f6cec0 3
acquire 74060786398146 74060786408203 0 5ffe78f6cec0 2
present 74060787676449 74060787764658 1000001003 5ffe78f6cec0 2
swapchain 74060788067489 74060790958842 0 5ffe790e1e90 900x560 mode 2 images 4
acquire 74060793496939 74060793506158 0 5ffe790e1e90 3
present 74060794881540 74060794960670 0 5ffe790e1e90 3
acquire 74073131634662 74073131650167 0 5ffe790e1e90 2
present 74073132961643 74073133101046 0 5ffe790e1e90 2
acquire 74073813358848 74073813376867 0 5ffe790e1e90 1
present 74073814967778 74073815126946 0 5ffe790e1e90 1
acquire 74074123435141 74074123452182 0 5ffe790e1e90 0
present 74074125178306 74074125308350 0 5ffe790e1e90 0
acquire 74074412996298 74074413048679 0 5ffe790e1e90 3
present 74074414455000 74074414578060 0 5ffe790e1e90 3
acquire 74074721252321 74074721289616 0 5ffe790e1e90 2
present 74074722775417 74074722925226 0 5ffe790e1e90 2
acquire 74075014241351 74075014271383 0 5ffe790e1e90 3
present 74075015736161 74075015852027 0 5ffe790e1e90 3
acquire 74075325749807 74075325779489 0 5ffe790e1e90 2
present 74075327536832 74075327642781 0 5ffe790e1e90 2
acquire 74075614183797 74075614212851 0 5ffe790e1e90 3
present 74075615531242 74075615649763 0 5ffe790e1e90 3
acquire 74075923404187 74075923434498 0 5ffe790e1e90 2
present 74075924785156 74075924909054 0 5ffe790e1e90 2
acquire 74076214614643 74076214641182 0 5ffe790e1e90 3
present 74076215966627 74076216101700 0 5ffe790e1e90 3
acquire 74076526521123 74076526550247 0 5ffe790e1e90 2
present 74076528087380 74076528210859 0 5ffe790e1e90 2
acquire 74076815206612 74076815233012 0 5ffe790e1e90 3
present 74076816648272 74076816760298 0 5ffe790e1e90 3
acquire 74077124255681 74077124282780 0 5ffe790e1e90 2
present 74077125701253 74077125809996 0 5ffe790e1e90 2
acquire 74077415781330 74077415811082 0 5ffe790e1e90 3
present 74077418346665 74077418460925 0 5ffe790e1e90 3
acquire 74077724477842 74077724504032 0 5ffe790e1e90 2
present 74077725980823 74077726098226 0 5ffe790e1e90 2
acquire 74078016379794 74078016409197 0 5ffe790e1e90 3
present 74078017725633 74078017835633 0 5ffe790e1e90 3
acquire 74078324861964 74078324898351 0 5ffe790e1e90 2
present 74078326561408 74078326680557 0 5ffe790e1e90 2
acquire 74078617334728 74078617365248 0 5ffe790e1e90 3
present 74078618793849 74078618900985 0 5ffe790e1e90 3
acquire 74078925581113 74078925608421 0 5ffe790e1e90 2
present 74078926993651 74078927115733 0 5ffe790e1e90 2
acquire 74079217559542 74079217585733 0 5ffe790e1e90 3
present 74079218971241 74079219090949 0 5ffe790e1e90 3
acquire 74079525427040 74079525455465 0 5ffe790e1e90 2
present 74079526919266 74079527030243 0 5ffe790e1e90 2
acquire 74079817797976 74079817826191 0 5ffe790e1e90 3
present 74079819258773 74079819365909 0 5ffe790e1e90 3
acquire 74080125668337 74080125694597 0 5ffe790e1e90 2
present 74080127102664 74080127213502 0 5ffe790e1e90 2
acquire 74080418089628 74080418123920 0 5ffe790e1e90 3
present 74080419609790 74080419726844 0 5ffe790e1e90 3
acquire 74080726055951 74080726084167 0 5ffe790e1e90 2
present 74080727482736 74080727597135 0 5ffe790e1e90 2
acquire 74081019098479 74081019129000 0 5ffe790e1e90 3
present 74081020670464 74081020781092 0 5ffe790e1e90 3
acquire 74081326898301 74081326924980 0 5ffe790e1e90 2
present 74081328405193 74081328507860 0 5ffe790e1e90 2
acquire 74081619853039 74081619884956 0 5ffe790e1e90 3
present 74081621402604 74081621517004 0 5ffe790e1e90 3
acquire 74081927280537 74081927315179 0 5ffe790e1e90 2
present 74081928810966 74081928924668 0 5ffe790e1e90 2
acquire 74082219215735 74082219243811 0 5ffe790e1e90 3
present 74082220624291 74082220727376 0 5ffe790e1e90 3
acquire 74082527096153 74082527124439 0 5ffe790e1e90 2
present 74082528604652 74082528708715 0 5ffe790e1e90 2
acquire 74082819417222 74082819444391 0 5ffe790e1e90 3
present 74082820808318 74082820909378 0 5ffe790e1e90 3
acquire 74083127706910 74083127732402 0 5ffe790e1e90 2
present 74083129270513 74083129374018 0 5ffe790e1e90 2
acquire 74083419694907 74083419733878 0 5ffe790e1e90 3
present 74083421134682 74083421246847 0 5ffe790e1e90 3
acquire 74083727667097 74083727697128 0 5ffe790e1e90 2
present 74083729231329 74083729348173 0 5ffe790e1e90 2
acquire 74084021076431 74084021113866 0 5ffe790e1e90 3
present 74084022689272 74084022826021 0 5ffe790e1e90 3
acquire 74084328196559 74084328228057 0 5ffe790e1e90 2
present 74084329745076 74084329859546 0 5ffe790e1e90 2
acquire 74084620168842 74084620197476 0 5ffe790e1e90 3
present 74084621573137 74084621680693 0 5ffe790e1e90 3
acquire 74084928081177 74084928114073 0 5ffe790e1e90 2
present 74084929658889 74084929769797 0 5ffe790e1e90 2
acquire 74085220603599 74085220633701 0 5ffe790e1e90 3
present 74085222122504 74085222237952 0 5ffe790e1e90 3
acquire 74085528530671 74085528562938 0 5ffe790e1e90 2
present 74085530109919 74085530220897 0 5ffe790e1e90 2
acquire 74085820881144 74085820912643 0 5ffe790e1e90 3
present 74085822308138 74085822416602 0 5ffe790e1e90 3
acquire 74086129224819 74086129257295 0 5ffe790e1e90 2
present 74086130846670 74086130957159 0 5ffe790e1e90 2
acquire 74086421503286 74086421536670 0 5ffe790e1e90 3
present 74086423024216 74086423137638 0 5ffe790e1e90 3
acquire 74086730225709 74086730257906 0 5ffe790e1e90 2
present 74086731816690 74086731928576 0 5ffe790e1e90 2
acquire 74087021663777 74087021691085 0 5ffe790e1e90 3
present 74087023149298 74087023247146 0 5ffe790e1e90 3
acquire 74087330151744 74087330179890 0 5ffe790e1e90 2
present 74087331757392 74087331861944 0 5ffe790e1e90 2
acquire 74087621820637 74087621848713 0 5ffe790e1e90 3
present 74087623429148 74087623552697 0 5ffe790e1e90 3
acquire 74087930349461 74087930384521 0 5ffe790e1e90 2
present 74087931963210 74087932088854 0 5ffe790e1e90 2
acquire 74088222266849 74088222293179 0 5ffe790e1e90 3
present 74088223860624 74088223975023 0 5ffe790e1e90 3
acquire 74088531552681 74088531586554 0 5ffe790e1e90 2
present 74088533208824 74088533321896 0 5ffe790e1e90 2
acquire 74088822372375 74088822404782 0 5ffe790e1e90 3
present 74088823873471 74088823982842 0 5ffe790e1e90 3
acquire 74089130764520 74089130799092 0 5ffe790e1e90 2
present 74089132385044 74089132509501 0 5ffe790e1e90 2
acquire 74089422953381 74089422986346 0 5ffe790e1e90 3
present 74089424653454 74089424765968 0 5ffe790e1e90 3
acquire 74089731409570 74089731440370 0 5ffe790e1e90 2
present 74089733048322 74089733159929 0 5ffe790e1e90 2
acquire 74090023122603 74090023149631 0 5ffe790e1e90 3
present 74090024571946 74090024681736 0 5ffe790e1e90 3
acquire 74090332178169 74090332215743 0 5ffe790e1e90 2
present 74090334149435 74090334264393 0 5ffe790e1e90 2
acquire 74090623692853 74090623733919 0 5ffe790e1e90 3
present 74090625592532 74090625707560 0 5ffe790e1e90 3
acquire 74090934290301 74090934316143 0 5ffe790e1e90 2
present 74090935877721 74090935979898 0 5ffe790e1e90 2
acquire 74091224275814 74091224310595 0 5ffe790e1e90 3
present 74091226168509 74091226295340 0 5ffe790e1e90 3
acquire 74091532020880 74091532053776 0 5ffe790e1e90 2
present 74091533637563 74091533754198 0 5ffe790e1e90 2
