instance 75995220301406 75995234762441 0 pid 1651970
device 75995235481735 75995350169330 0
swapchain 75995350579787 75995401363054 0 5a0e41929eb0 900x560 mode 2 images 4
acquire 75995418409260 75995418422530 0 5a0e41929eb0 3
present 75995426162958 75995426406354 0 5a0e41929eb0 3
acquire 75995438072415 75995438087151 0 5a0e41929eb0 2
present 75995445562253 75995445698373 1000001003 5a0e41929eb0 2
swapchain 75995446257452 75995449446470 0 5a0e41a9ef80 900x560 mode 2 images 4
acquire 75995461212334 75995461229445 0 5a0e41a9ef80 3
present 75995468336623 75995468466318 0 5a0e41a9ef80 3
acquire 76007781706501 76007781722564 0 5a0e41a9ef80 2
present 76007790332095 76007790476737 0 5a0e41a9ef80 2
acquire 76008461785176 76008461799633 0 5a0e41a9ef80 1
present 76008470480123 76008470611425 0 5a0e41a9ef80 1
acquire 76008764469576 76008764485709 0 5a0e41a9ef80 0
present 76008771108399 76008771254227 0 5a0e41a9ef80 0
acquire 76009064217503 76009064247465 0 5a0e41a9ef80 3
present 76009070845431 76009071010536 0 5a0e41a9ef80 3
acquire 76009367654162 76009367681330 0 5a0e41a9ef80 2
present 76009374012014 76009374156655 0 5a0e41a9ef80 2
acquire 76009666080904 76009666111424 0 5a0e41a9ef80 3
present 76009673179491 76009673300596 0 5a0e41a9ef80 3
acquire 76009968135266 76009968162853 0 5a0e41a9ef80 2
present 76009975296711 76009975411809 0 5a0e41a9ef80 2
acquire 76010267310076 76010267338991 0 5a0e41a9ef80 3
present 76010274192925 76010274324715 0 5a0e41a9ef80 3
acquire 76010570282012 76010570311136 0 5a0e41a9ef80 2
present 76010577339463 76010577465875 0 5a0e41a9ef80 2
acquire 76010868805204 76010868833769 0 5a0e41a9ef80 3
present 76010875525741 76010875648732 0 5a0e41a9ef80 3
acquire 76011171266600 76011171292581 0 5a0e41a9ef80 2
present 76011177946490 76011178083518 0 5a0e41a9ef80 2
acquire 76011470748642 76011470783004 0 5a0e41a9ef80 3
present 76011477727731 76011477851560 0 5a0e41a9ef80 3
acquire 76011774022151 76011774053161 0 5a0e41a9ef80 2
present 76011780848428 76011780975679 0 5a0e41a9ef80 2
acquire 76012075866850 76012075901701 0 5a0e41a9ef80 3
present 76012085082184 76012085211460 0 5a0e41a9ef80 3
acquire 76012375479424 76012375508548 0 5a0e41a9ef80 2
present 76012382463822 76012382588279 0 5a0e41a9ef80 2
acquire 76012675869680 76012675897826 0 5a0e41a9ef80 3
present 76012683297499 76012683421467 0 5a0e41a9ef80 3
acquire 76012976618920 76012976644272 0 5a0e41a9ef80 2
present 76012983600733 76012983725190 0 5a0e41a9ef80 2
acquire 76013276512535 76013276541100 0 5a0e41a9ef80 3
present 76013284038132 76013284159725 0 5a0e41a9ef80 3
acquire 76013578993277 76013579039582 0 5a0e41a9ef80 2
present 76013586189153 76013586319267 0 5a0e41a9ef80 2
acquire 76013881698558 76013881728101 0 5a0e41a9ef80 3
present 76013889319907 76013889440662 0 5a0e41a9ef80 3
acquire 76014178904894 76014178936393 0 5a0e41a9ef80 2
present 76014186564376 76014186685271 0 5a0e41a9ef80 2
acquire 76014478483595 76014478514186 0 5a0e41a9ef80 3
present 76014486570435 76014486689375 0 5a0e41a9ef80 3
acquire 76014778693102 76014778721248 0 5a0e41a9ef80 2
present 76014787080538 76014787216310 0 5a0e41a9ef80 2
acquire 76015078839682 76015078872577 0 5a0e41a9ef80 3
present 76015086714973 76015086832795 0 5a0e41a9ef80 3
acquire 76015378546960 76015378593335 0 5a0e41a9ef80 2
present 76015386221109 76015386349547 0 5a0e41a9ef80 2
acquire 76015679744510 76015679773075 0 5a0e41a9ef80 3
present 76015687637261 76015687766397 0 5a0e41a9ef80 3
acquire 76015981683214 76015981713245 0 5a0e41a9ef80 2
present 76015990114161 76015990244345 0 5a0e41a9ef80 2
acquire 76016279393104 76016279421460 0 5a0e41a9ef80 3
present 76016287345849 76016287465976 0 5a0e41a9ef80 3
acquire 76016580164273 76016580194305 0 5a0e41a9ef80 2
present 76016588123164 76016588284707 0 5a0e41a9ef80 2
acquire 76016879623545 76016879650853 0 5a0e41a9ef80 3
present 76016887671344 76016887790563 0 5a0e41a9ef80 3
acquire 76017184087496 76017184116900 0 5a0e41a9ef80 2
present 76017192287479 76017192406698 0 5a0e41a9ef80 2
acquire 76017479773878 76017479803212 0 5a0e41a9ef80 3
present 76017487342776 76017487456408 0 5a0e41a9ef80 3
acquire 76017782316708 76017782346251 0 5a0e41a9ef80 2
present 76017790999992 76017791140792 0 5a0e41a9ef80 2
acquire 76018080909810 76018080940261 0 5a0e41a9ef80 3
present 76018089085558 76018089199469 0 5a0e41a9ef80 3
acquire 76018381694039 76018381721626 0 5a0e41a9ef80 2
present 76018389848066 76018389954504 0 5a0e41a9ef80 2
acquire 76018681178733 76018681207298 0 5a0e41a9ef80 3
present 76018689579439 76018689708994 0 5a0e41a9ef80 3
acquire 76018980636049 76018980663427 0 5a0e41a9ef80 2
present 76018988487594 76018988610305 0 5a0e41a9ef80 2
acquire 76019280568495 76019280599504 0 5a0e41a9ef80 3
present 76019288854941 76019288975557 0 5a0e41a9ef80 3
acquire 76019581364596 76019581393231 0 5a0e41a9ef80 2
present 76019589724934 76019589845550 0 5a0e41a9ef80 2
acquire 76019881067404 76019881094991 0 5a0e41a9ef80 3
present 76019889158155 76019889280727 0 5a0e41a9ef80 3
acquire 76020182924184 76020182956590 0 5a0e41a9ef80 2
present 76020191925803 76020192058013 0 5a0e41a9ef80 2
acquire 76020483529200 76020483562095 0 5a0e41a9ef80 3
present 76020492693829 76020492832673 0 5a0e41a9ef80 3
acquire 76020784691618 76020784721650 0 5a0e41a9ef80 2
present 76020793300381 76020793426794 0 5a0e41a9ef80 2
acquire 76021081886289 76021081914435 0 5a0e41a9ef80 3
present 76021091155470 76021091292918 0 5a0e41a9ef80 3
acquire 76021381887109 76021381914347 0 5a0e41a9ef80 2
present 76021390316939 76021390439859 0 5a0e41a9ef80 2
acquire 76021681914538 76021681944151 0 5a0e41a9ef80 3
present 76021690650203 76021690766488 0 5a0e41a9ef80 3
acquire 76021982593027 76021982623478 0 5a0e41a9ef80 2
present 76021991508672 76021991625516 0 5a0e41a9ef80 2
acquire 76022282468691 76022282496627 0 5a0e41a9ef80 3
present 76022290774693 76022290898661 0 5a0e41a9ef80 3
acquire 76022582733720 76022582761866 0 5a0e41a9ef80 2
present 76022591312940 76022591430343 0 5a0e41a9ef80 2
acquire 76022883402081 76022883431694 0 5a0e41a9ef80 3
present 76022891815778 76022891942609 0 5a0e41a9ef80 3
acquire 76023183049993 76023183081003 0 5a0e41a9ef80 2
present 76023191400134 76023191529899 0 5a0e41a9ef80 2
acquire 76023483641878 76023483668558 0 5a0e41a9ef80 3
present 76023492111727 76023492230457 0 5a0e41a9ef80 3
acquire 76023783037524 76023783064064 0 5a0e41a9ef80 2
present 76023791488306 76023791609620 0 5a0e41a9ef80 2
acquire 76024085382562 76024085411197 0 5a0e41a9ef80 3
present 76024094227528 76024094352474 0 5a0e41a9ef80 3
acquire 76024383782412 76024383811047 0 5a0e41a9ef80 2
present 76024392510464 76024392640089 0 5a0e41a9ef80 2
acquire 76024685573750 76024685604270 0 5a0e41a9ef80 3
present 76024694285109 76024694409147 0 5a0e41a9ef80 3
acquire 76024983752762 76024983782863 0 5a0e41a9ef80 2
present 76024992045214 76024992158706 0 5a0e41a9ef80 2
acquire 76025284228640 76025284256856 0 5a0e41a9ef80 3
present 76025293096863 76025293213358 0 5a0e41a9ef80 3
acquire 76025584569725 76025584596754 0 5a0e41a9ef80 2
present 76025593195111 76025593312863 0 5a0e41a9ef80 2
acquire 76025883935059 76025883961878 0 5a0e41a9ef80 3
present 76025892164725 76025892282058 0 5a0e41a9ef80 3
acquire 76026184425116 76026184452284 0 5a0e41a9ef80 2
present 76026192695149 76026192830501 0 5a0e41a9ef80 2
