instance 73707328394626 73707344394395 0 pid 1296645
device 73707345109288 73707463764648 0
swapchain 73707464201364 73707513404243 0 618f57b14ec0 900x560 mode 2 images 4
acquire 73707526379401 73707526390855 0 618f57b14ec0 3
present 73707526778263 73707526966206 0 618f57b14ec0 3
acquire 73707527623691 73707527633259 0 618f57b14ec0 2
present 73707527922401 73707528020249 0 618f57b14ec0 2
acquire 73719844547400 73719844561508 0 618f57b14ec0 1
present 73719844916301 73719845037894 0 618f57b14ec0 1
acquire 73720525690853 73720525710828 0 618f57b14ec0 0
present 73720526136161 73720526264110 0 618f57b14ec0 0
acquire 73720833675923 73720833715523 0 618f57b14ec0 3
present 73720834108938 73720834214887 0 618f57b14ec0 3
acquire 73721126082995 73721126115541 0 618f57b14ec0 2
present 73721126575585 73721126664772 0 618f57b14ec0 2
acquire 73721434126103 73721434164376 0 618f57b14ec0 3
present 73721434550318 73721434659899 0 618f57b14ec0 3
acquire 73721726284401 73721726310731 0 618f57b14ec0 2
present 73721726649879 73721726754222 0 618f57b14ec0 2
acquire 73722036542870 73722036574578 0 618f57b14ec0 3
present 73722037051593 73722037172697 0 618f57b14ec0 3
acquire 73722326603489 73722326630727 0 618f57b14ec0 2
present 73722326974974 73722327090072 0 618f57b14ec0 2
acquire 73722635640785 73722635676125 0 618f57b14ec0 3
present 73722636091680 73722636212714 0 618f57b14ec0 3
acquire 73722927166951 73722927194608 0 618f57b14ec0 2
present 73722927534106 73722927641102 0 618f57b14ec0 2
acquire 73723240314399 73723240347294 0 618f57b14ec0 3
present 73723240796023 73723240919991 0 618f57b14ec0 3
acquire 73723527434287 73723527460058 0 618f57b14ec0 2
present 73723527814362 73723527924851 0 618f57b14ec0 2
acquire 73723835654861 73723835684962 0 618f57b14ec0 3
present 73723836069997 73723836188377 0 618f57b14ec0 3
acquire 73724127777190 73724127803939 0 618f57b14ec0 2
present 73724128187018 73724128297647 0 618f57b14ec0 2
acquire 73724437600619 73724437655235 0 618f57b14ec0 3
present 73724439374794 73724439492127 0 618f57b14ec0 3
acquire 73724728309922 73724728336881 0 618f57b14ec0 2
present 73724728711649 73724728820880 0 618f57b14ec0 2
acquire 73725036457024 73725036489919 0 618f57b14ec0 3
present 73725036858750 73725036972940 0 618f57b14ec0 3
acquire 73725328605963 73725328638369 0 618f57b14ec0 2
present 73725329233695 73725329357663 0 618f57b14ec0 2
acquire 73725636964823 73725636998695 0 618f57b14ec0 3
present 73725637368644 73725637473545 0 618f57b14ec0 3
acquire 73725928892784 73725928920511 0 618f57b14ec0 2
present 73725929298491 73725929410586 0 618f57b14ec0 2
acquire 73726236715543 73726236756680 0 618f57b14ec0 3
present 73726237168323 73726237276228 0 618f57b14ec0 3
acquire 73726529287580 73726529316634 0 618f57b14ec0 2
present 73726529666538 73726529774233 0 618f57b14ec0 2
acquire 73726837111317 73726837139672 0 618f57b14ec0 3
present 73726837496142 73726837595316 0 618f57b14ec0 3
acquire 73727129482421 73727129511544 0 618f57b14ec0 2
present 73727129870807 73727129978991 0 618f57b14ec0 2
acquire 73727437638811 73727437668773 0 618f57b14ec0 3
present 73727438112124 73727438224639 0 618f57b14ec0 3
acquire 73727729621528 73727729648207 0 618f57b14ec0 2
present 73727730014524 73727730131299 0 618f57b14ec0 2
acquire 73728037702839 73728037731963 0 618f57b14ec0 3
present 73728038102959 73728038203600 0 618f57b14ec0 3
acquire 73728330227803 73728330253505 0 618f57b14ec0 2
present 73728330615421 73728330714177 0 618f57b14ec0 2
acquire 73728638042530 73728638071165 0 618f57b14ec0 3
present 73728638452358 73728638562009 0 618f57b14ec0 3
acquire 73728930594453 73728930621202 0 618f57b14ec0 2
present 73728930970059 73728931079220 0 618f57b14ec0 2
acquire 73729238250152 73729238278298 0 618f57b14ec0 3
present 73729238663751 73729238765161 0 618f57b14ec0 3
acquire 73729530551834 73729530582354 0 618f57b14ec0 2
present 73729530967319 73729531116080 0 618f57b14ec0 2
acquire 73729841186747 73729841217547 0 618f57b14ec0 3
present 73729841631076 73729841741565 0 618f57b14ec0 3
acquire 73730131092248 73730131120883 0 618f57b14ec0 2
present 73730131480076 73730131582463 0 618f57b14ec0 2
acquire 73730440102447 73730440134364 0 618f57b14ec0 3
present 73730440561792 73730440678985 0 618f57b14ec0 3
acquire 73730731440181 73730731469305 0 618f57b14ec0 2
present 73730731898059 73730732020561 0 618f57b14ec0 2
acquire 73731040017574 73731040049282 0 618f57b14ec0 3
present 73731040467909 73731040587128 0 618f57b14ec0 3
acquire 73731332129846 73731332162741 0 618f57b14ec0 2
present 73731332663293 73731332779229 0 618f57b14ec0 2
acquire 73731640193627 73731640222262 0 618f57b14ec0 3
present 73731640617563 73731640728960 0 618f57b14ec0 3
acquire 73731932034078 73731932064040 0 618f57b14ec0 2
present 73731932439715 73731932540217 0 618f57b14ec0 2
acquire 73732240131243 73732240159808 0 618f57b14ec0 3
present 73732240536880 73732240642201 0 618f57b14ec0 3
acquire 73732532389693 73732532416722 0 618f57b14ec0 2
present 73732532762645 73732532862238 0 618f57b14ec0 2
acquire 73732840533791 73732840561448 0 618f57b14ec0 3
present 73732840939010 73732841063467 0 618f57b14ec0 3
acquire 73733132923473 73733132954901 0 618f57b14ec0 2
present 73733133357955 73733133465091 0 618f57b14ec0 2
acquire 73733440941089 73733440968257 0 618f57b14ec0 3
present 73733441332129 73733441436682 0 618f57b14ec0 3
acquire 73733733248218 73733733273012 0 618f57b14ec0 2
present 73733733616840 73733733715875 0 618f57b14ec0 2
acquire 73734041348596 73734041376672 0 618f57b14ec0 3
present 73734041757656 73734041864163 0 618f57b14ec0 3
acquire 73734333679541 73734333709852 0 618f57b14ec0 2
present 73734334097401 73734334196994 0 618f57b14ec0 2
acquire 73734641443913 73734641471011 0 618f57b14ec0 3
present 73734641855138 73734641957734 0 618f57b14ec0 3
acquire 73734933990318 73734934028661 0 618f57b14ec0 2
present 73734934412508 73734934526768 0 618f57b14ec0 2
acquire 73735241693998 73735241722144 0 618f57b14ec0 3
present 73735242091534 73735242193851 0 618f57b14ec0 3
acquire 73735534257514 73735534283356 0 618f57b14ec0 2
present 73735534645203 73735534745774 0 618f57b14ec0 2
acquire 73735842219816 73735842248940 0 618f57b14ec0 3
present 73735842633416 73735842736012 0 618f57b14ec0 3
acquire 73736134550342 73736134578977 0 618f57b14ec0 2
present 73736134961777 73736135078132 0 618f57b14ec0 2
acquire 73736445547731 73736445580626 0 618f57b14ec0 3
present 73736446015457 73736446144244 0 618f57b14ec0 3
acquire 73736734616326 73736734642587 0 618f57b14ec0 2
present 73736735022103 73736735122116 0 618f57b14ec0 2
acquire 73737042614806 73737042641555 0 618f57b14ec0 3
present 73737043022189 73737043122970 0 618f57b14ec0 3
acquire 73737334943307 73737334969986 0 618f57b14ec0 2
present 73737335352715 73737335453566 0 618f57b14ec0 2
acquire 73737643360693 73737643387792 0 618f57b14ec0 3
present 73737643755994 73737643856496 0 618f57b14ec0 3
acquire 73737935510960 73737935540502 0 618f57b14ec0 2
present 73737935912267 73737936023524 0 618f57b14ec0 2
acquire 73738243270932 73738243303408 0 618f57b14ec0 3
present 73738243697242 73738243807102 0 618f57b14ec0 3
