instance 90930749949514 90930764274493 0 pid 3885791
device 90930765010619 90930877915057 0
swapchain 90930878304143 90930933284425 0 59047f96fee0 900x560 mode 2 images 4
acquire 90930940976101 90930940990348 0 59047f96fee0 3
present 90930941181015 90930941386138 0 59047f96fee0 3
acquire 90930941494881 90930941503890 0 59047f96fee0 2
present 90930941547401 90930941607884 0 59047f96fee0 2
acquire 90943309219557 90943309234433 0 59047f96fee0 1
present 90943309344223 90943309461556 0 59047f96fee0 1
acquire 90943990412445 90943990429276 0 59047f96fee0 0
present 90943990558483 90943990679238 0 59047f96fee0 0
acquire 90944292447633 90944292482414 0 59047f96fee0 3
present 90944292613436 90944292729582 0 59047f96fee0 3
acquire 90944595935517 90944595967854 0 59047f96fee0 2
present 90944596151187 90944596255110 0 59047f96fee0 2
acquire 90944901312674 90944901338027 0 59047f96fee0 3
present 90944901434338 90944901537144 0 59047f96fee0 3
acquire 90945207822865 90945207861626 0 59047f96fee0 2
present 90945208033366 90945208164807 0 59047f96fee0 2
acquire 90945509651672 90945509679259 0 59047f96fee0 3
present 90945509784091 90945509885570 0 59047f96fee0 3
acquire 90945810729129 90945810759649 0 59047f96fee0 2
present 90945810907154 90945811069814 0 59047f96fee0 2
acquire 90946119754718 90946119786985 0 59047f96fee0 3
present 90946119914026 90946120091911 0 59047f96fee0 3
acquire 90946420723851 90946420751717 0 59047f96fee0 2
present 90946420878828 90946420987641 0 59047f96fee0 2
acquire 90946728503823 90946728531969 0 59047f96fee0 3
present 90946728629747 90946728733181 0 59047f96fee0 3
acquire 90947032222323 90947032253682 0 59047f96fee0 2
present 90947032397205 90947032525364 0 59047f96fee0 2
acquire 90947339407458 90947339437979 0 59047f96fee0 3
present 90947339558664 90947339681166 0 59047f96fee0 3
acquire 90947645141294 90947645176075 0 59047f96fee0 2
present 90947645326373 90947645464449 0 59047f96fee0 2
acquire 90947952414639 90947952444740 0 59047f96fee0 3
present 90947952554042 90947952668022 0 59047f96fee0 3
acquire 90948256646261 90948256678179 0 59047f96fee0 2
present 90948256842306 90948256968229 0 59047f96fee0 2
acquire 90948563065100 90948563098484 0 59047f96fee0 3
present 90948563218820 90948563343836 0 59047f96fee0 3
acquire 90948864092899 90948864128658 0 59047f96fee0 2
present 90948864267432 90948864373451 0 59047f96fee0 2
acquire 90949169684259 90949169716247 0 59047f96fee0 3
present 90949169841053 90949169963065 0 59047f96fee0 3
acquire 90949472180399 90949472212387 0 59047f96fee0 2
present 90949472352628 90949472484697 0 59047f96fee0 2
acquire 90949776141457 90949776174353 0 59047f96fee0 3
present 90949776309775 90949776415584 0 59047f96fee0 3
acquire 90950083129291 90950083159812 0 59047f96fee0 2
present 90950083289996 90950083402021 0 59047f96fee0 2
acquire 90950389057286 90950389087807 0 59047f96fee0 3
present 90950389237756 90950389349292 0 59047f96fee0 3
acquire 90950694847344 90950694878354 0 59047f96fee0 2
present 90950695019223 90950695140258 0 59047f96fee0 2
acquire 90950996788038 90950996819466 0 59047f96fee0 3
present 90950996951745 90950997113777 0 59047f96fee0 3
acquire 90951299087924 90951299114184 0 59047f96fee0 2
present 90951299230959 90951299330622 0 59047f96fee0 2
acquire 90951607435565 90951607467553 0 59047f96fee0 3
present 90951607603533 90951607709762 0 59047f96fee0 3
acquire 90951915399639 90951915431626 0 59047f96fee0 2
present 90951915555105 90951915672997 0 59047f96fee0 2
acquire 90952222393689 90952222427702 0 59047f96fee0 3
present 90952222580305 90952222694635 0 59047f96fee0 3
acquire 90952530856010 90952530887508 0 59047f96fee0 2
present 90952531041787 90952531153952 0 59047f96fee0 2
acquire 90952835413441 90952835445568 0 59047f96fee0 3
present 90952835582876 90952835700419 0 59047f96fee0 3
acquire 90953136192188 90953136225572 0 59047f96fee0 2
present 90953136416447 90953136551101 0 59047f96fee0 2
acquire 90953439253273 90953439287076 0 59047f96fee0 3
present 90953439417749 90953439537596 0 59047f96fee0 3
acquire 90953743992292 90953744049980 0 59047f96fee0 2
present 90953744204679 90953744318589 0 59047f96fee0 2
acquire 90954046661428 90954046693695 0 59047f96fee0 3
present 90954046836171 90954046957066 0 59047f96fee0 3
acquire 90954350577858 90954350614036 0 59047f96fee0 2
present 90954350819718 90954350947597 0 59047f96fee0 2
acquire 90954658158574 90954658190561 0 59047f96fee0 3
present 90954658327729 90954658441989 0 59047f96fee0 3
acquire 90954964155153 90954964193425 0 59047f96fee0 2
present 90954964348892 90954964468181 0 59047f96fee0 2
acquire 90955166223906 90955166253029 0 59047f96fee0 3
present 90955166388102 90955166518146 0 59047f96fee0 3
