instance 313768200068746 313768220796680 0 pid 1895300
device 313768221807281 313768361919377 0
swapchain 313768362320265 313768414360484 0 5d2252261eb0 900x560 mode 2 images 4
acquire 313768422431322 313768422448713 0 5d2252261eb0 3
present 313768423675542 313768423889186 0 5d2252261eb0 3
acquire 313768423996601 313768424015459 0 5d2252261eb0 2
present 313768424065395 313768424131115 0 5d2252261eb0 2
acquire 313780788764881 313780788779198 0 5d2252261eb0 1
present 313780788884449 313780788997731 0 5d2252261eb0 1
acquire 313781469887684 313781469906611 0 5d2252261eb0 0
present 313781470047481 313781470187652 0 5d2252261eb0 0
acquire 313781771104584 313781771140832 0 5d2252261eb0 3
present 313781771318927 313781771429625 0 5d2252261eb0 3
acquire 313782075423197 313782075469223 0 5d2252261eb0 2
present 313782075649552 313782075759203 0 5d2252261eb0 2
acquire 313782379975220 313782380018661 0 5d2252261eb0 3
present 313782380170426 313782380288318 0 5d2252261eb0 3
acquire 313782687255377 313782687290227 0 5d2252261eb0 2
present 313782687450024 313782687584049 0 5d2252261eb0 2
acquire 313782988369191 313782988401178 0 5d2252261eb0 3
present 313782988567261 313782988698981 0 5d2252261eb0 3
acquire 313783290307201 313783290337792 0 5d2252261eb0 2
present 313783290461410 313783290571480 0 5d2252261eb0 2
acquire 313783595549115 313783595581312 0 5d2252261eb0 3
present 313783595739711 313783595846987 0 5d2252261eb0 3
acquire 313783900292293 313783900328471 0 5d2252261eb0 2
present 313783900487918 313783900613772 0 5d2252261eb0 2
acquire 313784207124629 313784207164648 0 5d2252261eb0 3
present 313784207316413 313784207447644 0 5d2252261eb0 3
acquire 313784512100728 313784512144449 0 5d2252261eb0 2
present 313784512305991 313784512436734 0 5d2252261eb0 2
acquire 313784818387186 313784818418894 0 5d2252261eb0 3
present 313784818570519 313784818689947 0 5d2252261eb0 3
acquire 313785124859491 313785124890780 0 5d2252261eb0 2
present 313785125046596 313785125158900 0 5d2252261eb0 2
acquire 313785431427339 313785431460235 0 5d2252261eb0 3
present 313785431621358 313785431742183 0 5d2252261eb0 3
acquire 313785736377179 313785736408607 0 5d2252261eb0 2
present 313785736554016 313785736676937 0 5d2252261eb0 2
acquire 313786038701271 313786038733258 0 5d2252261eb0 3
present 313786038888795 313786039013252 0 5d2252261eb0 3
acquire 313786343838914 313786343868875 0 5d2252261eb0 2
present 313786344013935 313786344127986 0 5d2252261eb0 2
acquire 313786645043384 313786645072019 0 5d2252261eb0 3
present 313786645220780 313786645329174 0 5d2252261eb0 3
acquire 313786951962952 313786951993962 0 5d2252261eb0 2
present 313786952162628 313786952287504 0 5d2252261eb0 2
acquire 313787255895417 313787255925798 0 5d2252261eb0 3
present 313787256082731 313787256195943 0 5d2252261eb0 3
acquire 313787563043995 313787563085620 0 5d2252261eb0 2
present 313787563243950 313787563348502 0 5d2252261eb0 2
acquire 313787868883122 313787868915319 0 5d2252261eb0 3
present 313787869073998 313787869184626 0 5d2252261eb0 3
acquire 313788174754795 313788174789087 0 5d2252261eb0 2
present 313788174986458 313788175148489 0 5d2252261eb0 2
acquire 313788476702376 313788476735760 0 5d2252261eb0 3
present 313788476900654 313788477027975 0 5d2252261eb0 3
acquire 313788778878406 313788778914095 0 5d2252261eb0 2
present 313788779076196 313788779197930 0 5d2252261eb0 2
acquire 313789087359274 313789087389864 0 5d2252261eb0 3
present 313789087527032 313789087640873 0 5d2252261eb0 3
acquire 313789395311654 313789395344270 0 5d2252261eb0 2
present 313789395478994 313789395608689 0 5d2252261eb0 2
acquire 313789702231015 313789702260488 0 5d2252261eb0 3
present 313789702398913 313789702514849 0 5d2252261eb0 3
acquire 313790010766988 313790010801349 0 5d2252261eb0 2
present 313790010946689 313790011092307 0 5d2252261eb0 2
acquire 313790315222005 313790315251547 0 5d2252261eb0 3
present 313790315382150 313790315493198 0 5d2252261eb0 3
acquire 313790616020001 313790616052408 0 5d2252261eb0 2
present 313790616203334 313790616321506 0 5d2252261eb0 2
acquire 313790919086647 313790919117168 0 5d2252261eb0 3
present 313790919264044 313790919384659 0 5d2252261eb0 3
acquire 313791223827804 313791223860210 0 5d2252261eb0 2
present 313791224025594 313791224145930 0 5d2252261eb0 2
acquire 313791526440902 313791526468978 0 5d2252261eb0 3
present 313791526585752 313791526685695 0 5d2252261eb0 3
acquire 313791830446422 313791830480504 0 5d2252261eb0 2
present 313791830629755 313791830756866 0 5d2252261eb0 2
acquire 313792137966417 313792137997915 0 5d2252261eb0 3
present 313792138147096 313792138251578 0 5d2252261eb0 3
acquire 313792443974003 313792444016047 0 5d2252261eb0 2
present 313792444141412 313792444264542 0 5d2252261eb0 2
acquire 313792749044182 313792749082315 0 5d2252261eb0 3
present 313792749232264 313792749351971 0 5d2252261eb0 3
acquire 313793049283450 313793049315926 0 5d2252261eb0 2
present 313793049473558 313793049593196 0 5d2252261eb0 2
acquire 313793355506497 313793355540789 0 5d2252261eb0 3
present 313793355736623 313793355856750 0 5d2252261eb0 3
acquire 313793658646407 313793658677766 0 5d2252261eb0 2
present 313793658838959 313793658952800 0 5d2252261eb0 2
acquire 313793962286799 313793962313059 0 5d2252261eb0 3
present 313793962438983 313793962545840 0 5d2252261eb0 3
acquire 313794265789394 313794265823267 0 5d2252261eb0 2
present 313794265978454 313794266127705 0 5d2252261eb0 2
acquire 313794570890164 313794570923479 0 5d2252261eb0 3
present 313794571083275 313794571205287 0 5d2252261eb0 3
acquire 313794875164923 313794875198098 0 5d2252261eb0 2
present 313794875348745 313794875453577 0 5d2252261eb0 2
acquire 313795176371004 313795176406623 0 5d2252261eb0 3
present 313795176562368 313795176684102 0 5d2252261eb0 3
acquire 313795480736068 313795480773712 0 5d2252261eb0 2
present 313795480948734 313795481082340 0 5d2252261eb0 2
acquire 313795787264950 313795787297635 0 5d2252261eb0 3
present 313795787434733 313795787557304 0 5d2252261eb0 3
acquire 313796092374729 313796092407625 0 5d2252261eb0 2
present 313796092551777 313796092664849 0 5d2252261eb0 2
acquire 313796396717724 313796396747756 0 5d2252261eb0 3
present 313796396883457 313796396995622 0 5d2252261eb0 3
acquire 313796704468337 313796704497461 0 5d2252261eb0 2
present 313796704625270 313796704735130 0 5d2252261eb0 2
acquire 313797006852009 313797006885812 0 5d2252261eb0 3
present 313797007062440 313797007191716 0 5d2252261eb0 3
acquire 313797310469774 313797310503577 0 5d2252261eb0 2
present 313797310651221 313797310776167 0 5d2252261eb0 2
acquire 313797618497936 313797618529923 0 5d2252261eb0 3
present 313797618655846 313797618767662 0 5d2252261eb0 3
acquire 313797922590551 313797922621490 0 5d2252261eb0 2
present 313797922762569 313797922875572 0 5d2252261eb0 2
acquire 313798227110523 313798227140066 0 5d2252261eb0 3
present 313798227278980 313798227395335 0 5d2252261eb0 3
acquire 313798527391909 313798527416703 0 5d2252261eb0 2
present 313798527538715 313798527649064 0 5d2252261eb0 2
acquire 313798829508719 313798829539729 0 5d2252261eb0 3
present 313798829668167 313798829781239 0 5d2252261eb0 3
acquire 313799130650408 313799130683303 0 5d2252261eb0 2
present 313799130830109 313799130947791 0 5d2252261eb0 2
acquire 313799431319622 313799431360199 0 5d2252261eb0 3
present 313799431498415 313799431613094 0 5d2252261eb0 3
