instance 88105545989499 88105561498810 0 pid 3439661
device 88105562293810 88105685076520 0
swapchain 88105685474265 88105735673739 0 5ee5f6441e30 900x560 mode 2 images 4
acquire 88105743581696 88105743592661 0 5ee5f6441e30 3
present 88105743753784 88105743956114 0 5ee5f6441e30 3
acquire 88105744161376 88105744168919 0 5ee5f6441e30 2
present 88105744215154 88105744295331 0 5ee5f6441e30 2
acquire 88118063960071 88118063976763 0 5ee5f6441e30 1
present 88118064110159 88118064243066 0 5ee5f6441e30 1
acquire 88118745121813 88118745141857 0 5ee5f6441e30 0
present 88118745282098 88118745426739 0 5ee5f6441e30 0
acquire 88119046766360 88119046804423 0 5ee5f6441e30 3
present 88119046949902 88119047080435 0 5ee5f6441e30 3
acquire 88119350500411 88119350530932 0 5ee5f6441e30 2
present 88119350671312 88119350772302 0 5ee5f6441e30 2
acquire 88119655632261 88119655666552 0 5ee5f6441e30 3
present 88119655775854 88119655891720 0 5ee5f6441e30 3
acquire 88119962410681 88119962439805 0 5ee5f6441e30 2
present 88119962573620 88119962685576 0 5ee5f6441e30 2
acquire 88120264177802 88120264209789 0 5ee5f6441e30 3
present 88120264336341 88120264441172 0 5ee5f6441e30 3
acquire 88120565403864 88120565436270 0 5ee5f6441e30 2
present 88120565586917 88120565713190 0 5ee5f6441e30 2
acquire 88120871291045 88120871321147 0 5ee5f6441e30 3
present 88120871437991 88120871563565 0 5ee5f6441e30 3
acquire 88121175414113 88121175445611 0 5ee5f6441e30 2
present 88121175583757 88121175709401 0 5ee5f6441e30 2
acquire 88121483122958 88121483152012 0 5ee5f6441e30 3
present 88121483261662 88121483367611 0 5ee5f6441e30 3
acquire 88121787570787 88121787609828 0 5ee5f6441e30 2
present 88121787767669 88121787902323 0 5ee5f6441e30 2
acquire 88122094692479 88122094718251 0 5ee5f6441e30 3
present 88122094818892 88122094941463 0 5ee5f6441e30 3
acquire 88122400397658 88122400429575 0 5ee5f6441e30 2
present 88122400574216 88122400697695 0 5ee5f6441e30 2
acquire 88122708472192 88122708505646 0 5ee5f6441e30 3
present 88122708653569 88122708776559 0 5ee5f6441e30 3
acquire 88123011920388 88123011952236 0 5ee5f6441e30 2
present 88123012123765 88123012249409 0 5ee5f6441e30 2
acquire 88123315864107 88123315890787 0 5ee5f6441e30 3
present 88123315987097 88123316106037 0 5ee5f6441e30 3
acquire 88123619429987 88123619460577 0 5ee5f6441e30 2
present 88123619612202 88123619742456 0 5ee5f6441e30 2
acquire 88123923717464 88123923747984 0 5ee5f6441e30 3
present 88123923874536 88123923975107 0 5ee5f6441e30 3
acquire 88124227485464 88124227511654 0 5ee5f6441e30 2
present 88124227633178 88124227739476 0 5ee5f6441e30 2
acquire 88124532466883 88124532493073 0 5ee5f6441e30 3
present 88124532589733 88124532691142 0 5ee5f6441e30 3
acquire 88124838389478 88124838420488 0 5ee5f6441e30 2
present 88124838562894 88124838694684 0 5ee5f6441e30 2
acquire 88125144405033 88125144432201 0 5ee5f6441e30 3
present 88125144565108 88125144675946 0 5ee5f6441e30 3
acquire 88125450178869 88125450214138 0 5ee5f6441e30 2
present 88125450374004 88125450500836 0 5ee5f6441e30 2
acquire 88125752358756 88125752398426 0 5ee5f6441e30 3
present 88125752546628 88125752676253 0 5ee5f6441e30 3
acquire 88126054380873 88126054408460 0 5ee5f6441e30 2
present 88126054548771 88126054658212 0 5ee5f6441e30 2
acquire 88126362871874 88126362903861 0 5ee5f6441e30 3
present 88126363063448 88126363176311 0 5ee5f6441e30 3
acquire 88126670759030 88126670790459 0 5ee5f6441e30 2
present 88126670930350 88126671059696 0 5ee5f6441e30 2
acquire 88126977712831 88126977741955 0 5ee5f6441e30 3
present 88126977893510 88126978022157 0 5ee5f6441e30 3
acquire 88127286508340 88127286545496 0 5ee5f6441e30 2
present 88127286715279 88127286832193 0 5ee5f6441e30 2
acquire 88127590936552 88127590972800 0 5ee5f6441e30 3
present 88127591166259 88127591293510 0 5ee5f6441e30 3
acquire 88127891581477 88127891612975 0 5ee5f6441e30 2
present 88127891759571 88127891880256 0 5ee5f6441e30 2
acquire 88128194721053 88128194753459 0 5ee5f6441e30 3
present 88128194907109 88128195038270 0 5ee5f6441e30 3
acquire 88128499426884 88128499468160 0 5ee5f6441e30 2
present 88128499609029 88128499718610 0 5ee5f6441e30 2
acquire 88128802173954 88128802205941 0 5ee5f6441e30 3
present 88128802350302 88128802466727 0 5ee5f6441e30 3
acquire 88129105939306 88129105970316 0 5ee5f6441e30 2
present 88129106122220 88129106238365 0 5ee5f6441e30 2
acquire 88129413574759 88129413604372 0 5ee5f6441e30 3
present 88129413749082 88129413868301 0 5ee5f6441e30 3
acquire 88129719498270 88129719526904 0 5ee5f6441e30 2
present 88129719656878 88129719765830 0 5ee5f6441e30 2
acquire 88130024608621 88130024642494 0 5ee5f6441e30 3
present 88130024786366 88130024904398 0 5ee5f6441e30 3
acquire 88130324981239 88130325030337 0 5ee5f6441e30 2
present 88130325217791 88130325353212 0 5ee5f6441e30 2
acquire 88130631224902 88130631258565 0 5ee5f6441e30 3
present 88130631435054 88130631566774 0 5ee5f6441e30 3
acquire 88130934177517 88130934203777 0 5ee5f6441e30 2
present 88130934343389 88130934463097 0 5ee5f6441e30 2
acquire 88131238046796 88131238086745 0 5ee5f6441e30 3
present 88131238236135 88131238352909 0 5ee5f6441e30 3
acquire 88131541418109 88131541448559 0 5ee5f6441e30 2
present 88131541586286 88131541703130 0 5ee5f6441e30 2
acquire 88131846562336 88131846593345 0 5ee5f6441e30 3
present 88131846738126 88131846854481 0 5ee5f6441e30 3
acquire 88132150782287 88132150812808 0 5ee5f6441e30 2
present 88132150950883 88132151077156 0 5ee5f6441e30 2
acquire 88132452025686 88132452059349 0 5ee5f6441e30 3
present 88132452197844 88132452309310 0 5ee5f6441e30 3
acquire 88132756315759 88132756346279 0 5ee5f6441e30 2
present 88132756503212 88132756620475 0 5ee5f6441e30 2
acquire 88133062888864 88133062922178 0 5ee5f6441e30 3
present 88133063083511 88133063206012 0 5ee5f6441e30 3
acquire 88133367972122 88133368027925 0 5ee5f6441e30 2
present 88133368220686 88133368347588 0 5ee5f6441e30 2
acquire 88133672398526 88133672425205 0 5ee5f6441e30 3
present 88133672551897 88133672656449 0 5ee5f6441e30 3
acquire 88133980118771 88133980149781 0 5ee5f6441e30 2
present 88133980297075 88133980417831 0 5ee5f6441e30 2
acquire 88134282503723 88134282537107 0 5ee5f6441e30 3
present 88134282695018 88134282816122 0 5ee5f6441e30 3
acquire 88134586358270 88134586398219 0 5ee5f6441e30 2
present 88134586551520 88134586668783 0 5ee5f6441e30 2
acquire 88134894394198 88134894433728 0 5ee5f6441e30 3
present 88134894582350 88134894697099 0 5ee5f6441e30 3
acquire 88135198429494 88135198461900 0 5ee5f6441e30 2
present 88135198607449 88135198727087 0 5ee5f6441e30 2
acquire 88135503130795 88135503163201 0 5ee5f6441e30 3
present 88135503326140 88135503452273 0 5ee5f6441e30 3
acquire 88135803322671 88135803355566 0 5ee5f6441e30 2
present 88135803514314 88135803634930 0 5ee5f6441e30 2
acquire 88136105587358 88136105639320 0 5ee5f6441e30 3
present 88136105804634 88136105930906 0 5ee5f6441e30 3
acquire 88136406607271 88136406639677 0 5ee5f6441e30 2
present 88136406790464 88136406905422 0 5ee5f6441e30 2
acquire 88136707319254 88136707352149 0 5ee5f6441e30 3
present 88136707503215 88136707627672 0 5ee5f6441e30 3
swapchain 88137724640350 88137728551865 0 5ee5f65d84b0 1100x700 mode 2 images 4
acquire 88137729605976 88137729615823 0 5ee5f65d84b0 3
present 88137729723448 88137729817454 0 5ee5f65d84b0 3
swapchain 88139235550556 88139240126190 0 5ee5f6441e30 640x760 mode 2 images 4
acquire 88139241317328 88139241328084 0 5ee5f6441e30 3
present 88139241439829 88139241557791 0 5ee5f6441e30 3
swapchain 88140735310096 88140738443094 0 5ee5f65d8490 1280x480 mode 2 images 4
acquire 88140739403338 88140739413395 0 5ee5f65d8490 3
present 88140739527935 88140739633744 0 5ee5f65d8490 3
acquire 88140739780899 88140739788861 0 5ee5f65d8490 2
present 88140739837121 88140739910454 0 5ee5f65d8490 2
swapchain 88142245040777 88142249430564 0 5ee5f6441e30 760x560 mode 2 images 4
acquire 88142250589994 88142250602845 0 5ee5f6441e30 3
present 88142250726952 88142250846660 0 5ee5f6441e30 3
swapchain 88143752423971 88143756863555 0 5ee5f65eab50 900x560 mode 2 images 4
acquire 88143757751164 88143757760662 0 5ee5f65eab50 3
present 88143757870033 88143758011531 0 5ee5f65eab50 3
