instance 313855075564618 313855087804624 0 pid 1909186
device 313855088556673 313855203072993 0
swapchain 313855203461450 313855254091164 0 5e6949432e70 900x560 mode 2 images 4
acquire 313855259159604 313855259172455 0 5e6949432e70 3
present 313855262525387 313855262728625 0 5e6949432e70 3
acquire 313855262939196 313855262949113 0 5e6949432e70 2
present 313855263011970 313855263076364 0 5e6949432e70 2
acquire 313867581976352 313867581993672 0 5e6949432e70 1
present 313867582159475 313867582300345 0 5e6949432e70 1
acquire 313868263190312 313868263205258 0 5e6949432e70 0
present 313868263314210 313868263419879 0 5e6949432e70 0
acquire 313868564452715 313868564486518 0 5e6949432e70 3
present 313868564649248 313868564754638 0 5e6949432e70 3
acquire 313868868767594 313868868800070 0 5e6949432e70 2
present 313868868953302 313868869119873 0 5e6949432e70 2
acquire 313869173310226 313869173340537 0 5e6949432e70 3
present 313869173497679 313869173612219 0 5e6949432e70 3
acquire 313869480532941 313869480563461 0 5e6949432e70 2
present 313869480717600 313869480838775 0 5e6949432e70 2
acquire 313869781799046 313869781829636 0 5e6949432e70 3
present 313869781986150 313869782154118 0 5e6949432e70 3
acquire 313870083623740 313870083657124 0 5e6949432e70 2
present 313870083849676 313870083991454 0 5e6949432e70 2
acquire 313870388935323 313870388967241 0 5e6949432e70 3
present 313870389167615 313870389302478 0 5e6949432e70 3
acquire 313870693627625 313870693658145 0 5e6949432e70 2
present 313870693794824 313870693918373 0 5e6949432e70 2
acquire 313871000531655 313871000566506 0 5e6949432e70 3
present 313871000719458 313871000824150 0 5e6949432e70 3
acquire 313871305113748 313871305145525 0 5e6949432e70 2
present 313871305299944 313871305424052 0 5e6949432e70 2
acquire 313871611608090 313871611641265 0 5e6949432e70 3
present 313871611802737 313871611936832 0 5e6949432e70 3
acquire 313871917972878 313871918010662 0 5e6949432e70 2
present 313871918147131 313871918250496 0 5e6949432e70 2
acquire 313872224570096 313872224603969 0 5e6949432e70 3
present 313872224777524 313872224903308 0 5e6949432e70 3
acquire 313872529470036 313872529497763 0 5e6949432e70 2
present 313872529632696 313872529738994 0 5e6949432e70 2
acquire 313872831833906 313872831864705 0 5e6949432e70 3
present 313872832021638 313872832135899 0 5e6949432e70 3
acquire 313873136912010 313873136941553 0 5e6949432e70 2
present 313873137126213 313873137250181 0 5e6949432e70 2
acquire 313873438171971 313873438204377 0 5e6949432e70 3
present 313873438356422 313873438477456 0 5e6949432e70 3
acquire 313873745057565 313873745094650 0 5e6949432e70 2
present 313873745230631 313873745341399 0 5e6949432e70 2
acquire 313874049183107 313874049214954 0 5e6949432e70 3
present 313874049396471 313874049520719 0 5e6949432e70 3
acquire 313874355989850 313874356036992 0 5e6949432e70 2
present 313874356188478 313874356310001 0 5e6949432e70 2
acquire 313874661926861 313874661957871 0 5e6949432e70 3
present 313874662100626 313874662212442 0 5e6949432e70 3
acquire 313874967778318 313874967810724 0 5e6949432e70 2
present 313874967956901 313874968100215 0 5e6949432e70 2
acquire 313875269700722 313875269734525 0 5e6949432e70 3
present 313875269893484 313875270027998 0 5e6949432e70 3
acquire 313875571900396 313875571931405 0 5e6949432e70 2
present 313875572089177 313875572203157 0 5e6949432e70 2
acquire 313875880387517 313875880420412 0 5e6949432e70 3
present 313875880562748 313875880684831 0 5e6949432e70 3
acquire 313876188191662 313876188222741 0 5e6949432e70 2
present 313876188367312 313876188482201 0 5e6949432e70 2
acquire 313876495176221 313876495206742 0 5e6949432e70 3
present 313876495331687 313876495432189 0 5e6949432e70 3
acquire 313876803599717 313876803626396 0 5e6949432e70 2
present 313876803752530 313876803854707 0 5e6949432e70 2
acquire 313877108174339 313877108205348 0 5e6949432e70 3
present 313877108344961 313877108456218 0 5e6949432e70 3
acquire 313877408991858 313877409041585 0 5e6949432e70 2
present 313877409226244 313877409347838 0 5e6949432e70 2
acquire 313877711978432 313877712022223 0 5e6949432e70 3
present 313877712167283 313877712280286 0 5e6949432e70 3
acquire 313878016816146 313878016851485 0 5e6949432e70 2
present 313878017036075 313878017162767 0 5e6949432e70 2
acquire 313878319468182 313878319502055 0 5e6949432e70 3
present 313878319652702 313878319774295 0 5e6949432e70 3
acquire 313878623382177 313878623416469 0 5e6949432e70 2
present 313878623584926 313878623698976 0 5e6949432e70 2
acquire 313878930923301 313878930953891 0 5e6949432e70 3
present 313878931107891 313878931221802 0 5e6949432e70 3
acquire 313879236892511 313879236919191 0 5e6949432e70 2
present 313879237052378 313879237157419 0 5e6949432e70 2
acquire 313879542024955 313879542055476 0 5e6949432e70 3
present 313879542214364 313879542335399 0 5e6949432e70 3
acquire 313879842268381 313879842296946 0 5e6949432e70 2
present 313879842436349 313879842546488 0 5e6949432e70 2
acquire 313880148461083 313880148494467 0 5e6949432e70 3
present 313880148645673 313880148767755 0 5e6949432e70 3
acquire 313880451575258 313880451605709 0 5e6949432e70 2
present 313880451737499 313880451839607 0 5e6949432e70 2
acquire 313880755353413 313880755379743 0 5e6949432e70 3
present 313880755501337 313880755601140 0 5e6949432e70 3
acquire 313881058812115 313881058844870 0 5e6949432e70 2
present 313881058995867 313881059134711 0 5e6949432e70 2
acquire 313881363955385 313881363983601 0 5e6949432e70 3
present 313881364159670 313881364286851 0 5e6949432e70 3
acquire 313881668232765 313881668266568 0 5e6949432e70 2
present 313881668422383 313881668538878 0 5e6949432e70 2
acquire 313881969423935 313881969463465 0 5e6949432e70 3
present 313881969624658 313881969746601 0 5e6949432e70 3
acquire 313882273763613 313882273794413 0 5e6949432e70 2
present 313882273942127 313882274092565 0 5e6949432e70 2
acquire 313882580243503 313882580274443 0 5e6949432e70 3
present 313882580406652 313882580507363 0 5e6949432e70 3
acquire 313882885343053 313882885373015 0 5e6949432e70 2
present 313882885509065 313882885625351 0 5e6949432e70 2
acquire 313883189660243 313883189687830 0 5e6949432e70 3
present 313883189819550 313883189921239 0 5e6949432e70 3
acquire 313883497494143 313883497528016 0 5e6949432e70 2
present 313883497690955 313883497813526 0 5e6949432e70 2
acquire 313883799964733 313883799997419 0 5e6949432e70 3
present 313883800190670 313883800311215 0 5e6949432e70 3
acquire 313884103467506 313884103496560 0 5e6949432e70 2
present 313884103637360 313884103757486 0 5e6949432e70 2
acquire 313884411439622 313884411469724 0 5e6949432e70 3
present 313884411631685 313884411772206 0 5e6949432e70 3
acquire 313884715540724 313884715574597 0 5e6949432e70 2
present 313884715736349 313884715859409 0 5e6949432e70 2
acquire 313885020123311 313885020153552 0 5e6949432e70 3
present 313885020294491 313885020409520 0 5e6949432e70 3
acquire 313885320369881 313885320402288 0 5e6949432e70 2
present 313885320536383 313885320649036 0 5e6949432e70 2
acquire 313885622437769 313885622470664 0 5e6949432e70 3
present 313885622640448 313885622769724 0 5e6949432e70 3
acquire 313885923592763 313885923623773 0 5e6949432e70 2
present 313885923752420 313885923864166 0 5e6949432e70 2
acquire 313886224276749 313886224311181 0 5e6949432e70 3
present 313886224463714 313886224585936 0 5e6949432e70 3
swapchain 313887238271317 313887242186820 0 5e69495c9540 1100x700 mode 2 images 4
acquire 313887243253364 313887243265726 0 5e69495c9540 3
present 313887243393395 313887243516036 0 5e69495c9540 3
acquire 313887243670106 313887243679185 0 5e69495c9540 2
present 313887243728703 313887243802245 0 5e69495c9540 2
swapchain 313888746823874 313888750346521 0 5e6949432e70 640x760 mode 2 images 4
acquire 313888751351116 313888751360614 0 5e6949432e70 3
present 313888751484652 313888751594791 0 5e6949432e70 3
acquire 313888751743134 313888751751235 0 5e6949432e70 2
present 313888751802149 313888751880092 0 5e6949432e70 2
swapchain 313890255090085 313890258234682 0 5e69495c9540 1280x480 mode 2 images 4
acquire 313890259175791 313890259185499 0 5e69495c9540 3
present 313890259297804 313890259403683 0 5e69495c9540 3
swapchain 313891762961208 313891766276706 0 5e6949432e70 760x560 mode 2 images 4
acquire 313891767369929 313891767382361 0 5e6949432e70 3
present 313891767509821 313891767656627 0 5e6949432e70 3
swapchain 313893272133893 313893275753270 0 5e69495dbcf0 900x560 mode 2 images 4
acquire 313893276697452 313893276707998 0 5e69495dbcf0 3
present 313893276828264 313893276940988 0 5e69495dbcf0 3
