instance 86022624291319 86022638318422 0 pid 3112884
device 86022639044770 86022758170763 0
swapchain 86022758555797 86022811498239 0 5e56582e6d90 900x560 mode 2 images 4
acquire 86022886519977 86022886534644 0 5e56582e6d90 3
present 86022886679564 86022886875189 0 5e56582e6d90 3
acquire 86022887089601 86022887097703 0 5e56582e6d90 2
present 86022887147919 86022887219645 0 5e56582e6d90 2
acquire 86035212442522 86035212459493 0 5e56582e6d90 1
present 86035212578712 86035212717556 0 5e56582e6d90 1
acquire 86035893656373 86035893673973 0 5e56582e6d90 0
present 86035893799757 86035893945515 0 5e56582e6d90 0
acquire 86036201949098 86036201980597 0 5e56582e6d90 3
present 86036202100235 86036202197104 0 5e56582e6d90 3
acquire 86036499141344 86036499173541 0 5e56582e6d90 2
present 86036499322861 86036499421058 0 5e56582e6d90 2
acquire 86036810075531 86036810114572 0 5e56582e6d90 3
present 86036810226248 86036810331778 0 5e56582e6d90 3
acquire 86037111046741 86037111084944 0 5e56582e6d90 2
present 86037111261084 86037111376252 0 5e56582e6d90 2
acquire 86037418283539 86037418312662 0 5e56582e6d90 3
present 86037418423640 86037418527354 0 5e56582e6d90 3
acquire 86037714155228 86037714190987 0 5e56582e6d90 2
present 86037714358745 86037714488301 0 5e56582e6d90 2
acquire 86038025153949 86038025181117 0 5e56582e6d90 3
present 86038025286926 86038025396088 0 5e56582e6d90 3
acquire 86038324097112 86038324132381 0 5e56582e6d90 2
present 86038324317391 86038324475511 0 5e56582e6d90 2
acquire 86038638442968 86038638471533 0 5e56582e6d90 3
present 86038638579996 86038638684479 0 5e56582e6d90 3
acquire 86038935573474 86038935620478 0 5e56582e6d90 2
present 86038935778318 86038935902007 0 5e56582e6d90 2
acquire 86039249671535 86039249717979 0 5e56582e6d90 3
present 86039249893420 86039250054264 0 5e56582e6d90 3
acquire 86039548515174 86039548551910 0 5e56582e6d90 2
present 86039548709332 86039548840005 0 5e56582e6d90 2
acquire 86039862569234 86039862596891 0 5e56582e6d90 3
present 86039862704866 86039862813888 0 5e56582e6d90 3
acquire 86040159982877 86040160029042 0 5e56582e6d90 2
present 86040160175638 86040160285219 0 5e56582e6d90 2
acquire 86040468702611 86040468742071 0 5e56582e6d90 3
present 86040468849557 86040468962839 0 5e56582e6d90 3
acquire 86040767967532 86040768021100 0 5e56582e6d90 2
present 86040768239633 86040768385531 0 5e56582e6d90 2
acquire 86041075151949 86041075181980 0 5e56582e6d90 3
present 86041075300151 86041075416227 0 5e56582e6d90 3
acquire 86041375634550 86041375672613 0 5e56582e6d90 2
present 86041375856854 86041375988924 0 5e56582e6d90 2
acquire 86041687183479 86041687215955 0 5e56582e6d90 3
present 86041687341389 86041687464380 0 5e56582e6d90 3
acquire 86041986469911 86041986504273 0 5e56582e6d90 2
present 86041986650660 86041986756609 0 5e56582e6d90 2
acquire 86042298680514 86042298712711 0 5e56582e6d90 3
present 86042298860076 86042298989561 0 5e56582e6d90 3
acquire 86042598290171 86042598324044 0 5e56582e6d90 2
present 86042598493828 86042598618006 0 5e56582e6d90 2
acquire 86042908088811 86042908129249 0 5e56582e6d90 3
present 86042908286532 86042908406728 0 5e56582e6d90 3
acquire 86043202493139 86043202527501 0 5e56582e6d90 2
present 86043202679405 86043202802326 0 5e56582e6d90 2
acquire 86043517644613 86043517689381 0 5e56582e6d90 3
present 86043517838701 86043517948841 0 5e56582e6d90 3
acquire 86043819472704 86043819509859 0 5e56582e6d90 2
present 86043819661484 86043819778678 0 5e56582e6d90 2
acquire 86044132428093 86044132462664 0 5e56582e6d90 3
present 86044132609750 86044132717445 0 5e56582e6d90 3
acquire 86044434913808 86044434951103 0 5e56582e6d90 2
present 86044435122772 86044435240664 0 5e56582e6d90 2
acquire 86044745498929 86044745531265 0 5e56582e6d90 3
present 86044745673532 86044745785347 0 5e56582e6d90 3
acquire 86045040290176 86045040334176 0 5e56582e6d90 2
present 86045040493763 86045040610817 0 5e56582e6d90 2
acquire 86045349275866 86045349310158 0 5e56582e6d90 3
present 86045349458011 86045349574087 0 5e56582e6d90 3
acquire 86045648649879 86045648686056 0 5e56582e6d90 2
present 86045648842500 86045648962208 0 5e56582e6d90 2
acquire 86045957344121 86045957378552 0 5e56582e6d90 3
present 86045957523613 86045957632285 0 5e56582e6d90 3
acquire 86046255272283 86046255312721 0 5e56582e6d90 2
present 86046255478454 86046255600257 0 5e56582e6d90 2
acquire 86046568810915 86046568845626 0 5e56582e6d90 3
present 86046568988242 86046569117099 0 5e56582e6d90 3
acquire 86046868770616 86046868807073 0 5e56582e6d90 2
present 86046868953181 86046869077847 0 5e56582e6d90 2
acquire 86047180075031 86047180108694 0 5e56582e6d90 3
present 86047180254104 86047180366408 0 5e56582e6d90 3
acquire 86047474247207 86047474284362 0 5e56582e6d90 2
present 86047474439689 86047474555974 0 5e56582e6d90 2
acquire 86047787646646 86047787680100 0 5e56582e6d90 3
present 86047787820900 86047787929503 0 5e56582e6d90 3
acquire 86048083507371 86048083545015 0 5e56582e6d90 2
present 86048083712075 86048083842538 0 5e56582e6d90 2
acquire 86048392952405 86048392982437 0 5e56582e6d90 3
present 86048393136855 86048393248043 0 5e56582e6d90 3
acquire 86048690833983 86048690873094 0 5e56582e6d90 2
present 86048691073817 86048691198065 0 5e56582e6d90 2
acquire 86049001811402 86049001844297 0 5e56582e6d90 3
present 86049001988030 86049002121915 0 5e56582e6d90 3
acquire 86049300223074 86049300253874 0 5e56582e6d90 2
present 86049300431689 86049300552514 0 5e56582e6d90 2
acquire 86049607309992 86049607341490 0 5e56582e6d90 3
present 86049607478798 86049607581674 0 5e56582e6d90 3
acquire 86049905718870 86049905753302 0 5e56582e6d90 2
present 86049905907861 86049906035670 0 5e56582e6d90 2
acquire 86050217857607 86050217890503 0 5e56582e6d90 3
present 86050218042966 86050218146470 0 5e56582e6d90 3
acquire 86050517849016 86050517890572 0 5e56582e6d90 2
present 86050518078305 86050518195777 0 5e56582e6d90 2
acquire 86050827429542 86050827460552 0 5e56582e6d90 3
present 86050827602678 86050827716310 0 5e56582e6d90 3
acquire 86051129543842 86051129580928 0 5e56582e6d90 2
present 86051129741981 86051129865810 0 5e56582e6d90 2
acquire 86051438031983 86051438063481 0 5e56582e6d90 3
present 86051438217202 86051438347246 0 5e56582e6d90 3
acquire 86051735664577 86051735702780 0 5e56582e6d90 2
present 86051735868374 86051735984170 0 5e56582e6d90 2
acquire 86052049252029 86052049296448 0 5e56582e6d90 3
present 86052049433895 86052049539006 0 5e56582e6d90 3
acquire 86052347734310 86052347769161 0 5e56582e6d90 2
present 86052347926304 86052348061376 0 5e56582e6d90 2
acquire 86052658391325 86052658430925 0 5e56582e6d90 3
present 86052658576125 86052658682354 0 5e56582e6d90 3
acquire 86052952573894 86052952607278 0 5e56582e6d90 2
present 86052952759462 86052952876237 0 5e56582e6d90 2
acquire 86053260446808 86053260479215 0 5e56582e6d90 3
present 86053260616593 86053260719609 0 5e56582e6d90 3
acquire 86053555827299 86053555857331 0 5e56582e6d90 2
present 86053556010772 86053556115185 0 5e56582e6d90 2
acquire 86053862366711 86053862401981 0 5e56582e6d90 3
present 86053862548369 86053862658649 0 5e56582e6d90 3
swapchain 86054874707465 86054878348092 0 5e565840e530 1100x700 mode 2 images 4
acquire 86054886991463 86054887024149 0 5e565840e530 3
present 86054887139597 86054887244848 0 5e565840e530 3
acquire 86054887389630 86054887397661 0 5e565840e530 2
present 86054887447249 86054887522678 0 5e565840e530 2
swapchain 86056383134867 86056387095996 0 5e56582e6d90 640x760 mode 2 images 4
acquire 86056395483120 86056395493736 0 5e56582e6d90 3
present 86056395614142 86056395728054 0 5e56582e6d90 3
acquire 86056395865991 86056395874232 0 5e56582e6d90 2
present 86056395923261 86056395996245 0 5e56582e6d90 2
swapchain 86057886248153 86057889293521 0 5e565840e530 1280x480 mode 2 images 4
acquire 86057897053188 86057897069042 0 5e565840e530 3
present 86057897182814 86057897289741 0 5e565840e530 3
swapchain 86059394579066 86059397610396 0 5e56582e6d90 760x560 mode 2 images 4
acquire 86059405147129 86059405169129 0 5e56582e6d90 3
present 86059405281574 86059405416228 0 5e56582e6d90 3
swapchain 86060901249481 86060905751881 0 5e565840e530 900x560 mode 2 images 4
acquire 86060913511618 86060913523631 0 5e565840e530 3
present 86060913651510 86060913760254 0 5e565840e530 3
acquire 86060913904825 86060913912997 0 5e565840e530 2
present 86060913960559 86060914077404 0 5e565840e530 2
