instance 90545625482617 90545644443301 0 pid 3819449
device 90545645207084 90545768535587 0
swapchain 90545768919154 90545821326066 0 601450df0ee0 900x560 mode 2 images 4
acquire 90545827103396 90545827114850 0 601450df0ee0 3
present 90545827275414 90545827465871 0 601450df0ee0 3
acquire 90545827606601 90545827616728 0 601450df0ee0 2
present 90545827670017 90545827737344 0 601450df0ee0 2
acquire 90558172614464 90558172633950 0 601450df0ee0 1
present 90558172764483 90558172918971 0 601450df0ee0 1
acquire 90558853464181 90558853481920 0 601450df0ee0 0
present 90558853594434 90558853710371 0 601450df0ee0 0
acquire 90559155654817 90559155702937 0 601450df0ee0 3
present 90559155839756 90559155963584 0 601450df0ee0 3
acquire 90559459016619 90559459049514 0 601450df0ee0 2
present 90559459196181 90559459297031 0 601450df0ee0 2
acquire 90559764373504 90559764404234 0 601450df0ee0 3
present 90559764522056 90559764626398 0 601450df0ee0 3
acquire 90560070812926 90560070846799 0 601450df0ee0 2
present 90560070977611 90560071098227 0 601450df0ee0 2
acquire 90560372997416 90560373036038 0 601450df0ee0 3
present 90560373146457 90560373252616 0 601450df0ee0 3
acquire 90560673842213 90560673876715 0 601450df0ee0 2
present 90560674044543 90560674176263 0 601450df0ee0 2
acquire 90560980230233 90560980268855 0 601450df0ee0 3
present 90560980392404 90560980504918 0 601450df0ee0 3
acquire 90561283867628 90561283900523 0 601450df0ee0 2
present 90561284064720 90561284198326 0 601450df0ee0 2
acquire 90561591612521 90561591655544 0 601450df0ee0 3
present 90561591792502 90561591901175 0 601450df0ee0 3
acquire 90561895336031 90561895369345 0 601450df0ee0 2
present 90561895511472 90561895628805 0 601450df0ee0 2
acquire 90562205824285 90562205865002 0 601450df0ee0 3
present 90562206039326 90562206170976 0 601450df0ee0 3
acquire 90562508269003 90562508300013 0 601450df0ee0 2
present 90562508432222 90562508550603 0 601450df0ee0 2
acquire 90562818723035 90562818747758 0 601450df0ee0 3
present 90562818838691 90562818951555 0 601450df0ee0 3
acquire 90563119782663 90563119808714 0 601450df0ee0 2
present 90563119936314 90563120060282 0 601450df0ee0 2
acquire 90563426519889 90563426552295 0 601450df0ee0 3
present 90563426648676 90563426750853 0 601450df0ee0 3
acquire 90563727277245 90563727309581 0 601450df0ee0 2
present 90563727465048 90563727592089 0 601450df0ee0 2
acquire 90564031798620 90564031828652 0 601450df0ee0 3
present 90564031981464 90564032122054 0 601450df0ee0 3
acquire 90564335330626 90564335357724 0 601450df0ee0 2
present 90564335486092 90564335597908 0 601450df0ee0 2
acquire 90564639297252 90564639322954 0 601450df0ee0 3
present 90564639460471 90564639582554 0 601450df0ee0 3
acquire 90564946316427 90564946347855 0 601450df0ee0 2
present 90564946490610 90564946623728 0 601450df0ee0 2
acquire 90565252231971 90565252264866 0 601450df0ee0 3
present 90565252411672 90565252523977 0 601450df0ee0 3
acquire 90565558106518 90565558136829 0 601450df0ee0 2
present 90565558273788 90565558390353 0 601450df0ee0 2
acquire 90565860599986 90565860641053 0 601450df0ee0 3
present 90565860863427 90565861015052 0 601450df0ee0 3
acquire 90566162710375 90566162742851 0 601450df0ee0 2
present 90566162888261 90566163014813 0 601450df0ee0 2
acquire 90566471212067 90566471250201 0 601450df0ee0 3
present 90566471433953 90566471575660 0 601450df0ee0 3
acquire 90566779119970 90566779157126 0 601450df0ee0 2
present 90566779345487 90566779479652 0 601450df0ee0 2
acquire 90567086015875 90567086074122 0 601450df0ee0 3
present 90567086219043 90567086341125 0 601450df0ee0 3
acquire 90567394521478 90567394553396 0 601450df0ee0 2
present 90567394697338 90567394806500 0 601450df0ee0 2
acquire 90567699188682 90567699229818 0 601450df0ee0 3
present 90567699393805 90567699499196 0 601450df0ee0 3
acquire 90567999818648 90567999848121 0 601450df0ee0 2
present 90567999981588 90568000108349 0 601450df0ee0 2
acquire 90568302926718 90568302964921 0 601450df0ee0 3
present 90568303139873 90568303273968 0 601450df0ee0 3
acquire 90568607715376 90568607746385 0 601450df0ee0 2
present 90568607886137 90568608023655 0 601450df0ee0 2
acquire 90568910326107 90568910358024 0 601450df0ee0 3
present 90568910506786 90568910624189 0 601450df0ee0 3
acquire 90569214303769 90569214331915 0 601450df0ee0 2
present 90569214461610 90569214572727 0 601450df0ee0 2
acquire 90569521833413 90569521865819 0 601450df0ee0 3
present 90569522021704 90569522133031 0 601450df0ee0 3
acquire 90569827889198 90569827931662 0 601450df0ee0 2
present 90569828124912 90569828247064 0 601450df0ee0 2
acquire 90570132861538 90570132891640 0 601450df0ee0 3
present 90570133039773 90570133145722 0 601450df0ee0 3
acquire 90570433173238 90570433204248 0 601450df0ee0 2
present 90570433337295 90570433447016 0 601450df0ee0 2
acquire 90570739391265 90570739428421 0 601450df0ee0 3
present 90570739589055 90570739711836 0 601450df0ee0 3
acquire 90571042477894 90571042512256 0 601450df0ee0 2
present 90571042663881 90571042778071 0 601450df0ee0 2
acquire 90571346257417 90571346289893 0 601450df0ee0 3
present 90571346434115 90571346558991 0 601450df0ee0 3
acquire 90571649839080 90571649880147 0 601450df0ee0 2
present 90571650078496 90571650193105 0 601450df0ee0 2
acquire 90571954806461 90571954835376 0 601450df0ee0 3
present 90571954977712 90571955107477 0 601450df0ee0 3
acquire 90572259168948 90572259201844 0 601450df0ee0 2
present 90572259344739 90572259466542 0 601450df0ee0 2
acquire 90572560734717 90572560774247 0 601450df0ee0 3
present 90572560920704 90572561037618 0 601450df0ee0 3
acquire 90572865155521 90572865194632 0 601450df0ee0 2
present 90572865352334 90572865516251 0 601450df0ee0 2
acquire 90573171619738 90573171653541 0 601450df0ee0 3
present 90573171809008 90573171928925 0 601450df0ee0 3
acquire 90573476683011 90573476712484 0 601450df0ee0 2
present 90573476846160 90573476960630 0 601450df0ee0 2
acquire 90573781225968 90573781268013 0 601450df0ee0 3
present 90573781421174 90573781542977 0 601450df0ee0 3
acquire 90574088898996 90574088934265 0 601450df0ee0 2
present 90574089097484 90574089216703 0 601450df0ee0 2
acquire 90574391346858 90574391396305 0 601450df0ee0 3
present 90574391601149 90574391735035 0 601450df0ee0 3
acquire 90574694943676 90574694990051 0 601450df0ee0 2
present 90574695192381 90574695327244 0 601450df0ee0 2
acquire 90575003091694 90575003128360 0 601450df0ee0 3
present 90575003288576 90575003419109 0 601450df0ee0 3
acquire 90575307063559 90575307092963 0 601450df0ee0 2
present 90575307233902 90575307347953 0 601450df0ee0 2
acquire 90575611627958 90575611665602 0 601450df0ee0 3
present 90575611814433 90575611939868 0 601450df0ee0 3
acquire 90575912018020 90575912063696 0 601450df0ee0 2
present 90575912231734 90575912347600 0 601450df0ee0 2
acquire 90576214061223 90576214093140 0 601450df0ee0 3
present 90576214242879 90576214355463 0 601450df0ee0 3
acquire 90576515290566 90576515321646 0 601450df0ee0 2
present 90576515459722 90576515575658 0 601450df0ee0 2
acquire 90576815868013 90576815899022 0 601450df0ee0 3
present 90576816045479 90576816189003 0 601450df0ee0 3
