instance 73789102041000 73789114765007 0 pid 1308091
device 73789115556307 73789239234691 0
swapchain 73789239623985 73789291180990 0 57b06db47ec0 900x560 mode 2 images 4
acquire 73789296643126 73789296652624 0 57b06db47ec0 3
present 73789297053582 73789297236985 0 57b06db47ec0 3
acquire 73789297871841 73789297880292 0 57b06db47ec0 2
present 73789298189479 73789298268609 0 57b06db47ec0 2
acquire 73801642635408 73801642650074 0 57b06db47ec0 1
present 73801643011781 73801643132886 0 57b06db47ec0 1
acquire 73802323357608 73802323373951 0 57b06db47ec0 0
present 73802323766877 73802323887213 0 57b06db47ec0 0
acquire 73802634746475 73802634789427 0 57b06db47ec0 3
present 73802635406613 73802635558238 0 57b06db47ec0 3
acquire 73802923940667 73802923972585 0 57b06db47ec0 2
present 73802924357828 73802924456374 0 57b06db47ec0 2
acquire 73803232467095 73803232496219 0 57b06db47ec0 3
present 73803232856180 73803232968345 0 57b06db47ec0 3
acquire 73803524278724 73803524304076 0 57b06db47ec0 2
present 73803524685688 73803524789263 0 57b06db47ec0 2
acquire 73803832964530 73803833013628 0 57b06db47ec0 3
present 73803833496719 73803833620617 0 57b06db47ec0 3
acquire 73804124707155 73804124742565 0 57b06db47ec0 2
present 73804125242208 73804125360519 0 57b06db47ec0 2
acquire 73804432950308 73804432981317 0 57b06db47ec0 3
present 73804433387583 73804433507291 0 57b06db47ec0 3
acquire 73804725070495 73804725099688 0 57b06db47ec0 2
present 73804725534659 73804725642075 0 57b06db47ec0 2
acquire 73805033022131 73805033065153 0 57b06db47ec0 3
present 73805033442993 73805033555088 0 57b06db47ec0 3
acquire 73805325494596 73805325525536 0 57b06db47ec0 2
present 73805325927751 73805326051510 0 57b06db47ec0 2
acquire 73805633268277 73805633301172 0 57b06db47ec0 3
present 73805633653381 73805633764149 0 57b06db47ec0 3
acquire 73805925964444 73805925989796 0 57b06db47ec0 2
present 73805926373853 73805926485179 0 57b06db47ec0 2
acquire 73806235826793 73806235858711 0 57b06db47ec0 3
present 73806237663685 73806237774314 0 57b06db47ec0 3
acquire 73806525933181 73806525960769 0 57b06db47ec0 2
present 73806526364939 73806526477244 0 57b06db47ec0 2
acquire 73806834361623 73806834393121 0 57b06db47ec0 3
present 73806834755108 73806834864339 0 57b06db47ec0 3
acquire 73807126510933 73807126538451 0 57b06db47ec0 2
present 73807126943320 73807127113453 0 57b06db47ec0 2
acquire 73807434745985 73807434777483 0 57b06db47ec0 3
present 73807435181654 73807435295216 0 57b06db47ec0 3
acquire 73807726817912 73807726845569 0 57b06db47ec0 2
present 73807727283193 73807727404996 0 57b06db47ec0 2
acquire 73808034634405 73808034670094 0 57b06db47ec0 3
present 73808035098150 73808035216810 0 57b06db47ec0 3
acquire 73808327248509 73808327280915 0 57b06db47ec0 2
present 73808327677403 73808327784051 0 57b06db47ec0 2
acquire 73808635039371 73808635077085 0 57b06db47ec0 3
present 73808635521205 73808635641401 0 57b06db47ec0 3
acquire 73808927526154 73808927555627 0 57b06db47ec0 2
present 73808927939614 73808928057645 0 57b06db47ec0 2
acquire 73809235141575 73809235176356 0 57b06db47ec0 3
present 73809235580946 73809235690666 0 57b06db47ec0 3
acquire 73809527862606 73809527891450 0 57b06db47ec0 2
present 73809528311265 73809528420357 0 57b06db47ec0 2
acquire 73809835997226 73809836042972 0 57b06db47ec0 3
present 73809836519219 73809836637460 0 57b06db47ec0 3
acquire 73810128117134 73810128146677 0 57b06db47ec0 2
present 73810128568238 73810128677469 0 57b06db47ec0 2
acquire 73810436379424 73810436411900 0 57b06db47ec0 3
present 73810436833531 73810436944857 0 57b06db47ec0 3
acquire 73810728505897 73810728536627 0 57b06db47ec0 2
present 73810728952880 73810729072797 0 57b06db47ec0 2
acquire 73811036587577 73811036631857 0 57b06db47ec0 3
present 73811037059005 73811037176408 0 57b06db47ec0 3
acquire 73811328629473 73811328659435 0 57b06db47ec0 2
present 73811329087212 73811329191205 0 57b06db47ec0 2
acquire 73811636553382 73811636589560 0 57b06db47ec0 3
present 73811637019572 73811637136276 0 57b06db47ec0 3
acquire 73811929146464 73811929176496 0 57b06db47ec0 2
present 73811929592540 73811929695974 0 57b06db47ec0 2
acquire 73812236848209 73812236887460 0 57b06db47ec0 3
present 73812237342824 73812237466862 0 57b06db47ec0 3
acquire 73812529404624 73812529432770 0 57b06db47ec0 2
present 73812529825208 73812529930458 0 57b06db47ec0 2
acquire 73812837420096 73812837458299 0 57b06db47ec0 3
present 73812837949003 73812838084285 0 57b06db47ec0 3
acquire 73813129669629 73813129697356 0 57b06db47ec0 2
present 73813130087908 73813130189596 0 57b06db47ec0 2
acquire 73813437344695 73813437385761 0 57b06db47ec0 3
present 73813437845526 73813437983462 0 57b06db47ec0 3
acquire 73813729888120 73813729915358 0 57b06db47ec0 2
present 73813730399287 73813730513408 0 57b06db47ec0 2
acquire 73814038480060 73814038509533 0 57b06db47ec0 3
present 73814038920548 73814039047449 0 57b06db47ec0 3
acquire 73814330691390 73814330727568 0 57b06db47ec0 2
present 73814331252704 73814331390151 0 57b06db47ec0 2
acquire 73814638194368 73814638221466 0 57b06db47ec0 3
present 73814638685072 73814638803382 0 57b06db47ec0 3
acquire 73814930444320 73814930471000 0 57b06db47ec0 2
present 73814930868535 73814930970364 0 57b06db47ec0 2
acquire 73815238362992 73815238396376 0 57b06db47ec0 3
present 73815238792794 73815238900769 0 57b06db47ec0 3
acquire 73815530709465 73815530734259 0 57b06db47ec0 2
present 73815531122645 73815531229083 0 57b06db47ec0 2
acquire 73815838968962 73815838999971 0 57b06db47ec0 3
present 73815839414409 73815839513094 0 57b06db47ec0 3
acquire 73816131364952 73816131395892 0 57b06db47ec0 2
present 73816131864316 73816131981161 0 57b06db47ec0 2
acquire 73816439291726 73816439317078 0 57b06db47ec0 3
present 73816439700716 73816439798423 0 57b06db47ec0 3
acquire 73816731456822 73816731483571 0 57b06db47ec0 2
present 73816731881665 73816731983144 0 57b06db47ec0 2
acquire 73817039479417 73817039505677 0 57b06db47ec0 3
present 73817039898813 73817039994915 0 57b06db47ec0 3
acquire 73817331713167 73817331746481 0 57b06db47ec0 2
present 73817332220982 73817332326372 0 57b06db47ec0 2
acquire 73817640299520 73817640324523 0 57b06db47ec0 3
present 73817640707323 73817640806567 0 57b06db47ec0 3
acquire 73817931812859 73817931840516 0 57b06db47ec0 2
present 73817932255791 73817932359854 0 57b06db47ec0 2
acquire 73818240232501 73818240257714 0 57b06db47ec0 3
present 73818240641840 73818240739827 0 57b06db47ec0 3
acquire 73818532218734 73818532244924 0 57b06db47ec0 2
present 73818532624930 73818532724384 0 57b06db47ec0 2
acquire 73818840469570 73818840501977 0 57b06db47ec0 3
present 73818840929754 73818841052884 0 57b06db47ec0 3
acquire 73819132542616 73819132568457 0 57b06db47ec0 2
present 73819132956844 73819133070126 0 57b06db47ec0 2
acquire 73819441238201 73819441273959 0 57b06db47ec0 3
present 73819441707813 73819441823958 0 57b06db47ec0 3
acquire 73819732812581 73819732839749 0 57b06db47ec0 2
present 73819733240846 73819733351195 0 57b06db47ec0 2
acquire 73820040786776 73820040813106 0 57b06db47ec0 3
present 73820041209734 73820041307023 0 57b06db47ec0 3
