instance 75655535752992 75655551750875 0 pid 1601204
device 75655552484486 75655674643216 0
swapchain 75655675077488 75655727358615 0 61b59f6f3eb0 900x560 mode 2 images 4
acquire 75655737316496 75655737329486 0 61b59f6f3eb0 3
present 75655737775282 75655737965320 0 61b59f6f3eb0 3
acquire 75655738612538 75655738621198 0 61b59f6f3eb0 2
present 75655738904544 75655738984093 0 61b59f6f3eb0 2
acquire 75668075211945 75668075225913 0 61b59f6f3eb0 1
present 75668075575817 75668075692172 0 61b59f6f3eb0 1
acquire 75668756534535 75668756552135 0 61b59f6f3eb0 0
present 75668757023842 75668757176236 0 61b59f6f3eb0 0
acquire 75669057631240 75669057666580 0 61b59f6f3eb0 3
present 75669058085767 75669058188852 0 61b59f6f3eb0 3
acquire 75669356816324 75669356859904 0 61b59f6f3eb0 2
present 75669357250316 75669357340761 0 61b59f6f3eb0 2
acquire 75669662104405 75669662138767 0 61b59f6f3eb0 3
present 75669662623465 75669662744360 0 61b59f6f3eb0 3
acquire 75669957304632 75669957333965 0 61b59f6f3eb0 2
present 75669957797082 75669957903520 0 61b59f6f3eb0 2
acquire 75670260133328 75670260162452 0 61b59f6f3eb0 3
present 75670260614254 75670260731308 0 61b59f6f3eb0 3
acquire 75670557620363 75670557656890 0 61b59f6f3eb0 2
present 75670558095423 75670558207448 0 61b59f6f3eb0 2
acquire 75670858484916 75670858510059 0 61b59f6f3eb0 3
present 75670858876306 75670858987144 0 61b59f6f3eb0 3
acquire 75671157810380 75671157839434 0 61b59f6f3eb0 2
present 75671158318614 75671158441255 0 61b59f6f3eb0 2
acquire 75671458999625 75671459053891 0 61b59f6f3eb0 3
present 75671459441789 75671459550602 0 61b59f6f3eb0 3
acquire 75671758172416 75671758206708 0 61b59f6f3eb0 2
present 75671758599425 75671758715780 0 61b59f6f3eb0 2
acquire 75672060579830 75672060611538 0 61b59f6f3eb0 3
present 75672061025765 75672061148197 0 61b59f6f3eb0 3
acquire 75672358447779 75672358481721 0 61b59f6f3eb0 2
present 75672358977175 75672359117765 0 61b59f6f3eb0 2
acquire 75672660739256 75672660766913 0 61b59f6f3eb0 3
present 75672662349095 75672662464961 0 61b59f6f3eb0 3
acquire 75672958889922 75672958917090 0 61b59f6f3eb0 2
present 75672959318956 75672959429515 0 61b59f6f3eb0 2
acquire 75673261025724 75673261052962 0 61b59f6f3eb0 3
present 75673261446377 75673261556447 0 61b59f6f3eb0 3
acquire 75673559132041 75673559163958 0 61b59f6f3eb0 2
present 75673559564916 75673559672821 0 61b59f6f3eb0 2
acquire 75673861447683 75673861480159 0 61b59f6f3eb0 3
present 75673861878883 75673862014933 0 61b59f6f3eb0 3
acquire 75674159421581 75674159446864 0 61b59f6f3eb0 2
present 75674159817371 75674159928419 0 61b59f6f3eb0 2
acquire 75674459811843 75674459840269 0 61b59f6f3eb0 3
present 75674460235430 75674460344661 0 61b59f6f3eb0 3
acquire 75674759648195 75674759676341 0 61b59f6f3eb0 2
present 75674760075483 75674760184226 0 61b59f6f3eb0 2
acquire 75675059979371 75675060012825 0 61b59f6f3eb0 3
present 75675060373974 75675060477059 0 61b59f6f3eb0 3
acquire 75675359845196 75675359871945 0 61b59f6f3eb0 2
present 75675360256351 75675360364256 0 61b59f6f3eb0 2
acquire 75675660367039 75675660397559 0 61b59f6f3eb0 3
present 75675660826663 75675660942600 0 61b59f6f3eb0 3
acquire 75675960196407 75675960224134 0 61b59f6f3eb0 2
present 75675960635707 75675960741028 0 61b59f6f3eb0 2
acquire 75676260591627 75676260618307 0 61b59f6f3eb0 3
present 75676261022757 75676261127309 0 61b59f6f3eb0 3
acquire 75676560437966 75676560472258 0 61b59f6f3eb0 2
present 75676560868537 75676560976442 0 61b59f6f3eb0 2
acquire 75676861452678 75676861486551 0 61b59f6f3eb0 3
present 75676862014620 75676862150531 0 61b59f6f3eb0 3
acquire 75677160950300 75677160981799 0 61b59f6f3eb0 2
present 75677161398052 75677161506725 0 61b59f6f3eb0 2
acquire 75677461139978 75677461169661 0 61b59f6f3eb0 3
present 75677461618809 75677461732720 0 61b59f6f3eb0 3
acquire 75677761055809 75677761083955 0 61b59f6f3eb0 2
present 75677761501675 75677761607624 0 61b59f6f3eb0 2
acquire 75678061534420 75678061561519 0 61b59f6f3eb0 3
present 75678061971486 75678062089378 0 61b59f6f3eb0 3
acquire 75678361430696 75678361460309 0 61b59f6f3eb0 2
present 75678361843946 75678361954086 0 61b59f6f3eb0 2
acquire 75678661737917 75678661772279 0 61b59f6f3eb0 3
present 75678662199008 75678662309148 0 61b59f6f3eb0 3
acquire 75678961706268 75678961732459 0 61b59f6f3eb0 2
present 75678962161144 75678962263531 0 61b59f6f3eb0 2
acquire 75679262424225 75679262457539 0 61b59f6f3eb0 3
present 75679262893558 75679263019481 0 61b59f6f3eb0 3
acquire 75679561946082 75679561975206 0 61b59f6f3eb0 2
present 75679562393904 75679562504322 0 61b59f6f3eb0 2
acquire 75679862756229 75679862787727 0 61b59f6f3eb0 3
present 75679863329136 75679863444234 0 61b59f6f3eb0 3
acquire 75680162428943 75680162460930 0 61b59f6f3eb0 2
present 75680162948352 75680163080072 0 61b59f6f3eb0 2
acquire 75680462631891 75680462658850 0 61b59f6f3eb0 3
present 75680463137052 75680463252081 0 61b59f6f3eb0 3
acquire 75680762620706 75680762647386 0 61b59f6f3eb0 2
present 75680763058540 75680763176153 0 61b59f6f3eb0 2
acquire 75681063077178 75681063104765 0 61b59f6f3eb0 3
present 75681063501951 75681063609716 0 61b59f6f3eb0 3
acquire 75681362686196 75681362709593 0 61b59f6f3eb0 2
present 75681363109015 75681363210843 0 61b59f6f3eb0 2
acquire 75681663243518 75681663276903 0 61b59f6f3eb0 3
present 75681663714457 75681663842546 0 61b59f6f3eb0 3
acquire 75681963165565 75681963196086 0 61b59f6f3eb0 2
present 75681963600257 75681963722339 0 61b59f6f3eb0 2
acquire 75682263336736 75682263366348 0 61b59f6f3eb0 3
present 75682263749497 75682263856633 0 61b59f6f3eb0 3
acquire 75682563364313 75682563391900 0 61b59f6f3eb0 2
present 75682563854528 75682563972838 0 61b59f6f3eb0 2
acquire 75682864351856 75682864384821 0 61b59f6f3eb0 3
present 75682864875455 75682864994744 0 61b59f6f3eb0 3
acquire 75683163654761 75683163686259 0 61b59f6f3eb0 2
present 75683164081071 75683164182760 0 61b59f6f3eb0 2
acquire 75683464049842 75683464076382 0 61b59f6f3eb0 3
present 75683464476991 75683464582451 0 61b59f6f3eb0 3
acquire 75683764082238 75683764116111 0 61b59f6f3eb0 2
present 75683764532853 75683764637405 0 61b59f6f3eb0 2
acquire 75684064161847 75684064190481 0 61b59f6f3eb0 3
present 75684064603313 75684064706887 0 61b59f6f3eb0 3
acquire 75684364377995 75684364407049 0 61b59f6f3eb0 2
present 75684364875194 75684364991549 0 61b59f6f3eb0 2
acquire 75684664507121 75684664541971 0 61b59f6f3eb0 3
present 75684665017589 75684665131081 0 61b59f6f3eb0 3
acquire 75684964605307 75684964632196 0 61b59f6f3eb0 2
present 75684965054735 75684965157680 0 61b59f6f3eb0 2
acquire 75685264910363 75685264943747 0 61b59f6f3eb0 3
present 75685265420203 75685265530831 0 61b59f6f3eb0 3
acquire 75685564678759 75685564705857 0 61b59f6f3eb0 2
present 75685565112752 75685565218701 0 61b59f6f3eb0 2
acquire 75685865084526 75685865118329 0 61b59f6f3eb0 3
present 75685865540519 75685865654779 0 61b59f6f3eb0 3
acquire 75686165135779 75686165165322 0 61b59f6f3eb0 2
present 75686165884616 75686166018152 0 61b59f6f3eb0 2
acquire 75686465520593 75686465552091 0 61b59f6f3eb0 3
present 75686465952211 75686466073316 0 61b59f6f3eb0 3
