instance 89975490033506 89975523551324 0 pid 3733928
device 89975524366929 89975662860681 0
swapchain 89975663394197 89975716502319 0 5bf441c60ee0 900x560 mode 2 images 4
acquire 89975726125872 89975726142773 0 5bf441c60ee0 3
present 89975726342240 89975726563776 0 5bf441c60ee0 3
acquire 89975726837553 89975726849007 0 5bf441c60ee0 2
present 89975726902855 89975726969762 0 5bf441c60ee0 2
acquire 89988050623005 89988050642701 0 5bf441c60ee0 1
present 89988050799564 89988050993583 0 5bf441c60ee0 1
acquire 89988731519927 89988731538016 0 5bf441c60ee0 0
present 89988731689361 89988731855513 0 5bf441c60ee0 0
acquire 89989033437302 89989033480673 0 5bf441c60ee0 3
present 89989033665822 89989033817307 0 5bf441c60ee0 3
acquire 89989336959207 89989337022623 0 5bf441c60ee0 2
present 89989337218947 89989337347734 0 5bf441c60ee0 2
acquire 89989642100729 89989642133695 0 5bf441c60ee0 3
present 89989642250958 89989642371434 0 5bf441c60ee0 3
acquire 89989948875208 89989948918719 0 5bf441c60ee0 2
present 89989949144375 89989949296559 0 5bf441c60ee0 2
acquire 89990251335807 89990251373801 0 5bf441c60ee0 3
present 89990251544283 89990251685711 0 5bf441c60ee0 3
acquire 89990551897496 89990551935140 0 5bf441c60ee0 2
present 89990552134536 89990552264301 0 5bf441c60ee0 2
acquire 89990859854734 89990859886651 0 5bf441c60ee0 3
present 89990860028079 89990860156727 0 5bf441c60ee0 3
acquire 89991161841601 89991161880572 0 5bf441c60ee0 2
present 89991162049238 89991162178375 0 5bf441c60ee0 2
acquire 89991469894312 89991469939220 0 5bf441c60ee0 3
present 89991470119968 89991470247848 0 5bf441c60ee0 3
acquire 89991773537112 89991773579227 0 5bf441c60ee0 2
present 89991773807258 89991773947988 0 5bf441c60ee0 2
acquire 89992080596752 89992080630066 0 5bf441c60ee0 3
present 89992080763952 89992080890225 0 5bf441c60ee0 3
acquire 89992386344146 89992386377321 0 5bf441c60ee0 2
present 89992386708438 89992386848539 0 5bf441c60ee0 2
acquire 89992693576433 89992693607932 0 5bf441c60ee0 3
present 89992693726662 89992693848255 0 5bf441c60ee0 3
acquire 89992997817494 89992997850878 0 5bf441c60ee0 2
present 89992997999779 89992998145118 0 5bf441c60ee0 2
acquire 89993301039781 89993301075889 0 5bf441c60ee0 3
present 89993301216619 89993301333044 0 5bf441c60ee0 3
acquire 89993605397615 89993605432815 0 5bf441c60ee0 2
present 89993605581647 89993605708967 0 5bf441c60ee0 2
acquire 89993907463752 89993907496228 0 5bf441c60ee0 3
present 89993907625295 89993907728730 0 5bf441c60ee0 3
acquire 89994213469279 89994213501895 0 5bf441c60ee0 2
present 89994213631101 89994213758352 0 5bf441c60ee0 2
acquire 89994518372923 89994518402256 0 5bf441c60ee0 3
present 89994518585659 89994518837017 0 5bf441c60ee0 3
acquire 89994824407294 89994824441167 0 5bf441c60ee0 2
present 89994824584830 89994824710684 0 5bf441c60ee0 2
acquire 89995130447393 89995130481685 0 5bf441c60ee0 3
present 89995130619831 89995130745964 0 5bf441c60ee0 3
acquire 89995436223282 89995436259111 0 5bf441c60ee0 2
present 89995436435180 89995436555447 0 5bf441c60ee0 2
acquire 89995738165451 89995738197369 0 5bf441c60ee0 3
present 89995738343127 89995738460600 0 5bf441c60ee0 3
acquire 89996040499569 89996040539588 0 5bf441c60ee0 2
present 89996040736400 89996040865257 0 5bf441c60ee0 2
acquire 89996348990114 89996349046895 0 5bf441c60ee0 3
present 89996349244196 89996349379967 0 5bf441c60ee0 3
acquire 89996656725886 89996656759270 0 5bf441c60ee0 2
present 89996656889105 89996657016914 0 5bf441c60ee0 2
acquire 89996963707513 89996963738453 0 5bf441c60ee0 3
present 89996963873595 89996963979475 0 5bf441c60ee0 3
acquire 89997272259938 89997272294300 0 5bf441c60ee0 2
present 89997272456261 89997272577645 0 5bf441c60ee0 2
acquire 89997576775753 89997576818007 0 5bf441c60ee0 3
present 89997576994286 89997577136692 0 5bf441c60ee0 3
acquire 89997877448070 89997877480477 0 5bf441c60ee0 2
present 89997877616527 89997877731975 0 5bf441c60ee0 2
acquire 89998180690821 89998180723716 0 5bf441c60ee0 3
present 89998180894548 89998181029132 0 5bf441c60ee0 3
acquire 89998485489633 89998485534890 0 5bf441c60ee0 2
present 89998485709633 89998485836744 0 5bf441c60ee0 2
acquire 89998788154518 89998788186505 0 5bf441c60ee0 3
present 89998788329191 89998788455394 0 5bf441c60ee0 3
acquire 89999092133255 89999092175998 0 5bf441c60ee0 2
present 89999092356537 89999092489445 0 5bf441c60ee0 2
acquire 89999399627586 89999399656710 0 5bf441c60ee0 3
present 89999399802958 89999399907510 0 5bf441c60ee0 3
acquire 89999705648619 89999705680466 0 5bf441c60ee0 2
present 89999705807018 89999705923932 0 5bf441c60ee0 2
acquire 90000010923398 90000010973893 0 5bf441c60ee0 3
present 90000011214077 90000011365772 0 5bf441c60ee0 3
acquire 90000310996059 90000311042014 0 5bf441c60ee0 2
present 90000311191474 90000311310135 0 5bf441c60ee0 2
acquire 90000617237440 90000617272779 0 5bf441c60ee0 3
present 90000617427617 90000617538385 0 5bf441c60ee0 3
acquire 90000920365162 90000920399035 0 5bf441c60ee0 2
present 90000920545003 90000920665410 0 5bf441c60ee0 2
acquire 90001224124109 90001224158471 0 5bf441c60ee0 3
present 90001224330211 90001224446636 0 5bf441c60ee0 3
acquire 90001527561368 90001527603203 0 5bf441c60ee0 2
present 90001527773615 90001527912948 0 5bf441c60ee0 2
acquire 90001832789563 90001832830211 0 5bf441c60ee0 3
present 90001833020039 90001833153156 0 5bf441c60ee0 3
acquire 90002136929564 90002136959176 0 5bf441c60ee0 2
present 90002137102141 90002137207113 0 5bf441c60ee0 2
acquire 90002438353092 90002438384940 0 5bf441c60ee0 3
present 90002438530699 90002438650197 0 5bf441c60ee0 3
acquire 90002742565728 90002742600020 0 5bf441c60ee0 2
present 90002742761073 90002742881899 0 5bf441c60ee0 2
acquire 90003049146746 90003049203387 0 5bf441c60ee0 3
present 90003049358225 90003049472765 0 5bf441c60ee0 3
acquire 90003354360275 90003354401691 0 5bf441c60ee0 2
present 90003354561348 90003354687271 0 5bf441c60ee0 2
acquire 90003658616351 90003658649247 0 5bf441c60ee0 3
present 90003658800383 90003658912129 0 5bf441c60ee0 3
acquire 90003966445641 90003966478536 0 5bf441c60ee0 2
present 90003966653698 90003966774383 0 5bf441c60ee0 2
acquire 90004268791282 90004268823759 0 5bf441c60ee0 3
present 90004268978946 90004269103891 0 5bf441c60ee0 3
acquire 90004572439392 90004572470401 0 5bf441c60ee0 2
present 90004572616299 90004572735588 0 5bf441c60ee0 2
acquire 90004880459208 90004880493500 0 5bf441c60ee0 3
present 90004880643728 90004880749258 0 5bf441c60ee0 3
acquire 90005184583843 90005184616738 0 5bf441c60ee0 2
present 90005184775487 90005184894008 0 5bf441c60ee0 2
acquire 90005489190383 90005489222300 0 5bf441c60ee0 3
present 90005489358700 90005489488465 0 5bf441c60ee0 3
acquire 90005789391063 90005789426891 0 5bf441c60ee0 2
present 90005789573627 90005789687678 0 5bf441c60ee0 2
acquire 90006091481505 90006091515378 0 5bf441c60ee0 3
present 90006091684463 90006091811225 0 5bf441c60ee0 3
acquire 90006392638310 90006392677351 0 5bf441c60ee0 2
present 90006392859846 90006392987516 0 5bf441c60ee0 2
acquire 90006693331370 90006693371389 0 5bf441c60ee0 3
present 90006693538659 90006693661230 0 5bf441c60ee0 3
swapchain 90007709640229 90007713799340 0 5bf441df7580 1100x700 mode 2 images 4
acquire 90007714926995 90007714938379 0 5bf441df7580 3
present 90007715097338 90007715215858 0 5bf441df7580 3
swapchain 90009216385690 90009219737786 0 5bf441c60ee0 640x760 mode 2 images 4
acquire 90009220793295 90009220804121 0 5bf441c60ee0 3
present 90009220917473 90009221050450 0 5bf441c60ee0 3
acquire 90009221183637 90009221191669 0 5bf441c60ee0 2
present 90009221251314 90009221327999 0 5bf441c60ee0 2
swapchain 90010725146557 90010728320209 0 5bf441df7580 1280x480 mode 2 images 4
acquire 90010729434874 90010729445769 0 5bf441df7580 3
present 90010729586918 90010729717102 0 5bf441df7580 3
swapchain 90012234304890 90012237844370 0 5bf441c60ee0 760x560 mode 2 images 4
acquire 90012238873200 90012238883607 0 5bf441c60ee0 3
present 90012238993886 90012239114781 0 5bf441c60ee0 3
swapchain 90013744269470 90013749584662 0 5bf441e09bc0 900x560 mode 2 images 4
acquire 90013750585276 90013750595333 0 5bf441e09bc0 3
present 90013750709314 90013750846482 0 5bf441e09bc0 3
acquire 90013750987770 90013750996221 0 5bf441e09bc0 2
present 90013751061732 90013751164678 0 5bf441e09bc0 2
