instance 74840992974026 74841007747174 0 pid 1470818
device 74841008486862 74841125178774 0
swapchain 74841125572538 74841174949460 0 626d9d3c2e80 900x560 mode 2 images 4
acquire 74841180187965 74841180197952 0 626d9d3c2e80 3
present 74841180573697 74841180749627 0 626d9d3c2e80 3
acquire 74841181381201 74841181389791 0 626d9d3c2e80 2
present 74841181670972 74841181750102 0 626d9d3c2e80 2
acquire 74853539875393 74853539892016 0 626d9d3c2e80 1
present 74853540249323 74853540357018 0 626d9d3c2e80 1
acquire 74854221274589 74854221290862 0 626d9d3c2e80 0
present 74854221660042 74854221778004 0 626d9d3c2e80 0
acquire 74854526290634 74854526323530 0 626d9d3c2e80 3
present 74854526755357 74854526856906 0 626d9d3c2e80 3
acquire 74854821552456 74854821582977 0 626d9d3c2e80 2
present 74854821980094 74854822085833 0 626d9d3c2e80 2
acquire 74855126563264 74855126589943 0 626d9d3c2e80 3
present 74855126943968 74855127060533 0 626d9d3c2e80 3
acquire 74855422065130 74855422094672 0 626d9d3c2e80 2
present 74855422549827 74855422652982 0 626d9d3c2e80 2
acquire 74855726620154 74855726647252 0 626d9d3c2e80 3
present 74855726985213 74855727108972 0 626d9d3c2e80 3
acquire 74856022348235 74856022377778 0 626d9d3c2e80 2
present 74856022783625 74856022887548 0 626d9d3c2e80 2
acquire 74856328644469 74856328675548 0 626d9d3c2e80 3
present 74856329188112 74856329307890 0 626d9d3c2e80 3
acquire 74856622789461 74856622821588 0 626d9d3c2e80 2
present 74856623210184 74856623325212 0 626d9d3c2e80 2
acquire 74856927636980 74856927670853 0 626d9d3c2e80 3
present 74856928043525 74856928155690 0 626d9d3c2e80 3
acquire 74857222955582 74857222994205 0 626d9d3c2e80 2
present 74857223375607 74857223493080 0 626d9d3c2e80 2
acquire 74857527725368 74857527752955 0 626d9d3c2e80 3
present 74857528138129 74857528246872 0 626d9d3c2e80 3
acquire 74857823404351 74857823432008 0 626d9d3c2e80 2
present 74857823825633 74857823942966 0 626d9d3c2e80 2
acquire 74858128437089 74858128471940 0 626d9d3c2e80 3
present 74858130353460 74858130458571 0 626d9d3c2e80 3
acquire 74858423898167 74858423929177 0 626d9d3c2e80 2
present 74858424379024 74858424490141 0 626d9d3c2e80 2
acquire 74858728799464 74858728825166 0 626d9d3c2e80 3
present 74858729198397 74858729300504 0 626d9d3c2e80 3
acquire 74859024317184 74859024347216 0 626d9d3c2e80 2
present 74859024725755 74859024858383 0 626d9d3c2e80 2
acquire 74859328815008 74859328845529 0 626d9d3c2e80 3
present 74859329228608 74859329331414 0 626d9d3c2e80 3
acquire 74859624707146 74859624733546 0 626d9d3c2e80 2
present 74859625116625 74859625227184 0 626d9d3c2e80 2
acquire 74859928836978 74859928868895 0 626d9d3c2e80 3
present 74859929257352 74859929359459 0 626d9d3c2e80 3
acquire 74860225063655 74860225090195 0 626d9d3c2e80 2
present 74860225453229 74860225564067 0 626d9d3c2e80 2
acquire 74860529064769 74860529091449 0 626d9d3c2e80 3
present 74860529490591 74860529592768 0 626d9d3c2e80 3
acquire 74860824902222 74860824927574 0 626d9d3c2e80 2
present 74860825313586 74860825415554 0 626d9d3c2e80 2
acquire 74861129244370 74861129269653 0 626d9d3c2e80 3
present 74861129643792 74861129741150 0 626d9d3c2e80 3
acquire 74861425388635 74861425414895 0 626d9d3c2e80 2
present 74861425775625 74861425892958 0 626d9d3c2e80 2
acquire 74861729572803 74861729600041 0 626d9d3c2e80 3
present 74861729974250 74861730085227 0 626d9d3c2e80 3
acquire 74862025606858 74862025633188 0 626d9d3c2e80 2
present 74862025988261 74862026109225 0 626d9d3c2e80 2
acquire 74862330072835 74862330104333 0 626d9d3c2e80 3
present 74862330492790 74862330596155 0 626d9d3c2e80 3
acquire 74862625845405 74862625869640 0 626d9d3c2e80 2
present 74862626227506 74862626324376 0 626d9d3c2e80 2
acquire 74862930206481 74862930232322 0 626d9d3c2e80 3
present 74862930608766 74862930717927 0 626d9d3c2e80 3
acquire 74863226271057 74863226296828 0 626d9d3c2e80 2
present 74863226665240 74863226760014 0 626d9d3c2e80 2
acquire 74863530430012 74863530454805 0 626d9d3c2e80 3
present 74863530817979 74863530916805 0 626d9d3c2e80 3
acquire 74863826734213 74863826760822 0 626d9d3c2e80 2
present 74863827131190 74863827230783 0 626d9d3c2e80 2
acquire 74864131625592 74864131656601 0 626d9d3c2e80 3
present 74864132144302 74864132263242 0 626d9d3c2e80 3
acquire 74864427023953 74864427053985 0 626d9d3c2e80 2
present 74864427424213 74864427524994 0 626d9d3c2e80 2
acquire 74864731018921 74864731049721 0 626d9d3c2e80 3
present 74864731420159 74864731523105 0 626d9d3c2e80 3
acquire 74865027056748 74865027083428 0 626d9d3c2e80 2
present 74865027432075 74865027532367 0 626d9d3c2e80 2
acquire 74865331876680 74865331904058 0 626d9d3c2e80 3
present 74865332288743 74865332389384 0 626d9d3c2e80 3
acquire 74865627603644 74865627636539 0 626d9d3c2e80 2
present 74865628047554 74865628152526 0 626d9d3c2e80 2
acquire 74865931968840 74865931996986 0 626d9d3c2e80 3
present 74865932391030 74865932492928 0 626d9d3c2e80 3
acquire 74866227615557 74866227642166 0 626d9d3c2e80 2
present 74866228015746 74866228115829 0 626d9d3c2e80 2
acquire 74866532262841 74866532290778 0 626d9d3c2e80 3
present 74866532642079 74866532743278 0 626d9d3c2e80 3
acquire 74866827898802 74866827923735 0 626d9d3c2e80 2
present 74866828310166 74866828410807 0 626d9d3c2e80 2
acquire 74867132629337 74867132660277 0 626d9d3c2e80 3
present 74867133058930 74867133164739 0 626d9d3c2e80 3
acquire 74867428552485 74867428577418 0 626d9d3c2e80 2
present 74867428933119 74867429039976 0 626d9d3c2e80 2
acquire 74867733196557 74867733222538 0 626d9d3c2e80 3
present 74867733610016 74867733709680 0 626d9d3c2e80 3
acquire 74868028851095 74868028877495 0 626d9d3c2e80 2
present 74868029265533 74868029365196 0 626d9d3c2e80 2
acquire 74868333103708 74868333129968 0 626d9d3c2e80 3
present 74868333510882 74868333620672 0 626d9d3c2e80 3
acquire 74868629160322 74868629184976 0 626d9d3c2e80 2
present 74868629541445 74868629641248 0 626d9d3c2e80 2
acquire 74868933604997 74868933629581 0 626d9d3c2e80 3
present 74868934012800 74868934112952 0 626d9d3c2e80 3
acquire 74869229581434 74869229617542 0 626d9d3c2e80 2
present 74869230039801 74869230140023 0 626d9d3c2e80 2
acquire 74869533885030 74869533912757 0 626d9d3c2e80 3
present 74869534298978 74869534396756 0 626d9d3c2e80 3
acquire 74869830218494 74869830249504 0 626d9d3c2e80 2
present 74869830775897 74869830905103 0 626d9d3c2e80 2
acquire 74870133899387 74870133928511 0 626d9d3c2e80 3
present 74870134335405 74870134446104 0 626d9d3c2e80 3
acquire 74870430305905 74870430330629 0 626d9d3c2e80 2
present 74870430723625 74870430828108 0 626d9d3c2e80 2
acquire 74870734416321 74870734443908 0 626d9d3c2e80 3
present 74870734798003 74870734905698 0 626d9d3c2e80 3
acquire 74871030383119 74871030411754 0 626d9d3c2e80 2
present 74871030784776 74871030886884 0 626d9d3c2e80 2
acquire 74871334681268 74871334707878 0 626d9d3c2e80 3
present 74871335104506 74871335205216 0 626d9d3c2e80 3
acquire 74871630760581 74871630787400 0 626d9d3c2e80 2
present 74871631160771 74871631259805 0 626d9d3c2e80 2
acquire 74871935023390 74871935051396 0 626d9d3c2e80 3
present 74871935425535 74871935529459 0 626d9d3c2e80 3
