instance 75501245865294 75501262618718 0 pid 1576513
device 75501263375098 75501379265026 0
swapchain 75501379660536 75501431379581 0 57e8e2af7eb0 900x560 mode 2 images 4
acquire 75501439982055 75501439997350 0 57e8e2af7eb0 3
present 75501440209946 75501440471292 0 57e8e2af7eb0 3
acquire 75501441734509 75501441745404 0 57e8e2af7eb0 2
present 75501441886064 75501441974832 0 57e8e2af7eb0 2
acquire 75513776778674 75513776792852 0 57e8e2af7eb0 1
present 75513776969201 75513777090864 0 57e8e2af7eb0 1
acquire 75514457690668 75514457705894 0 57e8e2af7eb0 0
present 75514457899842 75514458014522 0 57e8e2af7eb0 0
acquire 75514764603115 75514764635032 0 57e8e2af7eb0 3
present 75514764829121 75514764933813 0 57e8e2af7eb0 3
acquire 75515057813427 75515057842551 0 57e8e2af7eb0 2
present 75515058040970 75515058127852 0 57e8e2af7eb0 2
acquire 75515364214707 75515364248021 0 57e8e2af7eb0 3
present 75515364448744 75515364555043 0 57e8e2af7eb0 3
acquire 75515658116726 75515658143405 0 57e8e2af7eb0 2
present 75515658327157 75515658429195 0 57e8e2af7eb0 2
acquire 75515964417643 75515964454450 0 57e8e2af7eb0 3
present 75515964661040 75515964767338 0 57e8e2af7eb0 3
acquire 75516258680322 75516258708468 0 57e8e2af7eb0 2
present 75516258898715 75516259010601 0 57e8e2af7eb0 2
acquire 75516564140771 75516564166473 0 57e8e2af7eb0 3
present 75516564350365 75516564453660 0 57e8e2af7eb0 3
acquire 75516858876205 75516858904351 0 57e8e2af7eb0 2
present 75516859114922 75516859226249 0 57e8e2af7eb0 2
acquire 75517166122213 75517166151267 0 57e8e2af7eb0 3
present 75517166355482 75517166472815 0 57e8e2af7eb0 3
acquire 75517459320163 75517459347820 0 57e8e2af7eb0 2
present 75517459564398 75517459671953 0 57e8e2af7eb0 2
acquire 75517764947882 75517764985108 0 57e8e2af7eb0 3
present 75517765211253 75517765322021 0 57e8e2af7eb0 3
acquire 75518059693163 75518059721309 0 57e8e2af7eb0 2
present 75518059948922 75518060073867 0 57e8e2af7eb0 2
acquire 75518366183560 75518366211706 0 57e8e2af7eb0 3
present 75518367913385 75518368035049 0 57e8e2af7eb0 3
acquire 75518659823954 75518659853986 0 57e8e2af7eb0 2
present 75518660071611 75518660209757 0 57e8e2af7eb0 2
acquire 75518967601523 75518967642450 0 57e8e2af7eb0 3
present 75518967909732 75518968048856 0 57e8e2af7eb0 3
acquire 75519260495036 75519260526045 0 57e8e2af7eb0 2
present 75519260760293 75519260880629 0 57e8e2af7eb0 2
acquire 75519568571246 75519568599881 0 57e8e2af7eb0 3
present 75519568797391 75519568918915 0 57e8e2af7eb0 3
acquire 75519860360291 75519860388227 0 57e8e2af7eb0 2
present 75519860593909 75519860698951 0 57e8e2af7eb0 2
acquire 75520168720125 75520168748621 0 57e8e2af7eb0 3
present 75520169000119 75520169163896 0 57e8e2af7eb0 3
acquire 75520461037728 75520461064408 0 57e8e2af7eb0 2
present 75520461274699 75520461376388 0 57e8e2af7eb0 2
acquire 75520766129347 75520766160356 0 57e8e2af7eb0 3
present 75520766365619 75520766472127 0 57e8e2af7eb0 3
acquire 75521061296678 75521061324614 0 57e8e2af7eb0 2
present 75521061538747 75521061644906 0 57e8e2af7eb0 2
acquire 75521366550816 75521366579451 0 57e8e2af7eb0 3
present 75521366798263 75521366900301 0 57e8e2af7eb0 3
acquire 75521661420415 75521661455126 0 57e8e2af7eb0 2
present 75521661642509 75521661744687 0 57e8e2af7eb0 2
acquire 75521967050648 75521967079841 0 57e8e2af7eb0 3
present 75521967296977 75521967403415 0 57e8e2af7eb0 3
acquire 75522261768830 75522261795510 0 57e8e2af7eb0 2
present 75522261993998 75522262104976 0 57e8e2af7eb0 2
acquire 75522566908080 75522566937833 0 57e8e2af7eb0 3
present 75522567150010 75522567253165 0 57e8e2af7eb0 3
acquire 75522861877551 75522861905209 0 57e8e2af7eb0 2
present 75522862119761 75522862222287 0 57e8e2af7eb0 2
acquire 75523167128827 75523167156903 0 57e8e2af7eb0 3
present 75523167360490 75523167470070 0 57e8e2af7eb0 3
acquire 75523462264450 75523462290151 0 57e8e2af7eb0 2
present 75523462487243 75523462587465 0 57e8e2af7eb0 2
acquire 75523767354951 75523767382538 0 57e8e2af7eb0 3
present 75523767589268 75523767690747 0 57e8e2af7eb0 3
acquire 75524062833424 75524062862059 0 57e8e2af7eb0 2
present 75524063103570 75524063219855 0 57e8e2af7eb0 2
acquire 75524367918268 75524367947322 0 57e8e2af7eb0 3
present 75524368180312 75524368286121 0 57e8e2af7eb0 3
acquire 75524663029726 75524663053402 0 57e8e2af7eb0 2
present 75524663242951 75524663341287 0 57e8e2af7eb0 2
acquire 75524967884443 75524967916849 0 57e8e2af7eb0 3
present 75524968146836 75524968244404 0 57e8e2af7eb0 3
acquire 75525263289024 75525263315145 0 57e8e2af7eb0 2
present 75525263497151 75525263596814 0 57e8e2af7eb0 2
acquire 75525568171329 75525568198008 0 57e8e2af7eb0 3
present 75525568418985 75525568520465 0 57e8e2af7eb0 3
acquire 75525863595117 75525863620329 0 57e8e2af7eb0 2
present 75525863824545 75525863926722 0 57e8e2af7eb0 2
acquire 75526168445224 75526168473789 0 57e8e2af7eb0 3
present 75526168701890 75526168803370 0 57e8e2af7eb0 3
acquire 75526463993678 75526464034116 0 57e8e2af7eb0 2
present 75526464271926 75526464374592 0 57e8e2af7eb0 2
acquire 75526768977951 75526769014478 0 57e8e2af7eb0 3
present 75526769225677 75526769326598 0 57e8e2af7eb0 3
acquire 75527063952031 75527063981574 0 57e8e2af7eb0 2
present 75527064202482 75527064307523 0 57e8e2af7eb0 2
acquire 75527368855288 75527368883853 0 57e8e2af7eb0 3
present 75527369132558 75527369247516 0 57e8e2af7eb0 3
acquire 75527664594339 75527664623393 0 57e8e2af7eb0 2
present 75527664837875 75527664944732 0 57e8e2af7eb0 2
acquire 75527969485792 75527969516313 0 57e8e2af7eb0 3
present 75527969735265 75527969836884 0 57e8e2af7eb0 3
acquire 75528264671073 75528264700127 0 57e8e2af7eb0 2
present 75528264916355 75528265034037 0 57e8e2af7eb0 2
acquire 75528569824989 75528569853065 0 57e8e2af7eb0 3
present 75528570085357 75528570190328 0 57e8e2af7eb0 3
acquire 75528865108257 75528865140942 0 57e8e2af7eb0 2
present 75528865359126 75528865471989 0 57e8e2af7eb0 2
acquire 75529170093158 75529170119907 0 57e8e2af7eb0 3
present 75529170321538 75529170423367 0 57e8e2af7eb0 3
acquire 75529465455485 75529465481396 0 57e8e2af7eb0 2
present 75529465696228 75529465798894 0 57e8e2af7eb0 2
acquire 75529770623021 75529770664367 0 57e8e2af7eb0 3
present 75529770898963 75529771015249 0 57e8e2af7eb0 3
acquire 75530065691178 75530065719393 0 57e8e2af7eb0 2
present 75530065912644 75530066028022 0 57e8e2af7eb0 2
acquire 75530370684250 75530370712955 0 57e8e2af7eb0 3
present 75530370925761 75530371040300 0 57e8e2af7eb0 3
acquire 75530666147009 75530666178717 0 57e8e2af7eb0 2
present 75530666391942 75530666493631 0 57e8e2af7eb0 2
acquire 75530970964152 75530970990342 0 57e8e2af7eb0 3
present 75530971217675 75530971323415 0 57e8e2af7eb0 3
acquire 75531266172061 75531266199369 0 57e8e2af7eb0 2
present 75531266397857 75531266503736 0 57e8e2af7eb0 2
acquire 75531571721558 75531571749634 0 57e8e2af7eb0 3
present 75531571976548 75531572101982 0 57e8e2af7eb0 3
acquire 75531866813600 75531866840140 0 57e8e2af7eb0 2
present 75531867098691 75531867201079 0 57e8e2af7eb0 2
acquire 75532171799269 75532171826996 0 57e8e2af7eb0 3
present 75532172063967 75532172178088 0 57e8e2af7eb0 3
swapchain 75533179967598 75533184709183 0 57e8e2c8ae30 1100x700 mode 2 images 4
acquire 75533191249178 75533191262447 0 57e8e2c8ae30 3
present 75533191464847 75533191580783 0 57e8e2c8ae30 3
acquire 75533192952324 75533192961822 0 57e8e2c8ae30 2
present 75533193107790 75533193189854 0 57e8e2c8ae30 2
acquire 75533240262507 75533240279688 0 57e8e2c8ae30 1
present 75533240477408 75533240600887 0 57e8e2c8ae30 1
swapchain 75534680098217 75534683252452 0 57e8e27b36a0 640x760 mode 2 images 4
acquire 75534689683704 75534689697044 0 57e8e27b36a0 3
present 75534689887920 75534690023272 0 57e8e27b36a0 3
swapchain 75536187619216 75536190791052 0 57e8e27b5280 1280x480 mode 2 images 4
acquire 75536197356189 75536197371415 0 57e8e27b5280 3
present 75536197575700 75536197711122 0 57e8e27b5280 3
acquire 75536199135393 75536199145519 0 57e8e27b5280 2
present 75536199291837 75536199405259 0 57e8e27b5280 2
swapchain 75537695671078 75537699385789 0 57e8e27b36a0 760x560 mode 2 images 4
acquire 75537705782330 75537705798184 0 57e8e27b36a0 3
present 75537706044723 75537706183148 0 57e8e27b36a0 3
swapchain 75539202703050 75539207322274 0 57e8e27b5280 900x560 mode 2 images 4
acquire 75539213960116 75539213971011 0 57e8e27b5280 3
present 75539214167963 75539214275658 0 57e8e27b5280 3
