launch_mono_ns 90115133624781
assets ready in 40 ms: font, 5000 labels, 28 glyphs
GPU 0: NVIDIA GeForce RTX 3050 Laptop GPU (discrete, vendor 4318, device 9698, Vulkan 1.4.341, 4096 MiB device-local, max image 32768)
queue family 0, swapchain 900x560, format 44, 4 images, retained canvas, 2 frames in flight, validation layer off (not installed)
window and GPU ready in 244 ms
redraw 1 at 291 ms: scene + GPU 7 ms, whole, 5226 quads, 28 glyphs cached, atlas 27 entries, 1870 texels uploaded
input: mapped expose
redraw 2 at 292 ms: scene + GPU 1 ms, damage only, 0 quads, 28 glyphs cached, atlas 27 entries, 1870 texels uploaded
input: moved
input: focus-in
input: key-down 9
redraw 3 at 12663 ms: scene + GPU 1 ms, damage only, 9 quads, 28 glyphs cached, atlas 27 entries, 1870 texels uploaded
input: key-up 9
input: key-down 32
redraw 4 at 13344 ms: scene + GPU 1 ms, damage only, 9 quads, 28 glyphs cached, atlas 27 entries, 1870 texels uploaded
input: key-up 32 -> 1 activation(s)
redraw 5 at 13646 ms: scene + GPU 1 ms, damage only, 21 quads, 29 glyphs cached, atlas 28 entries, 1966 texels uploaded
input: key-down 32
redraw 6 at 13949 ms: scene + GPU 0 ms, damage only, 9 quads, 29 glyphs cached, atlas 28 entries, 1966 texels uploaded
input: key-up 32 -> 1 activation(s)
redraw 7 at 14257 ms: scene + GPU 3 ms, damage only, 21 quads, 30 glyphs cached, atlas 29 entries, 2074 texels uploaded
input: key-down 32
redraw 8 at 14561 ms: scene + GPU 0 ms, damage only, 9 quads, 30 glyphs cached, atlas 29 entries, 2074 texels uploaded
input: key-up 32 -> 1 activation(s)
redraw 9 at 14863 ms: scene + GPU 1 ms, damage only, 21 quads, 31 glyphs cached, atlas 30 entries, 2191 texels uploaded
input: key-down 32
redraw 10 at 15164 ms: scene + GPU 0 ms, damage only, 9 quads, 31 glyphs cached, atlas 30 entries, 2191 texels uploaded
input: key-up 32 -> 1 activation(s)
redraw 11 at 15471 ms: scene + GPU 2 ms, damage only, 21 quads, 32 glyphs cached, atlas 31 entries, 2299 texels uploaded
input: key-down 32
redraw 12 at 15774 ms: scene + GPU 0 ms, damage only, 9 quads, 32 glyphs cached, atlas 31 entries, 2299 texels uploaded
input: key-up 32 -> 1 activation(s)
redraw 13 at 16083 ms: scene + GPU 2 ms, damage only, 21 quads, 33 glyphs cached, atlas 32 entries, 2416 texels uploaded
input: key-down 32
redraw 14 at 16386 ms: scene + GPU 1 ms, damage only, 9 quads, 33 glyphs cached, atlas 32 entries, 2416 texels uploaded
input: key-up 32 -> 1 activation(s)
redraw 15 at 16693 ms: scene + GPU 1 ms, damage only, 21 quads, 34 glyphs cached, atlas 33 entries, 2533 texels uploaded
input: key-down 32
redraw 16 at 16999 ms: scene + GPU 1 ms, damage only, 9 quads, 34 glyphs cached, atlas 33 entries, 2533 texels uploaded
input: key-up 32 -> 1 activation(s)
redraw 17 at 17306 ms: scene + GPU 1 ms, damage only, 21 quads, 35 glyphs cached, atlas 34 entries, 2641 texels uploaded
input: key-down 32
redraw 18 at 17610 ms: scene + GPU 0 ms, damage only, 9 quads, 35 glyphs cached, atlas 34 entries, 2641 texels uploaded
input: key-up 32 -> 1 activation(s)
redraw 19 at 17915 ms: scene + GPU 3 ms, damage only, 21 quads, 36 glyphs cached, atlas 35 entries, 2758 texels uploaded
input: key-down 32
redraw 20 at 18218 ms: scene + GPU 1 ms, damage only, 9 quads, 36 glyphs cached, atlas 35 entries, 2758 texels uploaded
input: key-up 32 -> 1 activation(s)
redraw 21 at 18519 ms: scene + GPU 0 ms, damage only, 21 quads, 37 glyphs cached, atlas 36 entries, 2875 texels uploaded
input: key-down 32
redraw 22 at 18826 ms: scene + GPU 1 ms, damage only, 9 quads, 37 glyphs cached, atlas 36 entries, 2875 texels uploaded
input: key-up 32 -> 1 activation(s)
redraw 23 at 19130 ms: scene + GPU 1 ms, damage only, 22 quads, 37 glyphs cached, atlas 36 entries, 2875 texels uploaded
input: key-down 32
redraw 24 at 19437 ms: scene + GPU 1 ms, damage only, 9 quads, 37 glyphs cached, atlas 36 entries, 2875 texels uploaded
input: key-up 32 -> 1 activation(s)
redraw 25 at 19743 ms: scene + GPU 1 ms, damage only, 22 quads, 37 glyphs cached, atlas 36 entries, 2875 texels uploaded
input: key-down 32
redraw 26 at 20048 ms: scene + GPU 0 ms, damage only, 9 quads, 37 glyphs cached, atlas 36 entries, 2875 texels uploaded
input: key-up 32 -> 1 activation(s)
redraw 27 at 20350 ms: scene + GPU 0 ms, damage only, 22 quads, 37 glyphs cached, atlas 36 entries, 2875 texels uploaded
input: key-down 32
redraw 28 at 20653 ms: scene + GPU 1 ms, damage only, 9 quads, 37 glyphs cached, atlas 36 entries, 2875 texels uploaded
input: key-up 32 -> 1 activation(s)
redraw 29 at 20961 ms: scene + GPU 0 ms, damage only, 22 quads, 37 glyphs cached, atlas 36 entries, 2875 texels uploaded
input: key-down 32
redraw 30 at 21269 ms: scene + GPU 1 ms, damage only, 9 quads, 37 glyphs cached, atlas 36 entries, 2875 texels uploaded
input: key-up 32 -> 1 activation(s)
redraw 31 at 21576 ms: scene + GPU 1 ms, damage only, 22 quads, 37 glyphs cached, atlas 36 entries, 2875 texels uploaded
input: key-down 32
redraw 32 at 21884 ms: scene + GPU 0 ms, damage only, 9 quads, 37 glyphs cached, atlas 36 entries, 2875 texels uploaded
input: key-up 32 -> 1 activation(s)
redraw 33 at 22189 ms: scene + GPU 1 ms, damage only, 22 quads, 37 glyphs cached, atlas 36 entries, 2875 texels uploaded
input: key-down 32
redraw 34 at 22490 ms: scene + GPU 1 ms, damage only, 9 quads, 37 glyphs cached, atlas 36 entries, 2875 texels uploaded
input: key-up 32 -> 1 activation(s)
redraw 35 at 22793 ms: scene + GPU 1 ms, damage only, 22 quads, 37 glyphs cached, atlas 36 entries, 2875 texels uploaded
input: key-down 32
redraw 36 at 23097 ms: scene + GPU 0 ms, damage only, 9 quads, 37 glyphs cached, atlas 36 entries, 2875 texels uploaded
input: key-up 32 -> 1 activation(s)
redraw 37 at 23400 ms: scene + GPU 0 ms, damage only, 22 quads, 37 glyphs cached, atlas 36 entries, 2875 texels uploaded
input: key-down 32
redraw 38 at 23704 ms: scene + GPU 0 ms, damage only, 9 quads, 37 glyphs cached, atlas 36 entries, 2875 texels uploaded
input: key-up 32 -> 1 activation(s)
redraw 39 at 24012 ms: scene + GPU 1 ms, damage only, 22 quads, 37 glyphs cached, atlas 36 entries, 2875 texels uploaded
input: key-down 32
redraw 40 at 24318 ms: scene + GPU 1 ms, damage only, 9 quads, 37 glyphs cached, atlas 36 entries, 2875 texels uploaded
input: key-up 32 -> 1 activation(s)
redraw 41 at 24623 ms: scene + GPU 1 ms, damage only, 22 quads, 37 glyphs cached, atlas 36 entries, 2875 texels uploaded
input: key-down 32
redraw 42 at 24923 ms: scene + GPU 0 ms, damage only, 9 quads, 37 glyphs cached, atlas 36 entries, 2875 texels uploaded
input: key-up 32 -> 1 activation(s)
redraw 43 at 25229 ms: scene + GPU 0 ms, damage only, 22 quads, 37 glyphs cached, atlas 36 entries, 2875 texels uploaded
input: key-down 32
redraw 44 at 25532 ms: scene + GPU 0 ms, damage only, 9 quads, 37 glyphs cached, atlas 36 entries, 2875 texels uploaded
input: key-up 32 -> 1 activation(s)
redraw 45 at 25836 ms: scene + GPU 0 ms, damage only, 22 quads, 37 glyphs cached, atlas 36 entries, 2875 texels uploaded
input: key-down 32
redraw 46 at 26140 ms: scene + GPU 1 ms, damage only, 9 quads, 37 glyphs cached, atlas 36 entries, 2875 texels uploaded
input: key-up 32 -> 1 activation(s)
redraw 47 at 26445 ms: scene + GPU 1 ms, damage only, 22 quads, 37 glyphs cached, atlas 36 entries, 2875 texels uploaded
input: key-down 32
redraw 48 at 26749 ms: scene + GPU 0 ms, damage only, 9 quads, 37 glyphs cached, atlas 36 entries, 2875 texels uploaded
input: key-up 32 -> 1 activation(s)
redraw 49 at 27050 ms: scene + GPU 0 ms, damage only, 22 quads, 37 glyphs cached, atlas 36 entries, 2875 texels uploaded
input: key-down 32
redraw 50 at 27354 ms: scene + GPU 0 ms, damage only, 9 quads, 37 glyphs cached, atlas 36 entries, 2875 texels uploaded
input: key-up 32 -> 1 activation(s)
redraw 51 at 27661 ms: scene + GPU 0 ms, damage only, 22 quads, 37 glyphs cached, atlas 36 entries, 2875 texels uploaded
input: key-down 32
redraw 52 at 27966 ms: scene + GPU 0 ms, damage only, 9 quads, 37 glyphs cached, atlas 36 entries, 2875 texels uploaded
input: key-up 32 -> 1 activation(s)
redraw 53 at 28270 ms: scene + GPU 0 ms, damage only, 22 quads, 37 glyphs cached, atlas 36 entries, 2875 texels uploaded
input: key-down 32
redraw 54 at 28578 ms: scene + GPU 0 ms, damage only, 9 quads, 37 glyphs cached, atlas 36 entries, 2875 texels uploaded
input: key-up 32 -> 1 activation(s)
redraw 55 at 28881 ms: scene + GPU 1 ms, damage only, 22 quads, 37 glyphs cached, atlas 36 entries, 2875 texels uploaded
input: key-down 32
redraw 56 at 29184 ms: scene + GPU 0 ms, damage only, 9 quads, 37 glyphs cached, atlas 36 entries, 2875 texels uploaded
input: key-up 32 -> 1 activation(s)
redraw 57 at 29492 ms: scene + GPU 0 ms, damage only, 22 quads, 37 glyphs cached, atlas 36 entries, 2875 texels uploaded
input: key-down 32
redraw 58 at 29796 ms: scene + GPU 0 ms, damage only, 9 quads, 37 glyphs cached, atlas 36 entries, 2875 texels uploaded
input: key-up 32 -> 1 activation(s)
redraw 59 at 30101 ms: scene + GPU 1 ms, damage only, 22 quads, 37 glyphs cached, atlas 36 entries, 2875 texels uploaded
input: key-down 32
redraw 60 at 30401 ms: scene + GPU 0 ms, damage only, 9 quads, 37 glyphs cached, atlas 36 entries, 2875 texels uploaded
input: key-up 32 -> 1 activation(s)
redraw 61 at 30703 ms: scene + GPU 0 ms, damage only, 22 quads, 37 glyphs cached, atlas 36 entries, 2875 texels uploaded
input: key-down 32
redraw 62 at 31004 ms: scene + GPU 0 ms, damage only, 9 quads, 37 glyphs cached, atlas 36 entries, 2875 texels uploaded
input: key-up 32 -> 1 activation(s)
redraw 63 at 31305 ms: scene + GPU 0 ms, damage only, 22 quads, 37 glyphs cached, atlas 36 entries, 2875 texels uploaded
input: close
frames presented: 63, redraws: 63, clicks: 30
teardown: 0 native objects left; driver messages: 0 warnings, 0 errors
window objects left: 0
exit=0
