instance 90115229683469 90115241851125 0 pid 3755892
device 90115242743206 90115361248701 0
swapchain 90115361655526 90115414324208 0 5ff0dcfc7ee0 900x560 mode 2 images 4
acquire 90115424499296 90115424516966 0 5ff0dcfc7ee0 3
present 90115425632119 90115425875376 0 5ff0dcfc7ee0 3
acquire 90115426036150 90115426047674 0 5ff0dcfc7ee0 2
present 90115426100544 90115426169198 0 5ff0dcfc7ee0 2
acquire 90127796991304 90127797021615 0 5ff0dcfc7ee0 1
present 90127797172822 90127797330313 0 5ff0dcfc7ee0 1
acquire 90128477852616 90128477876851 0 5ff0dcfc7ee0 0
present 90128478079809 90128478267333 0 5ff0dcfc7ee0 0
acquire 90128780064795 90128780107817 0 5ff0dcfc7ee0 3
present 90128780279486 90128780416026 0 5ff0dcfc7ee0 3
acquire 90129083399670 90129083438851 0 5ff0dcfc7ee0 2
present 90129083619111 90129083737771 0 5ff0dcfc7ee0 2
acquire 90129390947015 90129390981376 0 5ff0dcfc7ee0 3
present 90129391226798 90129391356214 0 5ff0dcfc7ee0 3
acquire 90129695272866 90129695314282 0 5ff0dcfc7ee0 2
present 90129695518428 90129695664535 0 5ff0dcfc7ee0 2
acquire 90129997489235 90129997533026 0 5ff0dcfc7ee0 3
present 90129997705114 90129997846892 0 5ff0dcfc7ee0 3
acquire 90130298400273 90130298435753 0 5ff0dcfc7ee0 2
present 90130298612241 90130298744939 0 5ff0dcfc7ee0 2
acquire 90130604879048 90130604918648 0 5ff0dcfc7ee0 3
present 90130605097581 90130605240616 0 5ff0dcfc7ee0 3
acquire 90130908458647 90130908490145 0 5ff0dcfc7ee0 2
present 90130908639605 90130908764900 0 5ff0dcfc7ee0 2
acquire 90131216904847 90131216933412 0 5ff0dcfc7ee0 3
present 90131217062758 90131217171571 0 5ff0dcfc7ee0 3
acquire 90131519895755 90131519931933 0 5ff0dcfc7ee0 2
present 90131520097456 90131520221983 0 5ff0dcfc7ee0 2
acquire 90131827174281 90131827205779 0 5ff0dcfc7ee0 3
present 90131827329468 90131827451550 0 5ff0dcfc7ee0 3
acquire 90132132832632 90132132866505 0 5ff0dcfc7ee0 2
present 90132133023927 90132133154180 0 5ff0dcfc7ee0 2
acquire 90132439996479 90132440061780 0 5ff0dcfc7ee0 3
present 90132440196434 90132440317957 0 5ff0dcfc7ee0 3
acquire 90132744341397 90132744373035 0 5ff0dcfc7ee0 2
present 90132744505593 90132744625511 0 5ff0dcfc7ee0 2
acquire 90133049473983 90133049506460 0 5ff0dcfc7ee0 3
present 90133049627075 90133049746294 0 5ff0dcfc7ee0 3
acquire 90133351843514 90133351876898 0 5ff0dcfc7ee0 2
present 90133352029013 90133352157101 0 5ff0dcfc7ee0 2
acquire 90133653658576 90133653689516 0 5ff0dcfc7ee0 3
present 90133653808735 90133653927744 0 5ff0dcfc7ee0 3
acquire 90133959919587 90133959954368 0 5ff0dcfc7ee0 2
present 90133960133859 90133960260761 0 5ff0dcfc7ee0 2
acquire 90134263831839 90134263860963 0 5ff0dcfc7ee0 3
present 90134263994569 90134264113858 0 5ff0dcfc7ee0 3
acquire 90134570771496 90134570810118 0 5ff0dcfc7ee0 2
present 90134570970194 90134571118746 0 5ff0dcfc7ee0 2
acquire 90134876737008 90134876771370 0 5ff0dcfc7ee0 3
present 90134876941503 90134877075389 0 5ff0dcfc7ee0 3
acquire 90135182562908 90135182595314 0 5ff0dcfc7ee0 2
present 90135182732692 90135182853866 0 5ff0dcfc7ee0 2
acquire 90135484521564 90135484553481 0 5ff0dcfc7ee0 3
present 90135484703849 90135484820623 0 5ff0dcfc7ee0 3
acquire 90135786699381 90135786732276 0 5ff0dcfc7ee0 2
present 90135786889139 90135787015621 0 5ff0dcfc7ee0 2
acquire 90136095140483 90136095176241 0 5ff0dcfc7ee0 3
present 90136095333733 90136095452952 0 5ff0dcfc7ee0 3
acquire 90136403052957 90136403084385 0 5ff0dcfc7ee0 2
present 90136403211496 90136403325966 0 5ff0dcfc7ee0 2
acquire 90136710044925 90136710074956 0 5ff0dcfc7ee0 3
present 90136710205909 90136710325058 0 5ff0dcfc7ee0 3
acquire 90137018480719 90137018512566 0 5ff0dcfc7ee0 2
present 90137018659093 90137018774680 0 5ff0dcfc7ee0 2
acquire 90137323015046 90137323051224 0 5ff0dcfc7ee0 3
present 90137323194398 90137323334640 0 5ff0dcfc7ee0 3
acquire 90137623766986 90137623799882 0 5ff0dcfc7ee0 2
present 90137623947875 90137624082249 0 5ff0dcfc7ee0 2
acquire 90137926794142 90137926828015 0 5ff0dcfc7ee0 3
present 90137926980268 90137927110383 0 5ff0dcfc7ee0 3
acquire 90138231589745 90138231628228 0 5ff0dcfc7ee0 2
present 90138231807161 90138231932386 0 5ff0dcfc7ee0 2
acquire 90138534301428 90138534332437 0 5ff0dcfc7ee0 3
present 90138534460736 90138534576532 0 5ff0dcfc7ee0 3
acquire 90138838376410 90138838418734 0 5ff0dcfc7ee0 2
present 90138838576715 90138838711229 0 5ff0dcfc7ee0 2
acquire 90139145892326 90139145934650 0 5ff0dcfc7ee0 3
present 90139146111279 90139146238669 0 5ff0dcfc7ee0 3
acquire 90139451853579 90139451884588 0 5ff0dcfc7ee0 2
present 90139452039566 90139452161369 0 5ff0dcfc7ee0 2
acquire 90139756955575 90139756987842 0 5ff0dcfc7ee0 3
present 90139757157765 90139757282921 0 5ff0dcfc7ee0 3
acquire 90140057225472 90140057258856 0 5ff0dcfc7ee0 2
present 90140057407478 90140057524043 0 5ff0dcfc7ee0 2
acquire 90140363448768 90140363488857 0 5ff0dcfc7ee0 3
present 90140363653053 90140363765986 0 5ff0dcfc7ee0 3
acquire 90140666547441 90140666577961 0 5ff0dcfc7ee0 2
present 90140666724558 90140666844685 0 5ff0dcfc7ee0 2
acquire 90140970348576 90140970382449 0 5ff0dcfc7ee0 3
present 90140970513121 90140970636740 0 5ff0dcfc7ee0 3
acquire 90141273748334 90141273783743 0 5ff0dcfc7ee0 2
present 90141273931597 90141274065063 0 5ff0dcfc7ee0 2
acquire 90141578854102 90141578886997 0 5ff0dcfc7ee0 3
present 90141579054895 90141579159936 0 5ff0dcfc7ee0 3
acquire 90141883115141 90141883146080 0 5ff0dcfc7ee0 2
present 90141883279756 90141883385286 0 5ff0dcfc7ee0 2
acquire 90142184313296 90142184347169 0 5ff0dcfc7ee0 3
present 90142184497118 90142184615918 0 5ff0dcfc7ee0 3
acquire 90142488667154 90142488700049 0 5ff0dcfc7ee0 2
present 90142488855795 90142488978157 0 5ff0dcfc7ee0 2
acquire 90142795165206 90142795202431 0 5ff0dcfc7ee0 3
present 90142795370259 90142795500932 0 5ff0dcfc7ee0 3
acquire 90143100275932 90143100311481 0 5ff0dcfc7ee0 2
present 90143100466529 90143100591964 0 5ff0dcfc7ee0 2
acquire 90143404635517 90143404670508 0 5ff0dcfc7ee0 3
present 90143404819758 90143404939885 0 5ff0dcfc7ee0 3
acquire 90143712443370 90143712481852 0 5ff0dcfc7ee0 2
present 90143712648703 90143712769039 0 5ff0dcfc7ee0 2
acquire 90144014808431 90144014848450 0 5ff0dcfc7ee0 3
present 90144015043097 90144015179427 0 5ff0dcfc7ee0 3
acquire 90144318435103 90144318462411 0 5ff0dcfc7ee0 2
present 90144318580722 90144318688766 0 5ff0dcfc7ee0 2
acquire 90144626393533 90144626424613 0 5ff0dcfc7ee0 3
present 90144626554308 90144626667311 0 5ff0dcfc7ee0 3
acquire 90144930558122 90144930599258 0 5ff0dcfc7ee0 2
present 90144930751442 90144930870801 0 5ff0dcfc7ee0 2
acquire 90145235055992 90145235085046 0 5ff0dcfc7ee0 3
present 90145235218233 90145235335217 0 5ff0dcfc7ee0 3
acquire 90145535354664 90145535387070 0 5ff0dcfc7ee0 2
present 90145535519838 90145535635774 0 5ff0dcfc7ee0 2
acquire 90145837455656 90145837487643 0 5ff0dcfc7ee0 3
present 90145837611611 90145837723846 0 5ff0dcfc7ee0 3
acquire 90146138589627 90146138618332 0 5ff0dcfc7ee0 2
present 90146138769189 90146138884357 0 5ff0dcfc7ee0 2
acquire 90146439213967 90146439245396 0 5ff0dcfc7ee0 3
present 90146439379980 90146439496754 0 5ff0dcfc7ee0 3
