instance 90823004385189 90823021597121 0 pid 3864984
device 90823022515742 90823156737096 0
swapchain 90823157186733 90823208872398 0 5fa41faadee0 900x560 mode 2 images 4
acquire 90823217076987 90823217093819 0 5fa41faadee0 3
present 90823217295590 90823217550789 0 5fa41faadee0 3
acquire 90823217695850 90823217706326 0 5fa41faadee0 2
present 90823217757589 90823217819119 0 5fa41faadee0 2
acquire 90835584088703 90835584109307 0 5fa41faadee0 1
present 90835584262329 90835584419262 0 5fa41faadee0 1
acquire 90836265268173 90836265283818 0 5fa41faadee0 0
present 90836265400941 90836265524840 0 5fa41faadee0 0
acquire 90836566977269 90836567022736 0 5fa41faadee0 3
present 90836567175339 90836567286945 0 5fa41faadee0 3
acquire 90836870773359 90836870805765 0 5fa41faadee0 2
present 90836870948311 90836871063409 0 5fa41faadee0 2
acquire 90837175901458 90837175934842 0 5fa41faadee0 3
present 90837176062652 90837176165458 0 5fa41faadee0 3
acquire 90837482613625 90837482644635 0 5fa41faadee0 2
present 90837482782990 90837482896133 0 5fa41faadee0 2
acquire 90837784210417 90837784239471 0 5fa41faadee0 3
present 90837784347166 90837784452626 0 5fa41faadee0 3
acquire 90838085625761 90838085664034 0 5fa41faadee0 2
present 90838085800084 90838085907570 0 5fa41faadee0 2
acquire 90838391495225 90838391525186 0 5fa41faadee0 3
present 90838391629040 90838391739878 0 5fa41faadee0 3
acquire 90838695669294 90838695698907 0 5fa41faadee0 2
present 90838695839148 90838695963675 0 5fa41faadee0 2
acquire 90839003154742 90839003190501 0 5fa41faadee0 3
present 90839003310069 90839003428101 0 5fa41faadee0 3
acquire 90839307144432 90839307174254 0 5fa41faadee0 2
present 90839307299898 90839307406755 0 5fa41faadee0 2
acquire 90839616201026 90839616229661 0 5fa41faadee0 3
present 90839616353839 90839616469775 0 5fa41faadee0 3
acquire 90839920016951 90839920048379 0 5fa41faadee0 2
present 90839920192950 90839920307909 0 5fa41faadee0 2
acquire 90840227826462 90840227860824 0 5fa41faadee0 3
present 90840227969077 90840228090182 0 5fa41faadee0 3
acquire 90840531538043 90840531566259 0 5fa41faadee0 2
present 90840531688062 90840531793802 0 5fa41faadee0 2
acquire 90840834562458 90840834594864 0 5fa41faadee0 3
present 90840834706051 90840834822477 0 5fa41faadee0 3
acquire 90841139029442 90841139059892 0 5fa41faadee0 2
present 90841139200622 90841139316349 0 5fa41faadee0 2
acquire 90841446087741 90841446115678 0 5fa41faadee0 3
present 90841446230567 90841446332605 0 5fa41faadee0 3
acquire 90841747101778 90841747131810 0 5fa41faadee0 2
present 90841747260178 90841747379257 0 5fa41faadee0 2
acquire 90842051130509 90842051158515 0 5fa41faadee0 3
present 90842051293658 90842051402051 0 5fa41faadee0 3
acquire 90842357975654 90842358013368 0 5fa41faadee0 2
present 90842358139710 90842358261932 0 5fa41faadee0 2
acquire 90842663948622 90842663984311 0 5fa41faadee0 3
present 90842664138310 90842664252361 0 5fa41faadee0 3
acquire 90842969745940 90842969778416 0 5fa41faadee0 2
present 90842969911952 90842970046047 0 5fa41faadee0 2
acquire 90843271711423 90843271744318 0 5fa41faadee0 3
present 90843271907746 90843272031994 0 5fa41faadee0 3
acquire 90843573987909 90843574034982 0 5fa41faadee0 2
present 90843574175851 90843574302473 0 5fa41faadee0 2
acquire 90843882346022 90843882378429 0 5fa41faadee0 3
present 90843882522930 90843882639565 0 5fa41faadee0 3
acquire 90844190320918 90844190354232 0 5fa41faadee0 2
present 90844190508022 90844190624238 0 5fa41faadee0 2
acquire 90844497295408 90844497328792 0 5fa41faadee0 3
present 90844497481046 90844497599916 0 5fa41faadee0 3
acquire 90844805755490 90844805790550 0 5fa41faadee0 2
present 90844805952791 90844806081648 0 5fa41faadee0 2
acquire 90845110242448 90845110274435 0 5fa41faadee0 3
present 90845110405318 90845110522930 0 5fa41faadee0 3
acquire 90845410961406 90845410987667 0 5fa41faadee0 2
present 90845411140479 90845411245800 0 5fa41faadee0 2
acquire 90845714089186 90845714128786 0 5fa41faadee0 3
present 90845714241999 90845714342081 0 5fa41faadee0 3
acquire 90846018787344 90846018817865 0 5fa41faadee0 2
present 90846018943160 90846019081305 0 5fa41faadee0 2
acquire 90846321481969 90846321511442 0 5fa41faadee0 3
present 90846321654616 90846321783892 0 5fa41faadee0 3
acquire 90846625319405 90846625351322 0 5fa41faadee0 2
present 90846625487512 90846625595137 0 5fa41faadee0 2
acquire 90846932974427 90846933022269 0 5fa41faadee0 3
present 90846933170052 90846933293601 0 5fa41faadee0 3
acquire 90847045564650 90847045595729 0 5fa41faadee0 2
present 90847045748262 90847045876141 0 5fa41faadee0 2
acquire 90850871371664 90850871402534 0 5fa41faadee0 3
present 90850871538794 90850871659200 0 5fa41faadee0 3
acquire 90851163348745 90851163379964 0 5fa41faadee0 2
present 90851163521392 90851163651437 0 5fa41faadee0 2
acquire 90853800861153 90853800890625 0 5fa41faadee0 3
present 90853801038130 90853801155882 0 5fa41faadee0 3
acquire 90854100501694 90854100530399 0 5fa41faadee0 2
present 90854100654646 90854100756963 0 5fa41faadee0 2
acquire 90854180649235 90854180679755 0 5fa41faadee0 3
present 90854180807146 90854180939355 0 5fa41faadee0 3
acquire 90854354312891 90854354342713 0 5fa41faadee0 2
present 90854354475132 90854354579195 0 5fa41faadee0 2
