launch_mono_ns 74321015107628
assets ready in 12892 ms: font, 5000 labels, 28 glyphs
GPU 0: NVIDIA GeForce RTX 3050 Laptop GPU (discrete, vendor 4318, device 9698, Vulkan 1.4.341, 4096 MiB device-local, max image 32768)
queue family 0, swapchain 900x560, format 44, 4 images, 2 frames in flight, validation layer off (not installed)
window and GPU ready in 246 ms
redraw 1 at 13159 ms: scene + GPU 21 ms, 28 glyphs cached, atlas 27 entries, 1870 texels uploaded
input: mapped expose
redraw 2 at 13182 ms: scene + GPU 23 ms, 28 glyphs cached, atlas 27 entries, 1870 texels uploaded
redraw 3 at 13200 ms: scene + GPU 18 ms, 28 glyphs cached, atlas 27 entries, 1870 texels uploaded
input: moved
input: focus-in
input: key-down 9
redraw 4 at 25530 ms: scene + GPU 21 ms, 28 glyphs cached, atlas 27 entries, 1870 texels uploaded
input: key-up 9
input: key-down 32
redraw 5 at 26213 ms: scene + GPU 23 ms, 28 glyphs cached, atlas 27 entries, 1870 texels uploaded
input: key-up 32 -> 1 activation(s)
redraw 6 at 26522 ms: scene + GPU 24 ms, 29 glyphs cached, atlas 28 entries, 1966 texels uploaded
input: key-down 32
redraw 7 at 26810 ms: scene + GPU 20 ms, 29 glyphs cached, atlas 28 entries, 1966 texels uploaded
input: key-up 32 -> 1 activation(s)
redraw 8 at 27120 ms: scene + GPU 22 ms, 30 glyphs cached, atlas 29 entries, 2074 texels uploaded
input: key-down 32
redraw 9 at 27412 ms: scene + GPU 21 ms, 30 glyphs cached, atlas 29 entries, 2074 texels uploaded
input: key-up 32 -> 1 activation(s)
redraw 10 at 27724 ms: scene + GPU 26 ms, 31 glyphs cached, atlas 30 entries, 2191 texels uploaded
input: key-down 32
redraw 11 at 28017 ms: scene + GPU 26 ms, 31 glyphs cached, atlas 30 entries, 2191 texels uploaded
input: key-up 32 -> 1 activation(s)
redraw 12 at 28323 ms: scene + GPU 24 ms, 32 glyphs cached, atlas 31 entries, 2299 texels uploaded
input: key-down 32
redraw 13 at 28618 ms: scene + GPU 27 ms, 32 glyphs cached, atlas 31 entries, 2299 texels uploaded
input: key-up 32 -> 1 activation(s)
redraw 14 at 28925 ms: scene + GPU 26 ms, 33 glyphs cached, atlas 32 entries, 2416 texels uploaded
input: key-down 32
redraw 15 at 29220 ms: scene + GPU 28 ms, 33 glyphs cached, atlas 32 entries, 2416 texels uploaded
input: key-up 32 -> 1 activation(s)
redraw 16 at 29530 ms: scene + GPU 30 ms, 34 glyphs cached, atlas 33 entries, 2533 texels uploaded
input: key-down 32
redraw 17 at 29822 ms: scene + GPU 30 ms, 34 glyphs cached, atlas 33 entries, 2533 texels uploaded
input: key-up 32 -> 1 activation(s)
redraw 18 at 30131 ms: scene + GPU 30 ms, 35 glyphs cached, atlas 34 entries, 2641 texels uploaded
input: key-down 32
redraw 19 at 30421 ms: scene + GPU 29 ms, 35 glyphs cached, atlas 34 entries, 2641 texels uploaded
input: key-up 32 -> 1 activation(s)
redraw 20 at 30734 ms: scene + GPU 34 ms, 36 glyphs cached, atlas 35 entries, 2758 texels uploaded
input: key-down 32
redraw 21 at 31025 ms: scene + GPU 32 ms, 36 glyphs cached, atlas 35 entries, 2758 texels uploaded
input: key-up 32 -> 1 activation(s)
redraw 22 at 31332 ms: scene + GPU 32 ms, 37 glyphs cached, atlas 36 entries, 2875 texels uploaded
input: key-down 32
redraw 23 at 31627 ms: scene + GPU 34 ms, 37 glyphs cached, atlas 36 entries, 2875 texels uploaded
input: key-up 32 -> 1 activation(s)
redraw 24 at 31934 ms: scene + GPU 33 ms, 37 glyphs cached, atlas 36 entries, 2875 texels uploaded
input: key-down 32
redraw 25 at 32225 ms: scene + GPU 32 ms, 37 glyphs cached, atlas 36 entries, 2875 texels uploaded
input: key-up 32 -> 1 activation(s)
redraw 26 at 32533 ms: scene + GPU 32 ms, 37 glyphs cached, atlas 36 entries, 2875 texels uploaded
input: key-down 32
redraw 27 at 32830 ms: scene + GPU 37 ms, 37 glyphs cached, atlas 36 entries, 2875 texels uploaded
input: key-up 32 -> 1 activation(s)
redraw 28 at 33134 ms: scene + GPU 33 ms, 37 glyphs cached, atlas 36 entries, 2875 texels uploaded
input: key-down 32
redraw 29 at 33426 ms: scene + GPU 32 ms, 37 glyphs cached, atlas 36 entries, 2875 texels uploaded
input: key-up 32 -> 1 activation(s)
redraw 30 at 33734 ms: scene + GPU 32 ms, 37 glyphs cached, atlas 36 entries, 2875 texels uploaded
input: key-down 32
redraw 31 at 34027 ms: scene + GPU 33 ms, 37 glyphs cached, atlas 36 entries, 2875 texels uploaded
input: key-up 32 -> 1 activation(s)
redraw 32 at 34336 ms: scene + GPU 34 ms, 37 glyphs cached, atlas 36 entries, 2875 texels uploaded
input: key-down 32
redraw 33 at 34628 ms: scene + GPU 34 ms, 37 glyphs cached, atlas 36 entries, 2875 texels uploaded
input: key-up 32 -> 1 activation(s)
redraw 34 at 34936 ms: scene + GPU 34 ms, 37 glyphs cached, atlas 36 entries, 2875 texels uploaded
input: key-down 32
redraw 35 at 35227 ms: scene + GPU 32 ms, 37 glyphs cached, atlas 36 entries, 2875 texels uploaded
input: key-up 32 -> 1 activation(s)
redraw 36 at 35536 ms: scene + GPU 33 ms, 37 glyphs cached, atlas 36 entries, 2875 texels uploaded
input: key-down 32
redraw 37 at 35830 ms: scene + GPU 35 ms, 37 glyphs cached, atlas 36 entries, 2875 texels uploaded
input: key-up 32 -> 1 activation(s)
redraw 38 at 36140 ms: scene + GPU 37 ms, 37 glyphs cached, atlas 36 entries, 2875 texels uploaded
input: key-down 32
redraw 39 at 36430 ms: scene + GPU 35 ms, 37 glyphs cached, atlas 36 entries, 2875 texels uploaded
input: key-up 32 -> 1 activation(s)
redraw 40 at 36738 ms: scene + GPU 34 ms, 37 glyphs cached, atlas 36 entries, 2875 texels uploaded
input: key-down 32
redraw 41 at 37030 ms: scene + GPU 35 ms, 37 glyphs cached, atlas 36 entries, 2875 texels uploaded
input: key-up 32 -> 1 activation(s)
redraw 42 at 37337 ms: scene + GPU 34 ms, 37 glyphs cached, atlas 36 entries, 2875 texels uploaded
input: key-down 32
redraw 43 at 37628 ms: scene + GPU 32 ms, 37 glyphs cached, atlas 36 entries, 2875 texels uploaded
input: key-up 32 -> 1 activation(s)
redraw 44 at 37937 ms: scene + GPU 33 ms, 37 glyphs cached, atlas 36 entries, 2875 texels uploaded
input: key-down 32
redraw 45 at 38229 ms: scene + GPU 33 ms, 37 glyphs cached, atlas 36 entries, 2875 texels uploaded
input: key-up 32 -> 1 activation(s)
redraw 46 at 38538 ms: scene + GPU 34 ms, 37 glyphs cached, atlas 36 entries, 2875 texels uploaded
input: key-down 32
redraw 47 at 38829 ms: scene + GPU 33 ms, 37 glyphs cached, atlas 36 entries, 2875 texels uploaded
input: key-up 32 -> 1 activation(s)
redraw 48 at 39138 ms: scene + GPU 34 ms, 37 glyphs cached, atlas 36 entries, 2875 texels uploaded
input: key-down 32
redraw 49 at 39430 ms: scene + GPU 33 ms, 37 glyphs cached, atlas 36 entries, 2875 texels uploaded
input: key-up 32 -> 1 activation(s)
redraw 50 at 39738 ms: scene + GPU 33 ms, 37 glyphs cached, atlas 36 entries, 2875 texels uploaded
input: key-down 32
redraw 51 at 40033 ms: scene + GPU 36 ms, 37 glyphs cached, atlas 36 entries, 2875 texels uploaded
input: key-up 32 -> 1 activation(s)
redraw 52 at 40338 ms: scene + GPU 33 ms, 37 glyphs cached, atlas 36 entries, 2875 texels uploaded
input: key-down 32
redraw 53 at 40633 ms: scene + GPU 36 ms, 37 glyphs cached, atlas 36 entries, 2875 texels uploaded
input: key-up 32 -> 1 activation(s)
redraw 54 at 40939 ms: scene + GPU 34 ms, 37 glyphs cached, atlas 36 entries, 2875 texels uploaded
input: key-down 32
redraw 55 at 41231 ms: scene + GPU 34 ms, 37 glyphs cached, atlas 36 entries, 2875 texels uploaded
input: key-up 32 -> 1 activation(s)
redraw 56 at 41539 ms: scene + GPU 34 ms, 37 glyphs cached, atlas 36 entries, 2875 texels uploaded
input: key-down 32
redraw 57 at 41831 ms: scene + GPU 33 ms, 37 glyphs cached, atlas 36 entries, 2875 texels uploaded
input: key-up 32 -> 1 activation(s)
redraw 58 at 42140 ms: scene + GPU 34 ms, 37 glyphs cached, atlas 36 entries, 2875 texels uploaded
input: key-down 32
redraw 59 at 42432 ms: scene + GPU 34 ms, 37 glyphs cached, atlas 36 entries, 2875 texels uploaded
input: key-up 32 -> 1 activation(s)
redraw 60 at 42740 ms: scene + GPU 34 ms, 37 glyphs cached, atlas 36 entries, 2875 texels uploaded
input: key-down 32
redraw 61 at 43035 ms: scene + GPU 37 ms, 37 glyphs cached, atlas 36 entries, 2875 texels uploaded
input: key-up 32 -> 1 activation(s)
redraw 62 at 43346 ms: scene + GPU 39 ms, 37 glyphs cached, atlas 36 entries, 2875 texels uploaded
input: key-down 32
redraw 63 at 43634 ms: scene + GPU 35 ms, 37 glyphs cached, atlas 36 entries, 2875 texels uploaded
input: key-up 32 -> 1 activation(s)
redraw 64 at 43941 ms: scene + GPU 34 ms, 37 glyphs cached, atlas 36 entries, 2875 texels uploaded
input: close
frames presented: 64, redraws: 64, clicks: 30
teardown: 0 native objects left; driver messages: 0 warnings, 0 errors
window objects left: 0
exit=0
