instance 74333975856208 74333987401577 0 pid 1389120
device 74333988091119 74334097280621 0
swapchain 74334097679345 74334150626054 0 56466c93fec0 900x560 mode 2 images 4
acquire 74334167353218 74334167367046 0 56466c93fec0 3
present 74334175167813 74334175420289 0 56466c93fec0 3
acquire 74334186920820 74334186934998 0 56466c93fec0 2
present 74334194484546 74334194620387 1000001003 56466c93fec0 2
swapchain 74334195192107 74334198367644 0 56466cab4f90 900x560 mode 2 images 4
acquire 74334209896111 74334209909800 0 56466cab4f90 3
present 74334216683413 74334216827286 0 56466cab4f90 3
acquire 74346536778582 74346536795414 0 56466cab4f90 2
present 74346546314063 74346546482101 0 56466cab4f90 2
acquire 74347218393424 74347218409976 0 56466cab4f90 1
present 74347229345842 74347229465270 0 56466cab4f90 1
acquire 74347531032689 74347531051756 0 56466cab4f90 0
present 74347537907851 74347538041946 0 56466cab4f90 0
acquire 74347819895516 74347819926106 0 56466cab4f90 3
present 74347826831719 74347826955896 0 56466cab4f90 3
acquire 74348129642380 74348129684913 0 56466cab4f90 2
present 74348136674894 74348136826170 0 56466cab4f90 2
acquire 74348421157424 74348421185151 0 56466cab4f90 3
present 74348428238198 74348428370408 0 56466cab4f90 3
acquire 74348733534226 74348733562792 0 56466cab4f90 2
present 74348740390881 74348740529096 0 56466cab4f90 2
acquire 74349025929758 74349025961256 0 56466cab4f90 3
present 74349033761813 74349033895349 0 56466cab4f90 3
acquire 74349332565898 74349332594533 0 56466cab4f90 2
present 74349339255841 74349339378063 0 56466cab4f90 2
acquire 74349626054582 74349626087966 0 56466cab4f90 3
present 74349634016682 74349634159158 0 56466cab4f90 3
acquire 74349934748592 74349934784839 0 56466cab4f90 2
present 74349941568300 74349941696109 0 56466cab4f90 2
acquire 74350228206896 74350228243143 0 56466cab4f90 3
present 74350236255738 74350236393884 0 56466cab4f90 3
acquire 74350539261326 74350539288983 0 56466cab4f90 2
present 74350546543452 74350546754443 0 56466cab4f90 2
acquire 74350829553242 74350829585997 0 56466cab4f90 3
present 74350838116395 74350838229956 0 56466cab4f90 3
acquire 74351140116619 74351140148118 0 56466cab4f90 2
present 74351147673990 74351147792790 0 56466cab4f90 2
acquire 74351429847152 74351429891851 0 56466cab4f90 3
present 74351437669011 74351437816097 0 56466cab4f90 3
acquire 74351741799391 74351741839060 0 56466cab4f90 2
present 74351750455432 74351750595114 0 56466cab4f90 2
acquire 74352033360320 74352033392517 0 56466cab4f90 3
present 74352041585232 74352041721911 0 56466cab4f90 3
acquire 74352341117201 74352341145836 0 56466cab4f90 2
present 74352348303436 74352348425867 0 56466cab4f90 2
acquire 74352634911790 74352634945663 0 56466cab4f90 3
present 74352642940169 74352643079363 0 56466cab4f90 3
acquire 74352941789022 74352941818006 0 56466cab4f90 2
present 74352950259426 74352950368029 0 56466cab4f90 2
acquire 74353233459951 74353233488586 0 56466cab4f90 3
present 74353241235226 74353241356750 0 56466cab4f90 3
acquire 74353541741828 74353541772838 0 56466cab4f90 2
present 74353549617046 74353549748626 0 56466cab4f90 2
acquire 74353836905374 74353836943926 0 56466cab4f90 3
present 74353846826517 74353846960473 0 56466cab4f90 3
acquire 74354142112075 74354142141129 0 56466cab4f90 2
present 74354150106791 74354150227616 0 56466cab4f90 2
acquire 74354434546368 74354434576330 0 56466cab4f90 3
present 74354442088583 74354442212621 0 56466cab4f90 3
acquire 74354742622423 74354742651966 0 56466cab4f90 2
present 74354750806129 74354750936313 0 56466cab4f90 2
acquire 74355035151631 74355035181662 0 56466cab4f90 3
present 74355043322346 74355043442473 0 56466cab4f90 3
acquire 74355343626130 74355343658117 0 56466cab4f90 2
present 74355351968165 74355352101841 0 56466cab4f90 2
acquire 74355636131451 74355636161483 0 56466cab4f90 3
present 74355644741188 74355644855518 0 56466cab4f90 3
acquire 74355943399165 74355943428289 0 56466cab4f90 2
present 74355952217796 74355952328984 0 56466cab4f90 2
acquire 74356235101732 74356235129320 0 56466cab4f90 3
present 74356243097845 74356243214899 0 56466cab4f90 3
acquire 74356543893240 74356543922853 0 56466cab4f90 2
present 74356552306933 74356552434253 0 56466cab4f90 2
acquire 74356837481309 74356837513715 0 56466cab4f90 3
present 74356845875795 74356845996481 0 56466cab4f90 3
acquire 74357147856954 74357147888452 0 56466cab4f90 2
present 74357156716582 74357156849280 0 56466cab4f90 2
acquire 74357437319157 74357437350236 0 56466cab4f90 3
present 74357446039033 74357446169077 0 56466cab4f90 3
acquire 74357745132749 74357745163689 0 56466cab4f90 2
present 74357753921419 74357754063266 0 56466cab4f90 2
acquire 74358036700314 74358036730625 0 56466cab4f90 3
present 74358045853205 74358045985624 0 56466cab4f90 3
acquire 74358344098840 74358344128453 0 56466cab4f90 2
present 74358352866208 74358352981516 0 56466cab4f90 2
acquire 74358635982785 74358636022245 0 56466cab4f90 3
present 74358644232561 74358644361208 0 56466cab4f90 3
acquire 74358944483265 74358944513297 0 56466cab4f90 2
present 74358953178278 74358953292189 0 56466cab4f90 2
acquire 74359236930828 74359236959463 0 56466cab4f90 3
present 74359245551320 74359245684438 0 56466cab4f90 3
acquire 74359544976852 74359545019804 0 56466cab4f90 2
present 74359553866512 74359553981610 0 56466cab4f90 2
acquire 74359836845432 74359836873019 0 56466cab4f90 3
present 74359845069156 74359845199410 0 56466cab4f90 3
acquire 74360145274744 74360145305474 0 56466cab4f90 2
present 74360153910112 74360154034150 0 56466cab4f90 2
acquire 74360437315831 74360437343977 0 56466cab4f90 3
present 74360446524945 74360446646259 0 56466cab4f90 3
acquire 74360745543791 74360745576616 0 56466cab4f90 2
present 74360754242505 74360754352994 0 56466cab4f90 2
acquire 74361039010686 74361039042603 0 56466cab4f90 3
present 74361049490209 74361049660412 0 56466cab4f90 3
acquire 74361345882959 74361345915435 0 56466cab4f90 2
present 74361354720308 74361354840016 0 56466cab4f90 2
acquire 74361639281758 74361639315352 0 56466cab4f90 3
present 74361648914738 74361649060845 0 56466cab4f90 3
acquire 74361946000381 74361946042216 0 56466cab4f90 2
present 74361954959533 74361955094117 0 56466cab4f90 2
acquire 74362238204688 74362238244567 0 56466cab4f90 3
present 74362246935599 74362247082405 0 56466cab4f90 3
acquire 74362545980985 74362546031480 0 56466cab4f90 2
present 74362554974988 74362555112365 0 56466cab4f90 2
acquire 74362838618446 74362838647291 0 56466cab4f90 3
present 74362847663852 74362847794595 0 56466cab4f90 3
acquire 74363146997822 74363147038818 0 56466cab4f90 2
present 74363156113138 74363156228656 0 56466cab4f90 2
acquire 74363439263868 74363439292433 0 56466cab4f90 3
present 74363448207864 74363448337420 0 56466cab4f90 3
acquire 74363747369955 74363747407669 0 56466cab4f90 2
present 74363756818903 74363756932674 0 56466cab4f90 2
acquire 74364041355280 74364041384404 0 56466cab4f90 3
present 74364051492163 74364051619554 0 56466cab4f90 3
acquire 74364352942739 74364352969907 0 56466cab4f90 2
present 74364362204722 74364362330157 0 56466cab4f90 2
acquire 74364640890298 74364640920399 0 56466cab4f90 3
present 74364650013157 74364650142782 0 56466cab4f90 3
acquire 74364948100812 74364948135593 0 56466cab4f90 2
present 74364957183932 74364957304827 0 56466cab4f90 2
