instance 73418911455855 73418923635522 0 pid 1256491
device 73418924370391 73419044827231 0
swapchain 73419045312347 73419096211178 0 64ce5bb90ec0 900x560 mode 2 images 4
acquire 73419105429440 73419105443618 0 64ce5bb90ec0 3
present 73419105609700 73419105815383 0 64ce5bb90ec0 3
acquire 73419107081463 73419107092009 0 64ce5bb90ec0 2
present 73419107246009 73419107339037 1000001003 64ce5bb90ec0 2
swapchain 73419107895881 73419110833679 0 64ce5bd07280 900x560 mode 2 images 4
acquire 73419112178260 73419112189854 0 64ce5bd07280 3
present 73419112359009 73419112445682 0 64ce5bd07280 3
acquire 73421555682699 73421555698134 0 64ce5bd07280 2
present 73421555893968 73421556015841 0 64ce5bd07280 2
acquire 73421558473830 73421558485424 0 64ce5bd07280 1
present 73421558636840 73421558725747 0 64ce5bd07280 1
acquire 73431429467765 73431429482013 0 64ce5bd07280 0
present 73431429665346 73431430034037 0 64ce5bd07280 0
acquire 73432111077539 73432111115602 0 64ce5bd07280 3
present 73432111386586 73432111512789 0 64ce5bd07280 3
acquire 73432573841269 73432573872279 0 64ce5bd07280 2
present 73432574081104 73432574236570 0 64ce5bd07280 2
acquire 73432711349266 73432711377412 0 64ce5bd07280 3
present 73432711567170 73432711670815 0 64ce5bd07280 3
acquire 73433178102323 73433178129072 0 64ce5bd07280 2
present 73433178300881 73433178408716 0 64ce5bd07280 2
acquire 73433311459241 73433311486898 0 64ce5bd07280 3
present 73433311683990 73433311790288 0 64ce5bd07280 3
acquire 73433780624751 73433780653875 0 64ce5bd07280 2
present 73433780856204 73433780977798 0 64ce5bd07280 2
acquire 73433912358841 73433912385660 0 64ce5bd07280 3
present 73433912586942 73433912691284 0 64ce5bd07280 3
acquire 73434377188472 73434377219901 0 64ce5bd07280 2
present 73434377439830 73434377566732 0 64ce5bd07280 2
acquire 73434512647679 73434512674358 0 64ce5bd07280 3
present 73434512862091 73434512966574 0 64ce5bd07280 3
acquire 73434978014389 73434978043233 0 64ce5bd07280 2
present 73434978218605 73434978327068 0 64ce5bd07280 2
acquire 73435112807800 73435112836365 0 64ce5bd07280 3
present 73435115755097 73435115863770 0 64ce5bd07280 3
acquire 73435578881512 73435578909519 0 64ce5bd07280 2
present 73435579149912 73435579270597 0 64ce5bd07280 2
acquire 73435713564505 73435713593070 0 64ce5bd07280 3
present 73435713785552 73435713894085 0 64ce5bd07280 3
acquire 73436177022805 73436177049555 0 64ce5bd07280 2
present 73436177221504 73436177332691 0 64ce5bd07280 2
acquire 73436313982969 73436314022499 0 64ce5bd07280 3
present 73436314246759 73436314355501 0 64ce5bd07280 3
acquire 73436778106925 73436778143103 0 64ce5bd07280 2
present 73436778316239 73436778435947 0 64ce5bd07280 2
acquire 73436915034403 73436915065831 0 64ce5bd07280 3
present 73436915326548 73436915452472 0 64ce5bd07280 3
acquire 73437380192357 73437380220015 0 64ce5bd07280 2
present 73437380395316 73437380500985 0 64ce5bd07280 2
acquire 73437514649554 73437514676722 0 64ce5bd07280 3
present 73437514882264 73437514987166 0 64ce5bd07280 3
acquire 73437986330043 73437986363916 0 64ce5bd07280 2
present 73437986596207 73437986796302 0 64ce5bd07280 2
acquire 73438114885522 73438114913249 0 64ce5bd07280 3
present 73438115118513 73438115224322 0 64ce5bd07280 3
acquire 73438580455889 73438580484943 0 64ce5bd07280 2
present 73438580693349 73438580809914 0 64ce5bd07280 2
acquire 73438715462456 73438715498215 0 64ce5bd07280 3
present 73438715705294 73438715817528 0 64ce5bd07280 3
acquire 73439183434590 73439183463714 0 64ce5bd07280 2
present 73439183683434 73439183796367 0 64ce5bd07280 2
acquire 73439315786006 73439315813523 0 64ce5bd07280 3
present 73439316021021 73439316133535 0 64ce5bd07280 3
acquire 73439781789318 73439781818791 0 64ce5bd07280 2
present 73439782026708 73439782132727 0 64ce5bd07280 2
acquire 73439916171854 73439916207263 0 64ce5bd07280 3
present 73439916418323 73439916522247 0 64ce5bd07280 3
acquire 73440383030440 73440383068015 0 64ce5bd07280 2
present 73440383294929 73440383405906 0 64ce5bd07280 2
acquire 73440516395531 73440516423118 0 64ce5bd07280 3
present 73440516622235 73440516724552 0 64ce5bd07280 3
acquire 73440983784561 73440983812707 0 64ce5bd07280 2
present 73440984029145 73440984135862 0 64ce5bd07280 2
acquire 73441116596649 73441116625284 0 64ce5bd07280 3
present 73441116826147 73441116926718 0 64ce5bd07280 3
acquire 73441579899763 73441579932169 0 64ce5bd07280 2
present 73441580163483 73441580277533 0 64ce5bd07280 2
acquire 73441717213811 73441717245309 0 64ce5bd07280 3
present 73441717452388 73441717557778 0 64ce5bd07280 3
acquire 73442183845623 73442183875096 0 64ce5bd07280 2
present 73442184092233 73442184201115 0 64ce5bd07280 2
acquire 73442317601754 73442317637513 0 64ce5bd07280 3
present 73442317860586 73442317967512 0 64ce5bd07280 3
acquire 73442786341862 73442786384465 0 64ce5bd07280 2
present 73442786648953 73442786760489 0 64ce5bd07280 2
acquire 73442918472859 73442918518116 0 64ce5bd07280 3
present 73442918750687 73442918865017 0 64ce5bd07280 3
acquire 73443383944750 73443383976737 0 64ce5bd07280 2
present 73443384203860 73443384313301 0 64ce5bd07280 2
acquire 73443519032891 73443519072351 0 64ce5bd07280 3
present 73443519320497 73443519435525 0 64ce5bd07280 3
acquire 73443983885361 73443983917767 0 64ce5bd07280 2
present 73443984152712 73443984274795 0 64ce5bd07280 2
acquire 73444119437386 73444119469793 0 64ce5bd07280 3
present 73444119704389 73444119813691 0 64ce5bd07280 3
acquire 73444584852147 73444584882249 0 64ce5bd07280 2
present 73444585105252 73444585211969 0 64ce5bd07280 2
acquire 73444719948949 73444719983241 0 64ce5bd07280 3
present 73444720188085 73444720290193 0 64ce5bd07280 3
acquire 73445188415069 73445188446428 0 64ce5bd07280 2
present 73445188656999 73445188765253 0 64ce5bd07280 2
acquire 73445320171648 73445320197629 0 64ce5bd07280 3
present 73445320385222 73445320483070 0 64ce5bd07280 3
acquire 73445787383561 73445787413523 0 64ce5bd07280 2
present 73445787623186 73445787733116 0 64ce5bd07280 2
acquire 73445920420817 73445920452735 0 64ce5bd07280 3
present 73445920719877 73445920842797 0 64ce5bd07280 3
acquire 73446388613230 73446388647592 0 64ce5bd07280 2
present 73446388873459 73446388990023 0 64ce5bd07280 2
acquire 73446520887262 73446520919669 0 64ce5bd07280 3
present 73446521182970 73446521289477 0 64ce5bd07280 3
acquire 73446988847943 73446988878044 0 64ce5bd07280 2
present 73446989101815 73446989210628 0 64ce5bd07280 2
acquire 73447121017143 73447121044870 0 64ce5bd07280 3
present 73447121270457 73447121384996 0 64ce5bd07280 3
acquire 73447588622471 73447588650268 0 64ce5bd07280 2
present 73447588857626 73447588963715 0 64ce5bd07280 2
acquire 73447721097017 73447721125163 0 64ce5bd07280 3
present 73447721323931 73447721429740 0 64ce5bd07280 3
acquire 73448187043409 73448187071974 0 64ce5bd07280 2
present 73448187314812 73448187433611 0 64ce5bd07280 2
acquire 73448321691760 73448321718440 0 64ce5bd07280 3
present 73448321912179 73448322022947 0 64ce5bd07280 3
acquire 73448789681704 73448789711806 0 64ce5bd07280 2
present 73448789922656 73448790043970 0 64ce5bd07280 2
acquire 73448921965234 73448922096745 0 64ce5bd07280 3
present 73448922303824 73448922413894 0 64ce5bd07280 3
acquire 73449387659919 73449387688484 0 64ce5bd07280 2
present 73449387917912 73449388036223 0 64ce5bd07280 2
acquire 73449522156016 73449522183254 0 64ce5bd07280 3
present 73449522385514 73449522490905 0 64ce5bd07280 3
acquire 73449987564492 73449987593546 0 64ce5bd07280 2
present 73449987798180 73449987905666 0 64ce5bd07280 2
swapchain 73450833194451 73450836796927 0 64ce5bd26e70 1100x700 mode 2 images 4
acquire 73451003550694 73451003565710 0 64ce5bd26e70 3
present 73451003781100 73451003902275 0 64ce5bd26e70 3
swapchain 73452339550983 73452343369059 0 64ce5bd07280 640x760 mode 2 images 4
acquire 73452510056617 73452510074776 0 64ce5bd07280 3
present 73452510280598 73452510423213 0 64ce5bd07280 3
acquire 73452511763465 73452511772684 0 64ce5bd07280 2
present 73452511915718 73452511998829 0 64ce5bd07280 2
swapchain 73453845358425 73453849281472 0 64ce5bd26e70 1280x480 mode 2 images 4
acquire 73454026395963 73454026415449 0 64ce5bd26e70 3
present 73454026627696 73454026766331 0 64ce5bd26e70 3
acquire 73454028183617 73454028194443 0 64ce5bd26e70 2
present 73454028361503 73454028452017 0 64ce5bd26e70 2
swapchain 73455351380488 73455356442714 0 64ce5bd07280 760x560 mode 2 images 4
acquire 73455523010913 73455523026069 0 64ce5bd07280 3
present 73455523218342 73455523372830 0 64ce5bd07280 3
swapchain 73456860279448 73456863753556 0 64ce5bd26e70 900x560 mode 2 images 4
acquire 73457030928675 73457030945646 0 64ce5bd26e70 3
present 73457031158383 73457031302395 0 64ce5bd26e70 3
acquire 73457032630913 73457032639434 0 64ce5bd26e70 2
present 73457032778488 73457032857059 0 64ce5bd26e70 2
