instance 92233219466777 92233232239248 0 pid 4082531
device 92233232968808 92233350480230 0
swapchain 92233350874274 92233403063525 0 5b0d4e95eea0 900x560 mode 2 images 4
acquire 92233407764529 92233407774866 0 5b0d4e95eea0 3
present 92233411042731 92233411242127 0 5b0d4e95eea0 3
acquire 92233411519187 92233411530012 0 5b0d4e95eea0 2
present 92233411585396 92233411655936 0 5b0d4e95eea0 2
acquire 92245735924334 92245735941375 0 5b0d4e95eea0 1
present 92245736068556 92245736206841 0 5b0d4e95eea0 1
acquire 92246416844062 92246416861662 0 5b0d4e95eea0 0
present 92246416986328 92246417130760 0 5b0d4e95eea0 0
acquire 92246718256954 92246718293621 0 5b0d4e95eea0 3
present 92246718482611 92246718599804 0 5b0d4e95eea0 3
acquire 92247022432201 92247022466074 0 5b0d4e95eea0 2
present 92247022630690 92247022733845 0 5b0d4e95eea0 2
acquire 92247327175466 92247327211714 0 5b0d4e95eea0 3
present 92247327389529 92247327513497 0 5b0d4e95eea0 3
acquire 92247634261831 92247634297589 0 5b0d4e95eea0 2
present 92247634468351 92247634581005 0 5b0d4e95eea0 2
acquire 92247935590704 92247935628977 0 5b0d4e95eea0 3
present 92247935799529 92247935916443 0 5b0d4e95eea0 3
acquire 92248237351266 92248237390516 0 5b0d4e95eea0 2
present 92248237556459 92248237663665 0 5b0d4e95eea0 2
acquire 92248542767450 92248542805095 0 5b0d4e95eea0 3
present 92248542992827 92248543130554 0 5b0d4e95eea0 3
acquire 92248847332761 92248847368589 0 5b0d4e95eea0 2
present 92248847523427 92248847636779 0 5b0d4e95eea0 2
acquire 92249154430999 92249154466268 0 5b0d4e95eea0 3
present 92249154615798 92249154728801 0 5b0d4e95eea0 3
acquire 92249458912710 92249458951681 0 5b0d4e95eea0 2
present 92249459149052 92249459277350 0 5b0d4e95eea0 2
acquire 92249765444257 92249765478898 0 5b0d4e95eea0 3
present 92249765641628 92249765747786 0 5b0d4e95eea0 3
acquire 92250071792122 92250071829697 0 5b0d4e95eea0 2
present 92250071990890 92250072135810 0 5b0d4e95eea0 2
acquire 92250378391625 92250378425009 0 5b0d4e95eea0 3
present 92250378598355 92250378713593 0 5b0d4e95eea0 3
acquire 92250683299996 92250683333380 0 5b0d4e95eea0 2
present 92250683483818 92250683599824 0 5b0d4e95eea0 2
acquire 92250985937763 92250985975337 0 5b0d4e95eea0 3
present 92250986154270 92250986270556 0 5b0d4e95eea0 3
acquire 92251290863943 92251290901937 0 5b0d4e95eea0 2
present 92251291093511 92251291234381 0 5b0d4e95eea0 2
acquire 92251592307567 92251592341650 0 5b0d4e95eea0 3
present 92251592494672 92251592602786 0 5b0d4e95eea0 3
acquire 92251898945553 92251898981871 0 5b0d4e95eea0 2
present 92251899145997 92251899263260 0 5b0d4e95eea0 2
acquire 92252203214948 92252203252732 0 5b0d4e95eea0 3
present 92252203442910 92252203584268 0 5b0d4e95eea0 3
acquire 92252509888903 92252509925709 0 5b0d4e95eea0 2
present 92252510156953 92252510280851 0 5b0d4e95eea0 2
acquire 92252815896713 92252815932472 0 5b0d4e95eea0 3
present 92252816110916 92252816235233 0 5b0d4e95eea0 3
acquire 92253121737254 92253121786282 0 5b0d4e95eea0 2
present 92253121947825 92253122079755 0 5b0d4e95eea0 2
acquire 92253423827328 92253423869791 0 5b0d4e95eea0 3
present 92253424088254 92253424211663 0 5b0d4e95eea0 3
acquire 92253725918030 92253725949528 0 5b0d4e95eea0 2
present 92253726107858 92253726220372 0 5b0d4e95eea0 2
acquire 92254034336336 92254034362736 0 5b0d4e95eea0 3
present 92254034491593 92254034591117 0 5b0d4e95eea0 3
acquire 92254342299209 92254342334619 0 5b0d4e95eea0 2
present 92254342506987 92254342616637 0 5b0d4e95eea0 2
acquire 92254649318738 92254649355894 0 5b0d4e95eea0 3
present 92254649517227 92254649651671 0 5b0d4e95eea0 3
acquire 92254957796689 92254957835102 0 5b0d4e95eea0 2
present 92254957993851 92254958126828 0 5b0d4e95eea0 2
acquire 92255262349920 92255262383793 0 5b0d4e95eea0 3
present 92255262538910 92255262660084 0 5b0d4e95eea0 3
acquire 92255563081376 92255563117064 0 5b0d4e95eea0 2
present 92255563284334 92255563406835 0 5b0d4e95eea0 2
acquire 92255866125969 92255866157886 0 5b0d4e95eea0 3
present 92255866307067 92255866424400 0 5b0d4e95eea0 3
acquire 92256170905205 92256170943408 0 5b0d4e95eea0 2
present 92256171130163 92256171263001 0 5b0d4e95eea0 2
acquire 92256473572307 92256473609463 0 5b0d4e95eea0 3
present 92256473773659 92256473894275 0 5b0d4e95eea0 3
acquire 92256777515616 92256777554099 0 5b0d4e95eea0 2
present 92256777721647 92256777844638 0 5b0d4e95eea0 2
acquire 92257085031018 92257085061538 0 5b0d4e95eea0 3
present 92257085199963 92257085302630 0 5b0d4e95eea0 3
acquire 92257391213572 92257391258061 0 5b0d4e95eea0 2
present 92257391425051 92257391567108 0 5b0d4e95eea0 2
acquire 92257696115171 92257696150581 0 5b0d4e95eea0 3
present 92257696323507 92257696438466 0 5b0d4e95eea0 3
acquire 92257996406140 92257996440781 0 5b0d4e95eea0 2
present 92257996592127 92257996703523 0 5b0d4e95eea0 2
acquire 92258302662866 92258302699253 0 5b0d4e95eea0 3
present 92258302860446 92258302968421 0 5b0d4e95eea0 3
acquire 92258605740285 92258605775765 0 5b0d4e95eea0 2
present 92258605937517 92258606113097 0 5b0d4e95eea0 2
acquire 92258909544052 92258909578344 0 5b0d4e95eea0 3
present 92258909744706 92258909859036 0 5b0d4e95eea0 3
acquire 92259212903700 92259212936944 0 5b0d4e95eea0 2
present 92259213098347 92259213213096 0 5b0d4e95eea0 2
acquire 92259518390219 92259518427723 0 5b0d4e95eea0 3
present 92259518569710 92259518675310 0 5b0d4e95eea0 3
acquire 92259822515115 92259822551153 0 5b0d4e95eea0 2
present 92259822706689 92259822819203 0 5b0d4e95eea0 2
acquire 92260123729663 92260123763746 0 5b0d4e95eea0 3
present 92260123932971 92260124063085 0 5b0d4e95eea0 3
acquire 92260428070789 92260428105081 0 5b0d4e95eea0 2
present 92260428265645 92260428380604 0 5b0d4e95eea0 2
acquire 92260734543674 92260734580410 0 5b0d4e95eea0 3
present 92260734735457 92260734856492 0 5b0d4e95eea0 3
acquire 92261039646276 92261039679660 0 5b0d4e95eea0 2
present 92261039845673 92261039957349 0 5b0d4e95eea0 2
acquire 92261343962119 92261343993059 0 5b0d4e95eea0 3
present 92261344164170 92261344277382 0 5b0d4e95eea0 3
acquire 92261651758913 92261651793065 0 5b0d4e95eea0 2
present 92261651959008 92261652104766 0 5b0d4e95eea0 2
acquire 92261954310151 92261954352404 0 5b0d4e95eea0 3
present 92261954555432 92261954696302 0 5b0d4e95eea0 3
acquire 92262257710447 92262257746205 0 5b0d4e95eea0 2
present 92262257892872 92262257998122 0 5b0d4e95eea0 2
acquire 92262565751615 92262565784999 0 5b0d4e95eea0 3
present 92262565938090 92262566060242 0 5b0d4e95eea0 3
acquire 92262869799128 92262869830138 0 5b0d4e95eea0 2
present 92262869975687 92262870089248 0 5b0d4e95eea0 2
acquire 92263174411168 92263174444133 0 5b0d4e95eea0 3
present 92263174584304 92263174701218 0 5b0d4e95eea0 3
acquire 92263474735523 92263474777358 0 5b0d4e95eea0 2
present 92263474940856 92263475077954 0 5b0d4e95eea0 2
acquire 92263777455358 92263777507320 0 5b0d4e95eea0 3
present 92263777677662 92263777794227 0 5b0d4e95eea0 3
acquire 92264078162652 92264078202321 0 5b0d4e95eea0 2
present 92264078397388 92264078529038 0 5b0d4e95eea0 2
acquire 92264378808486 92264378842847 0 5b0d4e95eea0 3
present 92264378994123 92264379151336 0 5b0d4e95eea0 3
swapchain 92265397428471 92265401477439 0 5b0d4eaf54d0 1100x700 mode 2 images 4
acquire 92265402916026 92265402925454 0 5b0d4eaf54d0 3
present 92265403054521 92265403158444 0 5b0d4eaf54d0 3
swapchain 92266905312273 92266909165546 0 5b0d4e95eea0 640x760 mode 2 images 4
acquire 92266910244941 92266910255836 0 5b0d4e95eea0 3
present 92266910376312 92266910485264 0 5b0d4e95eea0 3
swapchain 92268412789743 92268416201690 0 5b0d4eaf54d0 1280x480 mode 2 images 4
acquire 92268417379002 92268417388989 0 5b0d4eaf54d0 3
present 92268417501643 92268417603750 0 5b0d4eaf54d0 3
acquire 92268417744341 92268417752442 0 5b0d4eaf54d0 2
present 92268417799655 92268417884931 0 5b0d4eaf54d0 2
swapchain 92269919316957 92269922962733 0 5b0d4e95eea0 760x560 mode 2 images 4
acquire 92269924346145 92269924356063 0 5b0d4e95eea0 3
present 92269924469135 92269924575573 0 5b0d4e95eea0 3
acquire 92269924699611 92269924708062 0 5b0d4e95eea0 2
present 92269924757020 92269924857312 0 5b0d4e95eea0 2
swapchain 92271427162146 92271430840677 0 5b0d4eb07c70 900x560 mode 2 images 4
acquire 92271431817614 92271431827183 0 5b0d4eb07c70 3
present 92271431941722 92271432083360 0 5b0d4eb07c70 3
