instance 90442429432800 90442446953010 0 pid 3803360
device 90442447799415 90442564094561 0
swapchain 90442564471285 90442613495649 0 55d37f321ee0 900x560 mode 2 images 4
acquire 90442622553626 90442622569271 0 55d37f321ee0 3
present 90442623503605 90442623704050 0 55d37f321ee0 3
acquire 90442623812583 90442623822081 0 55d37f321ee0 2
present 90442623865802 90442623930125 0 55d37f321ee0 2
acquire 90454966122018 90454966144437 0 55d37f321ee0 1
present 90454966374354 90454966559433 0 55d37f321ee0 1
acquire 90455646810663 90455646830149 0 55d37f321ee0 0
present 90455646958307 90455647099037 0 55d37f321ee0 0
acquire 90455948628549 90455948668009 0 55d37f321ee0 3
present 90455948804130 90455948912872 0 55d37f321ee0 3
acquire 90456252384946 90456252428317 0 55d37f321ee0 2
present 90456252602501 90456252715504 0 55d37f321ee0 2
acquire 90456557474610 90456557515886 0 55d37f321ee0 3
present 90456557642648 90456557761169 0 55d37f321ee0 3
acquire 90456864251078 90456864283973 0 55d37f321ee0 2
present 90456864444748 90456864573325 0 55d37f321ee0 2
acquire 90457166019447 90457166048990 0 55d37f321ee0 3
present 90457166164786 90457166272272 0 55d37f321ee0 3
acquire 90457467285099 90457467319950 0 55d37f321ee0 2
present 90457467496229 90457467622571 0 55d37f321ee0 2
acquire 90457773196375 90457773225429 0 55d37f321ee0 3
present 90457773330819 90457773438025 0 55d37f321ee0 3
acquire 90458077310219 90458077344371 0 55d37f321ee0 2
present 90458077492155 90458077621501 0 55d37f321ee0 2
acquire 90458385327904 90458385359821 0 55d37f321ee0 3
present 90458385469681 90458385573535 0 55d37f321ee0 3
acquire 90458688792085 90458688826936 0 55d37f321ee0 2
present 90458689013901 90458689145621 0 55d37f321ee0 2
acquire 90458996105143 90458996136641 0 55d37f321ee0 3
present 90458996256349 90458996376196 0 55d37f321ee0 3
acquire 90459301632083 90459301659321 0 55d37f321ee0 2
present 90459301802635 90459301922832 0 55d37f321ee0 2
acquire 90459609491228 90459609523704 0 55d37f321ee0 3
present 90459609629165 90459609736860 0 55d37f321ee0 3
acquire 90459913200273 90459913236102 0 55d37f321ee0 2
present 90459913408679 90459913533276 0 55d37f321ee0 2
acquire 90460216403948 90460216433979 0 55d37f321ee0 3
present 90460216539509 90460216648112 0 55d37f321ee0 3
acquire 90460520617525 90460520650630 0 55d37f321ee0 2
present 90460520797087 90460520925036 0 55d37f321ee0 2
acquire 90460822618884 90460822651500 0 55d37f321ee0 3
present 90460822770649 90460822884420 0 55d37f321ee0 3
acquire 90461128701900 90461128731931 0 55d37f321ee0 2
present 90461128871963 90461128991950 0 55d37f321ee0 2
acquire 90461432695058 90461432729839 0 55d37f321ee0 3
present 90461432901788 90461433038258 0 55d37f321ee0 3
acquire 90461739645990 90461739685101 0 55d37f321ee0 2
present 90461739862218 90461740018173 0 55d37f321ee0 2
acquire 90462045553006 90462045584993 0 55d37f321ee0 3
present 90462045724675 90462045830135 0 55d37f321ee0 3
acquire 90462351377679 90462351405266 0 55d37f321ee0 2
present 90462351546764 90462351655926 0 55d37f321ee0 2
acquire 90462653354384 90462653387349 0 55d37f321ee0 3
present 90462653541628 90462653659939 0 55d37f321ee0 3
acquire 90462955524689 90462955556187 0 55d37f321ee0 2
present 90462955712073 90462955827730 0 55d37f321ee0 2
acquire 90463263974412 90463264027351 0 55d37f321ee0 3
present 90463264180164 90463264298824 0 55d37f321ee0 3
acquire 90463571841868 90463571876649 0 55d37f321ee0 2
present 90463572031767 90463572146376 0 55d37f321ee0 2
acquire 90463878835473 90463878870673 0 55d37f321ee0 3
present 90463879027257 90463879141098 0 55d37f321ee0 3
acquire 90464187311176 90464187350078 0 55d37f321ee0 2
present 90464187527405 90464187657239 0 55d37f321ee0 2
acquire 90464491831008 90464491865300 0 55d37f321ee0 3
present 90464492017833 90464492129788 0 55d37f321ee0 3
acquire 90464792531436 90464792563353 0 55d37f321ee0 2
present 90464792714140 90464792829518 0 55d37f321ee0 2
acquire 90465095602413 90465095637682 0 55d37f321ee0 3
present 90465095781765 90465095896234 0 55d37f321ee0 3
acquire 90465400365570 90465400396859 0 55d37f321ee0 2
present 90465400556935 90465400739011 0 55d37f321ee0 2
acquire 90465703101379 90465703135671 0 55d37f321ee0 3
present 90465703290090 90465703407004 0 55d37f321ee0 3
acquire 90466006975459 90466007022812 0 55d37f321ee0 2
present 90466007169129 90466007283668 0 55d37f321ee0 2
acquire 90466314564320 90466314600707 0 55d37f321ee0 3
present 90466314746396 90466314867082 0 55d37f321ee0 3
acquire 90466620529025 90466620562898 0 55d37f321ee0 2
present 90466620713755 90466620832415 0 55d37f321ee0 2
acquire 90466925575179 90466925610030 0 55d37f321ee0 3
present 90466925753414 90466925867185 0 55d37f321ee0 3
acquire 90467225874510 90467225905520 0 55d37f321ee0 2
present 90467226036542 90467226145215 0 55d37f321ee0 2
acquire 90467532145958 90467532182066 0 55d37f321ee0 3
present 90467532381811 90467532517862 0 55d37f321ee0 3
acquire 90467835319811 90467835360737 0 55d37f321ee0 2
present 90467835558877 90467835697092 0 55d37f321ee0 2
acquire 90468139176570 90468139234678 0 55d37f321ee0 3
present 90468139458659 90468139607909 0 55d37f321ee0 3
acquire 90468442478232 90468442510220 0 55d37f321ee0 2
present 90468442662403 90468442775406 0 55d37f321ee0 2
acquire 90468747627053 90468747659320 0 55d37f321ee0 3
present 90468747801796 90468747912843 0 55d37f321ee0 3
acquire 90469051878834 90469051917876 0 55d37f321ee0 2
present 90469052079698 90469052183132 0 55d37f321ee0 2
acquire 90469353095459 90469353129821 0 55d37f321ee0 3
present 90469353273833 90469353387395 0 55d37f321ee0 3
acquire 90469657418548 90469657453818 0 55d37f321ee0 2
present 90469657600205 90469657718027 0 55d37f321ee0 2
acquire 90469963902173 90469963935557 0 55d37f321ee0 3
present 90469964093887 90469964204446 0 55d37f321ee0 3
acquire 90470269059654 90470269086613 0 55d37f321ee0 2
present 90470269222175 90470269336365 0 55d37f321ee0 2
acquire 90470573321423 90470573348172 0 55d37f321ee0 3
present 90470573476261 90470573579765 0 55d37f321ee0 3
acquire 90470881158150 90470881189160 0 55d37f321ee0 2
present 90470881320880 90470881430461 0 55d37f321ee0 2
acquire 90471183491396 90471183521916 0 55d37f321ee0 3
present 90471183661110 90471183774671 0 55d37f321ee0 3
acquire 90471487113489 90471487144569 0 55d37f321ee0 2
present 90471487282365 90471487393133 0 55d37f321ee0 2
acquire 90471795127893 90471795162254 0 55d37f321ee0 3
present 90471795302426 90471795416267 0 55d37f321ee0 3
acquire 90472099242017 90472099272119 0 55d37f321ee0 2
present 90472099424582 90472099543731 0 55d37f321ee0 2
acquire 90472403778401 90472403819258 0 55d37f321ee0 3
present 90472403969976 90472404119645 0 55d37f321ee0 3
acquire 90472704122850 90472704151904 0 55d37f321ee0 2
present 90472704290888 90472704413948 0 55d37f321ee0 2
acquire 90473006215842 90473006244826 0 55d37f321ee0 3
present 90473006377803 90473006489689 0 55d37f321ee0 3
acquire 90473307346772 90473307379248 0 55d37f321ee0 2
present 90473307520327 90473307628930 0 55d37f321ee0 2
acquire 90473607926515 90473607958991 0 55d37f321ee0 3
present 90473608116693 90473608230953 0 55d37f321ee0 3
