launch_mono_ns 76031626557566
assets ready in 194 ms: font, 5000 labels, 28 glyphs
GPU 0: NVIDIA GeForce RTX 3050 Laptop GPU (discrete, vendor 4318, device 9698, Vulkan 1.4.341, 4096 MiB device-local, max image 32768)
queue family 0, swapchain 900x560, format 44, 4 images, 2 frames in flight, validation layer off (not installed)
window and GPU ready in 254 ms
redraw 1 at 469 ms: scene + GPU 21 ms, 28 glyphs cached, atlas 27 entries, 1870 texels uploaded
input: mapped expose
redraw 2 at 491 ms: scene + GPU 22 ms, 28 glyphs cached, atlas 27 entries, 1870 texels uploaded
redraw 3 at 510 ms: scene + GPU 19 ms, 28 glyphs cached, atlas 27 entries, 1870 texels uploaded
input: moved
input: focus-in
input: key-down 9
redraw 4 at 12843 ms: scene + GPU 25 ms, 28 glyphs cached, atlas 27 entries, 1870 texels uploaded
input: key-up 9
input: key-down 32
redraw 5 at 13535 ms: scene + GPU 33 ms, 28 glyphs cached, atlas 27 entries, 1870 texels uploaded
input: key-up 32 -> 1 activation(s)
redraw 6 at 13821 ms: scene + GPU 20 ms, 29 glyphs cached, atlas 28 entries, 1966 texels uploaded
input: key-down 32
redraw 7 at 14120 ms: scene + GPU 19 ms, 29 glyphs cached, atlas 28 entries, 1966 texels uploaded
input: key-up 32 -> 1 activation(s)
redraw 8 at 14423 ms: scene + GPU 21 ms, 30 glyphs cached, atlas 29 entries, 2074 texels uploaded
input: key-down 32
redraw 9 at 14723 ms: scene + GPU 21 ms, 30 glyphs cached, atlas 29 entries, 2074 texels uploaded
input: key-up 32 -> 1 activation(s)
redraw 10 at 15025 ms: scene + GPU 23 ms, 31 glyphs cached, atlas 30 entries, 2191 texels uploaded
input: key-down 32
redraw 11 at 15325 ms: scene + GPU 23 ms, 31 glyphs cached, atlas 30 entries, 2191 texels uploaded
input: key-up 32 -> 1 activation(s)
redraw 12 at 15629 ms: scene + GPU 27 ms, 32 glyphs cached, atlas 31 entries, 2299 texels uploaded
input: key-down 32
redraw 13 at 15926 ms: scene + GPU 24 ms, 32 glyphs cached, atlas 31 entries, 2299 texels uploaded
input: key-up 32 -> 1 activation(s)
redraw 14 at 16229 ms: scene + GPU 26 ms, 33 glyphs cached, atlas 32 entries, 2416 texels uploaded
input: key-down 32
redraw 15 at 16528 ms: scene + GPU 26 ms, 33 glyphs cached, atlas 32 entries, 2416 texels uploaded
input: key-up 32 -> 1 activation(s)
redraw 16 at 16833 ms: scene + GPU 30 ms, 34 glyphs cached, atlas 33 entries, 2533 texels uploaded
input: key-down 32
redraw 17 at 17130 ms: scene + GPU 27 ms, 34 glyphs cached, atlas 33 entries, 2533 texels uploaded
input: key-up 32 -> 1 activation(s)
redraw 18 at 17434 ms: scene + GPU 31 ms, 35 glyphs cached, atlas 34 entries, 2641 texels uploaded
input: key-down 32
redraw 19 at 17732 ms: scene + GPU 29 ms, 35 glyphs cached, atlas 34 entries, 2641 texels uploaded
input: key-up 32 -> 1 activation(s)
redraw 20 at 18034 ms: scene + GPU 30 ms, 36 glyphs cached, atlas 35 entries, 2758 texels uploaded
input: key-down 32
redraw 21 at 18334 ms: scene + GPU 31 ms, 36 glyphs cached, atlas 35 entries, 2758 texels uploaded
input: key-up 32 -> 1 activation(s)
redraw 22 at 18636 ms: scene + GPU 32 ms, 37 glyphs cached, atlas 36 entries, 2875 texels uploaded
input: key-down 32
redraw 23 at 18937 ms: scene + GPU 33 ms, 37 glyphs cached, atlas 36 entries, 2875 texels uploaded
input: key-up 32 -> 1 activation(s)
redraw 24 at 19239 ms: scene + GPU 35 ms, 37 glyphs cached, atlas 36 entries, 2875 texels uploaded
input: key-down 32
redraw 25 at 19540 ms: scene + GPU 36 ms, 37 glyphs cached, atlas 36 entries, 2875 texels uploaded
input: key-up 32 -> 1 activation(s)
redraw 26 at 19840 ms: scene + GPU 36 ms, 37 glyphs cached, atlas 36 entries, 2875 texels uploaded
input: key-down 32
redraw 27 at 20138 ms: scene + GPU 34 ms, 37 glyphs cached, atlas 36 entries, 2875 texels uploaded
input: key-up 32 -> 1 activation(s)
redraw 28 at 20437 ms: scene + GPU 33 ms, 37 glyphs cached, atlas 36 entries, 2875 texels uploaded
input: key-down 32
redraw 29 at 20737 ms: scene + GPU 33 ms, 37 glyphs cached, atlas 36 entries, 2875 texels uploaded
input: key-up 32 -> 1 activation(s)
redraw 30 at 21036 ms: scene + GPU 31 ms, 37 glyphs cached, atlas 36 entries, 2875 texels uploaded
input: key-down 32
redraw 31 at 21336 ms: scene + GPU 31 ms, 37 glyphs cached, atlas 36 entries, 2875 texels uploaded
input: key-up 32 -> 1 activation(s)
redraw 32 at 21637 ms: scene + GPU 32 ms, 37 glyphs cached, atlas 36 entries, 2875 texels uploaded
input: key-down 32
redraw 33 at 21938 ms: scene + GPU 33 ms, 37 glyphs cached, atlas 36 entries, 2875 texels uploaded
input: key-up 32 -> 1 activation(s)
redraw 34 at 22237 ms: scene + GPU 32 ms, 37 glyphs cached, atlas 36 entries, 2875 texels uploaded
input: key-down 32
redraw 35 at 22538 ms: scene + GPU 33 ms, 37 glyphs cached, atlas 36 entries, 2875 texels uploaded
input: key-up 32 -> 1 activation(s)
redraw 36 at 22838 ms: scene + GPU 32 ms, 37 glyphs cached, atlas 36 entries, 2875 texels uploaded
input: key-down 32
redraw 37 at 23138 ms: scene + GPU 32 ms, 37 glyphs cached, atlas 36 entries, 2875 texels uploaded
input: key-up 32 -> 1 activation(s)
redraw 38 at 23438 ms: scene + GPU 32 ms, 37 glyphs cached, atlas 36 entries, 2875 texels uploaded
input: key-down 32
redraw 39 at 23738 ms: scene + GPU 32 ms, 37 glyphs cached, atlas 36 entries, 2875 texels uploaded
input: key-up 32 -> 1 activation(s)
redraw 40 at 24039 ms: scene + GPU 33 ms, 37 glyphs cached, atlas 36 entries, 2875 texels uploaded
input: key-down 32
redraw 41 at 24338 ms: scene + GPU 32 ms, 37 glyphs cached, atlas 36 entries, 2875 texels uploaded
input: key-up 32 -> 1 activation(s)
redraw 42 at 24642 ms: scene + GPU 35 ms, 37 glyphs cached, atlas 36 entries, 2875 texels uploaded
input: key-down 32
redraw 43 at 24939 ms: scene + GPU 33 ms, 37 glyphs cached, atlas 36 entries, 2875 texels uploaded
input: key-up 32 -> 1 activation(s)
redraw 44 at 25239 ms: scene + GPU 32 ms, 37 glyphs cached, atlas 36 entries, 2875 texels uploaded
input: key-down 32
redraw 45 at 25539 ms: scene + GPU 32 ms, 37 glyphs cached, atlas 36 entries, 2875 texels uploaded
input: key-up 32 -> 1 activation(s)
redraw 46 at 25841 ms: scene + GPU 34 ms, 37 glyphs cached, atlas 36 entries, 2875 texels uploaded
input: key-down 32
redraw 47 at 26140 ms: scene + GPU 33 ms, 37 glyphs cached, atlas 36 entries, 2875 texels uploaded
input: key-up 32 -> 1 activation(s)
redraw 48 at 26440 ms: scene + GPU 33 ms, 37 glyphs cached, atlas 36 entries, 2875 texels uploaded
input: key-down 32
redraw 49 at 26741 ms: scene + GPU 34 ms, 37 glyphs cached, atlas 36 entries, 2875 texels uploaded
input: key-up 32 -> 1 activation(s)
redraw 50 at 27041 ms: scene + GPU 33 ms, 37 glyphs cached, atlas 36 entries, 2875 texels uploaded
input: key-down 32
redraw 51 at 27341 ms: scene + GPU 33 ms, 37 glyphs cached, atlas 36 entries, 2875 texels uploaded
input: key-up 32 -> 1 activation(s)
redraw 52 at 27641 ms: scene + GPU 33 ms, 37 glyphs cached, atlas 36 entries, 2875 texels uploaded
input: key-down 32
redraw 53 at 27942 ms: scene + GPU 34 ms, 37 glyphs cached, atlas 36 entries, 2875 texels uploaded
input: key-up 32 -> 1 activation(s)
redraw 54 at 28241 ms: scene + GPU 33 ms, 37 glyphs cached, atlas 36 entries, 2875 texels uploaded
input: key-down 32
redraw 55 at 28541 ms: scene + GPU 33 ms, 37 glyphs cached, atlas 36 entries, 2875 texels uploaded
input: key-up 32 -> 1 activation(s)
redraw 56 at 28841 ms: scene + GPU 32 ms, 37 glyphs cached, atlas 36 entries, 2875 texels uploaded
input: key-down 32
redraw 57 at 29142 ms: scene + GPU 34 ms, 37 glyphs cached, atlas 36 entries, 2875 texels uploaded
input: key-up 32 -> 1 activation(s)
redraw 58 at 29442 ms: scene + GPU 33 ms, 37 glyphs cached, atlas 36 entries, 2875 texels uploaded
input: key-down 32
redraw 59 at 29742 ms: scene + GPU 33 ms, 37 glyphs cached, atlas 36 entries, 2875 texels uploaded
input: key-up 32 -> 1 activation(s)
redraw 60 at 30044 ms: scene + GPU 35 ms, 37 glyphs cached, atlas 36 entries, 2875 texels uploaded
input: key-down 32
redraw 61 at 30343 ms: scene + GPU 34 ms, 37 glyphs cached, atlas 36 entries, 2875 texels uploaded
input: key-up 32 -> 1 activation(s)
redraw 62 at 30642 ms: scene + GPU 33 ms, 37 glyphs cached, atlas 36 entries, 2875 texels uploaded
input: key-down 32
redraw 63 at 30942 ms: scene + GPU 33 ms, 37 glyphs cached, atlas 36 entries, 2875 texels uploaded
input: key-up 32 -> 1 activation(s)
redraw 64 at 31242 ms: scene + GPU 32 ms, 37 glyphs cached, atlas 36 entries, 2875 texels uploaded
input: close
frames presented: 64, redraws: 64, clicks: 30
teardown: 0 native objects left; driver messages: 0 warnings, 0 errors
window objects left: 0
exit=0
