instance 76031890773930 76031904273880 0 pid 1657016
device 76031904963562 76032018209912 0
swapchain 76032018598369 76032071369244 0 5ac153d2beb0 900x560 mode 2 images 4
acquire 76032087928657 76032087944581 0 5ac153d2beb0 3
present 76032095917649 76032096159300 0 5ac153d2beb0 3
acquire 76032107555494 76032107571348 0 5ac153d2beb0 2
present 76032115028151 76032115158265 1000001003 5ac153d2beb0 2
swapchain 76032115665312 76032118691600 0 5ac153ea0f80 900x560 mode 2 images 4
acquire 76032130209527 76032130224334 0 5ac153ea0f80 3
present 76032137179747 76032137293867 0 5ac153ea0f80 3
acquire 76044457377346 76044457391943 0 5ac153ea0f80 2
present 76044469868092 76044470044161 0 5ac153ea0f80 2
acquire 76045149608021 76045149630370 0 5ac153ea0f80 1
present 76045162152753 76045162366118 0 5ac153ea0f80 1
acquire 76045441757989 76045441772656 0 5ac153ea0f80 0
present 76045448071003 76045448213968 0 5ac153ea0f80 0
acquire 76045741329002 76045741360919 0 5ac153ea0f80 3
present 76045747614987 76045747735673 0 5ac153ea0f80 3
acquire 76046043393694 76046043430011 0 5ac153ea0f80 2
present 76046050062688 76046050213754 0 5ac153ea0f80 2
acquire 76046343028331 76046343056407 0 5ac153ea0f80 3
present 76046349909154 76046350036753 0 5ac153ea0f80 3
acquire 76046645756444 76046645783193 0 5ac153ea0f80 2
present 76046652359089 76046652479216 0 5ac153ea0f80 2
acquire 76046945246580 76046945274307 0 5ac153ea0f80 3
present 76046952145771 76046952271694 0 5ac153ea0f80 3
acquire 76047249623294 76047249654303 0 5ac153ea0f80 2
present 76047256547069 76047256674180 0 5ac153ea0f80 2
acquire 76047546347300 76047546379287 0 5ac153ea0f80 3
present 76047553774141 76047553909982 0 5ac153ea0f80 3
acquire 76047848841654 76047848876924 0 5ac153ea0f80 2
present 76047856174489 76047856292800 0 5ac153ea0f80 2
acquire 76048148193575 76048148222210 0 5ac153ea0f80 3
present 76048155450981 76048155587450 0 5ac153ea0f80 3
acquire 76048453308160 76048453340008 0 5ac153ea0f80 2
present 76048460392639 76048460508715 0 5ac153ea0f80 2
acquire 76048749422872 76048749451437 0 5ac153ea0f80 3
present 76048757679845 76048757827000 0 5ac153ea0f80 3
acquire 76049053648589 76049053676385 0 5ac153ea0f80 2
present 76049061051474 76049061203518 0 5ac153ea0f80 2
acquire 76049351631691 76049351672758 0 5ac153ea0f80 3
present 76049359231598 76049359361922 0 5ac153ea0f80 3
acquire 76049654443683 76049654473226 0 5ac153ea0f80 2
present 76049661395673 76049661519222 0 5ac153ea0f80 2
acquire 76049953806079 76049953838066 0 5ac153ea0f80 3
present 76049961492519 76049961619630 0 5ac153ea0f80 3
acquire 76050256027284 76050256055011 0 5ac153ea0f80 2
present 76050263053865 76050263176366 0 5ac153ea0f80 2
acquire 76050556680065 76050556709678 0 5ac153ea0f80 3
present 76050564365039 76050564483769 0 5ac153ea0f80 3
acquire 76050858303918 76050858334439 0 5ac153ea0f80 2
present 76050866441672 76050866562637 0 5ac153ea0f80 2
acquire 76051159484490 76051159514521 0 5ac153ea0f80 3
present 76051167526003 76051167657723 0 5ac153ea0f80 3
acquire 76051459170040 76051459199513 0 5ac153ea0f80 2
present 76051467732219 76051467873229 0 5ac153ea0f80 2
acquire 76051756878248 76051756912121 0 5ac153ea0f80 3
present 76051765487989 76051765615868 0 5ac153ea0f80 3
acquire 76052056198529 76052056230028 0 5ac153ea0f80 2
present 76052064412410 76052064542455 0 5ac153ea0f80 2
acquire 76052355937578 76052355969496 0 5ac153ea0f80 3
present 76052364389827 76052364504995 0 5ac153ea0f80 3
acquire 76052655839707 76052655888945 0 5ac153ea0f80 2
present 76052663522236 76052663650115 0 5ac153ea0f80 2
acquire 76052956099701 76052956129314 0 5ac153ea0f80 3
present 76052963657773 76052963782440 0 5ac153ea0f80 3
acquire 76053256440990 76053256468717 0 5ac153ea0f80 2
present 76053263985793 76053264117374 0 5ac153ea0f80 2
acquire 76053556552153 76053556581696 0 5ac153ea0f80 3
present 76053564905227 76053565038345 0 5ac153ea0f80 3
acquire 76053856592985 76053856620852 0 5ac153ea0f80 2
present 76053864250023 76053864377762 0 5ac153ea0f80 2
acquire 76054157107201 76054157148617 0 5ac153ea0f80 3
present 76054164870258 76054164985845 0 5ac153ea0f80 3
acquire 76054457602281 76054457631335 0 5ac153ea0f80 2
present 76054465329718 76054465446772 0 5ac153ea0f80 2
acquire 76054757232587 76054757263107 0 5ac153ea0f80 3
present 76054765386754 76054765502969 0 5ac153ea0f80 3
acquire 76055057124169 76055057154689 0 5ac153ea0f80 2
present 76055065773160 76055065888887 0 5ac153ea0f80 2
acquire 76055357245318 76055357274023 0 5ac153ea0f80 3
present 76055365808824 76055365930976 0 5ac153ea0f80 3
acquire 76055657825603 76055657855984 0 5ac153ea0f80 2
present 76055666240208 76055666367109 0 5ac153ea0f80 2
acquire 76055957480982 76055957510315 0 5ac153ea0f80 3
present 76055965269181 76055965385606 0 5ac153ea0f80 3
acquire 76056259081088 76056259117336 0 5ac153ea0f80 2
present 76056269041418 76056269156306 0 5ac153ea0f80 2
acquire 76056558252118 76056558281731 0 5ac153ea0f80 3
present 76056566120495 76056566239574 0 5ac153ea0f80 3
acquire 76056858153827 76056858182950 0 5ac153ea0f80 2
present 76056866472539 76056866589733 0 5ac153ea0f80 2
acquire 76057158239287 76057158267433 0 5ac153ea0f80 3
present 76057166104172 76057166239524 0 5ac153ea0f80 3
acquire 76057459545222 76057459573787 0 5ac153ea0f80 2
present 76057467872525 76057467989928 0 5ac153ea0f80 2
acquire 76057758897140 76057758926264 0 5ac153ea0f80 3
present 76057767070304 76057767187078 0 5ac153ea0f80 3
acquire 76058059098607 76058059128220 0 5ac153ea0f80 2
present 76058067504202 76058067625935 0 5ac153ea0f80 2
acquire 76058360255780 76058360284345 0 5ac153ea0f80 3
present 76058368506677 76058368621007 0 5ac153ea0f80 3
acquire 76058659702542 76058659729711 0 5ac153ea0f80 2
present 76058668192506 76058668304461 0 5ac153ea0f80 2
acquire 76058959932644 76058959974548 0 5ac153ea0f80 3
present 76058968496219 76058968618791 0 5ac153ea0f80 3
acquire 76059260086199 76059260116719 0 5ac153ea0f80 2
present 76059268656968 76059268779051 0 5ac153ea0f80 2
acquire 76059559941323 76059559970377 0 5ac153ea0f80 3
present 76059569075012 76059569207151 0 5ac153ea0f80 3
acquire 76059860057513 76059860085728 0 5ac153ea0f80 2
present 76059868569476 76059868689812 0 5ac153ea0f80 2
acquire 76060160192630 76060160221195 0 5ac153ea0f80 3
present 76060168654866 76060168773735 0 5ac153ea0f80 3
acquire 76060460045728 76060460072896 0 5ac153ea0f80 2
present 76060468258910 76060468376174 0 5ac153ea0f80 2
acquire 76060760707796 76060760740482 0 5ac153ea0f80 3
present 76060769668908 76060769784006 0 5ac153ea0f80 3
acquire 76061060942716 76061060969395 0 5ac153ea0f80 2
present 76061069516559 76061069632774 0 5ac153ea0f80 2
acquire 76061360468818 76061360495916 0 5ac153ea0f80 3
present 76061368944394 76061369098184 0 5ac153ea0f80 3
acquire 76061662739608 76061662769639 0 5ac153ea0f80 2
present 76061671334682 76061671456345 0 5ac153ea0f80 2
acquire 76061961711869 76061961741970 0 5ac153ea0f80 3
present 76061970311552 76061970432028 0 5ac153ea0f80 3
acquire 76062261223793 76062261253824 0 5ac153ea0f80 2
present 76062269543972 76062269682118 0 5ac153ea0f80 2
acquire 76062561101055 76062561129201 0 5ac153ea0f80 3
present 76062569758567 76062569880859 0 5ac153ea0f80 3
acquire 76062861221785 76062861251397 0 5ac153ea0f80 2
present 76062869393481 76062869516053 0 5ac153ea0f80 2
