instance 87967041172048 87967078943628 0 pid 3418900
device 87967079730180 87967201112834 0
swapchain 87967201514211 87967258824422 0 5637a04eadc0 900x560 mode 2 images 4
acquire 87967279125508 87967279141013 0 5637a04eadc0 3
present 87967279320156 87967279519552 0 5637a04eadc0 3
acquire 87967279754638 87967279763857 0 5637a04eadc0 2
present 87967279811907 87967279877768 0 5637a04eadc0 2
acquire 87979642809622 87979642824010 0 5637a04eadc0 1
present 87979642935546 87979643069641 0 5637a04eadc0 1
acquire 87980323895209 87980323912879 0 5637a04eadc0 0
present 87980324080428 87980324220250 0 5637a04eadc0 0
acquire 87980631094598 87980631130845 0 5637a04eadc0 3
present 87980631253067 87980631360483 0 5637a04eadc0 3
acquire 87980929326727 87980929360600 0 5637a04eadc0 2
present 87980929554759 87980929677260 0 5637a04eadc0 2
acquire 87981240361096 87981240390289 0 5637a04eadc0 3
present 87981240496448 87981240607286 0 5637a04eadc0 3
acquire 87981541200118 87981541233921 0 5637a04eadc0 2
present 87981541378073 87981541495825 0 5637a04eadc0 2
acquire 87981850338647 87981850367980 0 5637a04eadc0 3
present 87981850493904 87981850606837 0 5637a04eadc0 3
acquire 87982144211150 87982144240693 0 5637a04eadc0 2
present 87982144431359 87982144543175 0 5637a04eadc0 2
acquire 87982460945467 87982460975499 0 5637a04eadc0 3
present 87982461151010 87982461284616 0 5637a04eadc0 3
acquire 87982754294231 87982754331456 0 5637a04eadc0 2
present 87982754495653 87982754620808 0 5637a04eadc0 2
acquire 87983068685935 87983068720506 0 5637a04eadc0 3
present 87983068837840 87983068954963 0 5637a04eadc0 3
acquire 87983365935399 87983366063627 0 5637a04eadc0 2
present 87983366362757 87983366490357 0 5637a04eadc0 2
acquire 87983679027987 87983679055574 0 5637a04eadc0 3
present 87983679161663 87983679276063 0 5637a04eadc0 3
acquire 87983978853054 87983978890629 0 5637a04eadc0 2
present 87983979119219 87983979273428 0 5637a04eadc0 2
acquire 87984295737530 87984295773149 0 5637a04eadc0 3
present 87984295898304 87984296038336 0 5637a04eadc0 3
acquire 87984590187130 87984590216184 0 5637a04eadc0 2
present 87984590355867 87984590473829 0 5637a04eadc0 2
acquire 87984899043990 87984899072136 0 5637a04eadc0 3
present 87984899173685 87984899279844 0 5637a04eadc0 3
acquire 87985197739795 87985197773668 0 5637a04eadc0 2
present 87985197937795 87985198073287 0 5637a04eadc0 2
acquire 87985505472770 87985505506155 0 5637a04eadc0 3
present 87985505634453 87985505748853 0 5637a04eadc0 3
acquire 87985805835615 87985805872980 0 5637a04eadc0 2
present 87985806077196 87985806216529 0 5637a04eadc0 2
acquire 87986117506655 87986117534801 0 5637a04eadc0 3
present 87986117633277 87986117738947 0 5637a04eadc0 3
acquire 87986416792967 87986416830682 0 5637a04eadc0 2
present 87986416988593 87986417126878 0 5637a04eadc0 2
acquire 87986728593982 87986728629322 0 5637a04eadc0 3
present 87986728790795 87986728910712 0 5637a04eadc0 3
acquire 87987028510122 87987028540643 0 5637a04eadc0 2
present 87987028677951 87987028797798 0 5637a04eadc0 2
acquire 87987336872716 87987336916017 0 5637a04eadc0 3
present 87987337078258 87987337204671 0 5637a04eadc0 3
acquire 87987632665432 87987632699305 0 5637a04eadc0 2
present 87987632852816 87987632973362 0 5637a04eadc0 2
acquire 87987947354519 87987947388323 0 5637a04eadc0 3
present 87987947532335 87987947651135 0 5637a04eadc0 3
acquire 87988249123825 87988249157209 0 5637a04eadc0 2
present 87988249294168 87988249413876 0 5637a04eadc0 2
acquire 87988561888439 87988561921823 0 5637a04eadc0 3
present 87988562076032 87988562187499 0 5637a04eadc0 3
acquire 87988864491788 87988864526569 0 5637a04eadc0 2
present 87988864689509 87988864806283 0 5637a04eadc0 2
acquire 87989174961630 87989174995992 0 5637a04eadc0 3
present 87989175177998 87989175311115 0 5637a04eadc0 3
acquire 87989470670816 87989470717470 0 5637a04eadc0 2
present 87989470950530 87989471127298 0 5637a04eadc0 2
acquire 87989780023199 87989780055186 0 5637a04eadc0 3
present 87989780222805 87989780364792 0 5637a04eadc0 3
acquire 87990078316369 87990078345493 0 5637a04eadc0 2
present 87990078491112 87990078617105 0 5637a04eadc0 2
acquire 87990386984238 87990387048352 0 5637a04eadc0 3
present 87990387168968 87990387274847 0 5637a04eadc0 3
acquire 87990684920660 87990684952158 0 5637a04eadc0 2
present 87990685091212 87990685203726 0 5637a04eadc0 2
acquire 87990998666123 87990998695665 0 5637a04eadc0 3
present 87990998832903 87990998937945 0 5637a04eadc0 3
acquire 87991298494961 87991298532116 0 5637a04eadc0 2
present 87991298699805 87991298824332 0 5637a04eadc0 2
acquire 87991609869316 87991609907239 0 5637a04eadc0 3
present 87991610116972 87991610234794 0 5637a04eadc0 3
acquire 87991903792383 87991903826256 0 5637a04eadc0 2
present 87991903977742 87991904113443 0 5637a04eadc0 2
acquire 87992217613135 87992217650640 0 5637a04eadc0 3
present 87992217795979 87992217912544 0 5637a04eadc0 3
acquire 87992513197585 87992513227616 0 5637a04eadc0 2
present 87992513362689 87992513475622 0 5637a04eadc0 2
acquire 87992822864811 87992822900151 0 5637a04eadc0 3
present 87992823067560 87992823180074 0 5637a04eadc0 3
acquire 87993120278681 87993120312065 0 5637a04eadc0 2
present 87993120453563 87993120572014 0 5637a04eadc0 2
acquire 87993431745295 87993431778680 0 5637a04eadc0 3
present 87993431904533 87993432022216 0 5637a04eadc0 3
acquire 87993729738149 87993729775933 0 5637a04eadc0 2
present 87993729928466 87993730061863 0 5637a04eadc0 2
acquire 87994037549485 87994037575745 0 5637a04eadc0 3
present 87994037702158 87994037810551 0 5637a04eadc0 3
acquire 87994335273380 87994335314516 0 5637a04eadc0 2
present 87994335486745 87994335606941 0 5637a04eadc0 2
acquire 87994647658197 87994647693536 0 5637a04eadc0 3
present 87994647838596 87994647951669 0 5637a04eadc0 3
acquire 87994946861816 87994946893734 0 5637a04eadc0 2
present 87994947064076 87994947175892 0 5637a04eadc0 2
acquire 87995257185620 87995257217537 0 5637a04eadc0 3
present 87995257356381 87995257463797 0 5637a04eadc0 3
acquire 87995559028119 87995559062690 0 5637a04eadc0 2
present 87995559196436 87995559307903 0 5637a04eadc0 2
acquire 87995867404261 87995867438902 0 5637a04eadc0 3
present 87995867604915 87995867721270 0 5637a04eadc0 3
acquire 87996165014454 87996165052098 0 5637a04eadc0 2
present 87996165215736 87996165337330 0 5637a04eadc0 2
acquire 87996479309637 87996479340646 0 5637a04eadc0 3
present 87996479466290 87996479575103 0 5637a04eadc0 3
acquire 87996777224058 87996777256953 0 5637a04eadc0 2
present 87996777405715 87996777521861 0 5637a04eadc0 2
acquire 87997088140254 87997088169587 0 5637a04eadc0 3
present 87997088303194 87997088410609 0 5637a04eadc0 3
acquire 87997382286115 87997382319080 0 5637a04eadc0 2
present 87997382450242 87997382564153 0 5637a04eadc0 2
acquire 87997692729346 87997692762661 0 5637a04eadc0 3
present 87997692891308 87997693021213 0 5637a04eadc0 3
acquire 87997985857132 87997985888211 0 5637a04eadc0 2
present 87997986106256 87997986220795 0 5637a04eadc0 2
acquire 87998292216959 87998292249645 0 5637a04eadc0 3
present 87998292400781 87998292512667 0 5637a04eadc0 3
swapchain 87999306086503 87999309624448 0 5637a06813f0 1100x700 mode 2 images 4
acquire 87999318118742 87999318131663 0 5637a06813f0 3
present 87999318255282 87999318374920 0 5637a06813f0 3
acquire 87999318518094 87999318526126 0 5637a06813f0 2
present 87999318572989 87999318645834 0 5637a06813f0 2
swapchain 88000809838325 88000814088510 0 5637a04eadc0 640x760 mode 2 images 4
acquire 88000822381033 88000822396049 0 5637a04eadc0 3
present 88000822527351 88000822670106 0 5637a04eadc0 3
swapchain 88002318216915 88002321993647 0 5637a06813f0 1280x480 mode 2 images 4
acquire 88002330115479 88002330127910 0 5637a06813f0 3
present 88002330259771 88002330375078 0 5637a06813f0 3
swapchain 88003825717671 88003829698829 0 5637a04eadc0 760x560 mode 2 images 4
acquire 88003838185021 88003838200666 0 5637a04eadc0 3
present 88003838335040 88003838476958 0 5637a04eadc0 3
swapchain 88005333308802 88005339293702 0 5637a0693a90 900x560 mode 2 images 4
acquire 88005347753705 88005347767883 0 5637a0693a90 3
present 88005347891362 88005348047946 0 5637a0693a90 3
acquire 88005348216822 88005348226949 0 5637a0693a90 2
present 88005348287431 88005348368517 0 5637a0693a90 2
