instance 90582246260854 90582258623785 0 pid 3824744
device 90582259352438 90582377823699 0
swapchain 90582378209222 90582434158897 0 5ee5a03b1ee0 900x560 mode 2 images 4
acquire 90582441064720 90582441074777 0 5ee5a03b1ee0 3
present 90582441233176 90582441415671 0 5ee5a03b1ee0 3
acquire 90582441503252 90582441511354 0 5ee5a03b1ee0 2
present 90582441552281 90582441610458 0 5ee5a03b1ee0 2
acquire 90594790827468 90594790841716 0 5ee5a03b1ee0 1
present 90594790950039 90594791332629 0 5ee5a03b1ee0 1
acquire 90595472271608 90595472288231 0 5ee5a03b1ee0 0
present 90595472400395 90595472517798 0 5ee5a03b1ee0 0
acquire 90595773910991 90595773944584 0 5ee5a03b1ee0 3
present 90595774091041 90595774196501 0 5ee5a03b1ee0 3
acquire 90596077796744 90596077827264 0 5ee5a03b1ee0 2
present 90596077974559 90596078090635 0 5ee5a03b1ee0 2
acquire 90596382918964 90596382949974 0 5ee5a03b1ee0 3
present 90596383073663 90596383214881 0 5ee5a03b1ee0 3
acquire 90596689622808 90596689657100 0 5ee5a03b1ee0 2
present 90596689795525 90596689909017 0 5ee5a03b1ee0 2
acquire 90596991388672 90596991417796 0 5ee5a03b1ee0 3
present 90596991533872 90596991647294 0 5ee5a03b1ee0 3
acquire 90597292671167 90597292737516 0 5ee5a03b1ee0 2
present 90597292975744 90597293166829 0 5ee5a03b1ee0 2
acquire 90597600411732 90597600437503 0 5ee5a03b1ee0 3
present 90597600542754 90597600657224 0 5ee5a03b1ee0 3
acquire 90597902687018 90597902720402 0 5ee5a03b1ee0 2
present 90597902885577 90597903052008 0 5ee5a03b1ee0 2
acquire 90598210041572 90598210076911 0 5ee5a03b1ee0 3
present 90598210236219 90598210376390 0 5ee5a03b1ee0 3
acquire 90598514146277 90598514178264 0 5ee5a03b1ee0 2
present 90598514317038 90598514445337 0 5ee5a03b1ee0 2
acquire 90598821677808 90598821713497 0 5ee5a03b1ee0 3
present 90598821867287 90598822051179 0 5ee5a03b1ee0 3
acquire 90599127480491 90599127514643 0 5ee5a03b1ee0 2
present 90599127666827 90599127793310 0 5ee5a03b1ee0 2
acquire 90599435188930 90599435220358 0 5ee5a03b1ee0 3
present 90599435345933 90599435478002 0 5ee5a03b1ee0 3
acquire 90599739000093 90599739047864 0 5ee5a03b1ee0 2
present 90599739197883 90599739323038 0 5ee5a03b1ee0 2
acquire 90600041926857 90600041964362 0 5ee5a03b1ee0 3
present 90600042124996 90600042249523 0 5ee5a03b1ee0 3
acquire 90600346501104 90600346535885 0 5ee5a03b1ee0 2
present 90600346690933 90600346815529 0 5ee5a03b1ee0 2
acquire 90600648922289 90600648951133 0 5ee5a03b1ee0 3
present 90600649071330 90600649176231 0 5ee5a03b1ee0 3
acquire 90600954515030 90600954546039 0 5ee5a03b1ee0 2
present 90600954678667 90600954805569 0 5ee5a03b1ee0 2
acquire 90601258493532 90601258527126 0 5ee5a03b1ee0 3
present 90601258675887 90601258799995 0 5ee5a03b1ee0 3
acquire 90601565427712 90601565461585 0 5ee5a03b1ee0 2
present 90601565608600 90601565727470 0 5ee5a03b1ee0 2
acquire 90601871354293 90601871386770 0 5ee5a03b1ee0 3
present 90601871531341 90601871645880 0 5ee5a03b1ee0 3
acquire 90602177164520 90602177196018 0 5ee5a03b1ee0 2
present 90602177358538 90602177519871 0 5ee5a03b1ee0 2
acquire 90602479113788 90602479141934 0 5ee5a03b1ee0 3
present 90602479280987 90602479387914 0 5ee5a03b1ee0 3
acquire 90602781266922 90602781296953 0 5ee5a03b1ee0 2
present 90602781440617 90602781557391 0 5ee5a03b1ee0 2
acquire 90603089675169 90603089703804 0 5ee5a03b1ee0 3
present 90603089826864 90603089929461 0 5ee5a03b1ee0 3
acquire 90603397582655 90603397610801 0 5ee5a03b1ee0 2
present 90603397748737 90603397867467 0 5ee5a03b1ee0 2
acquire 90603704563768 90603704592333 0 5ee5a03b1ee0 3
present 90603704730549 90603704846136 0 5ee5a03b1ee0 3
acquire 90604013082504 90604013119031 0 5ee5a03b1ee0 2
present 90604013258714 90604013377653 0 5ee5a03b1ee0 2
acquire 90604317526498 90604317556530 0 5ee5a03b1ee0 3
present 90604317701939 90604317817317 0 5ee5a03b1ee0 3
acquire 90604618243140 90604618273660 0 5ee5a03b1ee0 2
present 90604618398187 90604618504066 0 5ee5a03b1ee0 2
acquire 90604921300298 90604921330819 0 5ee5a03b1ee0 3
present 90604921464495 90604921581688 0 5ee5a03b1ee0 3
acquire 90605226084348 90605226115847 0 5ee5a03b1ee0 2
present 90605226259021 90605226374888 0 5ee5a03b1ee0 2
acquire 90605528829875 90605528866542 0 5ee5a03b1ee0 3
present 90605529030459 90605529144999 0 5ee5a03b1ee0 3
acquire 90605832679172 90605832709693 0 5ee5a03b1ee0 2
present 90605832846651 90605832964962 0 5ee5a03b1ee0 2
acquire 90606140272303 90606140306246 0 5ee5a03b1ee0 3
present 90606140452493 90606140575484 0 5ee5a03b1ee0 3
acquire 90606446264745 90606446294847 0 5ee5a03b1ee0 2
present 90606446444517 90606446570440 0 5ee5a03b1ee0 2
acquire 90606751288142 90606751319430 0 5ee5a03b1ee0 3
present 90606751461487 90606751574141 0 5ee5a03b1ee0 3
acquire 90607051595374 90607051626384 0 5ee5a03b1ee0 2
present 90607051766066 90607051882771 0 5ee5a03b1ee0 2
acquire 90607357755785 90607357801461 0 5ee5a03b1ee0 3
present 90607357998762 90607358176158 0 5ee5a03b1ee0 3
acquire 90607660909673 90607660942149 0 5ee5a03b1ee0 2
present 90607661096917 90607661217533 0 5ee5a03b1ee0 2
acquire 90607964680329 90607964712735 0 5ee5a03b1ee0 3
present 90607964884823 90607965033795 0 5ee5a03b1ee0 3
acquire 90608268113023 90608268143054 0 5ee5a03b1ee0 2
present 90608268323594 90608268464882 0 5ee5a03b1ee0 2
acquire 90608573373600 90608573402304 0 5ee5a03b1ee0 3
present 90608573538495 90608573654990 0 5ee5a03b1ee0 3
acquire 90608877481099 90608877509245 0 5ee5a03b1ee0 2
present 90608877641175 90608877748172 0 5ee5a03b1ee0 2
acquire 90609178714216 90609178743829 0 5ee5a03b1ee0 3
present 90609178864095 90609178963828 0 5ee5a03b1ee0 3
acquire 90609483044439 90609483074960 0 5ee5a03b1ee0 2
present 90609483216737 90609483343639 0 5ee5a03b1ee0 2
acquire 90609789497693 90609789531008 0 5ee5a03b1ee0 3
present 90609789680887 90609789793401 0 5ee5a03b1ee0 3
acquire 90610094683051 90610094717343 0 5ee5a03b1ee0 2
present 90610094888175 90610095031768 0 5ee5a03b1ee0 2
acquire 90610399040443 90610399077109 0 5ee5a03b1ee0 3
present 90610399220353 90610399325534 0 5ee5a03b1ee0 3
acquire 90610706757822 90610706789180 0 5ee5a03b1ee0 2
present 90610706932075 90610707071827 0 5ee5a03b1ee0 2
acquire 90611009127324 90611009161756 0 5ee5a03b1ee0 3
present 90611009292498 90611009414511 0 5ee5a03b1ee0 3
acquire 90611312690063 90611312719675 0 5ee5a03b1ee0 2
present 90611312865015 90611312975783 0 5ee5a03b1ee0 2
acquire 90611620691067 90611620722076 0 5ee5a03b1ee0 3
present 90611620873282 90611620992012 0 5ee5a03b1ee0 3
acquire 90611924793189 90611924821824 0 5ee5a03b1ee0 2
present 90611924958782 90611925094693 0 5ee5a03b1ee0 2
acquire 90612229385665 90612229420516 0 5ee5a03b1ee0 3
present 90612229588484 90612229719017 0 5ee5a03b1ee0 3
acquire 90612529643661 90612529672715 0 5ee5a03b1ee0 2
present 90612529809114 90612529913457 0 5ee5a03b1ee0 2
acquire 90612831777310 90612831814605 0 5ee5a03b1ee0 3
present 90612832024059 90612832155639 0 5ee5a03b1ee0 3
acquire 90613132960561 90613132995900 0 5ee5a03b1ee0 2
present 90613133215132 90613133367246 0 5ee5a03b1ee0 2
acquire 90613433537870 90613433568390 0 5ee5a03b1ee0 3
present 90613433696758 90613433808923 0 5ee5a03b1ee0 3
