instance 88635681097791 88635693796929 0 pid 3517862
device 88635694519365 88635826761117 0
swapchain 88635827203700 88635876824057 0 5c89fe3e6e30 900x560 mode 2 images 4
acquire 88635884816812 88635884831130 0 5c89fe3e6e30 3
present 88635885723210 88635885924562 0 5c89fe3e6e30 3
acquire 88635886040917 88635886049997 0 5c89fe3e6e30 2
present 88635886094206 88635886155038 0 5c89fe3e6e30 2
acquire 88648209237928 88648209253293 0 5c89fe3e6e30 1
present 88648209360429 88648209487051 0 5c89fe3e6e30 1
acquire 88648890303992 88648890322919 0 5c89fe3e6e30 0
present 88648890463300 88648890587268 0 5c89fe3e6e30 0
acquire 88649192294409 88649192338688 0 5c89fe3e6e30 3
present 88649192489405 88649192596262 0 5c89fe3e6e30 3
acquire 88649495812180 88649495842491 0 5c89fe3e6e30 2
present 88649495980078 88649496092523 0 5c89fe3e6e30 2
acquire 88649801167122 88649801197224 0 5c89fe3e6e30 3
present 88649801294583 88649801398576 0 5c89fe3e6e30 3
acquire 88650107622132 88650107655446 0 5c89fe3e6e30 2
present 88650107793173 88650107901985 0 5c89fe3e6e30 2
acquire 88650409554371 88650409578257 0 5c89fe3e6e30 3
present 88650409681692 88650409784358 0 5c89fe3e6e30 3
acquire 88650710669121 88650710702994 0 5c89fe3e6e30 2
present 88650710851685 88650710980891 0 5c89fe3e6e30 2
acquire 88651016709414 88651016736024 0 5c89fe3e6e30 3
present 88651016831706 88651016935979 0 5c89fe3e6e30 3
acquire 88651320654056 88651320685484 0 5c89fe3e6e30 2
present 88651320827331 88651320951788 0 5c89fe3e6e30 2
acquire 88651628396307 88651628428574 0 5c89fe3e6e30 3
present 88651628552542 88651628675113 0 5c89fe3e6e30 3
acquire 88651932202035 88651932235419 0 5c89fe3e6e30 2
present 88651932379152 88651932507939 0 5c89fe3e6e30 2
acquire 88652239350009 88652239383393 0 5c89fe3e6e30 3
present 88652239503519 88652239612402 0 5c89fe3e6e30 3
acquire 88652545069662 88652545096831 0 5c89fe3e6e30 2
present 88652545218913 88652545325840 0 5c89fe3e6e30 2
acquire 88652852353617 88652852382671 0 5c89fe3e6e30 3
present 88652852488899 88652852596105 0 5c89fe3e6e30 3
acquire 88653156587611 88653156621973 0 5c89fe3e6e30 2
present 88653156764728 88653156889674 0 5c89fe3e6e30 2
acquire 88653459750941 88653459781811 0 5c89fe3e6e30 3
present 88653459886433 88653459992452 0 5c89fe3e6e30 3
acquire 88653764070002 88653764102478 0 5c89fe3e6e30 2
present 88653764249004 88653764381004 0 5c89fe3e6e30 2
acquire 88654066181036 88654066221264 0 5c89fe3e6e30 3
present 88654066344813 88654066462845 0 5c89fe3e6e30 3
acquire 88654372162245 88654372195839 0 5c89fe3e6e30 2
present 88654372339432 88654372463470 0 5c89fe3e6e30 2
acquire 88654676124139 88654676156615 0 5c89fe3e6e30 3
present 88654676308590 88654676425085 0 5c89fe3e6e30 3
acquire 88654983051626 88654983080889 0 5c89fe3e6e30 2
present 88654983214076 88654983323657 0 5c89fe3e6e30 2
acquire 88655288961877 88655289010626 0 5c89fe3e6e30 3
present 88655289157921 88655289273369 0 5c89fe3e6e30 3
acquire 88655594772396 88655594805291 0 5c89fe3e6e30 2
present 88655594948256 88655595083817 0 5c89fe3e6e30 2
acquire 88655896727685 88655896762396 0 5c89fe3e6e30 3
present 88655896918770 88655897047767 0 5c89fe3e6e30 3
acquire 88656198959406 88656198990904 0 5c89fe3e6e30 2
present 88656199141063 88656199277602 0 5c89fe3e6e30 2
acquire 88656507380725 88656507411525 0 5c89fe3e6e30 3
present 88656507543874 88656507648635 0 5c89fe3e6e30 3
acquire 88656815321537 88656815353943 0 5c89fe3e6e30 2
present 88656815509340 88656815625695 0 5c89fe3e6e30 2
acquire 88657122234498 88657122264320 0 5c89fe3e6e30 3
present 88657122401558 88657122517215 0 5c89fe3e6e30 3
acquire 88657430717976 88657430750452 0 5c89fe3e6e30 2
present 88657430896560 88657431021086 0 5c89fe3e6e30 2
acquire 88657735236993 88657735267304 0 5c89fe3e6e30 3
present 88657735409012 88657735531863 0 5c89fe3e6e30 3
acquire 88658035928020 88658035958820 0 5c89fe3e6e30 2
present 88658036108559 88658036227988 0 5c89fe3e6e30 2
acquire 88658339092051 88658339123060 0 5c89fe3e6e30 3
present 88658339263720 88658339387968 0 5c89fe3e6e30 3
acquire 88658643815983 88658643847411 0 5c89fe3e6e30 2
present 88658644050579 88658644187817 0 5c89fe3e6e30 2
acquire 88658946452643 88658946482745 0 5c89fe3e6e30 3
present 88658946614256 88658946733055 0 5c89fe3e6e30 3
acquire 88659250354965 88659250386044 0 5c89fe3e6e30 2
present 88659250527542 88659250650882 0 5c89fe3e6e30 2
acquire 88659557946643 88659557972903 0 5c89fe3e6e30 3
present 88659558112655 88659558224890 0 5c89fe3e6e30 3
acquire 88659863950972 88659863984356 0 5c89fe3e6e30 2
present 88659864150648 88659864273219 0 5c89fe3e6e30 2
acquire 88660168978224 88660169025507 0 5c89fe3e6e30 3
present 88660169169589 88660169296770 0 5c89fe3e6e30 3
acquire 88660469304891 88660469338276 0 5c89fe3e6e30 2
present 88660469483824 88660469607932 0 5c89fe3e6e30 2
acquire 88660775461056 88660775491786 0 5c89fe3e6e30 3
present 88660775633424 88660775745798 0 5c89fe3e6e30 3
acquire 88661078591215 88661078621665 0 5c89fe3e6e30 2
present 88661078757227 88661078858846 0 5c89fe3e6e30 2
acquire 88661382421042 88661382451563 0 5c89fe3e6e30 3
present 88661382583143 88661382695657 0 5c89fe3e6e30 3
acquire 88661685811150 88661685842159 0 5c89fe3e6e30 2
present 88661685988686 88661686123200 0 5c89fe3e6e30 2
acquire 88661991292650 88661991323659 0 5c89fe3e6e30 3
present 88661991476751 88661991596947 0 5c89fe3e6e30 3
acquire 88662295475664 88662295506673 0 5c89fe3e6e30 2
present 88662295645168 88662295758590 0 5c89fe3e6e30 2
acquire 88662596650692 88662596683028 0 5c89fe3e6e30 3
present 88662596824806 88662596947796 0 5c89fe3e6e30 3
acquire 88662900995109 88662901036036 0 5c89fe3e6e30 2
present 88662901174810 88662901290118 0 5c89fe3e6e30 2
acquire 88663207520873 88663207553280 0 5c89fe3e6e30 3
present 88663207708537 88663207830339 0 5c89fe3e6e30 3
acquire 88663512662527 88663512693048 0 5c89fe3e6e30 2
present 88663512826724 88663512940704 0 5c89fe3e6e30 2
acquire 88663816933332 88663816961129 0 5c89fe3e6e30 3
present 88663817101300 88663817202919 0 5c89fe3e6e30 3
acquire 88664124784891 88664124820999 0 5c89fe3e6e30 2
present 88664124991132 88664125131093 0 5c89fe3e6e30 2
acquire 88664427166006 88664427200368 0 5c89fe3e6e30 3
present 88664427347663 88664427470723 0 5c89fe3e6e30 3
acquire 88664730762007 88664730800559 0 5c89fe3e6e30 2
present 88664730965943 88664731110234 0 5c89fe3e6e30 2
acquire 88665038776994 88665038811565 0 5c89fe3e6e30 3
present 88665038958651 88665039135279 0 5c89fe3e6e30 3
acquire 88665342842257 88665342874245 0 5c89fe3e6e30 2
present 88665343025381 88665343137895 0 5c89fe3e6e30 2
acquire 88665647396060 88665647430352 0 5c89fe3e6e30 3
present 88665647576110 88665647694560 0 5c89fe3e6e30 3
acquire 88665947702964 88665947735859 0 5c89fe3e6e30 2
present 88665947882944 88665947999300 0 5c89fe3e6e30 2
acquire 88666249728099 88666249758690 0 5c89fe3e6e30 3
present 88666249891597 88666249996429 0 5c89fe3e6e30 3
acquire 88666550942380 88666550975764 0 5c89fe3e6e30 2
present 88666551138005 88666551261344 0 5c89fe3e6e30 2
acquire 88666851564617 88666851596604 0 5c89fe3e6e30 3
present 88666851739639 88666851868775 0 5c89fe3e6e30 3
