instance 88367973792486 88367989017069 0 pid 3478771
device 88367989714432 88368111858070 0
swapchain 88368112294926 88368164155547 0 63dec3a97e30 900x560 mode 2 images 4
acquire 88368172873667 88368172886797 0 63dec3a97e30 3
present 88368173869950 88368174075073 0 63dec3a97e30 3
acquire 88368174172850 88368174181581 0 63dec3a97e30 2
present 88368174224114 88368174283199 0 63dec3a97e30 2
acquire 88380512654194 88380512671026 0 63dec3a97e30 1
present 88380512784797 88380512918264 0 63dec3a97e30 1
acquire 88381193812287 88381193825766 0 63dec3a97e30 0
present 88381193934230 88381194090185 0 63dec3a97e30 0
acquire 88381496830111 88381496876695 0 63dec3a97e30 3
present 88381497088942 88381497220313 0 63dec3a97e30 3
acquire 88381799472050 88381799503758 0 63dec3a97e30 2
present 88381799641624 88381799744989 0 63dec3a97e30 2
acquire 88382106444275 88382106474306 0 63dec3a97e30 3
present 88382106581722 88382106695283 0 63dec3a97e30 3
acquire 88382411247935 88382411276570 0 63dec3a97e30 2
present 88382411406265 88382411512982 0 63dec3a97e30 2
acquire 88382712982081 88382713022239 0 63dec3a97e30 3
present 88382713146766 88382713262563 0 63dec3a97e30 3
acquire 88383014263237 88383014295225 0 63dec3a97e30 2
present 88383014442869 88383014565859 0 63dec3a97e30 2
acquire 88383320721992 88383320747275 0 63dec3a97e30 3
present 88383320860906 88383320979147 0 63dec3a97e30 3
acquire 88383624374254 88383624412946 0 63dec3a97e30 2
present 88383624664862 88383624796722 0 63dec3a97e30 2
acquire 88383932014161 88383932042795 0 63dec3a97e30 3
present 88383932136592 88383932237233 0 63dec3a97e30 3
acquire 88384235828454 88384235859393 0 63dec3a97e30 2
present 88384235992580 88384236142739 0 63dec3a97e30 2
acquire 88384545377327 88384545404007 0 63dec3a97e30 3
present 88384545508349 88384545612133 0 63dec3a97e30 3
acquire 88384848691419 88384848725781 0 63dec3a97e30 2
present 88384848874962 88384848999977 0 63dec3a97e30 2
acquire 88385155976954 88385156018020 0 63dec3a97e30 3
present 88385156133887 88385156250032 0 63dec3a97e30 3
acquire 88385460329583 88385460354796 0 63dec3a97e30 2
present 88385460466681 88385460572001 0 63dec3a97e30 2
acquire 88385763851592 88385763881135 0 63dec3a97e30 3
present 88385763988621 88385764125928 0 63dec3a97e30 3
acquire 88386067800820 88386067830223 0 63dec3a97e30 2
present 88386067956915 88386068090590 0 63dec3a97e30 2
acquire 88386370043900 88386370073024 0 63dec3a97e30 3
present 88386370183233 88386370284922 0 63dec3a97e30 3
acquire 88386675873250 88386675905167 0 63dec3a97e30 2
present 88386676083472 88386676205833 0 63dec3a97e30 2
acquire 88386979835748 88386979866757 0 63dec3a97e30 3
present 88386980019989 88386980135296 0 63dec3a97e30 3
acquire 88387286790936 88387286825787 0 63dec3a97e30 2
present 88387286997875 88387287146637 0 63dec3a97e30 2
acquire 88387592905098 88387592935898 0 63dec3a97e30 3
present 88387593101282 88387593219243 0 63dec3a97e30 3
acquire 88387898565992 88387898592671 0 63dec3a97e30 2
present 88387898701065 88387898803591 0 63dec3a97e30 2
acquire 88388200513297 88388200551081 0 63dec3a97e30 3
present 88388200686852 88388200803347 0 63dec3a97e30 3
acquire 88388502689052 88388502719293 0 63dec3a97e30 2
present 88388502854855 88388502967020 0 63dec3a97e30 2
acquire 88388811144427 88388811178789 0 63dec3a97e30 3
present 88388811331881 88388811462134 0 63dec3a97e30 3
acquire 88389119011951 88389119043449 0 63dec3a97e30 2
present 88389119180687 88389119295016 0 63dec3a97e30 2
acquire 88389425955477 88389425985509 0 63dec3a97e30 3
present 88389426131826 88389426239730 0 63dec3a97e30 3
acquire 88389734505837 88389734538942 0 63dec3a97e30 2
present 88389734688192 88389734809646 0 63dec3a97e30 2
acquire 88390038941022 88390038970145 0 63dec3a97e30 3
present 88390039113808 88390039216894 0 63dec3a97e30 3
acquire 88390339767728 88390339800624 0 63dec3a97e30 2
present 88390339941772 88390340082781 0 63dec3a97e30 2
acquire 88390642960441 88390642992847 0 63dec3a97e30 3
present 88390643144542 88390643257475 0 63dec3a97e30 3
acquire 88390947642724 88390947674642 0 63dec3a97e30 2
present 88390947815511 88390947943879 0 63dec3a97e30 2
acquire 88391250250658 88391250283064 0 63dec3a97e30 3
present 88391250409756 88391250524924 0 63dec3a97e30 3
acquire 88391554232925 88391554264703 0 63dec3a97e30 2
present 88391554388671 88391554504677 0 63dec3a97e30 2
acquire 88391861842248 88391861880800 0 63dec3a97e30 3
present 88391862022089 88391862148571 0 63dec3a97e30 3
acquire 88392167775805 88392167804649 0 63dec3a97e30 2
present 88392167941607 88392168062083 0 63dec3a97e30 2
acquire 88392472900253 88392472929377 0 63dec3a97e30 3
present 88392473115154 88392473233255 0 63dec3a97e30 3
acquire 88392773146373 88392773178081 0 63dec3a97e30 2
present 88392773314061 88392773431394 0 63dec3a97e30 2
acquire 88393079377383 88393079419637 0 63dec3a97e30 3
present 88393079607509 88393079739718 0 63dec3a97e30 3
acquire 88393382535597 88393382571355 0 63dec3a97e30 2
present 88393382721863 88393382838916 0 63dec3a97e30 2
acquire 88393686277332 88393686309808 0 63dec3a97e30 3
present 88393686459478 88393686578906 0 63dec3a97e30 3
acquire 88393989758631 88393989790129 0 63dec3a97e30 2
present 88393989920592 88393990049170 0 63dec3a97e30 2
acquire 88394294875398 88394294907455 0 63dec3a97e30 3
present 88394295111112 88394295242692 0 63dec3a97e30 3
acquire 88394599185152 88394599219793 0 63dec3a97e30 2
present 88394599365970 88394599479881 0 63dec3a97e30 2
acquire 88394900315671 88394900349055 0 63dec3a97e30 3
present 88394900492089 88394900609911 0 63dec3a97e30 3
acquire 88395204663698 88395204693729 0 63dec3a97e30 2
present 88395204816719 88395204931538 0 63dec3a97e30 2
acquire 88395511209205 88395511240703 0 63dec3a97e30 3
present 88395511385344 88395511498766 0 63dec3a97e30 3
acquire 88395816349020 88395816385687 0 63dec3a97e30 2
present 88395816532912 88395816650385 0 63dec3a97e30 2
acquire 88396120690343 88396120724216 0 63dec3a97e30 3
present 88396120845740 88396120963701 0 63dec3a97e30 3
acquire 88396428482584 88396428513524 0 63dec3a97e30 2
present 88396428641822 88396428765790 0 63dec3a97e30 2
acquire 88396730853272 88396730887564 0 63dec3a97e30 3
present 88396731031506 88396731152471 0 63dec3a97e30 3
acquire 88397034505893 88397034537391 0 63dec3a97e30 2
present 88397034686362 88397034807537 0 63dec3a97e30 2
acquire 88397342465892 88397342498299 0 63dec3a97e30 3
present 88397342637632 88397342774590 0 63dec3a97e30 3
acquire 88397646641763 88397646675147 0 63dec3a97e30 2
present 88397646804842 88397646923642 0 63dec3a97e30 2
acquire 88397951173754 88397951212725 0 63dec3a97e30 3
present 88397951506128 88397951643435 0 63dec3a97e30 3
acquire 88398251441319 88398251471840 0 63dec3a97e30 2
present 88398251621439 88398251731299 0 63dec3a97e30 2
acquire 88398553559813 88398553589425 0 63dec3a97e30 3
present 88398553717863 88398553826466 0 63dec3a97e30 3
acquire 88398854692569 88398854724556 0 63dec3a97e30 2
present 88398854848105 88398854960340 0 63dec3a97e30 2
acquire 88399155355086 88399155394127 0 63dec3a97e30 3
present 88399155551060 88399155675168 0 63dec3a97e30 3
