instance 90894088161824 90894104723605 0 pid 3878301
device 90894105435147 90894230298207 0
swapchain 90894230748333 90894285930246 0 57e48308af10 900x560 mode 2 images 4
acquire 90894294662555 90894294679247 0 57e48308af10 3
present 90894294867539 90894295094872 0 57e48308af10 3
acquire 90894295203754 90894295213392 0 57e48308af10 2
present 90894295257183 90894295311659 0 57e48308af10 2
acquire 90906636502443 90906636516970 0 57e48308af10 1
present 90906636624455 90906636740741 0 57e48308af10 1
acquire 90907317471906 90907317488529 0 57e48308af10 0
present 90907317639246 90907317785353 0 57e48308af10 0
acquire 90907619758312 90907619789810 0 57e48308af10 3
present 90907619912381 90907620026502 0 57e48308af10 3
acquire 90907922970602 90907922996373 0 57e48308af10 2
present 90907923149884 90907923253528 0 57e48308af10 2
acquire 90908230853588 90908230892141 0 57e48308af10 3
present 90908231100197 90908231244699 0 57e48308af10 3
acquire 90908534871635 90908534904531 0 57e48308af10 2
present 90908535083114 90908535224892 0 57e48308af10 2
acquire 90908836504049 90908836531706 0 57e48308af10 3
present 90908836640867 90908836754988 0 57e48308af10 3
acquire 90909137839427 90909137869948 0 57e48308af10 2
present 90909138019478 90909138161255 0 57e48308af10 2
acquire 90909446151658 90909446178896 0 57e48308af10 3
present 90909446285823 90909446392470 0 57e48308af10 3
acquire 90909747883385 90909747914813 0 57e48308af10 2
present 90909748075658 90909748202489 0 57e48308af10 2
acquire 90910055209877 90910055238931 0 57e48308af10 3
present 90910055343763 90910055453204 0 57e48308af10 3
acquire 90910359340718 90910359373194 0 57e48308af10 2
present 90910359524819 90910359655981 0 57e48308af10 2
acquire 90910666383446 90910666417249 0 57e48308af10 3
present 90910666545617 90910666653312 0 57e48308af10 3
acquire 90910972242157 90910972273236 0 57e48308af10 2
present 90910972408099 90910972533674 0 57e48308af10 2
acquire 90911279213018 90911279244237 0 57e48308af10 3
present 90911279355634 90911279476319 0 57e48308af10 3
acquire 90911583772893 90911583809140 0 57e48308af10 2
present 90911583967540 90911584102543 0 57e48308af10 2
acquire 90911886537920 90911886565018 0 57e48308af10 3
present 90911886661399 90911886762390 0 57e48308af10 3
acquire 90912191248163 90912191281058 0 57e48308af10 2
present 90912191427934 90912191554766 0 57e48308af10 2
acquire 90912493088912 90912493125509 0 57e48308af10 3
present 90912493245915 90912493370791 0 57e48308af10 3
acquire 90912799333705 90912799364994 0 57e48308af10 2
present 90912799502721 90912799621660 0 57e48308af10 2
acquire 90913103286172 90913103314318 0 57e48308af10 3
present 90913103442127 90913103545212 0 57e48308af10 3
acquire 90913410283293 90913410316188 0 57e48308af10 2
present 90913410472633 90913410596391 0 57e48308af10 2
acquire 90913716254099 90913716292721 0 57e48308af10 3
present 90913716470118 90913716592829 0 57e48308af10 3
acquire 90914022113299 90914022150105 0 57e48308af10 2
present 90914022331343 90914022469489 0 57e48308af10 2
acquire 90914324038696 90914324071661 0 57e48308af10 3
present 90914324213159 90914324334054 0 57e48308af10 3
acquire 90914626225858 90914626257635 0 57e48308af10 2
present 90914626450606 90914626579952 0 57e48308af10 2
acquire 90914934690901 90914934726310 0 57e48308af10 3
present 90914934902799 90914935048836 0 57e48308af10 3
acquire 90915242553634 90915242584643 0 57e48308af10 2
present 90915242726211 90915242850109 0 57e48308af10 2
acquire 90915549509968 90915549542444 0 57e48308af10 3
present 90915549682546 90915549800088 0 57e48308af10 3
acquire 90915858074255 90915858115252 0 57e48308af10 2
present 90915858324496 90915858467112 0 57e48308af10 2
acquire 90916162508277 90916162534048 0 57e48308af10 3
present 90916162645515 90916162749089 0 57e48308af10 3
acquire 90916463341498 90916463381447 0 57e48308af10 2
present 90916463568831 90916463707675 0 57e48308af10 2
acquire 90916766333788 90916766366683 0 57e48308af10 3
present 90916766519636 90916766639832 0 57e48308af10 3
acquire 90917071113244 90917071143555 0 57e48308af10 2
present 90917071284494 90917071403085 0 57e48308af10 2
acquire 90917373758703 90917373789643 0 57e48308af10 3
present 90917373914170 90917374052665 0 57e48308af10 3
acquire 90917677666541 90917677694618 0 57e48308af10 2
present 90917677823684 90917677931030 0 57e48308af10 2
acquire 90917985301872 90917985333789 0 57e48308af10 3
present 90917985511395 90917985627471 0 57e48308af10 3
acquire 90918291276309 90918291309694 0 57e48308af10 2
present 90918291458455 90918291582423 0 57e48308af10 2
acquire 90918596344349 90918596377733 0 57e48308af10 3
present 90918596530266 90918596651371 0 57e48308af10 3
acquire 90918896633088 90918896665006 0 57e48308af10 2
present 90918896797704 90918896908821 0 57e48308af10 2
acquire 90919202779545 90919202806713 0 57e48308af10 3
present 90919202932497 90919203068199 0 57e48308af10 3
acquire 90919505944972 90919505975003 0 57e48308af10 2
present 90919506130610 90919506241867 0 57e48308af10 2
acquire 90919809685331 90919809717318 0 57e48308af10 3
present 90919809869432 90919809996194 0 57e48308af10 3
acquire 90920113126421 90920113159735 0 57e48308af10 2
present 90920113316319 90920113437493 0 57e48308af10 2
acquire 90920418590948 90920418623844 0 57e48308af10 3
present 90920418785596 90920418892732 0 57e48308af10 3
acquire 90920722701535 90920722735408 0 57e48308af10 2
present 90920722929637 90920723087128 0 57e48308af10 2
acquire 90921023866293 90921023906451 0 57e48308af10 3
present 90921024144400 90921024283035 0 57e48308af10 3
acquire 90921328129064 90921328156022 0 57e48308af10 2
present 90921328292422 90921328399069 0 57e48308af10 2
acquire 90921634654339 90921634697780 0 57e48308af10 3
present 90921634870357 90921635074643 0 57e48308af10 3
acquire 90921939763026 90921939800321 0 57e48308af10 2
present 90921939991825 90921940149736 0 57e48308af10 2
acquire 90922244053454 90922244084952 0 57e48308af10 3
present 90922244224146 90922244339244 0 57e48308af10 3
acquire 90922551880009 90922551908574 0 57e48308af10 2
present 90922552062714 90922552177603 0 57e48308af10 2
acquire 90922854194981 90922854224104 0 57e48308af10 3
present 90922854355545 90922854461145 0 57e48308af10 3
acquire 90923157798661 90923157830648 0 57e48308af10 2
present 90923157987721 90923158113155 0 57e48308af10 2
acquire 90923465856390 90923465893057 0 57e48308af10 3
present 90923466113965 90923466235209 0 57e48308af10 3
acquire 90923769970400 90923770018590 0 57e48308af10 2
present 90923770204787 90923770330291 0 57e48308af10 2
acquire 90924074500034 90924074529437 0 57e48308af10 3
present 90924074649075 90924074759983 0 57e48308af10 3
acquire 90924374797155 90924374832494 0 57e48308af10 2
present 90924374998367 90924375127643 0 57e48308af10 2
acquire 90924677018678 90924677049688 0 57e48308af10 3
present 90924677195027 90924677335897 0 57e48308af10 3
acquire 90924978076858 90924978111150 0 57e48308af10 2
present 90924978254743 90924978365511 0 57e48308af10 2
acquire 90925278641540 90925278669616 0 57e48308af10 3
present 90925278802314 90925278906098 0 57e48308af10 3
