instance 76651272508513 76651291093595 0 pid 1754265
device 76651473206445 76651575857166 0
swapchain 76651579485135 76651627980183 0 564aad181030 64x64 mode 2 images 3
swapchain 76651629378752 76651631894850 0 564aacd415f0 900x560 mode 2 images 3
acquire 76651679273905 76651679287874 0 564aacd415f0 2
present 76651685028189 76651685269560 0 564aacd415f0 2
acquire 76651700719681 76651700747827 0 564aacd415f0 1
present 76651701268214 76651701416556 1000001003 564aacd415f0 1
acquire 76651728625834 76651728642596 0 564aacd415f0 0
present 76651729035103 76651729156837 0 564aacd415f0 0
acquire 76663742351229 76663742392156 0 564aacd415f0 2
present 76663742859603 76663742961780 0 564aacd415f0 2
acquire 76664045820497 76664045853881 0 564aacd415f0 1
present 76664046549499 76664046660267 0 564aacd415f0 1
acquire 76664727056200 76664727095800 0 564aacd415f0 2
present 76664727746719 76664727861049 0 564aacd415f0 2
acquire 76665025769355 76665025798968 0 564aacd415f0 1
present 76665026374249 76665026485646 0 564aacd415f0 1
acquire 76665326774069 76665326807034 0 564aacd415f0 2
present 76665327446639 76665327547490 0 564aacd415f0 2
acquire 76665635625646 76665635652884 0 564aacd415f0 1
present 76665636222299 76665636322451 0 564aacd415f0 1
acquire 76665944549928 76665944585128 0 564aacd415f0 2
present 76665945191070 76665945292759 0 564aacd415f0 2
acquire 76666243972320 76666244014155 0 564aacd415f0 1
present 76666244596351 76666244702998 0 564aacd415f0 1
acquire 76666543794693 76666543831429 0 564aacd415f0 2
present 76666544475295 76666544585015 0 564aacd415f0 2
acquire 76666852814727 76666852848530 0 564aacd415f0 1
present 76666853422624 76666853529970 0 564aacd415f0 1
acquire 76667154122272 76667154151745 0 564aacd415f0 2
present 76667154609064 76667154713966 0 564aacd415f0 2
acquire 76667461576956 76667461605102 0 564aacd415f0 1
present 76667461998028 76667462109704 0 564aacd415f0 1
acquire 76667769730820 76667769760153 0 564aacd415f0 2
present 76667770178572 76667770280051 0 564aacd415f0 2
acquire 76668070063382 76668070092925 0 564aacd415f0 1
present 76668070486829 76668070591381 0 564aacd415f0 1
acquire 76668377440054 76668377473298 0 564aacd415f0 2
present 76668377898142 76668378011843 0 564aacd415f0 2
acquire 76668687609743 76668687641451 0 564aacd415f0 1
present 76668688114136 76668688227348 0 564aacd415f0 1
acquire 76668986141940 76668986176232 0 564aacd415f0 2
present 76668986753469 76668986858161 0 564aacd415f0 2
acquire 76669296025560 76669296059433 0 564aacd415f0 1
present 76669296637857 76669296741012 0 564aacd415f0 1
acquire 76669595744846 76669595775437 0 564aacd415f0 2
present 76669596369087 76669596488375 0 564aacd415f0 2
acquire 76669895479079 76669895513930 0 564aacd415f0 1
present 76669896119103 76669896223516 0 564aacd415f0 1
acquire 76670207244290 76670207282423 0 564aacd415f0 2
present 76670207884174 76670207987260 0 564aacd415f0 2
acquire 76670512546539 76670512578945 0 564aacd415f0 1
present 76670513317306 76670513426957 0 564aacd415f0 1
acquire 76670812211070 76670812241102 0 564aacd415f0 2
present 76670812717419 76670812828676 0 564aacd415f0 2
acquire 76671121083390 76671121112025 0 564aacd415f0 1
present 76671121517872 76671121622494 0 564aacd415f0 1
acquire 76671429363247 76671429396701 0 564aacd415f0 2
present 76671429872250 76671429979666 0 564aacd415f0 2
acquire 76671730980049 76671731021045 0 564aacd415f0 1
present 76671731524181 76671731639349 0 564aacd415f0 1
acquire 76672030793970 76672030829240 0 564aacd415f0 2
present 76672031283277 76672031390134 0 564aacd415f0 2
acquire 76672338361028 76672338394482 0 564aacd415f0 1
present 76672338872266 76672338986596 0 564aacd415f0 1
acquire 76672646658625 76672646692498 0 564aacd415f0 2
present 76672647280980 76672647382389 0 564aacd415f0 2
acquire 76672955788868 76672955825675 0 564aacd415f0 1
present 76672956467166 76672956572137 0 564aacd415f0 1
acquire 76673267364251 76673267400498 0 564aacd415f0 2
present 76673268061265 76673268175526 0 564aacd415f0 2
acquire 76673572091707 76673572121809 0 564aacd415f0 1
present 76673572692620 76673572792563 0 564aacd415f0 1
acquire 76673872316294 76673872346117 0 564aacd415f0 2
present 76673872946820 76673873066458 0 564aacd415f0 2
acquire 76674173040944 76674173072652 0 564aacd415f0 1
present 76674173677966 76674173778258 0 564aacd415f0 1
acquire 76674483048253 76674483089878 0 564aacd415f0 2
present 76674483754347 76674483875312 0 564aacd415f0 2
acquire 76674781230335 76674781266653 0 564aacd415f0 1
present 76674781875388 76674781982594 0 564aacd415f0 1
acquire 76675082387442 76675082417473 0 564aacd415f0 2
present 76675082846787 76675082952177 0 564aacd415f0 2
acquire 76675390094112 76675390131896 0 564aacd415f0 1
present 76675390573851 76675390678334 0 564aacd415f0 1
acquire 76675702321392 76675702354287 0 564aacd415f0 2
present 76675702788350 76675702896254 0 564aacd415f0 2
acquire 76675999194302 76675999229153 0 564aacd415f0 1
present 76675999681165 76675999786066 0 564aacd415f0 1
acquire 76676299028407 76676299057740 0 564aacd415f0 2
present 76676299481746 76676299580432 0 564aacd415f0 2
acquire 76676607154544 76676607186531 0 564aacd415f0 1
present 76676607603902 76676607701260 0 564aacd415f0 1
acquire 76676916043695 76676916076590 0 564aacd415f0 2
present 76676916670310 76676916774024 0 564aacd415f0 2
acquire 76677216231266 76677216270936 0 564aacd415f0 1
present 76677216893779 76677217013278 0 564aacd415f0 1
acquire 76677517020729 76677517052087 0 564aacd415f0 2
present 76677517653769 76677517757553 0 564aacd415f0 2
acquire 76677827132659 76677827172189 0 564aacd415f0 1
present 76677827795102 76677827905242 0 564aacd415f0 1
acquire 76678125769337 76678125810404 0 564aacd415f0 2
present 76678126405171 76678126508117 0 564aacd415f0 2
acquire 76678434286375 76678434316965 0 564aacd415f0 1
present 76678434912920 76678435030742 0 564aacd415f0 1
acquire 76678734400543 76678734429876 0 564aacd415f0 2
present 76678735044548 76678735144770 0 564aacd415f0 2
acquire 76679043319796 76679043355554 0 564aacd415f0 1
present 76679043964709 76679044081623 0 564aacd415f0 1
acquire 76679342882847 76679342911412 0 564aacd415f0 2
present 76679343273399 76679343373621 0 564aacd415f0 2
acquire 76679651541313 76679651577211 0 564aacd415f0 1
present 76679651945554 76679652067357 0 564aacd415f0 1
acquire 76679959741132 76679959779335 0 564aacd415f0 2
present 76679960161226 76679960270807 0 564aacd415f0 2
acquire 76680259154514 76680259189784 0 564aacd415f0 1
present 76680259564132 76680259674761 0 564aacd415f0 1
acquire 76680567873322 76680567907475 0 564aacd415f0 2
present 76680568275817 76680568379741 0 564aacd415f0 2
acquire 76680867705332 76680867735783 0 564aacd415f0 1
present 76680868096792 76680868199458 0 564aacd415f0 1
acquire 76681176326223 76681176361563 0 564aacd415f0 2
present 76681176728857 76681176831803 0 564aacd415f0 2
acquire 76681476871451 76681476909165 0 564aacd415f0 1
present 76681477321996 76681477429831 0 564aacd415f0 1
acquire 76681777641078 76681777679630 0 564aacd415f0 2
present 76681778103566 76681778211401 0 564aacd415f0 2
acquire 76682085264218 76682085299488 0 564aacd415f0 1
present 76682085748776 76682085865691 0 564aacd415f0 1
acquire 76682385185974 76682385218869 0 564aacd415f0 2
present 76682385646576 76682385749452 0 564aacd415f0 2
acquire 76682686114490 76682686146477 0 564aacd415f0 1
present 76682686580819 76682686684743 0 564aacd415f0 1
