instance 75874521280225 75874535323611 0 pid 1635116
device 75874536064696 75874654479307 0
swapchain 75874654915675 75874705541175 0 5919ae893eb0 900x560 mode 2 images 4
acquire 75874712938893 75874712950976 0 5919ae893eb0 3
present 75874714413101 75874714611869 0 5919ae893eb0 3
acquire 75874717232869 75874717245650 0 5919ae893eb0 2
present 75874718559921 75874718661401 1000001003 5919ae893eb0 2
swapchain 75874719077724 75874722096120 0 5919aea08e80 900x560 mode 2 images 4
acquire 75874724709508 75874724720543 0 5919aea08e80 3
present 75874726130776 75874726218217 0 5919aea08e80 3
acquire 75887047351470 75887047363902 0 5919aea08e80 2
present 75887048691792 75887048795716 0 5919aea08e80 2
acquire 75887728250353 75887728264811 0 5919aea08e80 1
present 75887729608695 75887729716390 0 5919aea08e80 1
acquire 75888030275620 75888030289868 0 5919aea08e80 0
present 75888031514673 75888031623834 0 5919aea08e80 0
acquire 75888328783894 75888328813716 0 5919aea08e80 3
present 75888330198248 75888330302311 0 5919aea08e80 3
acquire 75888630556056 75888630584901 0 5919aea08e80 2
present 75888631897147 75888632050727 0 5919aea08e80 2
acquire 75888929547492 75888929575288 0 5919aea08e80 3
present 75888930955560 75888931070658 0 5919aea08e80 3
acquire 75889230599800 75889230626270 0 5919aea08e80 2
present 75889232025399 75889232139868 0 5919aea08e80 2
acquire 75889530899291 75889530932186 0 5919aea08e80 3
present 75889532569054 75889532722705 0 5919aea08e80 3
acquire 75889835741881 75889835772401 0 5919aea08e80 2
present 75889837285441 75889837399142 0 5919aea08e80 2
acquire 75890130699499 75890130731835 0 5919aea08e80 3
present 75890132341954 75890132454398 0 5919aea08e80 3
acquire 75890431736302 75890431762074 0 5919aea08e80 2
present 75890433179500 75890433301583 0 5919aea08e80 2
acquire 75890731360009 75890731389063 0 5919aea08e80 3
present 75890732823112 75890732931506 0 5919aea08e80 3
acquire 75891032437391 75891032470775 0 5919aea08e80 2
present 75891033972081 75891034093395 0 5919aea08e80 2
acquire 75891331615511 75891331640654 0 5919aea08e80 3
present 75891334427526 75891334536060 0 5919aea08e80 3
acquire 75891632868054 75891632893336 0 5919aea08e80 2
present 75891634197760 75891634300915 0 5919aea08e80 2
acquire 75891932318205 75891932344815 0 5919aea08e80 3
present 75891933780819 75891933886349 0 5919aea08e80 3
acquire 75892233691154 75892233717344 0 5919aea08e80 2
present 75892235061997 75892235165641 0 5919aea08e80 2
acquire 75892532699630 75892532727915 0 5919aea08e80 3
present 75892534160986 75892534269450 0 5919aea08e80 3
acquire 75892834467600 75892834493651 0 5919aea08e80 2
present 75892835929586 75892836045382 0 5919aea08e80 2
acquire 75893133492139 75893133517422 0 5919aea08e80 3
present 75893134970467 75893135087242 0 5919aea08e80 3
acquire 75893433591953 75893433626315 0 5919aea08e80 2
present 75893435057151 75893435160516 0 5919aea08e80 2
acquire 75893734060598 75893734093074 0 5919aea08e80 3
present 75893735610443 75893735720024 0 5919aea08e80 3
acquire 75894034066754 75894034095738 0 5919aea08e80 2
present 75894035620441 75894035736377 0 5919aea08e80 2
acquire 75894333789285 75894333814917 0 5919aea08e80 3
present 75894335268312 75894335372864 0 5919aea08e80 3
acquire 75894634426387 75894634454254 0 5919aea08e80 2
present 75894635920220 75894636033572 0 5919aea08e80 2
acquire 75894934228048 75894934256125 0 5919aea08e80 3
present 75894935725583 75894935836351 0 5919aea08e80 3
acquire 75895234753125 75895234782039 0 5919aea08e80 2
present 75895236256596 75895236360659 0 5919aea08e80 2
acquire 75895534711160 75895534743077 0 5919aea08e80 3
present 75895536272809 75895536390631 0 5919aea08e80 3
acquire 75895834870478 75895834901487 0 5919aea08e80 2
present 75895836412641 75895836526342 0 5919aea08e80 2
acquire 75896134741421 75896134771244 0 5919aea08e80 3
present 75896136276112 75896136392816 0 5919aea08e80 3
acquire 75896435741906 75896435770541 0 5919aea08e80 2
present 75896437241117 75896437344412 0 5919aea08e80 2
acquire 75896735264691 75896735291999 0 5919aea08e80 3
present 75896736760689 75896736862238 0 5919aea08e80 3
acquire 75897035456485 75897035482815 0 5919aea08e80 2
present 75897036955277 75897037066813 0 5919aea08e80 2
acquire 75897335478983 75897335513834 0 5919aea08e80 3
present 75897336994258 75897337117248 0 5919aea08e80 3
acquire 75897635924789 75897635955799 0 5919aea08e80 2
present 75897637481200 75897637583727 0 5919aea08e80 2
acquire 75897935727916 75897935756412 0 5919aea08e80 3
present 75897937295572 75897937394397 0 5919aea08e80 3
acquire 75898235913564 75898235938218 0 5919aea08e80 2
present 75898237426324 75898237539955 0 5919aea08e80 2
acquire 75898536315020 75898536347217 0 5919aea08e80 3
present 75898537801031 75898537906561 0 5919aea08e80 3
acquire 75898836560940 75898836598724 0 5919aea08e80 2
present 75898838111345 75898838213313 0 5919aea08e80 2
acquire 75899136354988 75899136382715 0 5919aea08e80 3
present 75899137870192 75899137968040 0 5919aea08e80 3
acquire 75899436711676 75899436737377 0 5919aea08e80 2
present 75899438258588 75899438362162 0 5919aea08e80 2
acquire 75899736704421 75899736729843 0 5919aea08e80 3
present 75899738200908 75899738302876 0 5919aea08e80 3
acquire 75900037066557 75900037095192 0 5919aea08e80 2
present 75900038639520 75900038748263 0 5919aea08e80 2
acquire 75900337083747 75900337112242 0 5919aea08e80 3
present 75900338588475 75900338693446 0 5919aea08e80 3
acquire 75900637299704 75900637325406 0 5919aea08e80 2
present 75900638790185 75900638890407 0 5919aea08e80 2
acquire 75900937445681 75900937471033 0 5919aea08e80 3
present 75900938959628 75900939079546 0 5919aea08e80 3
acquire 75901237548636 75901237577550 0 5919aea08e80 2
present 75901239110564 75901239225662 0 5919aea08e80 2
acquire 75901537930536 75901537954352 0 5919aea08e80 3
present 75901539451747 75901539553226 0 5919aea08e80 3
acquire 75901837806576 75901837834652 0 5919aea08e80 2
present 75901839343431 75901839457342 0 5919aea08e80 2
acquire 75902138267816 75902138297429 0 5919aea08e80 3
present 75902139886595 75902140031166 0 5919aea08e80 3
acquire 75902438348002 75902438373214 0 5919aea08e80 2
present 75902439850495 75902439954838 0 5919aea08e80 2
acquire 75902738285502 75902738311204 0 5919aea08e80 3
present 75902739775913 75902739880326 0 5919aea08e80 3
acquire 75903038357377 75903038384545 0 5919aea08e80 2
present 75903039875026 75903039984397 0 5919aea08e80 2
acquire 75903338542953 75903338570540 0 5919aea08e80 3
present 75903340063396 75903340164177 0 5919aea08e80 3
acquire 75903638674332 75903638699336 0 5919aea08e80 2
present 75903640207696 75903640299467 0 5919aea08e80 2
acquire 75903938783642 75903938811299 0 5919aea08e80 3
present 75903940319450 75903940424211 0 5919aea08e80 3
acquire 75904239385122 75904239411941 0 5919aea08e80 2
present 75904240971634 75904241082682 0 5919aea08e80 2
acquire 75904539219187 75904539245867 0 5919aea08e80 3
present 75904540785585 75904540890976 0 5919aea08e80 3
acquire 75904839557296 75904839583906 0 5919aea08e80 2
present 75904841088704 75904841191091 0 5919aea08e80 2
acquire 75905139470561 75905139498917 0 5919aea08e80 3
present 75905140987093 75905141104775 0 5919aea08e80 3
acquire 75905439777940 75905439811324 0 5919aea08e80 2
present 75905441318636 75905441424655 0 5919aea08e80 2
