instance 74142644894826 74142665584077 0 pid 1355693
device 74142666743160 74142795502776 0
swapchain 74142795953112 74142846531298 0 5d3943cd8ec0 900x560 mode 2 images 4
acquire 74142865247117 74142865260457 0 5d3943cd8ec0 3
present 74142876141358 74142876349065 0 5d3943cd8ec0 3
acquire 74142887974542 74142887991723 0 5d3943cd8ec0 2
present 74142895782083 74142895911359 1000001003 5d3943cd8ec0 2
swapchain 74142896467364 74142899886368 0 5d3943e4df90 900x560 mode 2 images 4
acquire 74142911555705 74142911571419 0 5d3943e4df90 3
present 74142918837342 74142918946713 0 5d3943e4df90 3
acquire 74155247121702 74155247139302 0 5d3943e4df90 2
present 74155257721771 74155257871021 0 5d3943e4df90 2
acquire 74155927780959 74155927800096 0 5d3943e4df90 1
present 74155938120940 74155938250077 0 5d3943e4df90 1
acquire 74156238236843 74156238250602 0 5d3943e4df90 0
present 74156245201123 74156245363084 0 5d3943e4df90 0
acquire 74156529582096 74156529621906 0 5d3943e4df90 3
present 74156536320230 74156536434769 0 5d3943e4df90 3
acquire 74156839293404 74156839328674 0 5d3943e4df90 2
present 74156846525594 74156846668419 0 5d3943e4df90 2
acquire 74157131327779 74157131365354 0 5d3943e4df90 3
present 74157138696299 74157138816076 0 5d3943e4df90 3
acquire 74157445431187 74157445462545 0 5d3943e4df90 2
present 74157452660373 74157452783433 0 5d3943e4df90 2
acquire 74157732874764 74157732904097 0 5d3943e4df90 3
present 74157739987665 74157740142782 0 5d3943e4df90 3
acquire 74158042391005 74158042422434 0 5d3943e4df90 2
present 74158050156293 74158050390470 0 5d3943e4df90 2
acquire 74158334469171 74158334496828 0 5d3943e4df90 3
present 74158341223578 74158341366193 0 5d3943e4df90 3
acquire 74158643931844 74158643962854 0 5d3943e4df90 2
present 74158650882644 74158651027704 0 5d3943e4df90 2
acquire 74158935747128 74158935775763 0 5d3943e4df90 3
present 74158942648341 74158942782226 0 5d3943e4df90 3
acquire 74159246518555 74159246546701 0 5d3943e4df90 2
present 74159253992604 74159254131518 0 5d3943e4df90 2
acquire 74159538036944 74159538065648 0 5d3943e4df90 3
present 74159547165320 74159547295435 0 5d3943e4df90 3
acquire 74159847726880 74159847763547 0 5d3943e4df90 2
present 74159855478199 74159855600700 0 5d3943e4df90 2
acquire 74160140874523 74160140904136 0 5d3943e4df90 3
present 74160148316516 74160148451519 0 5d3943e4df90 3
acquire 74160450198073 74160450224403 0 5d3943e4df90 2
present 74160458156262 74160458300693 0 5d3943e4df90 2
acquire 74160741553034 74160741581669 0 5d3943e4df90 3
present 74160748890125 74160749020728 0 5d3943e4df90 3
acquire 74161053532503 74161053562115 0 5d3943e4df90 2
present 74161061608723 74161061734856 0 5d3943e4df90 2
acquire 74161343062864 74161343095340 0 5d3943e4df90 3
present 74161351027827 74161351155077 0 5d3943e4df90 3
acquire 74161652738553 74161652766978 0 5d3943e4df90 2
present 74161660394888 74161660518716 0 5d3943e4df90 2
acquire 74161943259191 74161943291109 0 5d3943e4df90 3
present 74161951177710 74161951306986 0 5d3943e4df90 3
acquire 74162251976380 74162252013955 0 5d3943e4df90 2
present 74162259636277 74162259780499 0 5d3943e4df90 2
acquire 74162543668395 74162543700731 0 5d3943e4df90 3
present 74162551193498 74162551321307 0 5d3943e4df90 3
acquire 74162852077515 74162852106708 0 5d3943e4df90 2
present 74162859747748 74162859868294 0 5d3943e4df90 2
acquire 74163145183672 74163145210840 0 5d3943e4df90 3
present 74163152765487 74163152883379 0 5d3943e4df90 3
acquire 74163452694216 74163452733118 0 5d3943e4df90 2
present 74163460294818 74163460440227 0 5d3943e4df90 2
acquire 74163744381062 74163744414027 0 5d3943e4df90 3
present 74163752492761 74163752605345 0 5d3943e4df90 3
acquire 74164055026775 74164055057295 0 5d3943e4df90 2
present 74164063818238 74164063953520 0 5d3943e4df90 2
acquire 74164345964644 74164345997959 0 5d3943e4df90 3
present 74164354592540 74164354707428 0 5d3943e4df90 3
acquire 74164653260078 74164653290109 0 5d3943e4df90 2
present 74164662041903 74164662162728 0 5d3943e4df90 2
acquire 74164945392091 74164945425894 0 5d3943e4df90 3
present 74164953595282 74164953706400 0 5d3943e4df90 3
acquire 74165254047122 74165254075687 0 5d3943e4df90 2
present 74165262469893 74165262609576 0 5d3943e4df90 2
acquire 74165545138712 74165545171048 0 5d3943e4df90 3
present 74165553284354 74165553406995 0 5d3943e4df90 3
acquire 74165854032809 74165854062352 0 5d3943e4df90 2
present 74165862122787 74165862247803 0 5d3943e4df90 2
acquire 74166146243114 74166146271330 0 5d3943e4df90 3
present 74166154048071 74166154169595 0 5d3943e4df90 3
acquire 74166454442851 74166454470997 0 5d3943e4df90 2
present 74166462896562 74166463098822 0 5d3943e4df90 2
acquire 74166746286839 74166746315823 0 5d3943e4df90 3
present 74166754617002 74166754734824 0 5d3943e4df90 3
acquire 74167055038600 74167055067654 0 5d3943e4df90 2
present 74167063098687 74167063217906 0 5d3943e4df90 2
acquire 74167346513059 74167346547840 0 5d3943e4df90 3
present 74167354938695 74167355066574 0 5d3943e4df90 3
acquire 74167655682540 74167655712083 0 5d3943e4df90 2
present 74167664209585 74167664337953 0 5d3943e4df90 2
acquire 74167946552315 74167946586677 0 5d3943e4df90 3
present 74167955017061 74167955141937 0 5d3943e4df90 3
acquire 74168255664246 74168255697840 0 5d3943e4df90 2
present 74168264835855 74168264968134 0 5d3943e4df90 2
acquire 74168547418140 74168547467168 0 5d3943e4df90 3
present 74168556265127 74168556381831 0 5d3943e4df90 3
acquire 74168856186733 74168856216834 0 5d3943e4df90 2
present 74168864757288 74168864886634 0 5d3943e4df90 2
acquire 74169147842988 74169147872601 0 5d3943e4df90 3
present 74169155889945 74169156019011 0 5d3943e4df90 3
acquire 74169460347872 74169460386006 0 5d3943e4df90 2
present 74169468840625 74169468962288 0 5d3943e4df90 2
acquire 74169748266230 74169748297659 0 5d3943e4df90 3
present 74169757242703 74169757369115 0 5d3943e4df90 3
acquire 74170059404952 74170059431701 0 5d3943e4df90 2
present 74170068112955 74170068234618 0 5d3943e4df90 2
acquire 74170348186547 74170348219023 0 5d3943e4df90 3
present 74170357479818 74170357599526 0 5d3943e4df90 3
acquire 74170656865184 74170656893330 0 5d3943e4df90 2
present 74170665011664 74170665139054 0 5d3943e4df90 2
acquire 74170949469673 74170949499774 0 5d3943e4df90 3
present 74170957676636 74170957793689 0 5d3943e4df90 3
acquire 74171256863513 74171256899201 0 5d3943e4df90 2
present 74171265837750 74171265969470 0 5d3943e4df90 2
acquire 74171549453545 74171549489862 0 5d3943e4df90 3
present 74171558658956 74171558789489 0 5d3943e4df90 3
acquire 74171858169547 74171858200487 0 5d3943e4df90 2
present 74171867259441 74171867380616 0 5d3943e4df90 2
acquire 74172149821193 74172149849898 0 5d3943e4df90 3
present 74172158695209 74172158823018 0 5d3943e4df90 3
acquire 74172457325173 74172457354226 0 5d3943e4df90 2
present 74172465884274 74172466033664 0 5d3943e4df90 2
acquire 74172749474577 74172749505097 0 5d3943e4df90 3
present 74172758312205 74172758441341 0 5d3943e4df90 3
acquire 74173058627924 74173058660401 0 5d3943e4df90 2
present 74173068523297 74173068654319 0 5d3943e4df90 2
acquire 74173350372250 74173350401374 0 5d3943e4df90 3
present 74173359210926 74173359334964 0 5d3943e4df90 3
acquire 74173659467699 74173659501293 0 5d3943e4df90 2
present 74173669227580 74173669364818 0 5d3943e4df90 2
