instance 90030729392988 90030742614338 0 pid 3742776
device 90030743703650 90030851950107 0
swapchain 90030852503459 90030906756417 0 5cc4afda8ee0 900x560 mode 2 images 4
acquire 90030917154228 90030917169593 0 5cc4afda8ee0 3
present 90030917346292 90030917569225 0 5cc4afda8ee0 3
acquire 90030917718196 90030917730488 0 5cc4afda8ee0 2
present 90030917791110 90030917872056 0 5cc4afda8ee0 2
acquire 90043250852030 90043250871516 0 5cc4afda8ee0 1
present 90043250997649 90043251150112 0 5cc4afda8ee0 1
acquire 90043932187628 90043932213888 0 5cc4afda8ee0 0
present 90043932400574 90043932583837 0 5cc4afda8ee0 0
acquire 90044235026768 90044235074121 0 5cc4afda8ee0 3
present 90044235255358 90044235386799 0 5cc4afda8ee0 3
acquire 90044537820163 90044537874778 0 5cc4afda8ee0 2
present 90044538120969 90044538237114 0 5cc4afda8ee0 2
acquire 90044843173515 90044843203477 0 5cc4afda8ee0 3
present 90044843311591 90044843416841 0 5cc4afda8ee0 3
acquire 90045149564008 90045149592852 0 5cc4afda8ee0 2
present 90045149719335 90045149823189 0 5cc4afda8ee0 2
acquire 90045451119328 90045451146916 0 5cc4afda8ee0 3
present 90045451254401 90045451364122 0 5cc4afda8ee0 3
acquire 90045752639938 90045752671296 0 5cc4afda8ee0 2
present 90045752818102 90045752940115 0 5cc4afda8ee0 2
acquire 90046058253658 90046058286832 0 5cc4afda8ee0 3
present 90046058406540 90046058523244 0 5cc4afda8ee0 3
acquire 90046362684478 90046362717303 0 5cc4afda8ee0 2
present 90046362844205 90046362965449 0 5cc4afda8ee0 2
acquire 90046669945751 90046669977598 0 5cc4afda8ee0 3
present 90046670124823 90046670250817 0 5cc4afda8ee0 3
acquire 90046974140787 90046974172705 0 5cc4afda8ee0 2
present 90046974304704 90046974424203 0 5cc4afda8ee0 2
acquire 90047280950677 90047280978334 0 5cc4afda8ee0 3
present 90047281103559 90047281218657 0 5cc4afda8ee0 3
acquire 90047587050002 90047587081291 0 5cc4afda8ee0 2
present 90047587221183 90047587354859 0 5cc4afda8ee0 2
acquire 90047894139606 90047894167682 0 5cc4afda8ee0 3
present 90047894275377 90047894394596 0 5cc4afda8ee0 3
acquire 90048198598223 90048198632096 0 5cc4afda8ee0 2
present 90048198795803 90048198922705 0 5cc4afda8ee0 2
acquire 90048501484017 90048501526900 0 5cc4afda8ee0 3
present 90048501633966 90048501740893 0 5cc4afda8ee0 3
acquire 90048806077847 90048806110742 0 5cc4afda8ee0 2
present 90048806237713 90048806369713 0 5cc4afda8ee0 2
acquire 90049107959675 90049107994665 0 5cc4afda8ee0 3
present 90049108138678 90049108266976 0 5cc4afda8ee0 3
acquire 90049414166276 90049414198264 0 5cc4afda8ee0 2
present 90049414330962 90049414454930 0 5cc4afda8ee0 2
acquire 90049718185034 90049718230361 0 5cc4afda8ee0 3
present 90049718421726 90049718574887 0 5cc4afda8ee0 3
acquire 90050025121545 90050025157793 0 5cc4afda8ee0 2
present 90050025302294 90050025437647 0 5cc4afda8ee0 2
acquire 90050331063729 90050331099627 0 5cc4afda8ee0 3
present 90050331264592 90050331404972 0 5cc4afda8ee0 3
acquire 90050636897309 90050636938445 0 5cc4afda8ee0 2
present 90050637118216 90050637238413 0 5cc4afda8ee0 2
acquire 90050938841295 90050938874679 0 5cc4afda8ee0 3
present 90050939050330 90050939166615 0 5cc4afda8ee0 3
acquire 90051241082316 90051241118214 0 5cc4afda8ee0 2
present 90051241266627 90051241383471 0 5cc4afda8ee0 2
acquire 90051549498832 90051549533612 0 5cc4afda8ee0 3
present 90051549670082 90051549791187 0 5cc4afda8ee0 3
acquire 90051857394961 90051857425970 0 5cc4afda8ee0 2
present 90051857543583 90051857647157 0 5cc4afda8ee0 2
acquire 90052164297110 90052164329796 0 5cc4afda8ee0 3
present 90052164503770 90052164616983 0 5cc4afda8ee0 3
acquire 90052472866299 90052472909111 0 5cc4afda8ee0 2
present 90052473102082 90052473235898 0 5cc4afda8ee0 2
acquire 90052777396294 90052777425836 0 5cc4afda8ee0 3
present 90052777572084 90052777693398 0 5cc4afda8ee0 3
acquire 90053078200403 90053078236231 0 5cc4afda8ee0 2
present 90053078396796 90053078515037 0 5cc4afda8ee0 2
acquire 90053381219524 90053381252489 0 5cc4afda8ee0 3
present 90053381396362 90053381516558 0 5cc4afda8ee0 3
acquire 90053685975385 90053686023296 0 5cc4afda8ee0 2
present 90053686196782 90053686317677 0 5cc4afda8ee0 2
acquire 90053988627771 90053988662063 0 5cc4afda8ee0 3
present 90053988823326 90053988942615 0 5cc4afda8ee0 3
acquire 90054292584300 90054292626554 0 5cc4afda8ee0 2
present 90054292808700 90054292950407 0 5cc4afda8ee0 2
acquire 90054600204836 90054600240245 0 5cc4afda8ee0 3
present 90054600406048 90054600536861 0 5cc4afda8ee0 3
acquire 90054906107699 90054906138708 0 5cc4afda8ee0 2
present 90054906272105 90054906380847 0 5cc4afda8ee0 2
acquire 90055211210670 90055211243985 0 5cc4afda8ee0 3
present 90055211372772 90055211487032 0 5cc4afda8ee0 3
acquire 90055511525193 90055511558298 0 5cc4afda8ee0 2
present 90055511689320 90055511807282 0 5cc4afda8ee0 2
acquire 90055817638697 90055817671173 0 5cc4afda8ee0 3
present 90055817827128 90055817947255 0 5cc4afda8ee0 3
acquire 90056120841849 90056120877748 0 5cc4afda8ee0 2
present 90056121053119 90056121183443 0 5cc4afda8ee0 2
acquire 90056424549814 90056424579427 0 5cc4afda8ee0 3
present 90056424715268 90056424821426 0 5cc4afda8ee0 3
acquire 90056727987354 90056728034217 0 5cc4afda8ee0 2
present 90056728177741 90056728295633 0 5cc4afda8ee0 2
acquire 90057033176580 90057033216738 0 5cc4afda8ee0 3
present 90057033398884 90057033528230 0 5cc4afda8ee0 3
acquire 90057337472607 90057337511229 0 5cc4afda8ee0 2
present 90057337668651 90057337791781 0 5cc4afda8ee0 2
acquire 90057638683471 90057638723141 0 5cc4afda8ee0 3
present 90057638881471 90057639012702 0 5cc4afda8ee0 3
acquire 90057942992768 90057943038095 0 5cc4afda8ee0 2
present 90057943165485 90057943278279 0 5cc4afda8ee0 2
acquire 90058249454430 90058249481179 0 5cc4afda8ee0 3
present 90058249619814 90058249725833 0 5cc4afda8ee0 3
acquire 90058554598887 90058554633668 0 5cc4afda8ee0 2
present 90058554774189 90058554894316 0 5cc4afda8ee0 2
acquire 90058858933188 90058858972857 0 5cc4afda8ee0 3
present 90058859139429 90058859246076 0 5cc4afda8ee0 3
acquire 90059166764923 90059166802568 0 5cc4afda8ee0 2
present 90059166953914 90059167088847 0 5cc4afda8ee0 2
acquire 90059469212046 90059469259678 0 5cc4afda8ee0 3
present 90059469464801 90059469588280 0 5cc4afda8ee0 3
acquire 90059772820627 90059772857852 0 5cc4afda8ee0 2
present 90059773060741 90059773216696 0 5cc4afda8ee0 2
acquire 90060080740362 90060080774654 0 5cc4afda8ee0 3
present 90060080923626 90060081062819 0 5cc4afda8ee0 3
acquire 90060384877920 90060384911723 0 5cc4afda8ee0 2
present 90060385088840 90060385201285 0 5cc4afda8ee0 2
acquire 90060689444372 90060689478176 0 5cc4afda8ee0 3
present 90060689621071 90060689752512 0 5cc4afda8ee0 3
acquire 90060989733263 90060989767067 0 5cc4afda8ee0 2
present 90060989918203 90060990044615 0 5cc4afda8ee0 2
acquire 90061291970862 90061292038050 0 5cc4afda8ee0 3
present 90061292231789 90061292370144 0 5cc4afda8ee0 3
acquire 90061593089327 90061593122711 0 5cc4afda8ee0 2
present 90061593296126 90061593427917 0 5cc4afda8ee0 2
acquire 90061893664986 90061893702979 0 5cc4afda8ee0 3
present 90061893864592 90061893984369 0 5cc4afda8ee0 3
