instance 305556943880265 305556959986685 0 pid 447043
device 305556960724836 305557078282385 0
swapchain 305557078692841 305557130978728 0 35785ea0 900x560 mode 2 images 4
acquire 305557135764803 305557135778003 0 35785ea0 3
present 305557139157966 305557139350029 0 35785ea0 3
acquire 305557139514016 305557139524003 0 35785ea0 2
present 305557139572193 305557139630441 0 35785ea0 2
acquire 305569508020283 305569508038232 0 35785ea0 1
present 305569508154378 305569508306003 0 35785ea0 1
acquire 305570188937376 305570188955116 0 35785ea0 0
present 305570189086626 305570189219814 0 35785ea0 0
acquire 305570490304218 305570490340955 0 35785ea0 3
present 305570490526383 305570490638478 0 35785ea0 3
acquire 305570794543209 305570794576663 0 35785ea0 2
present 305570794737926 305570794851418 0 35785ea0 2
acquire 305571099122605 305571099153614 0 35785ea0 3
present 305571099303284 305571099418312 0 35785ea0 3
acquire 305571406371261 305571406397451 0 35785ea0 2
present 305571406526448 305571406630301 0 35785ea0 2
acquire 305571707489259 305571707524948 0 35785ea0 3
present 305571707696548 305571707821703 0 35785ea0 3
acquire 305572009360215 305572009392691 0 35785ea0 2
present 305572009530558 305572009641605 0 35785ea0 2
acquire 305572314892734 305572314925839 0 35785ea0 3
present 305572315109940 305572315232860 0 35785ea0 3
acquire 305572619379032 305572619410530 0 35785ea0 2
present 305572619533101 305572619666708 0 35785ea0 2
acquire 305572926417186 305572926446729 0 35785ea0 3
present 305572926570697 305572926680278 0 35785ea0 3
acquire 305573231041071 305573231072500 0 35785ea0 2
present 305573231217630 305573231362061 0 35785ea0 2
acquire 305573537387449 305573537418878 0 35785ea0 3
present 305573537569176 305573537690280 0 35785ea0 3
acquire 305573843824062 305573843852627 0 35785ea0 2
present 305573843976385 305573844110760 0 35785ea0 2
acquire 305574150416141 305574150446661 0 35785ea0 3
present 305574150596051 305574150717156 0 35785ea0 3
acquire 305574455354241 305574455389511 0 35785ea0 2
present 305574455538063 305574455666361 0 35785ea0 2
acquire 305574757660727 305574757691248 0 35785ea0 3
present 305574757816193 305574757921095 0 35785ea0 3
acquire 305575062802973 305575062835380 0 35785ea0 2
present 305575062989310 305575063121868 0 35785ea0 2
acquire 305575364064146 305575364095505 0 35785ea0 3
present 305575364245454 305575364366489 0 35785ea0 3
acquire 305575670885235 305575670917711 0 35785ea0 2
present 305575671103209 305575671222777 0 35785ea0 2
acquire 305575974985870 305575975040416 0 35785ea0 3
present 305575975232619 305575975376631 0 35785ea0 3
acquire 305576281778533 305576281811288 0 35785ea0 2
present 305576281960050 305576282089396 0 35785ea0 2
acquire 305576587754054 305576587787438 0 35785ea0 3
present 305576587938505 305576588098860 0 35785ea0 3
acquire 305576893560141 305576893591988 0 35785ea0 2
present 305576893727969 305576893846769 0 35785ea0 2
acquire 305577195522100 305577195553599 0 35785ea0 3
present 305577195695865 305577195824652 0 35785ea0 3
acquire 305577497716491 305577497741215 0 35785ea0 2
present 305577497855335 305577497962821 0 35785ea0 2
acquire 305577806184085 305577806216072 0 35785ea0 3
present 305577806357570 305577806476300 0 35785ea0 3
acquire 305578114119139 305578114151616 0 35785ea0 2
present 305578114294231 305578114413939 0 35785ea0 2
acquire 305578421083961 305578421118742 0 35785ea0 3
present 305578421261078 305578421383649 0 35785ea0 3
acquire 305578729498406 305578729529904 0 35785ea0 2
present 305578729667840 305578729783148 0 35785ea0 2
acquire 305579034048190 305579034080596 0 35785ea0 3
present 305579034221675 305579034340684 0 35785ea0 3
acquire 305579334737783 305579334769211 0 35785ea0 2
present 305579334914481 305579335043547 0 35785ea0 2
acquire 305579637823556 305579637856940 0 35785ea0 3
present 305579638018204 305579638127924 0 35785ea0 3
acquire 305579942640343 305579942672819 0 35785ea0 2
present 305579942823956 305579942943593 0 35785ea0 2
acquire 305580245288422 305580245321317 0 35785ea0 3
present 305580245479228 305580245600822 0 35785ea0 3
acquire 305580549166334 305580549198741 0 35785ea0 2
present 305580549351483 305580549484601 0 35785ea0 2
acquire 305580856735701 305580856768177 0 35785ea0 3
present 305580856906602 305580857036228 0 35785ea0 3
acquire 305581162785883 305581162820245 0 35785ea0 2
present 305581162954270 305581163097165 0 35785ea0 2
acquire 305581467790542 305581467821552 0 35785ea0 3
present 305581467965006 305581468102104 0 35785ea0 3
acquire 305581768048517 305581768078968 0 35785ea0 2
present 305581768236041 305581768342758 0 35785ea0 2
acquire 305582074231677 305582074263105 0 35785ea0 3
present 305582074403486 305582074523613 0 35785ea0 3
acquire 305582377335120 305582377362847 0 35785ea0 2
present 305582377488631 305582377593183 0 35785ea0 2
acquire 305582681151712 305582681185585 0 35785ea0 3
present 305582681344893 305582681464531 0 35785ea0 3
acquire 305582984502673 305582984535568 0 35785ea0 2
present 305582984674552 305582984794190 0 35785ea0 2
acquire 305583289594634 305583289623059 0 35785ea0 3
present 305583289755897 305583289859960 0 35785ea0 3
acquire 305583593883422 305583593914920 0 35785ea0 2
present 305583594064729 305583594181643 0 35785ea0 2
acquire 305583895196487 305583895236087 0 35785ea0 3
present 305583895430944 305583895572582 0 35785ea0 3
acquire 305584199403980 305584199435478 0 35785ea0 2
present 305584199576557 305584199696824 0 35785ea0 2
acquire 305584505885082 305584505913926 0 35785ea0 3
present 305584506062199 305584506166262 0 35785ea0 3
acquire 305584811039271 305584811077614 0 35785ea0 2
present 305584811221417 305584811341753 0 35785ea0 2
acquire 305585115436662 305585115471164 0 35785ea0 3
present 305585115639481 305585115760725 0 35785ea0 3
acquire 305585423171273 305585423201305 0 35785ea0 2
present 305585423333235 305585423454898 0 35785ea0 2
acquire 305585725538591 305585725568902 0 35785ea0 3
present 305585725702648 305585725805594 0 35785ea0 3
acquire 305586029149012 305586029188891 0 35785ea0 2
present 305586029326618 305586029434313 0 35785ea0 2
acquire 305586230467066 305586230502265 0 35785ea0 3
present 305586230709833 305586230813967 0 35785ea0 3
swapchain 305589171318477 305589177808955 0 3591c3e0 1100x700 mode 2 images 4
acquire 305589179464470 305589179483607 0 3591c3e0 3
present 305589179662819 305589179847060 0 3591c3e0 3
swapchain 305590680280475 305590684400475 0 35785ea0 640x760 mode 2 images 4
acquire 305590685442156 305590685454029 0 35785ea0 3
present 305590685575971 305590685700219 0 35785ea0 3
acquire 305590685822790 305590685831730 0 35785ea0 2
present 305590685882085 305590685962542 0 35785ea0 2
swapchain 305592189830047 305592193311489 0 3591c3e0 1280x480 mode 2 images 4
acquire 305592194299392 305592194310358 0 3591c3e0 3
present 305592194419030 305592194525748 0 3591c3e0 3
swapchain 305593701011109 305593704752361 0 35785ea0 760x560 mode 2 images 4
acquire 305593705771064 305593705782168 0 35785ea0 3
present 305593705896010 305593706014460 0 35785ea0 3
acquire 305593706122155 305593706130885 0 35785ea0 2
present 305593706177958 305593706275387 0 35785ea0 2
swapchain 305595208243073 305595211776407 0 3592eb90 900x560 mode 2 images 4
acquire 305595212718984 305595212729460 0 3592eb90 3
present 305595212840507 305595212974183 0 3592eb90 3
acquire 305595213099129 305595213107720 0 3592eb90 2
present 305595213155700 305595213231827 0 3592eb90 2
