launch_mono_ns 76440871477324
assets ready in 259 ms: font, PNG (Ocula), SVG (Splina + Dithra), text, layout
GPU 0: NVIDIA GeForce RTX 3050 Laptop GPU (discrete, vendor 4318, device 9698, Vulkan 1.4.341, 4096 MiB device-local, max image 32768)
queue family 0, swapchain 900x560, format 44, 4 images, 2 frames in flight, validation layer off (not installed)
window and GPU ready in 348 ms
redraw 1 at 612 ms: scene + GPU 5 ms, 93 glyphs cached, atlas 91 entries, 84131 texels uploaded
input: mapped expose
redraw 2 at 617 ms: scene + GPU 5 ms, 93 glyphs cached, atlas 91 entries, 84131 texels uploaded
redraw 3 at 618 ms: scene + GPU 1 ms, 93 glyphs cached, atlas 91 entries, 84131 texels uploaded
input: moved
input: focus-in
input: key-down 9
redraw 4 at 12983 ms: scene + GPU 2 ms, 93 glyphs cached, atlas 91 entries, 84131 texels uploaded
input: key-up 9
input: key-down 32
redraw 5 at 13664 ms: scene + GPU 2 ms, 93 glyphs cached, atlas 91 entries, 84131 texels uploaded
input: key-up 32 -> 1 activation(s)
redraw 6 at 13970 ms: scene + GPU 2 ms, 95 glyphs cached, atlas 93 entries, 84299 texels uploaded
input: key-down 32
redraw 7 at 14269 ms: scene + GPU 1 ms, 95 glyphs cached, atlas 93 entries, 84299 texels uploaded
input: key-up 32 -> 1 activation(s)
redraw 8 at 14581 ms: scene + GPU 4 ms, 96 glyphs cached, atlas 94 entries, 84407 texels uploaded
input: key-down 32
redraw 9 at 14881 ms: scene + GPU 2 ms, 96 glyphs cached, atlas 94 entries, 84407 texels uploaded
input: key-up 32 -> 1 activation(s)
redraw 10 at 15189 ms: scene + GPU 3 ms, 97 glyphs cached, atlas 95 entries, 84524 texels uploaded
input: key-down 32
redraw 11 at 15484 ms: scene + GPU 1 ms, 97 glyphs cached, atlas 95 entries, 84524 texels uploaded
input: key-up 32 -> 1 activation(s)
redraw 12 at 15799 ms: scene + GPU 6 ms, 98 glyphs cached, atlas 96 entries, 84632 texels uploaded
input: key-down 32
redraw 13 at 16094 ms: scene + GPU 1 ms, 98 glyphs cached, atlas 96 entries, 84632 texels uploaded
input: key-up 32 -> 1 activation(s)
redraw 14 at 16408 ms: scene + GPU 3 ms, 99 glyphs cached, atlas 97 entries, 84749 texels uploaded
input: key-down 32
redraw 15 at 16706 ms: scene + GPU 2 ms, 99 glyphs cached, atlas 97 entries, 84749 texels uploaded
input: key-up 32 -> 1 activation(s)
redraw 16 at 17018 ms: scene + GPU 2 ms, 100 glyphs cached, atlas 98 entries, 84866 texels uploaded
input: key-down 32
redraw 17 at 17320 ms: scene + GPU 3 ms, 100 glyphs cached, atlas 98 entries, 84866 texels uploaded
input: key-up 32 -> 1 activation(s)
redraw 18 at 17631 ms: scene + GPU 2 ms, 101 glyphs cached, atlas 99 entries, 84974 texels uploaded
input: key-down 32
redraw 19 at 17930 ms: scene + GPU 2 ms, 101 glyphs cached, atlas 99 entries, 84974 texels uploaded
input: key-up 32 -> 1 activation(s)
redraw 20 at 18240 ms: scene + GPU 4 ms, 102 glyphs cached, atlas 100 entries, 85091 texels uploaded
input: key-down 32
redraw 21 at 18538 ms: scene + GPU 2 ms, 102 glyphs cached, atlas 100 entries, 85091 texels uploaded
input: key-up 32 -> 1 activation(s)
redraw 22 at 18845 ms: scene + GPU 3 ms, 103 glyphs cached, atlas 101 entries, 85208 texels uploaded
input: key-down 32
redraw 23 at 19146 ms: scene + GPU 2 ms, 103 glyphs cached, atlas 101 entries, 85208 texels uploaded
input: key-up 32 -> 1 activation(s)
redraw 24 at 19457 ms: scene + GPU 4 ms, 104 glyphs cached, atlas 102 entries, 85325 texels uploaded
input: key-down 32
redraw 25 at 19757 ms: scene + GPU 2 ms, 104 glyphs cached, atlas 102 entries, 85325 texels uploaded
input: key-up 32 -> 1 activation(s)
redraw 26 at 20068 ms: scene + GPU 2 ms, 104 glyphs cached, atlas 102 entries, 85325 texels uploaded
input: key-down 32
redraw 27 at 20368 ms: scene + GPU 1 ms, 104 glyphs cached, atlas 102 entries, 85325 texels uploaded
input: key-up 32 -> 1 activation(s)
redraw 28 at 20676 ms: scene + GPU 2 ms, 104 glyphs cached, atlas 102 entries, 85325 texels uploaded
input: key-down 32
redraw 29 at 20972 ms: scene + GPU 1 ms, 104 glyphs cached, atlas 102 entries, 85325 texels uploaded
input: key-up 32 -> 1 activation(s)
redraw 30 at 21286 ms: scene + GPU 2 ms, 104 glyphs cached, atlas 102 entries, 85325 texels uploaded
input: key-down 32
redraw 31 at 21589 ms: scene + GPU 2 ms, 104 glyphs cached, atlas 102 entries, 85325 texels uploaded
input: key-up 32 -> 1 activation(s)
redraw 32 at 21901 ms: scene + GPU 2 ms, 104 glyphs cached, atlas 102 entries, 85325 texels uploaded
input: key-down 32
redraw 33 at 22204 ms: scene + GPU 1 ms, 104 glyphs cached, atlas 102 entries, 85325 texels uploaded
input: key-up 32 -> 1 activation(s)
redraw 34 at 22514 ms: scene + GPU 2 ms, 104 glyphs cached, atlas 102 entries, 85325 texels uploaded
input: key-down 32
redraw 35 at 22810 ms: scene + GPU 2 ms, 104 glyphs cached, atlas 102 entries, 85325 texels uploaded
input: key-up 32 -> 1 activation(s)
redraw 36 at 23118 ms: scene + GPU 2 ms, 104 glyphs cached, atlas 102 entries, 85325 texels uploaded
input: key-down 32
redraw 37 at 23417 ms: scene + GPU 1 ms, 104 glyphs cached, atlas 102 entries, 85325 texels uploaded
input: key-up 32 -> 1 activation(s)
redraw 38 at 23725 ms: scene + GPU 2 ms, 104 glyphs cached, atlas 102 entries, 85325 texels uploaded
input: key-down 32
redraw 39 at 24024 ms: scene + GPU 2 ms, 104 glyphs cached, atlas 102 entries, 85325 texels uploaded
input: key-up 32 -> 1 activation(s)
redraw 40 at 24337 ms: scene + GPU 2 ms, 104 glyphs cached, atlas 102 entries, 85325 texels uploaded
input: key-down 32
redraw 41 at 24638 ms: scene + GPU 2 ms, 104 glyphs cached, atlas 102 entries, 85325 texels uploaded
input: key-up 32 -> 1 activation(s)
redraw 42 at 24948 ms: scene + GPU 2 ms, 104 glyphs cached, atlas 102 entries, 85325 texels uploaded
input: key-down 32
redraw 43 at 25243 ms: scene + GPU 2 ms, 104 glyphs cached, atlas 102 entries, 85325 texels uploaded
input: key-up 32 -> 1 activation(s)
redraw 44 at 25555 ms: scene + GPU 2 ms, 104 glyphs cached, atlas 102 entries, 85325 texels uploaded
input: key-down 32
redraw 45 at 25852 ms: scene + GPU 2 ms, 104 glyphs cached, atlas 102 entries, 85325 texels uploaded
input: key-up 32 -> 1 activation(s)
redraw 46 at 26162 ms: scene + GPU 2 ms, 104 glyphs cached, atlas 102 entries, 85325 texels uploaded
input: key-down 32
redraw 47 at 26459 ms: scene + GPU 1 ms, 104 glyphs cached, atlas 102 entries, 85325 texels uploaded
input: key-up 32 -> 1 activation(s)
redraw 48 at 26771 ms: scene + GPU 2 ms, 104 glyphs cached, atlas 102 entries, 85325 texels uploaded
input: key-down 32
redraw 49 at 27069 ms: scene + GPU 2 ms, 104 glyphs cached, atlas 102 entries, 85325 texels uploaded
input: key-up 32 -> 1 activation(s)
redraw 50 at 27375 ms: scene + GPU 1 ms, 104 glyphs cached, atlas 102 entries, 85325 texels uploaded
input: key-down 32
redraw 51 at 27674 ms: scene + GPU 1 ms, 104 glyphs cached, atlas 102 entries, 85325 texels uploaded
input: key-up 32 -> 1 activation(s)
redraw 52 at 27986 ms: scene + GPU 2 ms, 104 glyphs cached, atlas 102 entries, 85325 texels uploaded
input: key-down 32
redraw 53 at 28286 ms: scene + GPU 2 ms, 104 glyphs cached, atlas 102 entries, 85325 texels uploaded
input: key-up 32 -> 1 activation(s)
redraw 54 at 28595 ms: scene + GPU 1 ms, 104 glyphs cached, atlas 102 entries, 85325 texels uploaded
input: key-down 32
redraw 55 at 28898 ms: scene + GPU 2 ms, 104 glyphs cached, atlas 102 entries, 85325 texels uploaded
input: key-up 32 -> 1 activation(s)
redraw 56 at 29206 ms: scene + GPU 2 ms, 104 glyphs cached, atlas 102 entries, 85325 texels uploaded
input: key-down 32
redraw 57 at 29504 ms: scene + GPU 2 ms, 104 glyphs cached, atlas 102 entries, 85325 texels uploaded
input: key-up 32 -> 1 activation(s)
redraw 58 at 29817 ms: scene + GPU 1 ms, 104 glyphs cached, atlas 102 entries, 85325 texels uploaded
input: key-down 32
redraw 59 at 30116 ms: scene + GPU 2 ms, 104 glyphs cached, atlas 102 entries, 85325 texels uploaded
input: key-up 32 -> 1 activation(s)
redraw 60 at 30426 ms: scene + GPU 2 ms, 104 glyphs cached, atlas 102 entries, 85325 texels uploaded
input: key-down 32
redraw 61 at 30721 ms: scene + GPU 2 ms, 104 glyphs cached, atlas 102 entries, 85325 texels uploaded
input: key-up 32 -> 1 activation(s)
redraw 62 at 31028 ms: scene + GPU 1 ms, 104 glyphs cached, atlas 102 entries, 85325 texels uploaded
input: key-down 32
redraw 63 at 31325 ms: scene + GPU 2 ms, 104 glyphs cached, atlas 102 entries, 85325 texels uploaded
input: key-up 32 -> 1 activation(s)
redraw 64 at 31630 ms: scene + GPU 2 ms, 104 glyphs cached, atlas 102 entries, 85325 texels uploaded
input: resize 1100x700 expose moved
redraw 65 at 32650 ms: scene + GPU 2 ms, 104 glyphs cached, atlas 102 entries, 85325 texels uploaded
input: resize 640x760 moved
redraw 66 at 34157 ms: scene + GPU 2 ms, 104 glyphs cached, atlas 102 entries, 85325 texels uploaded
input: expose
redraw 67 at 34159 ms: scene + GPU 2 ms, 104 glyphs cached, atlas 102 entries, 85325 texels uploaded
input: resize 1280x480 expose moved
redraw 68 at 35665 ms: scene + GPU 1 ms, 104 glyphs cached, atlas 102 entries, 85325 texels uploaded
input: resize 760x560 expose moved
redraw 69 at 37172 ms: scene + GPU 2 ms, 104 glyphs cached, atlas 102 entries, 85325 texels uploaded
input: resize 900x560 expose moved
redraw 70 at 38678 ms: scene + GPU 2 ms, 104 glyphs cached, atlas 102 entries, 85325 texels uploaded
input: close
frames presented: 70, redraws: 70, clicks: 30
teardown: 0 native objects left; driver messages: 0 warnings, 0 errors
window objects left: 0
exit=0
