instance 76441267103770 76441283990106 0 pid 1723940
device 76441284765413 76441421974036 0
swapchain 76441422408448 76441476333998 0 5ee15d997ed0 900x560 mode 2 images 4
acquire 76441484715217 76441484728137 0 5ee15d997ed0 3
present 76441484890797 76441485095781 0 5ee15d997ed0 3
acquire 76441486325544 76441486336090 0 5ee15d997ed0 2
present 76441486482966 76441486576903 1000001003 5ee15d997ed0 2
swapchain 76441487128299 76441489978586 0 5ee15db0e290 900x560 mode 2 images 4
acquire 76441491211073 76441491220083 0 5ee15db0e290 3
present 76441491367448 76441491443086 0 5ee15db0e290 3
acquire 76453856087819 76453856101857 0 5ee15db0e290 2
present 76453856301742 76453856410974 0 5ee15db0e290 2
acquire 76454536689467 76454536703784 0 5ee15db0e290 1
present 76454536881530 76454536989155 0 5ee15db0e290 1
acquire 76454843034250 76454843049127 0 5ee15db0e290 0
present 76454843203685 76454843323323 0 5ee15db0e290 0
acquire 76455142479565 76455142508270 0 5ee15db0e290 3
present 76455142690486 76455142793571 0 5ee15db0e290 3
acquire 76455454016271 76455454047281 0 5ee15db0e290 2
present 76455454264347 76455454407801 0 5ee15db0e290 2
acquire 76455754136391 76455754165026 0 5ee15db0e290 3
present 76455754368543 76455754474492 0 5ee15db0e290 3
acquire 76456061869896 76456061901255 0 5ee15db0e290 2
present 76456062117064 76456062244734 0 5ee15db0e290 2
acquire 76456357305420 76456357334055 0 5ee15db0e290 3
present 76456357534639 76456357645617 0 5ee15db0e290 3
acquire 76456671650230 76456671693322 0 5ee15db0e290 2
present 76456671910737 76456672048324 0 5ee15db0e290 2
acquire 76456967358623 76456967387468 0 5ee15db0e290 3
present 76456967605861 76456967715512 0 5ee15db0e290 3
acquire 76457280777199 76457280805345 0 5ee15db0e290 2
present 76457280994964 76457281114811 0 5ee15db0e290 2
acquire 76457578986535 76457579027461 0 5ee15db0e290 3
present 76457579232515 76457579356483 0 5ee15db0e290 3
acquire 76457891163195 76457891200979 0 5ee15db0e290 2
present 76457891380820 76457891493474 0 5ee15db0e290 2
acquire 76458191821860 76458191848539 0 5ee15db0e290 3
present 76458193467388 76458193586606 0 5ee15db0e290 3
acquire 76458504173123 76458504201688 0 5ee15db0e290 2
present 76458504381319 76458504488875 0 5ee15db0e290 2
acquire 76458803352133 76458803378393 0 5ee15db0e290 3
present 76458803595949 76458803704202 0 5ee15db0e290 3
acquire 76459112869451 76459112899762 0 5ee15db0e290 2
present 76459113145394 76459113272016 0 5ee15db0e290 2
acquire 76459410896012 76459410924647 0 5ee15db0e290 3
present 76459411135707 76459411243821 0 5ee15db0e290 3
acquire 76459717688827 76459717716833 0 5ee15db0e290 2
present 76459717889271 76459717991518 0 5ee15db0e290 2
acquire 76460018816894 76460018843573 0 5ee15db0e290 3
present 76460019050094 76460019154506 0 5ee15db0e290 3
acquire 76460330372666 76460330405561 0 5ee15db0e290 2
present 76460330645885 76460330769084 0 5ee15db0e290 2
acquire 76460629754984 76460629781593 0 5ee15db0e290 3
present 76460629969815 76460630091828 0 5ee15db0e290 3
acquire 76460941548914 76460941589492 0 5ee15db0e290 2
present 76460941809910 76460941918793 0 5ee15db0e290 2
acquire 76461241389529 76461241417186 0 5ee15db0e290 3
present 76461241620913 76461241730214 0 5ee15db0e290 3
acquire 76461548673746 76461548700425 0 5ee15db0e290 2
present 76461548899403 76461549023441 0 5ee15db0e290 2
acquire 76461845622937 76461845649616 0 5ee15db0e290 3
present 76461845853902 76461845982270 0 5ee15db0e290 3
acquire 76462159219118 76462159247264 0 5ee15db0e290 2
present 76462159463982 76462159574051 0 5ee15db0e290 2
acquire 76462462020301 76462462047958 0 5ee15db0e290 3
present 76462462250916 76462462355049 0 5ee15db0e290 3
acquire 76462773973329 76462774000008 0 5ee15db0e290 2
present 76462774204363 76462774306122 0 5ee15db0e290 2
acquire 76463077654859 76463077681049 0 5ee15db0e290 3
present 76463077873252 76463077973544 0 5ee15db0e290 3
acquire 76463386683428 76463386710526 0 5ee15db0e290 2
present 76463386905733 76463387017618 0 5ee15db0e290 2
acquire 76463682672932 76463682698633 0 5ee15db0e290 3
present 76463682891674 76463682989801 0 5ee15db0e290 3
acquire 76463990791121 76463990819547 0 5ee15db0e290 2
present 76463991038848 76463991143540 0 5ee15db0e290 2
acquire 76464290530676 76464290557914 0 5ee15db0e290 3
present 76464290745857 76464290849361 0 5ee15db0e290 3
acquire 76464598162981 76464598192035 0 5ee15db0e290 2
present 76464598407495 76464598514352 0 5ee15db0e290 2
acquire 76464897293171 76464897320340 0 5ee15db0e290 3
present 76464897526581 76464897638955 0 5ee15db0e290 3
acquire 76465209770916 76465209799062 0 5ee15db0e290 2
present 76465209998459 76465210118236 0 5ee15db0e290 2
acquire 76465510764748 76465510791009 0 5ee15db0e290 3
present 76465510996691 76465511116818 0 5ee15db0e290 3
acquire 76465821081678 76465821109824 0 5ee15db0e290 2
present 76465821314598 76465821421525 0 5ee15db0e290 2
acquire 76466116028662 76466116057087 0 5ee15db0e290 3
present 76466116258719 76466116362293 0 5ee15db0e290 3
acquire 76466428262032 76466428291575 0 5ee15db0e290 2
present 76466428510387 76466428626883 0 5ee15db0e290 2
acquire 76466725363896 76466725391972 0 5ee15db0e290 3
present 76466725609946 76466725716454 0 5ee15db0e290 3
acquire 76467034673087 76467034706052 0 5ee15db0e290 2
present 76467034961740 76467035080889 0 5ee15db0e290 2
acquire 76467332605361 76467332634974 0 5ee15db0e290 3
present 76467332837234 76467332947932 0 5ee15db0e290 3
acquire 76467643890708 76467643922206 0 5ee15db0e290 2
present 76467644173495 76467644287475 0 5ee15db0e290 2
acquire 76467941864887 76467941902113 0 5ee15db0e290 3
present 76467942162131 76467942280372 0 5ee15db0e290 3
acquire 76468248570958 76468248601339 0 5ee15db0e290 2
present 76468248812818 76468248921980 0 5ee15db0e290 2
acquire 76468547386095 76468547418501 0 5ee15db0e290 3
present 76468547628444 76468547735650 0 5ee15db0e290 3
acquire 76468859184285 76468859214317 0 5ee15db0e290 2
present 76468859436342 76468859548088 0 5ee15db0e290 2
acquire 76469159258309 76469159285617 0 5ee15db0e290 3
present 76469159482569 76469159587470 0 5ee15db0e290 3
acquire 76469468631544 76469468657804 0 5ee15db0e290 2
present 76469468853918 76469468955886 0 5ee15db0e290 2
acquire 76469771414706 76469771442852 0 5ee15db0e290 3
present 76469771646788 76469771751201 0 5ee15db0e290 3
acquire 76470078797538 76470078825125 0 5ee15db0e290 2
present 76470079041493 76470079153169 0 5ee15db0e290 2
acquire 76470377242516 76470377268218 0 5ee15db0e290 3
present 76470377468383 76470377567278 0 5ee15db0e290 3
acquire 76470690484183 76470690515193 0 5ee15db0e290 2
present 76470690732748 76470690841840 0 5ee15db0e290 2
acquire 76470989351212 76470989379777 0 5ee15db0e290 3
present 76470989580780 76470989689872 0 5ee15db0e290 3
acquire 76471299186795 76471299215430 0 5ee15db0e290 2
present 76471299423347 76471299527760 0 5ee15db0e290 2
acquire 76471594249645 76471594278979 0 5ee15db0e290 3
present 76471594492553 76471594594731 0 5ee15db0e290 3
acquire 76471901633175 76471901673753 0 5ee15db0e290 2
present 76471901881810 76471901987549 0 5ee15db0e290 2
acquire 76472197947719 76472197978100 0 5ee15db0e290 3
present 76472198249712 76472198363972 0 5ee15db0e290 3
acquire 76472503313049 76472503343569 0 5ee15db0e290 2
present 76472503560356 76472503666794 0 5ee15db0e290 2
swapchain 76473511971067 76473515410745 0 5ee15db2dc70 1100x700 mode 2 images 4
acquire 76473523380739 76473523396453 0 5ee15db2dc70 3
present 76473523619945 76473523748313 0 5ee15db2dc70 3
swapchain 76475019421262 76475023178298 0 5ee15db0e290 640x760 mode 2 images 4
acquire 76475030254744 76475030278071 0 5ee15db0e290 3
present 76475030462591 76475030574616 0 5ee15db0e290 3
acquire 76475031937706 76475031947833 0 5ee15db0e290 2
present 76475032124252 76475032227827 0 5ee15db0e290 2
swapchain 76476528027886 76476531642446 0 5ee15db2dc70 1280x480 mode 2 images 4
acquire 76476538343007 76476538357743 0 5ee15db2dc70 3
present 76476538544988 76476538670422 0 5ee15db2dc70 3
swapchain 76478033933542 76478038545085 0 5ee15db0e290 760x560 mode 2 images 4
acquire 76478045210585 76478045221271 0 5ee15db0e290 3
present 76478045400274 76478045509645 0 5ee15db0e290 3
swapchain 76479540827520 76479544106004 0 5ee15db2dc70 900x560 mode 2 images 4
acquire 76479551242165 76479551257320 0 5ee15db2dc70 3
present 76479551483675 76479551633275 0 5ee15db2dc70 3
